
> app@1.0.0 test
> jest

[baseline-browser-mapping] The data in this module is over two months old.  To ensure accurate Baseline data, please update: `npm i baseline-browser-mapping@latest -D`
FAIL tests/Nadagotchi.test.js
  ● Test suite failed to run

    Jest encountered an unexpected token

    Jest failed to parse a file. This happens e.g. when your code or its dependencies use non-standard JavaScript syntax, or when Jest is not configured to support such syntax.

    Out of the box Jest supports Babel, which will be used to transform your files into valid JS based on your Babel configuration.

    By default "node_modules" folder is ignored by transformers.

    Here's what you can do:
     • If you are trying to use ECMAScript Modules, see https://jestjs.io/docs/ecmascript-modules for how to enable it.
     • If you are trying to use TypeScript, see https://jestjs.io/docs/getting-started#using-typescript
     • To have some of your "node_modules" files transformed, you can specify a custom "transformIgnorePatterns" in your config.
     • If you need a custom transformation, specify a "transform" option in your config.
     • If you simply want to mock your non-JS modules (e.g. binary assets) you can stub them out with the "moduleNameMapper" config option.

    You'll find more details and examples of these config options in the docs:
    https://jestjs.io/docs/configuration
    For information about custom transformations, see:
    https://jestjs.io/docs/code-transformation

    Details:

    SyntaxError: /workspaces/Nadagotchi/tests/Nadagotchi.test.js: Unexpected token (28:0)

      26 |     let pet;
      27 |
    > 28 | <<<<<<< HEAD
         | ^
      29 |     beforeEach(async () => {
      30 | =======
      31 |     beforeEach(() => {

      at constructor (node_modules/@babel/parser/src/parse-error.ts:95:45)
      at Parser.toParseError [as raise] (node_modules/@babel/parser/src/tokenizer/index.ts:1507:19)
      at Parser.raise [as unexpected] (node_modules/@babel/parser/src/tokenizer/index.ts:1547:16)
      at Parser.unexpected [as parseExprAtom] (node_modules/@babel/parser/src/parser/expression.ts:1355:22)
      at Parser.parseExprAtom [as parseExprSubscripts] (node_modules/@babel/parser/src/parser/expression.ts:742:23)
      at Parser.parseExprSubscripts [as parseUpdate] (node_modules/@babel/parser/src/parser/expression.ts:721:21)
      at Parser.parseUpdate [as parseMaybeUnary] (node_modules/@babel/parser/src/parser/expression.ts:683:23)
      at Parser.parseMaybeUnary [as parseMaybeUnaryOrPrivate] (node_modules/@babel/parser/src/parser/expression.ts:417:14)
      at Parser.parseMaybeUnaryOrPrivate [as parseExprOps] (node_modules/@babel/parser/src/parser/expression.ts:429:23)
      at Parser.parseExprOps [as parseMaybeConditional] (node_modules/@babel/parser/src/parser/expression.ts:384:23)
      at Parser.parseMaybeConditional [as parseMaybeAssign] (node_modules/@babel/parser/src/parser/expression.ts:301:21)
      at Parser.parseMaybeAssign [as parseExpressionBase] (node_modules/@babel/parser/src/parser/expression.ts:226:23)
      at parseExpressionBase (node_modules/@babel/parser/src/parser/expression.ts:217:39)
      at Parser.callback [as allowInAnd] (node_modules/@babel/parser/src/parser/expression.ts:3197:16)
      at Parser.allowInAnd [as parseExpression] (node_modules/@babel/parser/src/parser/expression.ts:217:17)
      at Parser.parseExpression [as parseStatementContent] (node_modules/@babel/parser/src/parser/statement.ts:688:23)
      at Parser.parseStatementContent [as parseStatementLike] (node_modules/@babel/parser/src/parser/statement.ts:482:17)
      at Parser.parseStatementLike [as parseStatementListItem] (node_modules/@babel/parser/src/parser/statement.ts:431:17)
      at Parser.parseStatementListItem [as parseBlockOrModuleBlockBody] (node_modules/@babel/parser/src/parser/statement.ts:1444:16)
      at Parser.parseBlockOrModuleBlockBody [as parseBlockBody] (node_modules/@babel/parser/src/parser/statement.ts:1417:10)
      at Parser.parseBlockBody [as parseBlock] (node_modules/@babel/parser/src/parser/statement.ts:1385:10)
      at Parser.parseBlock [as parseFunctionBody] (node_modules/@babel/parser/src/parser/expression.ts:2626:24)
      at Parser.parseFunctionBody [as parseArrowExpression] (node_modules/@babel/parser/src/parser/expression.ts:2563:10)
      at Parser.parseArrowExpression [as parseParenAndDistinguishExpression] (node_modules/@babel/parser/src/parser/expression.ts:1847:12)
      at Parser.parseParenAndDistinguishExpression [as parseExprAtom] (node_modules/@babel/parser/src/parser/expression.ts:1170:21)
      at Parser.parseExprAtom [as parseExprSubscripts] (node_modules/@babel/parser/src/parser/expression.ts:742:23)
      at Parser.parseExprSubscripts [as parseUpdate] (node_modules/@babel/parser/src/parser/expression.ts:721:21)
      at Parser.parseUpdate [as parseMaybeUnary] (node_modules/@babel/parser/src/parser/expression.ts:683:23)
      at Parser.parseMaybeUnary [as parseMaybeUnaryOrPrivate] (node_modules/@babel/parser/src/parser/expression.ts:417:14)
      at Parser.parseMaybeUnaryOrPrivate [as parseExprOps] (node_modules/@babel/parser/src/parser/expression.ts:429:23)
      at Parser.parseExprOps [as parseMaybeConditional] (node_modules/@babel/parser/src/parser/expression.ts:384:23)
      at Parser.parseMaybeConditional [as parseMaybeAssign] (node_modules/@babel/parser/src/parser/expression.ts:301:21)
      at parseMaybeAssign (node_modules/@babel/parser/src/parser/expression.ts:257:12)
      at Parser.callback [as allowInAnd] (node_modules/@babel/parser/src/parser/expression.ts:3202:12)
      at Parser.allowInAnd [as parseMaybeAssignAllowIn] (node_modules/@babel/parser/src/parser/expression.ts:256:17)
      at Parser.parseMaybeAssignAllowIn [as parseMaybeAssignAllowInOrVoidPattern] (node_modules/@babel/parser/src/parser/expression.ts:3316:17)
      at Parser.parseMaybeAssignAllowInOrVoidPattern [as parseExprListItem] (node_modules/@babel/parser/src/parser/expression.ts:2798:18)
      at Parser.parseExprListItem [as parseCallExpressionArguments] (node_modules/@babel/parser/src/parser/expression.ts:1042:14)
      at Parser.parseCallExpressionArguments [as parseCoverCallAndAsyncArrowHead] (node_modules/@babel/parser/src/parser/expression.ts:922:29)
      at Parser.parseCoverCallAndAsyncArrowHead [as parseSubscript] (node_modules/@babel/parser/src/parser/expression.ts:804:19)
      at Parser.parseSubscript [as parseSubscripts] (node_modules/@babel/parser/src/parser/expression.ts:763:19)
      at Parser.parseSubscripts [as parseExprSubscripts] (node_modules/@babel/parser/src/parser/expression.ts:748:17)
      at Parser.parseExprSubscripts [as parseUpdate] (node_modules/@babel/parser/src/parser/expression.ts:721:21)
      at Parser.parseUpdate [as parseMaybeUnary] (node_modules/@babel/parser/src/parser/expression.ts:683:23)
      at Parser.parseMaybeUnary [as parseMaybeUnaryOrPrivate] (node_modules/@babel/parser/src/parser/expression.ts:417:14)
      at Parser.parseMaybeUnaryOrPrivate [as parseExprOps] (node_modules/@babel/parser/src/parser/expression.ts:429:23)
      at Parser.parseExprOps [as parseMaybeConditional] (node_modules/@babel/parser/src/parser/expression.ts:384:23)
      at Parser.parseMaybeConditional [as parseMaybeAssign] (node_modules/@babel/parser/src/parser/expression.ts:301:21)
      at Parser.parseMaybeAssign [as parseExpressionBase] (node_modules/@babel/parser/src/parser/expression.ts:226:23)
      at parseExpressionBase (node_modules/@babel/parser/src/parser/expression.ts:217:39)
      at Parser.callback [as allowInAnd] (node_modules/@babel/parser/src/parser/expression.ts:3197:16)
      at Parser.allowInAnd [as parseExpression] (node_modules/@babel/parser/src/parser/expression.ts:217:17)
      at Parser.parseExpression [as parseStatementContent] (node_modules/@babel/parser/src/parser/statement.ts:688:23)
      at Parser.parseStatementContent [as parseStatementLike] (node_modules/@babel/parser/src/parser/statement.ts:482:17)
      at Parser.parseStatementLike [as parseModuleItem] (node_modules/@babel/parser/src/parser/statement.ts:419:17)
      at Parser.parseModuleItem [as parseBlockOrModuleBlockBody] (node_modules/@babel/parser/src/parser/statement.ts:1443:16)
      at Parser.parseBlockOrModuleBlockBody [as parseBlockBody] (node_modules/@babel/parser/src/parser/statement.ts:1417:10)
      at Parser.parseBlockBody [as parseProgram] (node_modules/@babel/parser/src/parser/statement.ts:229:10)
      at Parser.parseProgram [as parseTopLevel] (node_modules/@babel/parser/src/parser/statement.ts:203:25)
      at Parser.parseTopLevel [as parse] (node_modules/@babel/parser/src/parser/index.ts:88:25)
      at parse (node_modules/@babel/parser/src/index.ts:86:38)
      at parser (node_modules/@babel/core/src/parser/index.ts:29:19)
          at parser.next (<anonymous>)
      at normalizeFile (node_modules/@babel/core/src/transformation/normalize-file.ts:50:24)
          at normalizeFile.next (<anonymous>)
      at run (node_modules/@babel/core/src/transformation/index.ts:41:36)
          at run.next (<anonymous>)
      at transform (node_modules/@babel/core/src/transform.ts:29:20)
          at transform.next (<anonymous>)
      at evaluateSync (node_modules/gensync/index.js:251:28)
      at sync (node_modules/gensync/index.js:89:14)
      at fn (node_modules/@babel/core/src/errors/rewrite-stack-trace.ts:99:14)
      at transformSync (node_modules/@babel/core/src/transform.ts:66:52)
      at ScriptTransformer.transformSource (node_modules/@jest/transform/build/index.js:422:31)
      at ScriptTransformer._transformAndBuildScript (node_modules/@jest/transform/build/index.js:519:40)
      at ScriptTransformer.transform (node_modules/@jest/transform/build/index.js:558:19)

FAIL tests/HousingSystem.test.js
  ● Test suite failed to run

    Jest encountered an unexpected token

    Jest failed to parse a file. This happens e.g. when your code or its dependencies use non-standard JavaScript syntax, or when Jest is not configured to support such syntax.

    Out of the box Jest supports Babel, which will be used to transform your files into valid JS based on your Babel configuration.

    By default "node_modules" folder is ignored by transformers.

    Here's what you can do:
     • If you are trying to use ECMAScript Modules, see https://jestjs.io/docs/ecmascript-modules for how to enable it.
     • If you are trying to use TypeScript, see https://jestjs.io/docs/getting-started#using-typescript
     • To have some of your "node_modules" files transformed, you can specify a custom "transformIgnorePatterns" in your config.
     • If you need a custom transformation, specify a "transform" option in your config.
     • If you simply want to mock your non-JS modules (e.g. binary assets) you can stub them out with the "moduleNameMapper" config option.

    You'll find more details and examples of these config options in the docs:
    https://jestjs.io/docs/configuration
    For information about custom transformations, see:
    https://jestjs.io/docs/code-transformation

    Details:

    SyntaxError: /workspaces/Nadagotchi/tests/HousingSystem.test.js: Unexpected token (168:0)

      166 |             stop: jest.fn(),
      167 |             setPosition: jest.fn(),
    > 168 | <<<<<<< HEAD
          | ^
      169 |             setDepth: jest.fn().mockReturnThis(),
      170 |             setEmitZone: jest.fn().mockReturnThis(),
      171 |             setBounds: jest.fn().mockReturnThis(),

      at constructor (node_modules/@babel/parser/src/parse-error.ts:95:45)
      at Parser.toParseError [as raise] (node_modules/@babel/parser/src/tokenizer/index.ts:1507:19)
      at Parser.raise [as unexpected] (node_modules/@babel/parser/src/tokenizer/index.ts:1547:16)
      at Parser.unexpected [as parsePropertyName] (node_modules/@babel/parser/src/parser/expression.ts:2451:18)
      at Parser.parsePropertyName [as parsePropertyDefinition] (node_modules/@babel/parser/src/parser/expression.ts:2198:10)
      at Parser.parsePropertyDefinition [as parseObjectLike] (node_modules/@babel/parser/src/parser/expression.ts:2095:21)
      at Parser.parseObjectLike [as parseExprAtom] (node_modules/@babel/parser/src/parser/expression.ts:1181:21)
      at Parser.parseExprAtom [as parseExprSubscripts] (node_modules/@babel/parser/src/parser/expression.ts:742:23)
      at Parser.parseExprSubscripts [as parseUpdate] (node_modules/@babel/parser/src/parser/expression.ts:721:21)
      at Parser.parseUpdate [as parseMaybeUnary] (node_modules/@babel/parser/src/parser/expression.ts:683:23)
      at Parser.parseMaybeUnary [as parseMaybeUnaryOrPrivate] (node_modules/@babel/parser/src/parser/expression.ts:417:14)
      at Parser.parseMaybeUnaryOrPrivate [as parseExprOps] (node_modules/@babel/parser/src/parser/expression.ts:429:23)
      at Parser.parseExprOps [as parseMaybeConditional] (node_modules/@babel/parser/src/parser/expression.ts:384:23)
      at Parser.parseMaybeConditional [as parseMaybeAssign] (node_modules/@babel/parser/src/parser/expression.ts:301:21)
      at parseMaybeAssign (node_modules/@babel/parser/src/parser/expression.ts:257:12)
      at Parser.callback [as allowInAnd] (node_modules/@babel/parser/src/parser/expression.ts:3202:12)
      at Parser.allowInAnd [as parseMaybeAssignAllowIn] (node_modules/@babel/parser/src/parser/expression.ts:256:17)
      at Parser.parseMaybeAssignAllowIn [as parseMaybeAssignAllowInOrVoidPattern] (node_modules/@babel/parser/src/parser/expression.ts:3316:17)
      at Parser.parseMaybeAssignAllowInOrVoidPattern [as parseExprListItem] (node_modules/@babel/parser/src/parser/expression.ts:2798:18)
      at Parser.parseExprListItem [as parseCallExpressionArguments] (node_modules/@babel/parser/src/parser/expression.ts:1042:14)
      at Parser.parseCallExpressionArguments [as parseCoverCallAndAsyncArrowHead] (node_modules/@babel/parser/src/parser/expression.ts:922:29)
      at Parser.parseCoverCallAndAsyncArrowHead [as parseSubscript] (node_modules/@babel/parser/src/parser/expression.ts:804:19)
      at Parser.parseSubscript [as parseSubscripts] (node_modules/@babel/parser/src/parser/expression.ts:763:19)
      at Parser.parseSubscripts [as parseExprSubscripts] (node_modules/@babel/parser/src/parser/expression.ts:748:17)
      at Parser.parseExprSubscripts [as parseUpdate] (node_modules/@babel/parser/src/parser/expression.ts:721:21)
      at Parser.parseUpdate [as parseMaybeUnary] (node_modules/@babel/parser/src/parser/expression.ts:683:23)
      at Parser.parseMaybeUnary [as parseMaybeUnaryOrPrivate] (node_modules/@babel/parser/src/parser/expression.ts:417:14)
      at Parser.parseMaybeUnaryOrPrivate [as parseExprOps] (node_modules/@babel/parser/src/parser/expression.ts:429:23)
      at Parser.parseExprOps [as parseMaybeConditional] (node_modules/@babel/parser/src/parser/expression.ts:384:23)
      at Parser.parseMaybeConditional [as parseMaybeAssign] (node_modules/@babel/parser/src/parser/expression.ts:301:21)
      at parseMaybeAssign (node_modules/@babel/parser/src/parser/expression.ts:257:12)
      at Parser.callback [as allowInAnd] (node_modules/@babel/parser/src/parser/expression.ts:3202:12)
      at Parser.allowInAnd [as parseMaybeAssignAllowIn] (node_modules/@babel/parser/src/parser/expression.ts:256:17)
      at Parser.parseMaybeAssignAllowIn [as parseMaybeAssignAllowInOrVoidPattern] (node_modules/@babel/parser/src/parser/expression.ts:3316:17)
      at Parser.parseMaybeAssignAllowInOrVoidPattern [as parseObjectProperty] (node_modules/@babel/parser/src/parser/expression.ts:2325:16)
      at Parser.parseObjectProperty [as parseObjPropValue] (node_modules/@babel/parser/src/parser/expression.ts:2388:12)
      at Parser.parseObjPropValue [as parsePropertyDefinition] (node_modules/@babel/parser/src/parser/expression.ts:2228:17)
      at Parser.parsePropertyDefinition [as parseObjectLike] (node_modules/@babel/parser/src/parser/expression.ts:2095:21)
      at Parser.parseObjectLike [as parseExprAtom] (node_modules/@babel/parser/src/parser/expression.ts:1181:21)
      at Parser.parseExprAtom [as parseExprSubscripts] (node_modules/@babel/parser/src/parser/expression.ts:742:23)
      at Parser.parseExprSubscripts [as parseUpdate] (node_modules/@babel/parser/src/parser/expression.ts:721:21)
      at Parser.parseUpdate [as parseMaybeUnary] (node_modules/@babel/parser/src/parser/expression.ts:683:23)
      at Parser.parseMaybeUnary [as parseMaybeUnaryOrPrivate] (node_modules/@babel/parser/src/parser/expression.ts:417:14)
      at Parser.parseMaybeUnaryOrPrivate [as parseExprOps] (node_modules/@babel/parser/src/parser/expression.ts:429:23)
      at Parser.parseExprOps [as parseMaybeConditional] (node_modules/@babel/parser/src/parser/expression.ts:384:23)
      at Parser.parseMaybeConditional [as parseMaybeAssign] (node_modules/@babel/parser/src/parser/expression.ts:301:21)
      at parseMaybeAssign (node_modules/@babel/parser/src/parser/expression.ts:257:12)
      at Parser.callback [as allowInAnd] (node_modules/@babel/parser/src/parser/expression.ts:3202:12)
      at Parser.allowInAnd [as parseMaybeAssignAllowIn] (node_modules/@babel/parser/src/parser/expression.ts:256:17)
      at Parser.parseMaybeAssignAllowIn [as parseMaybeAssignAllowInOrVoidPattern] (node_modules/@babel/parser/src/parser/expression.ts:3316:17)
      at Parser.parseMaybeAssignAllowInOrVoidPattern [as parseExprListItem] (node_modules/@babel/parser/src/parser/expression.ts:2798:18)
      at Parser.parseExprListItem [as parseCallExpressionArguments] (node_modules/@babel/parser/src/parser/expression.ts:1042:14)
      at Parser.parseCallExpressionArguments [as parseCoverCallAndAsyncArrowHead] (node_modules/@babel/parser/src/parser/expression.ts:922:29)
      at Parser.parseCoverCallAndAsyncArrowHead [as parseSubscript] (node_modules/@babel/parser/src/parser/expression.ts:804:19)
      at Parser.parseSubscript [as parseSubscripts] (node_modules/@babel/parser/src/parser/expression.ts:763:19)
      at Parser.parseSubscripts [as parseExprSubscripts] (node_modules/@babel/parser/src/parser/expression.ts:748:17)
      at Parser.parseExprSubscripts [as parseUpdate] (node_modules/@babel/parser/src/parser/expression.ts:721:21)
      at Parser.parseUpdate [as parseMaybeUnary] (node_modules/@babel/parser/src/parser/expression.ts:683:23)
      at Parser.parseMaybeUnary [as parseMaybeUnaryOrPrivate] (node_modules/@babel/parser/src/parser/expression.ts:417:14)
      at Parser.parseMaybeUnaryOrPrivate [as parseExprOps] (node_modules/@babel/parser/src/parser/expression.ts:429:23)
      at Parser.parseExprOps [as parseMaybeConditional] (node_modules/@babel/parser/src/parser/expression.ts:384:23)
      at Parser.parseMaybeConditional [as parseMaybeAssign] (node_modules/@babel/parser/src/parser/expression.ts:301:21)
      at parseMaybeAssign (node_modules/@babel/parser/src/parser/expression.ts:257:12)
      at Parser.callback [as allowInAnd] (node_modules/@babel/parser/src/parser/expression.ts:3202:12)
      at Parser.allowInAnd [as parseMaybeAssignAllowIn] (node_modules/@babel/parser/src/parser/expression.ts:256:17)
      at Parser.parseMaybeAssignAllowIn [as parseMaybeAssignAllowInOrVoidPattern] (node_modules/@babel/parser/src/parser/expression.ts:3316:17)
      at Parser.parseMaybeAssignAllowInOrVoidPattern [as parseObjectProperty] (node_modules/@babel/parser/src/parser/expression.ts:2325:16)
      at Parser.parseObjectProperty [as parseObjPropValue] (node_modules/@babel/parser/src/parser/expression.ts:2388:12)
      at Parser.parseObjPropValue [as parsePropertyDefinition] (node_modules/@babel/parser/src/parser/expression.ts:2228:17)
      at Parser.parsePropertyDefinition [as parseObjectLike] (node_modules/@babel/parser/src/parser/expression.ts:2095:21)
      at Parser.parseObjectLike [as parseExprAtom] (node_modules/@babel/parser/src/parser/expression.ts:1181:21)
      at Parser.parseExprAtom [as parseExprSubscripts] (node_modules/@babel/parser/src/parser/expression.ts:742:23)
      at Parser.parseExprSubscripts [as parseUpdate] (node_modules/@babel/parser/src/parser/expression.ts:721:21)
      at Parser.parseUpdate [as parseMaybeUnary] (node_modules/@babel/parser/src/parser/expression.ts:683:23)
      at Parser.parseMaybeUnary [as parseMaybeUnaryOrPrivate] (node_modules/@babel/parser/src/parser/expression.ts:417:14)
      at Parser.parseMaybeUnaryOrPrivate [as parseExprOps] (node_modules/@babel/parser/src/parser/expression.ts:429:23)
      at Parser.parseExprOps [as parseMaybeConditional] (node_modules/@babel/parser/src/parser/expression.ts:384:23)
      at Parser.parseMaybeConditional [as parseMaybeAssign] (node_modules/@babel/parser/src/parser/expression.ts:301:21)
      at parseMaybeAssign (node_modules/@babel/parser/src/parser/expression.ts:257:12)
      at Parser.callback [as allowInAnd] (node_modules/@babel/parser/src/parser/expression.ts:3197:16)
      at Parser.allowInAnd [as parseMaybeAssignAllowIn] (node_modules/@babel/parser/src/parser/expression.ts:256:17)
      at Parser.parseMaybeAssignAllowIn [as parseVar] (node_modules/@babel/parser/src/parser/statement.ts:1587:18)
      at Parser.parseVar [as parseVarStatement] (node_modules/@babel/parser/src/parser/statement.ts:1251:10)
      at Parser.parseVarStatement [as parseStatementContent] (node_modules/@babel/parser/src/parser/statement.ts:612:21)
      at Parser.parseStatementContent [as parseStatementLike] (node_modules/@babel/parser/src/parser/statement.ts:482:17)
      at Parser.parseStatementLike [as parseModuleItem] (node_modules/@babel/parser/src/parser/statement.ts:419:17)
      at Parser.parseModuleItem [as parseBlockOrModuleBlockBody] (node_modules/@babel/parser/src/parser/statement.ts:1443:16)
      at Parser.parseBlockOrModuleBlockBody [as parseBlockBody] (node_modules/@babel/parser/src/parser/statement.ts:1417:10)
      at Parser.parseBlockBody [as parseProgram] (node_modules/@babel/parser/src/parser/statement.ts:229:10)
      at Parser.parseProgram [as parseTopLevel] (node_modules/@babel/parser/src/parser/statement.ts:203:25)
      at Parser.parseTopLevel [as parse] (node_modules/@babel/parser/src/parser/index.ts:88:25)
      at parse (node_modules/@babel/parser/src/index.ts:86:38)
      at parser (node_modules/@babel/core/src/parser/index.ts:29:19)
          at parser.next (<anonymous>)
      at normalizeFile (node_modules/@babel/core/src/transformation/normalize-file.ts:50:24)
          at normalizeFile.next (<anonymous>)
      at run (node_modules/@babel/core/src/transformation/index.ts:41:36)
          at run.next (<anonymous>)
      at transform (node_modules/@babel/core/src/transform.ts:29:20)
          at transform.next (<anonymous>)

PASS tests/RelationshipSystem.test.js
FAIL tests/Minigames.test.js
  ● Test suite failed to run

    Jest encountered an unexpected token

    Jest failed to parse a file. This happens e.g. when your code or its dependencies use non-standard JavaScript syntax, or when Jest is not configured to support such syntax.

    Out of the box Jest supports Babel, which will be used to transform your files into valid JS based on your Babel configuration.

    By default "node_modules" folder is ignored by transformers.

    Here's what you can do:
     • If you are trying to use ECMAScript Modules, see https://jestjs.io/docs/ecmascript-modules for how to enable it.
     • If you are trying to use TypeScript, see https://jestjs.io/docs/getting-started#using-typescript
     • To have some of your "node_modules" files transformed, you can specify a custom "transformIgnorePatterns" in your config.
     • If you need a custom transformation, specify a "transform" option in your config.
     • If you simply want to mock your non-JS modules (e.g. binary assets) you can stub them out with the "moduleNameMapper" config option.

    You'll find more details and examples of these config options in the docs:
    https://jestjs.io/docs/configuration
    For information about custom transformations, see:
    https://jestjs.io/docs/code-transformation

    Details:

    SyntaxError: /workspaces/Nadagotchi/tests/Minigames.test.js: Unexpected token (7:0)

       5 | const createMockGameObject = () => {
       6 |     const handlers = {};
    >  7 | <<<<<<< HEAD
         | ^
       8 |     return { scene: {},
       9 | =======
      10 |     return {

      at constructor (node_modules/@babel/parser/src/parse-error.ts:95:45)
      at Parser.toParseError [as raise] (node_modules/@babel/parser/src/tokenizer/index.ts:1507:19)
      at Parser.raise [as unexpected] (node_modules/@babel/parser/src/tokenizer/index.ts:1547:16)
      at Parser.unexpected [as parseExprAtom] (node_modules/@babel/parser/src/parser/expression.ts:1355:22)
      at Parser.parseExprAtom [as parseExprSubscripts] (node_modules/@babel/parser/src/parser/expression.ts:742:23)
      at Parser.parseExprSubscripts [as parseUpdate] (node_modules/@babel/parser/src/parser/expression.ts:721:21)
      at Parser.parseUpdate [as parseMaybeUnary] (node_modules/@babel/parser/src/parser/expression.ts:683:23)
      at Parser.parseMaybeUnary [as parseMaybeUnaryOrPrivate] (node_modules/@babel/parser/src/parser/expression.ts:417:14)
      at Parser.parseMaybeUnaryOrPrivate [as parseExprOps] (node_modules/@babel/parser/src/parser/expression.ts:429:23)
      at Parser.parseExprOps [as parseMaybeConditional] (node_modules/@babel/parser/src/parser/expression.ts:384:23)
      at Parser.parseMaybeConditional [as parseMaybeAssign] (node_modules/@babel/parser/src/parser/expression.ts:301:21)
      at Parser.parseMaybeAssign [as parseExpressionBase] (node_modules/@babel/parser/src/parser/expression.ts:226:23)
      at parseExpressionBase (node_modules/@babel/parser/src/parser/expression.ts:217:39)
      at Parser.callback [as allowInAnd] (node_modules/@babel/parser/src/parser/expression.ts:3197:16)
      at Parser.allowInAnd [as parseExpression] (node_modules/@babel/parser/src/parser/expression.ts:217:17)
      at Parser.parseExpression [as parseStatementContent] (node_modules/@babel/parser/src/parser/statement.ts:688:23)
      at Parser.parseStatementContent [as parseStatementLike] (node_modules/@babel/parser/src/parser/statement.ts:482:17)
      at Parser.parseStatementLike [as parseStatementListItem] (node_modules/@babel/parser/src/parser/statement.ts:431:17)
      at Parser.parseStatementListItem [as parseBlockOrModuleBlockBody] (node_modules/@babel/parser/src/parser/statement.ts:1444:16)
      at Parser.parseBlockOrModuleBlockBody [as parseBlockBody] (node_modules/@babel/parser/src/parser/statement.ts:1417:10)
      at Parser.parseBlockBody [as parseBlock] (node_modules/@babel/parser/src/parser/statement.ts:1385:10)
      at Parser.parseBlock [as parseFunctionBody] (node_modules/@babel/parser/src/parser/expression.ts:2626:24)
      at Parser.parseFunctionBody [as parseArrowExpression] (node_modules/@babel/parser/src/parser/expression.ts:2563:10)
      at Parser.parseArrowExpression [as parseParenAndDistinguishExpression] (node_modules/@babel/parser/src/parser/expression.ts:1847:12)
      at Parser.parseParenAndDistinguishExpression [as parseExprAtom] (node_modules/@babel/parser/src/parser/expression.ts:1170:21)
      at Parser.parseExprAtom [as parseExprSubscripts] (node_modules/@babel/parser/src/parser/expression.ts:742:23)
      at Parser.parseExprSubscripts [as parseUpdate] (node_modules/@babel/parser/src/parser/expression.ts:721:21)
      at Parser.parseUpdate [as parseMaybeUnary] (node_modules/@babel/parser/src/parser/expression.ts:683:23)
      at Parser.parseMaybeUnary [as parseMaybeUnaryOrPrivate] (node_modules/@babel/parser/src/parser/expression.ts:417:14)
      at Parser.parseMaybeUnaryOrPrivate [as parseExprOps] (node_modules/@babel/parser/src/parser/expression.ts:429:23)
      at Parser.parseExprOps [as parseMaybeConditional] (node_modules/@babel/parser/src/parser/expression.ts:384:23)
      at Parser.parseMaybeConditional [as parseMaybeAssign] (node_modules/@babel/parser/src/parser/expression.ts:301:21)
      at parseMaybeAssign (node_modules/@babel/parser/src/parser/expression.ts:257:12)
      at Parser.callback [as allowInAnd] (node_modules/@babel/parser/src/parser/expression.ts:3197:16)
      at Parser.allowInAnd [as parseMaybeAssignAllowIn] (node_modules/@babel/parser/src/parser/expression.ts:256:17)
      at Parser.parseMaybeAssignAllowIn [as parseVar] (node_modules/@babel/parser/src/parser/statement.ts:1587:18)
      at Parser.parseVar [as parseVarStatement] (node_modules/@babel/parser/src/parser/statement.ts:1251:10)
      at Parser.parseVarStatement [as parseStatementContent] (node_modules/@babel/parser/src/parser/statement.ts:612:21)
      at Parser.parseStatementContent [as parseStatementLike] (node_modules/@babel/parser/src/parser/statement.ts:482:17)
      at Parser.parseStatementLike [as parseModuleItem] (node_modules/@babel/parser/src/parser/statement.ts:419:17)
      at Parser.parseModuleItem [as parseBlockOrModuleBlockBody] (node_modules/@babel/parser/src/parser/statement.ts:1443:16)
      at Parser.parseBlockOrModuleBlockBody [as parseBlockBody] (node_modules/@babel/parser/src/parser/statement.ts:1417:10)
      at Parser.parseBlockBody [as parseProgram] (node_modules/@babel/parser/src/parser/statement.ts:229:10)
      at Parser.parseProgram [as parseTopLevel] (node_modules/@babel/parser/src/parser/statement.ts:203:25)
      at Parser.parseTopLevel [as parse] (node_modules/@babel/parser/src/parser/index.ts:88:25)
      at parse (node_modules/@babel/parser/src/index.ts:86:38)
      at parser (node_modules/@babel/core/src/parser/index.ts:29:19)
          at parser.next (<anonymous>)
      at normalizeFile (node_modules/@babel/core/src/transformation/normalize-file.ts:50:24)
          at normalizeFile.next (<anonymous>)
      at run (node_modules/@babel/core/src/transformation/index.ts:41:36)
          at run.next (<anonymous>)
      at transform (node_modules/@babel/core/src/transform.ts:29:20)
          at transform.next (<anonymous>)
      at evaluateSync (node_modules/gensync/index.js:251:28)
      at sync (node_modules/gensync/index.js:89:14)
      at fn (node_modules/@babel/core/src/errors/rewrite-stack-trace.ts:99:14)
      at transformSync (node_modules/@babel/core/src/transform.ts:66:52)
      at ScriptTransformer.transformSource (node_modules/@jest/transform/build/index.js:422:31)
      at ScriptTransformer._transformAndBuildScript (node_modules/@jest/transform/build/index.js:519:40)
      at ScriptTransformer.transform (node_modules/@jest/transform/build/index.js:558:19)

FAIL tests/StartScene.test.js
  ● Test suite failed to run

    Jest encountered an unexpected token

    Jest failed to parse a file. This happens e.g. when your code or its dependencies use non-standard JavaScript syntax, or when Jest is not configured to support such syntax.

    Out of the box Jest supports Babel, which will be used to transform your files into valid JS based on your Babel configuration.

    By default "node_modules" folder is ignored by transformers.

    Here's what you can do:
     • If you are trying to use ECMAScript Modules, see https://jestjs.io/docs/ecmascript-modules for how to enable it.
     • If you are trying to use TypeScript, see https://jestjs.io/docs/getting-started#using-typescript
     • To have some of your "node_modules" files transformed, you can specify a custom "transformIgnorePatterns" in your config.
     • If you need a custom transformation, specify a "transform" option in your config.
     • If you simply want to mock your non-JS modules (e.g. binary assets) you can stub them out with the "moduleNameMapper" config option.

    You'll find more details and examples of these config options in the docs:
    https://jestjs.io/docs/configuration
    For information about custom transformations, see:
    https://jestjs.io/docs/code-transformation

    Details:

    SyntaxError: /workspaces/Nadagotchi/tests/helpers/mockPhaser.js: Unexpected token (1:0)

    > 1 | <<<<<<< HEAD
        | ^
      2 | =======
      3 |
      4 | >>>>>>> 74fdaab (Update js/DebugConsole.js)

      1 | // tests/StartScene.test.js
      2 | import { jest } from '@jest/globals';
    > 3 | import { setupPhaserMock, createMockAdd, mockGameObject } from './helpers/mockPhaser.js';
        | ^
      4 |
      5 | // Setup Phaser mock before requiring the scene
      6 | setupPhaserMock();

      at constructor (node_modules/@babel/parser/src/parse-error.ts:95:45)
      at Parser.toParseError [as raise] (node_modules/@babel/parser/src/tokenizer/index.ts:1507:19)
      at Parser.raise [as unexpected] (node_modules/@babel/parser/src/tokenizer/index.ts:1547:16)
      at Parser.unexpected [as parseExprAtom] (node_modules/@babel/parser/src/parser/expression.ts:1355:22)
      at Parser.parseExprAtom [as parseExprSubscripts] (node_modules/@babel/parser/src/parser/expression.ts:742:23)
      at Parser.parseExprSubscripts [as parseUpdate] (node_modules/@babel/parser/src/parser/expression.ts:721:21)
      at Parser.parseUpdate [as parseMaybeUnary] (node_modules/@babel/parser/src/parser/expression.ts:683:23)
      at Parser.parseMaybeUnary [as parseMaybeUnaryOrPrivate] (node_modules/@babel/parser/src/parser/expression.ts:417:14)
      at Parser.parseMaybeUnaryOrPrivate [as parseExprOps] (node_modules/@babel/parser/src/parser/expression.ts:429:23)
      at Parser.parseExprOps [as parseMaybeConditional] (node_modules/@babel/parser/src/parser/expression.ts:384:23)
      at Parser.parseMaybeConditional [as parseMaybeAssign] (node_modules/@babel/parser/src/parser/expression.ts:301:21)
      at Parser.parseMaybeAssign [as parseExpressionBase] (node_modules/@babel/parser/src/parser/expression.ts:226:23)
      at parseExpressionBase (node_modules/@babel/parser/src/parser/expression.ts:217:39)
      at Parser.callback [as allowInAnd] (node_modules/@babel/parser/src/parser/expression.ts:3197:16)
      at Parser.allowInAnd [as parseExpression] (node_modules/@babel/parser/src/parser/expression.ts:217:17)
      at Parser.parseExpression [as parseStatementContent] (node_modules/@babel/parser/src/parser/statement.ts:688:23)
      at Parser.parseStatementContent [as parseStatementLike] (node_modules/@babel/parser/src/parser/statement.ts:482:17)
      at Parser.parseStatementLike [as parseModuleItem] (node_modules/@babel/parser/src/parser/statement.ts:419:17)
      at Parser.parseModuleItem [as parseBlockOrModuleBlockBody] (node_modules/@babel/parser/src/parser/statement.ts:1443:16)
      at Parser.parseBlockOrModuleBlockBody [as parseBlockBody] (node_modules/@babel/parser/src/parser/statement.ts:1417:10)
      at Parser.parseBlockBody [as parseProgram] (node_modules/@babel/parser/src/parser/statement.ts:229:10)
      at Parser.parseProgram [as parseTopLevel] (node_modules/@babel/parser/src/parser/statement.ts:203:25)
      at Parser.parseTopLevel [as parse] (node_modules/@babel/parser/src/parser/index.ts:88:25)
      at parse (node_modules/@babel/parser/src/index.ts:86:38)
      at parser (node_modules/@babel/core/src/parser/index.ts:29:19)
          at parser.next (<anonymous>)
      at normalizeFile (node_modules/@babel/core/src/transformation/normalize-file.ts:50:24)
          at normalizeFile.next (<anonymous>)
      at run (node_modules/@babel/core/src/transformation/index.ts:41:36)
          at run.next (<anonymous>)
      at transform (node_modules/@babel/core/src/transform.ts:29:20)
          at transform.next (<anonymous>)
      at evaluateSync (node_modules/gensync/index.js:251:28)
      at sync (node_modules/gensync/index.js:89:14)
      at fn (node_modules/@babel/core/src/errors/rewrite-stack-trace.ts:99:14)
      at transformSync (node_modules/@babel/core/src/transform.ts:66:52)
      at ScriptTransformer.transformSource (node_modules/@jest/transform/build/index.js:422:31)
      at ScriptTransformer._transformAndBuildScript (node_modules/@jest/transform/build/index.js:519:40)
      at ScriptTransformer.transform (node_modules/@jest/transform/build/index.js:558:19)
      at Object.require (tests/StartScene.test.js:3:1)

FAIL tests/UIScene.test.js
  ● Test suite failed to run

    Jest encountered an unexpected token

    Jest failed to parse a file. This happens e.g. when your code or its dependencies use non-standard JavaScript syntax, or when Jest is not configured to support such syntax.

    Out of the box Jest supports Babel, which will be used to transform your files into valid JS based on your Babel configuration.

    By default "node_modules" folder is ignored by transformers.

    Here's what you can do:
     • If you are trying to use ECMAScript Modules, see https://jestjs.io/docs/ecmascript-modules for how to enable it.
     • If you are trying to use TypeScript, see https://jestjs.io/docs/getting-started#using-typescript
     • To have some of your "node_modules" files transformed, you can specify a custom "transformIgnorePatterns" in your config.
     • If you need a custom transformation, specify a "transform" option in your config.
     • If you simply want to mock your non-JS modules (e.g. binary assets) you can stub them out with the "moduleNameMapper" config option.

    You'll find more details and examples of these config options in the docs:
    https://jestjs.io/docs/configuration
    For information about custom transformations, see:
    https://jestjs.io/docs/code-transformation

    Details:

    SyntaxError: /workspaces/Nadagotchi/tests/helpers/mockPhaser.js: Unexpected token (1:0)

    > 1 | <<<<<<< HEAD
        | ^
      2 | =======
      3 |
      4 | >>>>>>> 74fdaab (Update js/DebugConsole.js)

      1 | import { jest } from '@jest/globals';
    > 2 | import { setupPhaserMock, createMockAdd, mockGameObject } from './helpers/mockPhaser';
        | ^
      3 |
      4 | setupPhaserMock();
      5 |

      at constructor (node_modules/@babel/parser/src/parse-error.ts:95:45)
      at Parser.toParseError [as raise] (node_modules/@babel/parser/src/tokenizer/index.ts:1507:19)
      at Parser.raise [as unexpected] (node_modules/@babel/parser/src/tokenizer/index.ts:1547:16)
      at Parser.unexpected [as parseExprAtom] (node_modules/@babel/parser/src/parser/expression.ts:1355:22)
      at Parser.parseExprAtom [as parseExprSubscripts] (node_modules/@babel/parser/src/parser/expression.ts:742:23)
      at Parser.parseExprSubscripts [as parseUpdate] (node_modules/@babel/parser/src/parser/expression.ts:721:21)
      at Parser.parseUpdate [as parseMaybeUnary] (node_modules/@babel/parser/src/parser/expression.ts:683:23)
      at Parser.parseMaybeUnary [as parseMaybeUnaryOrPrivate] (node_modules/@babel/parser/src/parser/expression.ts:417:14)
      at Parser.parseMaybeUnaryOrPrivate [as parseExprOps] (node_modules/@babel/parser/src/parser/expression.ts:429:23)
      at Parser.parseExprOps [as parseMaybeConditional] (node_modules/@babel/parser/src/parser/expression.ts:384:23)
      at Parser.parseMaybeConditional [as parseMaybeAssign] (node_modules/@babel/parser/src/parser/expression.ts:301:21)
      at Parser.parseMaybeAssign [as parseExpressionBase] (node_modules/@babel/parser/src/parser/expression.ts:226:23)
      at parseExpressionBase (node_modules/@babel/parser/src/parser/expression.ts:217:39)
      at Parser.callback [as allowInAnd] (node_modules/@babel/parser/src/parser/expression.ts:3197:16)
      at Parser.allowInAnd [as parseExpression] (node_modules/@babel/parser/src/parser/expression.ts:217:17)
      at Parser.parseExpression [as parseStatementContent] (node_modules/@babel/parser/src/parser/statement.ts:688:23)
      at Parser.parseStatementContent [as parseStatementLike] (node_modules/@babel/parser/src/parser/statement.ts:482:17)
      at Parser.parseStatementLike [as parseModuleItem] (node_modules/@babel/parser/src/parser/statement.ts:419:17)
      at Parser.parseModuleItem [as parseBlockOrModuleBlockBody] (node_modules/@babel/parser/src/parser/statement.ts:1443:16)
      at Parser.parseBlockOrModuleBlockBody [as parseBlockBody] (node_modules/@babel/parser/src/parser/statement.ts:1417:10)
      at Parser.parseBlockBody [as parseProgram] (node_modules/@babel/parser/src/parser/statement.ts:229:10)
      at Parser.parseProgram [as parseTopLevel] (node_modules/@babel/parser/src/parser/statement.ts:203:25)
      at Parser.parseTopLevel [as parse] (node_modules/@babel/parser/src/parser/index.ts:88:25)
      at parse (node_modules/@babel/parser/src/index.ts:86:38)
      at parser (node_modules/@babel/core/src/parser/index.ts:29:19)
          at parser.next (<anonymous>)
      at normalizeFile (node_modules/@babel/core/src/transformation/normalize-file.ts:50:24)
          at normalizeFile.next (<anonymous>)
      at run (node_modules/@babel/core/src/transformation/index.ts:41:36)
          at run.next (<anonymous>)
      at transform (node_modules/@babel/core/src/transform.ts:29:20)
          at transform.next (<anonymous>)
      at evaluateSync (node_modules/gensync/index.js:251:28)
      at sync (node_modules/gensync/index.js:89:14)
      at fn (node_modules/@babel/core/src/errors/rewrite-stack-trace.ts:99:14)
      at transformSync (node_modules/@babel/core/src/transform.ts:66:52)
      at ScriptTransformer.transformSource (node_modules/@jest/transform/build/index.js:422:31)
      at ScriptTransformer._transformAndBuildScript (node_modules/@jest/transform/build/index.js:519:40)
      at ScriptTransformer.transform (node_modules/@jest/transform/build/index.js:558:19)
      at Object.require (tests/UIScene.test.js:2:1)

FAIL tests/MainSceneCoverage.test.js
  ● Test suite failed to run

    Jest encountered an unexpected token

    Jest failed to parse a file. This happens e.g. when your code or its dependencies use non-standard JavaScript syntax, or when Jest is not configured to support such syntax.

    Out of the box Jest supports Babel, which will be used to transform your files into valid JS based on your Babel configuration.

    By default "node_modules" folder is ignored by transformers.

    Here's what you can do:
     • If you are trying to use ECMAScript Modules, see https://jestjs.io/docs/ecmascript-modules for how to enable it.
     • If you are trying to use TypeScript, see https://jestjs.io/docs/getting-started#using-typescript
     • To have some of your "node_modules" files transformed, you can specify a custom "transformIgnorePatterns" in your config.
     • If you need a custom transformation, specify a "transform" option in your config.
     • If you simply want to mock your non-JS modules (e.g. binary assets) you can stub them out with the "moduleNameMapper" config option.

    You'll find more details and examples of these config options in the docs:
    https://jestjs.io/docs/configuration
    For information about custom transformations, see:
    https://jestjs.io/docs/code-transformation

    Details:

    SyntaxError: /workspaces/Nadagotchi/tests/MainSceneCoverage.test.js: Unexpected token (1:0)

    > 1 | <<<<<<< HEAD
        | ^
      2 | =======
      3 |
      4 | >>>>>>> 74fdaab (Update js/DebugConsole.js)

      at constructor (node_modules/@babel/parser/src/parse-error.ts:95:45)
      at Parser.toParseError [as raise] (node_modules/@babel/parser/src/tokenizer/index.ts:1507:19)
      at Parser.raise [as unexpected] (node_modules/@babel/parser/src/tokenizer/index.ts:1547:16)
      at Parser.unexpected [as parseExprAtom] (node_modules/@babel/parser/src/parser/expression.ts:1355:22)
      at Parser.parseExprAtom [as parseExprSubscripts] (node_modules/@babel/parser/src/parser/expression.ts:742:23)
      at Parser.parseExprSubscripts [as parseUpdate] (node_modules/@babel/parser/src/parser/expression.ts:721:21)
      at Parser.parseUpdate [as parseMaybeUnary] (node_modules/@babel/parser/src/parser/expression.ts:683:23)
      at Parser.parseMaybeUnary [as parseMaybeUnaryOrPrivate] (node_modules/@babel/parser/src/parser/expression.ts:417:14)
      at Parser.parseMaybeUnaryOrPrivate [as parseExprOps] (node_modules/@babel/parser/src/parser/expression.ts:429:23)
      at Parser.parseExprOps [as parseMaybeConditional] (node_modules/@babel/parser/src/parser/expression.ts:384:23)
      at Parser.parseMaybeConditional [as parseMaybeAssign] (node_modules/@babel/parser/src/parser/expression.ts:301:21)
      at Parser.parseMaybeAssign [as parseExpressionBase] (node_modules/@babel/parser/src/parser/expression.ts:226:23)
      at parseExpressionBase (node_modules/@babel/parser/src/parser/expression.ts:217:39)
      at Parser.callback [as allowInAnd] (node_modules/@babel/parser/src/parser/expression.ts:3197:16)
      at Parser.allowInAnd [as parseExpression] (node_modules/@babel/parser/src/parser/expression.ts:217:17)
      at Parser.parseExpression [as parseStatementContent] (node_modules/@babel/parser/src/parser/statement.ts:688:23)
      at Parser.parseStatementContent [as parseStatementLike] (node_modules/@babel/parser/src/parser/statement.ts:482:17)
      at Parser.parseStatementLike [as parseModuleItem] (node_modules/@babel/parser/src/parser/statement.ts:419:17)
      at Parser.parseModuleItem [as parseBlockOrModuleBlockBody] (node_modules/@babel/parser/src/parser/statement.ts:1443:16)
      at Parser.parseBlockOrModuleBlockBody [as parseBlockBody] (node_modules/@babel/parser/src/parser/statement.ts:1417:10)
      at Parser.parseBlockBody [as parseProgram] (node_modules/@babel/parser/src/parser/statement.ts:229:10)
      at Parser.parseProgram [as parseTopLevel] (node_modules/@babel/parser/src/parser/statement.ts:203:25)
      at Parser.parseTopLevel [as parse] (node_modules/@babel/parser/src/parser/index.ts:88:25)
      at parse (node_modules/@babel/parser/src/index.ts:86:38)
      at parser (node_modules/@babel/core/src/parser/index.ts:29:19)
          at parser.next (<anonymous>)
      at normalizeFile (node_modules/@babel/core/src/transformation/normalize-file.ts:50:24)
          at normalizeFile.next (<anonymous>)
      at run (node_modules/@babel/core/src/transformation/index.ts:41:36)
          at run.next (<anonymous>)
      at transform (node_modules/@babel/core/src/transform.ts:29:20)
          at transform.next (<anonymous>)
      at evaluateSync (node_modules/gensync/index.js:251:28)
      at sync (node_modules/gensync/index.js:89:14)
      at fn (node_modules/@babel/core/src/errors/rewrite-stack-trace.ts:99:14)
      at transformSync (node_modules/@babel/core/src/transform.ts:66:52)
      at ScriptTransformer.transformSource (node_modules/@jest/transform/build/index.js:422:31)
      at ScriptTransformer._transformAndBuildScript (node_modules/@jest/transform/build/index.js:519:40)
      at ScriptTransformer.transform (node_modules/@jest/transform/build/index.js:558:19)

FAIL tests/legacy.test.js
  ● Test suite failed to run

    Jest encountered an unexpected token

    Jest failed to parse a file. This happens e.g. when your code or its dependencies use non-standard JavaScript syntax, or when Jest is not configured to support such syntax.

    Out of the box Jest supports Babel, which will be used to transform your files into valid JS based on your Babel configuration.

    By default "node_modules" folder is ignored by transformers.

    Here's what you can do:
     • If you are trying to use ECMAScript Modules, see https://jestjs.io/docs/ecmascript-modules for how to enable it.
     • If you are trying to use TypeScript, see https://jestjs.io/docs/getting-started#using-typescript
     • To have some of your "node_modules" files transformed, you can specify a custom "transformIgnorePatterns" in your config.
     • If you need a custom transformation, specify a "transform" option in your config.
     • If you simply want to mock your non-JS modules (e.g. binary assets) you can stub them out with the "moduleNameMapper" config option.

    You'll find more details and examples of these config options in the docs:
    https://jestjs.io/docs/configuration
    For information about custom transformations, see:
    https://jestjs.io/docs/code-transformation

    Details:

    SyntaxError: /workspaces/Nadagotchi/js/Nadagotchi.js: Unexpected token (32:0)

      30 |      */
      31 |     constructor(initialArchetype, loadedData = null) {
    > 32 | <<<<<<< HEAD
         | ^
      33 |         /** @type {boolean} Indicates if the asynchronous initialization is complete. */
      34 |         this.isInitialized = false;
      35 |

      131 | // Since the JS files are not modules, we require a transform to make them testable.
      132 | // This is handled by jest.config.js, so we can use require here.
    > 133 | const { Nadagotchi } = require('../js/Nadagotchi.js');
          |                        ^
      134 | const { MainScene } = require('../js/MainScene.js');
      135 | const { UIScene } = require('../js/UIScene.js');
      136 | const { PersistenceManager } = require('../js/PersistenceManager.js');

      at constructor (node_modules/@babel/parser/src/parse-error.ts:95:45)
      at Parser.toParseError [as raise] (node_modules/@babel/parser/src/tokenizer/index.ts:1507:19)
      at Parser.raise [as unexpected] (node_modules/@babel/parser/src/tokenizer/index.ts:1547:16)
      at Parser.unexpected [as parseExprAtom] (node_modules/@babel/parser/src/parser/expression.ts:1355:22)
      at Parser.parseExprAtom [as parseExprSubscripts] (node_modules/@babel/parser/src/parser/expression.ts:742:23)
      at Parser.parseExprSubscripts [as parseUpdate] (node_modules/@babel/parser/src/parser/expression.ts:721:21)
      at Parser.parseUpdate [as parseMaybeUnary] (node_modules/@babel/parser/src/parser/expression.ts:683:23)
      at Parser.parseMaybeUnary [as parseMaybeUnaryOrPrivate] (node_modules/@babel/parser/src/parser/expression.ts:417:14)
      at Parser.parseMaybeUnaryOrPrivate [as parseExprOps] (node_modules/@babel/parser/src/parser/expression.ts:429:23)
      at Parser.parseExprOps [as parseMaybeConditional] (node_modules/@babel/parser/src/parser/expression.ts:384:23)
      at Parser.parseMaybeConditional [as parseMaybeAssign] (node_modules/@babel/parser/src/parser/expression.ts:301:21)
      at Parser.parseMaybeAssign [as parseExpressionBase] (node_modules/@babel/parser/src/parser/expression.ts:226:23)
      at parseExpressionBase (node_modules/@babel/parser/src/parser/expression.ts:217:39)
      at Parser.callback [as allowInAnd] (node_modules/@babel/parser/src/parser/expression.ts:3197:16)
      at Parser.allowInAnd [as parseExpression] (node_modules/@babel/parser/src/parser/expression.ts:217:17)
      at Parser.parseExpression [as parseStatementContent] (node_modules/@babel/parser/src/parser/statement.ts:688:23)
      at Parser.parseStatementContent [as parseStatementLike] (node_modules/@babel/parser/src/parser/statement.ts:482:17)
      at Parser.parseStatementLike [as parseStatementListItem] (node_modules/@babel/parser/src/parser/statement.ts:431:17)
      at Parser.parseStatementListItem [as parseBlockOrModuleBlockBody] (node_modules/@babel/parser/src/parser/statement.ts:1444:16)
      at Parser.parseBlockOrModuleBlockBody [as parseBlockBody] (node_modules/@babel/parser/src/parser/statement.ts:1417:10)
      at Parser.parseBlockBody [as parseBlock] (node_modules/@babel/parser/src/parser/statement.ts:1385:10)
      at Parser.parseBlock [as parseFunctionBody] (node_modules/@babel/parser/src/parser/expression.ts:2626:24)
      at Parser.parseFunctionBody [as parseFunctionBodyAndFinish] (node_modules/@babel/parser/src/parser/expression.ts:2595:10)
      at Parser.parseFunctionBodyAndFinish [as parseMethod] (node_modules/@babel/parser/src/parser/expression.ts:2492:31)
      at Parser.parseMethod [as pushClassMethod] (node_modules/@babel/parser/src/parser/statement.ts:2244:12)
      at Parser.pushClassMethod [as parseClassMemberWithIsStatic] (node_modules/@babel/parser/src/parser/statement.ts:2023:12)
      at Parser.parseClassMemberWithIsStatic [as parseClassMember] (node_modules/@babel/parser/src/parser/statement.ts:1938:10)
      at parseClassMember (node_modules/@babel/parser/src/parser/statement.ts:1851:14)
      at Parser.callback [as withSmartMixTopicForbiddingContext] (node_modules/@babel/parser/src/parser/expression.ts:3176:14)
      at Parser.withSmartMixTopicForbiddingContext [as parseClassBody] (node_modules/@babel/parser/src/parser/statement.ts:1823:10)
      at Parser.parseClassBody [as parseClass] (node_modules/@babel/parser/src/parser/statement.ts:1774:22)
      at Parser.parseClass [as parseExportDeclaration] (node_modules/@babel/parser/src/parser/statement.ts:2628:25)
      at Parser.parseExportDeclaration [as maybeParseExportDeclaration] (node_modules/@babel/parser/src/parser/statement.ts:2551:31)
      at Parser.maybeParseExportDeclaration [as parseExport] (node_modules/@babel/parser/src/parser/statement.ts:2432:29)
      at Parser.parseExport [as parseStatementContent] (node_modules/@babel/parser/src/parser/statement.ts:649:25)
      at Parser.parseStatementContent [as parseStatementLike] (node_modules/@babel/parser/src/parser/statement.ts:482:17)
      at Parser.parseStatementLike [as parseModuleItem] (node_modules/@babel/parser/src/parser/statement.ts:419:17)
      at Parser.parseModuleItem [as parseBlockOrModuleBlockBody] (node_modules/@babel/parser/src/parser/statement.ts:1443:16)
      at Parser.parseBlockOrModuleBlockBody [as parseBlockBody] (node_modules/@babel/parser/src/parser/statement.ts:1417:10)
      at Parser.parseBlockBody [as parseProgram] (node_modules/@babel/parser/src/parser/statement.ts:229:10)
      at Parser.parseProgram [as parseTopLevel] (node_modules/@babel/parser/src/parser/statement.ts:203:25)
      at Parser.parseTopLevel [as parse] (node_modules/@babel/parser/src/parser/index.ts:88:25)
      at parse (node_modules/@babel/parser/src/index.ts:86:38)
      at parser (node_modules/@babel/core/src/parser/index.ts:29:19)
          at parser.next (<anonymous>)
      at normalizeFile (node_modules/@babel/core/src/transformation/normalize-file.ts:50:24)
          at normalizeFile.next (<anonymous>)
      at run (node_modules/@babel/core/src/transformation/index.ts:41:36)
          at run.next (<anonymous>)
      at transform (node_modules/@babel/core/src/transform.ts:29:20)
          at transform.next (<anonymous>)
      at evaluateSync (node_modules/gensync/index.js:251:28)
      at sync (node_modules/gensync/index.js:89:14)
      at fn (node_modules/@babel/core/src/errors/rewrite-stack-trace.ts:99:14)
      at transformSync (node_modules/@babel/core/src/transform.ts:66:52)
      at ScriptTransformer.transformSource (node_modules/@jest/transform/build/index.js:422:31)
      at ScriptTransformer._transformAndBuildScript (node_modules/@jest/transform/build/index.js:519:40)
      at ScriptTransformer.transform (node_modules/@jest/transform/build/index.js:558:19)
      at Object.require (tests/legacy.test.js:133:24)

FAIL tests/FurnitureRegression.test.js
  ● Test suite failed to run

    Jest encountered an unexpected token

    Jest failed to parse a file. This happens e.g. when your code or its dependencies use non-standard JavaScript syntax, or when Jest is not configured to support such syntax.

    Out of the box Jest supports Babel, which will be used to transform your files into valid JS based on your Babel configuration.

    By default "node_modules" folder is ignored by transformers.

    Here's what you can do:
     • If you are trying to use ECMAScript Modules, see https://jestjs.io/docs/ecmascript-modules for how to enable it.
     • If you are trying to use TypeScript, see https://jestjs.io/docs/getting-started#using-typescript
     • To have some of your "node_modules" files transformed, you can specify a custom "transformIgnorePatterns" in your config.
     • If you need a custom transformation, specify a "transform" option in your config.
     • If you simply want to mock your non-JS modules (e.g. binary assets) you can stub them out with the "moduleNameMapper" config option.

    You'll find more details and examples of these config options in the docs:
    https://jestjs.io/docs/configuration
    For information about custom transformations, see:
    https://jestjs.io/docs/code-transformation

    Details:

    SyntaxError: /workspaces/Nadagotchi/tests/FurnitureRegression.test.js: Unexpected token (1:0)

    > 1 | <<<<<<< HEAD
        | ^
      2 | // tests/FurnitureRegression.test.js
      3 | import { setupPhaserMock, createMockAdd } from './helpers/mockPhaser';
      4 |

      at constructor (node_modules/@babel/parser/src/parse-error.ts:95:45)
      at Parser.toParseError [as raise] (node_modules/@babel/parser/src/tokenizer/index.ts:1507:19)
      at Parser.raise [as unexpected] (node_modules/@babel/parser/src/tokenizer/index.ts:1547:16)
      at Parser.unexpected [as parseExprAtom] (node_modules/@babel/parser/src/parser/expression.ts:1355:22)
      at Parser.parseExprAtom [as parseExprSubscripts] (node_modules/@babel/parser/src/parser/expression.ts:742:23)
      at Parser.parseExprSubscripts [as parseUpdate] (node_modules/@babel/parser/src/parser/expression.ts:721:21)
      at Parser.parseUpdate [as parseMaybeUnary] (node_modules/@babel/parser/src/parser/expression.ts:683:23)
      at Parser.parseMaybeUnary [as parseMaybeUnaryOrPrivate] (node_modules/@babel/parser/src/parser/expression.ts:417:14)
      at Parser.parseMaybeUnaryOrPrivate [as parseExprOps] (node_modules/@babel/parser/src/parser/expression.ts:429:23)
      at Parser.parseExprOps [as parseMaybeConditional] (node_modules/@babel/parser/src/parser/expression.ts:384:23)
      at Parser.parseMaybeConditional [as parseMaybeAssign] (node_modules/@babel/parser/src/parser/expression.ts:301:21)
      at Parser.parseMaybeAssign [as parseExpressionBase] (node_modules/@babel/parser/src/parser/expression.ts:226:23)
      at parseExpressionBase (node_modules/@babel/parser/src/parser/expression.ts:217:39)
      at Parser.callback [as allowInAnd] (node_modules/@babel/parser/src/parser/expression.ts:3197:16)
      at Parser.allowInAnd [as parseExpression] (node_modules/@babel/parser/src/parser/expression.ts:217:17)
      at Parser.parseExpression [as parseStatementContent] (node_modules/@babel/parser/src/parser/statement.ts:688:23)
      at Parser.parseStatementContent [as parseStatementLike] (node_modules/@babel/parser/src/parser/statement.ts:482:17)
      at Parser.parseStatementLike [as parseModuleItem] (node_modules/@babel/parser/src/parser/statement.ts:419:17)
      at Parser.parseModuleItem [as parseBlockOrModuleBlockBody] (node_modules/@babel/parser/src/parser/statement.ts:1443:16)
      at Parser.parseBlockOrModuleBlockBody [as parseBlockBody] (node_modules/@babel/parser/src/parser/statement.ts:1417:10)
      at Parser.parseBlockBody [as parseProgram] (node_modules/@babel/parser/src/parser/statement.ts:229:10)
      at Parser.parseProgram [as parseTopLevel] (node_modules/@babel/parser/src/parser/statement.ts:203:25)
      at Parser.parseTopLevel [as parse] (node_modules/@babel/parser/src/parser/index.ts:88:25)
      at parse (node_modules/@babel/parser/src/index.ts:86:38)
      at parser (node_modules/@babel/core/src/parser/index.ts:29:19)
          at parser.next (<anonymous>)
      at normalizeFile (node_modules/@babel/core/src/transformation/normalize-file.ts:50:24)
          at normalizeFile.next (<anonymous>)
      at run (node_modules/@babel/core/src/transformation/index.ts:41:36)
          at run.next (<anonymous>)
      at transform (node_modules/@babel/core/src/transform.ts:29:20)
          at transform.next (<anonymous>)
      at evaluateSync (node_modules/gensync/index.js:251:28)
      at sync (node_modules/gensync/index.js:89:14)
      at fn (node_modules/@babel/core/src/errors/rewrite-stack-trace.ts:99:14)
      at transformSync (node_modules/@babel/core/src/transform.ts:66:52)
      at ScriptTransformer.transformSource (node_modules/@jest/transform/build/index.js:422:31)
      at ScriptTransformer._transformAndBuildScript (node_modules/@jest/transform/build/index.js:519:40)
      at ScriptTransformer.transform (node_modules/@jest/transform/build/index.js:558:19)

FAIL tests/Security.test.js
  ● Test suite failed to run

    Jest encountered an unexpected token

    Jest failed to parse a file. This happens e.g. when your code or its dependencies use non-standard JavaScript syntax, or when Jest is not configured to support such syntax.

    Out of the box Jest supports Babel, which will be used to transform your files into valid JS based on your Babel configuration.

    By default "node_modules" folder is ignored by transformers.

    Here's what you can do:
     • If you are trying to use ECMAScript Modules, see https://jestjs.io/docs/ecmascript-modules for how to enable it.
     • If you are trying to use TypeScript, see https://jestjs.io/docs/getting-started#using-typescript
     • To have some of your "node_modules" files transformed, you can specify a custom "transformIgnorePatterns" in your config.
     • If you need a custom transformation, specify a "transform" option in your config.
     • If you simply want to mock your non-JS modules (e.g. binary assets) you can stub them out with the "moduleNameMapper" config option.

    You'll find more details and examples of these config options in the docs:
    https://jestjs.io/docs/configuration
    For information about custom transformations, see:
    https://jestjs.io/docs/code-transformation

    Details:

    SyntaxError: /workspaces/Nadagotchi/tests/Security.test.js: Unexpected token (1:0)

    > 1 | <<<<<<< HEAD
        | ^
      2 | =======
      3 |
      4 | >>>>>>> 74fdaab (Update js/DebugConsole.js)

      at constructor (node_modules/@babel/parser/src/parse-error.ts:95:45)
      at Parser.toParseError [as raise] (node_modules/@babel/parser/src/tokenizer/index.ts:1507:19)
      at Parser.raise [as unexpected] (node_modules/@babel/parser/src/tokenizer/index.ts:1547:16)
      at Parser.unexpected [as parseExprAtom] (node_modules/@babel/parser/src/parser/expression.ts:1355:22)
      at Parser.parseExprAtom [as parseExprSubscripts] (node_modules/@babel/parser/src/parser/expression.ts:742:23)
      at Parser.parseExprSubscripts [as parseUpdate] (node_modules/@babel/parser/src/parser/expression.ts:721:21)
      at Parser.parseUpdate [as parseMaybeUnary] (node_modules/@babel/parser/src/parser/expression.ts:683:23)
      at Parser.parseMaybeUnary [as parseMaybeUnaryOrPrivate] (node_modules/@babel/parser/src/parser/expression.ts:417:14)
      at Parser.parseMaybeUnaryOrPrivate [as parseExprOps] (node_modules/@babel/parser/src/parser/expression.ts:429:23)
      at Parser.parseExprOps [as parseMaybeConditional] (node_modules/@babel/parser/src/parser/expression.ts:384:23)
      at Parser.parseMaybeConditional [as parseMaybeAssign] (node_modules/@babel/parser/src/parser/expression.ts:301:21)
      at Parser.parseMaybeAssign [as parseExpressionBase] (node_modules/@babel/parser/src/parser/expression.ts:226:23)
      at parseExpressionBase (node_modules/@babel/parser/src/parser/expression.ts:217:39)
      at Parser.callback [as allowInAnd] (node_modules/@babel/parser/src/parser/expression.ts:3197:16)
      at Parser.allowInAnd [as parseExpression] (node_modules/@babel/parser/src/parser/expression.ts:217:17)
      at Parser.parseExpression [as parseStatementContent] (node_modules/@babel/parser/src/parser/statement.ts:688:23)
      at Parser.parseStatementContent [as parseStatementLike] (node_modules/@babel/parser/src/parser/statement.ts:482:17)
      at Parser.parseStatementLike [as parseModuleItem] (node_modules/@babel/parser/src/parser/statement.ts:419:17)
      at Parser.parseModuleItem [as parseBlockOrModuleBlockBody] (node_modules/@babel/parser/src/parser/statement.ts:1443:16)
      at Parser.parseBlockOrModuleBlockBody [as parseBlockBody] (node_modules/@babel/parser/src/parser/statement.ts:1417:10)
      at Parser.parseBlockBody [as parseProgram] (node_modules/@babel/parser/src/parser/statement.ts:229:10)
      at Parser.parseProgram [as parseTopLevel] (node_modules/@babel/parser/src/parser/statement.ts:203:25)
      at Parser.parseTopLevel [as parse] (node_modules/@babel/parser/src/parser/index.ts:88:25)
      at parse (node_modules/@babel/parser/src/index.ts:86:38)
      at parser (node_modules/@babel/core/src/parser/index.ts:29:19)
          at parser.next (<anonymous>)
      at normalizeFile (node_modules/@babel/core/src/transformation/normalize-file.ts:50:24)
          at normalizeFile.next (<anonymous>)
      at run (node_modules/@babel/core/src/transformation/index.ts:41:36)
          at run.next (<anonymous>)
      at transform (node_modules/@babel/core/src/transform.ts:29:20)
          at transform.next (<anonymous>)
      at evaluateSync (node_modules/gensync/index.js:251:28)
      at sync (node_modules/gensync/index.js:89:14)
      at fn (node_modules/@babel/core/src/errors/rewrite-stack-trace.ts:99:14)
      at transformSync (node_modules/@babel/core/src/transform.ts:66:52)
      at ScriptTransformer.transformSource (node_modules/@jest/transform/build/index.js:422:31)
      at ScriptTransformer._transformAndBuildScript (node_modules/@jest/transform/build/index.js:519:40)
      at ScriptTransformer.transform (node_modules/@jest/transform/build/index.js:558:19)

FAIL tests/Performance_UIScene_Render.test.js
  ● Test suite failed to run

    Jest encountered an unexpected token

    Jest failed to parse a file. This happens e.g. when your code or its dependencies use non-standard JavaScript syntax, or when Jest is not configured to support such syntax.

    Out of the box Jest supports Babel, which will be used to transform your files into valid JS based on your Babel configuration.

    By default "node_modules" folder is ignored by transformers.

    Here's what you can do:
     • If you are trying to use ECMAScript Modules, see https://jestjs.io/docs/ecmascript-modules for how to enable it.
     • If you are trying to use TypeScript, see https://jestjs.io/docs/getting-started#using-typescript
     • To have some of your "node_modules" files transformed, you can specify a custom "transformIgnorePatterns" in your config.
     • If you need a custom transformation, specify a "transform" option in your config.
     • If you simply want to mock your non-JS modules (e.g. binary assets) you can stub them out with the "moduleNameMapper" config option.

    You'll find more details and examples of these config options in the docs:
    https://jestjs.io/docs/configuration
    For information about custom transformations, see:
    https://jestjs.io/docs/code-transformation

    Details:

    SyntaxError: /workspaces/Nadagotchi/js/UIScene.js: Unexpected token (1:0)

    > 1 | <<<<<<< HEAD
        | ^
      2 | import { ToastManager } from './systems/ToastManager.js';
      3 | =======
      4 | >>>>>>> 74fdaab (Update js/DebugConsole.js)

      123 | }));
      124 |
    > 125 | const { UIScene } = require('../js/UIScene');
          |                     ^
      126 | const { EventKeys } = require('../js/EventKeys');
      127 |
      128 | describe('Performance: UIScene Render Throttling', () => {

      at constructor (node_modules/@babel/parser/src/parse-error.ts:95:45)
      at Parser.toParseError [as raise] (node_modules/@babel/parser/src/tokenizer/index.ts:1507:19)
      at Parser.raise [as unexpected] (node_modules/@babel/parser/src/tokenizer/index.ts:1547:16)
      at Parser.unexpected [as parseExprAtom] (node_modules/@babel/parser/src/parser/expression.ts:1355:22)
      at Parser.parseExprAtom [as parseExprSubscripts] (node_modules/@babel/parser/src/parser/expression.ts:742:23)
      at Parser.parseExprSubscripts [as parseUpdate] (node_modules/@babel/parser/src/parser/expression.ts:721:21)
      at Parser.parseUpdate [as parseMaybeUnary] (node_modules/@babel/parser/src/parser/expression.ts:683:23)
      at Parser.parseMaybeUnary [as parseMaybeUnaryOrPrivate] (node_modules/@babel/parser/src/parser/expression.ts:417:14)
      at Parser.parseMaybeUnaryOrPrivate [as parseExprOps] (node_modules/@babel/parser/src/parser/expression.ts:429:23)
      at Parser.parseExprOps [as parseMaybeConditional] (node_modules/@babel/parser/src/parser/expression.ts:384:23)
      at Parser.parseMaybeConditional [as parseMaybeAssign] (node_modules/@babel/parser/src/parser/expression.ts:301:21)
      at Parser.parseMaybeAssign [as parseExpressionBase] (node_modules/@babel/parser/src/parser/expression.ts:226:23)
      at parseExpressionBase (node_modules/@babel/parser/src/parser/expression.ts:217:39)
      at Parser.callback [as allowInAnd] (node_modules/@babel/parser/src/parser/expression.ts:3197:16)
      at Parser.allowInAnd [as parseExpression] (node_modules/@babel/parser/src/parser/expression.ts:217:17)
      at Parser.parseExpression [as parseStatementContent] (node_modules/@babel/parser/src/parser/statement.ts:688:23)
      at Parser.parseStatementContent [as parseStatementLike] (node_modules/@babel/parser/src/parser/statement.ts:482:17)
      at Parser.parseStatementLike [as parseModuleItem] (node_modules/@babel/parser/src/parser/statement.ts:419:17)
      at Parser.parseModuleItem [as parseBlockOrModuleBlockBody] (node_modules/@babel/parser/src/parser/statement.ts:1443:16)
      at Parser.parseBlockOrModuleBlockBody [as parseBlockBody] (node_modules/@babel/parser/src/parser/statement.ts:1417:10)
      at Parser.parseBlockBody [as parseProgram] (node_modules/@babel/parser/src/parser/statement.ts:229:10)
      at Parser.parseProgram [as parseTopLevel] (node_modules/@babel/parser/src/parser/statement.ts:203:25)
      at Parser.parseTopLevel [as parse] (node_modules/@babel/parser/src/parser/index.ts:88:25)
      at parse (node_modules/@babel/parser/src/index.ts:86:38)
      at parser (node_modules/@babel/core/src/parser/index.ts:29:19)
          at parser.next (<anonymous>)
      at normalizeFile (node_modules/@babel/core/src/transformation/normalize-file.ts:50:24)
          at normalizeFile.next (<anonymous>)
      at run (node_modules/@babel/core/src/transformation/index.ts:41:36)
          at run.next (<anonymous>)
      at transform (node_modules/@babel/core/src/transform.ts:29:20)
          at transform.next (<anonymous>)
      at evaluateSync (node_modules/gensync/index.js:251:28)
      at sync (node_modules/gensync/index.js:89:14)
      at fn (node_modules/@babel/core/src/errors/rewrite-stack-trace.ts:99:14)
      at transformSync (node_modules/@babel/core/src/transform.ts:66:52)
      at ScriptTransformer.transformSource (node_modules/@jest/transform/build/index.js:422:31)
      at ScriptTransformer._transformAndBuildScript (node_modules/@jest/transform/build/index.js:519:40)
      at ScriptTransformer.transform (node_modules/@jest/transform/build/index.js:558:19)
      at Object.require (tests/Performance_UIScene_Render.test.js:125:21)

FAIL tests/FurniturePlacement.test.js
  ● Test suite failed to run

    Jest encountered an unexpected token

    Jest failed to parse a file. This happens e.g. when your code or its dependencies use non-standard JavaScript syntax, or when Jest is not configured to support such syntax.

    Out of the box Jest supports Babel, which will be used to transform your files into valid JS based on your Babel configuration.

    By default "node_modules" folder is ignored by transformers.

    Here's what you can do:
     • If you are trying to use ECMAScript Modules, see https://jestjs.io/docs/ecmascript-modules for how to enable it.
     • If you are trying to use TypeScript, see https://jestjs.io/docs/getting-started#using-typescript
     • To have some of your "node_modules" files transformed, you can specify a custom "transformIgnorePatterns" in your config.
     • If you need a custom transformation, specify a "transform" option in your config.
     • If you simply want to mock your non-JS modules (e.g. binary assets) you can stub them out with the "moduleNameMapper" config option.

    You'll find more details and examples of these config options in the docs:
    https://jestjs.io/docs/configuration
    For information about custom transformations, see:
    https://jestjs.io/docs/code-transformation

    Details:

    SyntaxError: /workspaces/Nadagotchi/tests/FurniturePlacement.test.js: Unexpected token (156:0)

      154 |             stop: jest.fn(),
      155 |             setPosition: jest.fn(),
    > 156 | <<<<<<< HEAD
          | ^
      157 |             setDepth: jest.fn().mockReturnThis(),
      158 |             setEmitZone: jest.fn().mockReturnThis(),
      159 |             setBounds: jest.fn().mockReturnThis(),

      at constructor (node_modules/@babel/parser/src/parse-error.ts:95:45)
      at Parser.toParseError [as raise] (node_modules/@babel/parser/src/tokenizer/index.ts:1507:19)
      at Parser.raise [as unexpected] (node_modules/@babel/parser/src/tokenizer/index.ts:1547:16)
      at Parser.unexpected [as parsePropertyName] (node_modules/@babel/parser/src/parser/expression.ts:2451:18)
      at Parser.parsePropertyName [as parsePropertyDefinition] (node_modules/@babel/parser/src/parser/expression.ts:2198:10)
      at Parser.parsePropertyDefinition [as parseObjectLike] (node_modules/@babel/parser/src/parser/expression.ts:2095:21)
      at Parser.parseObjectLike [as parseExprAtom] (node_modules/@babel/parser/src/parser/expression.ts:1181:21)
      at Parser.parseExprAtom [as parseExprSubscripts] (node_modules/@babel/parser/src/parser/expression.ts:742:23)
      at Parser.parseExprSubscripts [as parseUpdate] (node_modules/@babel/parser/src/parser/expression.ts:721:21)
      at Parser.parseUpdate [as parseMaybeUnary] (node_modules/@babel/parser/src/parser/expression.ts:683:23)
      at Parser.parseMaybeUnary [as parseMaybeUnaryOrPrivate] (node_modules/@babel/parser/src/parser/expression.ts:417:14)
      at Parser.parseMaybeUnaryOrPrivate [as parseExprOps] (node_modules/@babel/parser/src/parser/expression.ts:429:23)
      at Parser.parseExprOps [as parseMaybeConditional] (node_modules/@babel/parser/src/parser/expression.ts:384:23)
      at Parser.parseMaybeConditional [as parseMaybeAssign] (node_modules/@babel/parser/src/parser/expression.ts:301:21)
      at parseMaybeAssign (node_modules/@babel/parser/src/parser/expression.ts:257:12)
      at Parser.callback [as allowInAnd] (node_modules/@babel/parser/src/parser/expression.ts:3202:12)
      at Parser.allowInAnd [as parseMaybeAssignAllowIn] (node_modules/@babel/parser/src/parser/expression.ts:256:17)
      at Parser.parseMaybeAssignAllowIn [as parseMaybeAssignAllowInOrVoidPattern] (node_modules/@babel/parser/src/parser/expression.ts:3316:17)
      at Parser.parseMaybeAssignAllowInOrVoidPattern [as parseExprListItem] (node_modules/@babel/parser/src/parser/expression.ts:2798:18)
      at Parser.parseExprListItem [as parseCallExpressionArguments] (node_modules/@babel/parser/src/parser/expression.ts:1042:14)
      at Parser.parseCallExpressionArguments [as parseCoverCallAndAsyncArrowHead] (node_modules/@babel/parser/src/parser/expression.ts:922:29)
      at Parser.parseCoverCallAndAsyncArrowHead [as parseSubscript] (node_modules/@babel/parser/src/parser/expression.ts:804:19)
      at Parser.parseSubscript [as parseSubscripts] (node_modules/@babel/parser/src/parser/expression.ts:763:19)
      at Parser.parseSubscripts [as parseExprSubscripts] (node_modules/@babel/parser/src/parser/expression.ts:748:17)
      at Parser.parseExprSubscripts [as parseUpdate] (node_modules/@babel/parser/src/parser/expression.ts:721:21)
      at Parser.parseUpdate [as parseMaybeUnary] (node_modules/@babel/parser/src/parser/expression.ts:683:23)
      at Parser.parseMaybeUnary [as parseMaybeUnaryOrPrivate] (node_modules/@babel/parser/src/parser/expression.ts:417:14)
      at Parser.parseMaybeUnaryOrPrivate [as parseExprOps] (node_modules/@babel/parser/src/parser/expression.ts:429:23)
      at Parser.parseExprOps [as parseMaybeConditional] (node_modules/@babel/parser/src/parser/expression.ts:384:23)
      at Parser.parseMaybeConditional [as parseMaybeAssign] (node_modules/@babel/parser/src/parser/expression.ts:301:21)
      at parseMaybeAssign (node_modules/@babel/parser/src/parser/expression.ts:257:12)
      at Parser.callback [as allowInAnd] (node_modules/@babel/parser/src/parser/expression.ts:3202:12)
      at Parser.allowInAnd [as parseMaybeAssignAllowIn] (node_modules/@babel/parser/src/parser/expression.ts:256:17)
      at Parser.parseMaybeAssignAllowIn [as parseMaybeAssignAllowInOrVoidPattern] (node_modules/@babel/parser/src/parser/expression.ts:3316:17)
      at Parser.parseMaybeAssignAllowInOrVoidPattern [as parseObjectProperty] (node_modules/@babel/parser/src/parser/expression.ts:2325:16)
      at Parser.parseObjectProperty [as parseObjPropValue] (node_modules/@babel/parser/src/parser/expression.ts:2388:12)
      at Parser.parseObjPropValue [as parsePropertyDefinition] (node_modules/@babel/parser/src/parser/expression.ts:2228:17)
      at Parser.parsePropertyDefinition [as parseObjectLike] (node_modules/@babel/parser/src/parser/expression.ts:2095:21)
      at Parser.parseObjectLike [as parseExprAtom] (node_modules/@babel/parser/src/parser/expression.ts:1181:21)
      at Parser.parseExprAtom [as parseExprSubscripts] (node_modules/@babel/parser/src/parser/expression.ts:742:23)
      at Parser.parseExprSubscripts [as parseUpdate] (node_modules/@babel/parser/src/parser/expression.ts:721:21)
      at Parser.parseUpdate [as parseMaybeUnary] (node_modules/@babel/parser/src/parser/expression.ts:683:23)
      at Parser.parseMaybeUnary [as parseMaybeUnaryOrPrivate] (node_modules/@babel/parser/src/parser/expression.ts:417:14)
      at Parser.parseMaybeUnaryOrPrivate [as parseExprOps] (node_modules/@babel/parser/src/parser/expression.ts:429:23)
      at Parser.parseExprOps [as parseMaybeConditional] (node_modules/@babel/parser/src/parser/expression.ts:384:23)
      at Parser.parseMaybeConditional [as parseMaybeAssign] (node_modules/@babel/parser/src/parser/expression.ts:301:21)
      at parseMaybeAssign (node_modules/@babel/parser/src/parser/expression.ts:257:12)
      at Parser.callback [as allowInAnd] (node_modules/@babel/parser/src/parser/expression.ts:3202:12)
      at Parser.allowInAnd [as parseMaybeAssignAllowIn] (node_modules/@babel/parser/src/parser/expression.ts:256:17)
      at Parser.parseMaybeAssignAllowIn [as parseMaybeAssignAllowInOrVoidPattern] (node_modules/@babel/parser/src/parser/expression.ts:3316:17)
      at Parser.parseMaybeAssignAllowInOrVoidPattern [as parseExprListItem] (node_modules/@babel/parser/src/parser/expression.ts:2798:18)
      at Parser.parseExprListItem [as parseCallExpressionArguments] (node_modules/@babel/parser/src/parser/expression.ts:1042:14)
      at Parser.parseCallExpressionArguments [as parseCoverCallAndAsyncArrowHead] (node_modules/@babel/parser/src/parser/expression.ts:922:29)
      at Parser.parseCoverCallAndAsyncArrowHead [as parseSubscript] (node_modules/@babel/parser/src/parser/expression.ts:804:19)
      at Parser.parseSubscript [as parseSubscripts] (node_modules/@babel/parser/src/parser/expression.ts:763:19)
      at Parser.parseSubscripts [as parseExprSubscripts] (node_modules/@babel/parser/src/parser/expression.ts:748:17)
      at Parser.parseExprSubscripts [as parseUpdate] (node_modules/@babel/parser/src/parser/expression.ts:721:21)
      at Parser.parseUpdate [as parseMaybeUnary] (node_modules/@babel/parser/src/parser/expression.ts:683:23)
      at Parser.parseMaybeUnary [as parseMaybeUnaryOrPrivate] (node_modules/@babel/parser/src/parser/expression.ts:417:14)
      at Parser.parseMaybeUnaryOrPrivate [as parseExprOps] (node_modules/@babel/parser/src/parser/expression.ts:429:23)
      at Parser.parseExprOps [as parseMaybeConditional] (node_modules/@babel/parser/src/parser/expression.ts:384:23)
      at Parser.parseMaybeConditional [as parseMaybeAssign] (node_modules/@babel/parser/src/parser/expression.ts:301:21)
      at parseMaybeAssign (node_modules/@babel/parser/src/parser/expression.ts:257:12)
      at Parser.callback [as allowInAnd] (node_modules/@babel/parser/src/parser/expression.ts:3202:12)
      at Parser.allowInAnd [as parseMaybeAssignAllowIn] (node_modules/@babel/parser/src/parser/expression.ts:256:17)
      at Parser.parseMaybeAssignAllowIn [as parseMaybeAssignAllowInOrVoidPattern] (node_modules/@babel/parser/src/parser/expression.ts:3316:17)
      at Parser.parseMaybeAssignAllowInOrVoidPattern [as parseObjectProperty] (node_modules/@babel/parser/src/parser/expression.ts:2325:16)
      at Parser.parseObjectProperty [as parseObjPropValue] (node_modules/@babel/parser/src/parser/expression.ts:2388:12)
      at Parser.parseObjPropValue [as parsePropertyDefinition] (node_modules/@babel/parser/src/parser/expression.ts:2228:17)
      at Parser.parsePropertyDefinition [as parseObjectLike] (node_modules/@babel/parser/src/parser/expression.ts:2095:21)
      at Parser.parseObjectLike [as parseExprAtom] (node_modules/@babel/parser/src/parser/expression.ts:1181:21)
      at Parser.parseExprAtom [as parseExprSubscripts] (node_modules/@babel/parser/src/parser/expression.ts:742:23)
      at Parser.parseExprSubscripts [as parseUpdate] (node_modules/@babel/parser/src/parser/expression.ts:721:21)
      at Parser.parseUpdate [as parseMaybeUnary] (node_modules/@babel/parser/src/parser/expression.ts:683:23)
      at Parser.parseMaybeUnary [as parseMaybeUnaryOrPrivate] (node_modules/@babel/parser/src/parser/expression.ts:417:14)
      at Parser.parseMaybeUnaryOrPrivate [as parseExprOps] (node_modules/@babel/parser/src/parser/expression.ts:429:23)
      at Parser.parseExprOps [as parseMaybeConditional] (node_modules/@babel/parser/src/parser/expression.ts:384:23)
      at Parser.parseMaybeConditional [as parseMaybeAssign] (node_modules/@babel/parser/src/parser/expression.ts:301:21)
      at parseMaybeAssign (node_modules/@babel/parser/src/parser/expression.ts:257:12)
      at Parser.callback [as allowInAnd] (node_modules/@babel/parser/src/parser/expression.ts:3197:16)
      at Parser.allowInAnd [as parseMaybeAssignAllowIn] (node_modules/@babel/parser/src/parser/expression.ts:256:17)
      at Parser.parseMaybeAssignAllowIn [as parseVar] (node_modules/@babel/parser/src/parser/statement.ts:1587:18)
      at Parser.parseVar [as parseVarStatement] (node_modules/@babel/parser/src/parser/statement.ts:1251:10)
      at Parser.parseVarStatement [as parseStatementContent] (node_modules/@babel/parser/src/parser/statement.ts:612:21)
      at Parser.parseStatementContent [as parseStatementLike] (node_modules/@babel/parser/src/parser/statement.ts:482:17)
      at Parser.parseStatementLike [as parseModuleItem] (node_modules/@babel/parser/src/parser/statement.ts:419:17)
      at Parser.parseModuleItem [as parseBlockOrModuleBlockBody] (node_modules/@babel/parser/src/parser/statement.ts:1443:16)
      at Parser.parseBlockOrModuleBlockBody [as parseBlockBody] (node_modules/@babel/parser/src/parser/statement.ts:1417:10)
      at Parser.parseBlockBody [as parseProgram] (node_modules/@babel/parser/src/parser/statement.ts:229:10)
      at Parser.parseProgram [as parseTopLevel] (node_modules/@babel/parser/src/parser/statement.ts:203:25)
      at Parser.parseTopLevel [as parse] (node_modules/@babel/parser/src/parser/index.ts:88:25)
      at parse (node_modules/@babel/parser/src/index.ts:86:38)
      at parser (node_modules/@babel/core/src/parser/index.ts:29:19)
          at parser.next (<anonymous>)
      at normalizeFile (node_modules/@babel/core/src/transformation/normalize-file.ts:50:24)
          at normalizeFile.next (<anonymous>)
      at run (node_modules/@babel/core/src/transformation/index.ts:41:36)
          at run.next (<anonymous>)
      at transform (node_modules/@babel/core/src/transform.ts:29:20)
          at transform.next (<anonymous>)

FAIL tests/FeatureEnhancements.test.js
  ● Test suite failed to run

    Jest encountered an unexpected token

    Jest failed to parse a file. This happens e.g. when your code or its dependencies use non-standard JavaScript syntax, or when Jest is not configured to support such syntax.

    Out of the box Jest supports Babel, which will be used to transform your files into valid JS based on your Babel configuration.

    By default "node_modules" folder is ignored by transformers.

    Here's what you can do:
     • If you are trying to use ECMAScript Modules, see https://jestjs.io/docs/ecmascript-modules for how to enable it.
     • If you are trying to use TypeScript, see https://jestjs.io/docs/getting-started#using-typescript
     • To have some of your "node_modules" files transformed, you can specify a custom "transformIgnorePatterns" in your config.
     • If you need a custom transformation, specify a "transform" option in your config.
     • If you simply want to mock your non-JS modules (e.g. binary assets) you can stub them out with the "moduleNameMapper" config option.

    You'll find more details and examples of these config options in the docs:
    https://jestjs.io/docs/configuration
    For information about custom transformations, see:
    https://jestjs.io/docs/code-transformation

    Details:

    SyntaxError: /workspaces/Nadagotchi/tests/FeatureEnhancements.test.js: Unexpected token (1:0)

    > 1 | <<<<<<< HEAD
        | ^
      2 | =======
      3 |
      4 | >>>>>>> 74fdaab (Update js/DebugConsole.js)

      at constructor (node_modules/@babel/parser/src/parse-error.ts:95:45)
      at Parser.toParseError [as raise] (node_modules/@babel/parser/src/tokenizer/index.ts:1507:19)
      at Parser.raise [as unexpected] (node_modules/@babel/parser/src/tokenizer/index.ts:1547:16)
      at Parser.unexpected [as parseExprAtom] (node_modules/@babel/parser/src/parser/expression.ts:1355:22)
      at Parser.parseExprAtom [as parseExprSubscripts] (node_modules/@babel/parser/src/parser/expression.ts:742:23)
      at Parser.parseExprSubscripts [as parseUpdate] (node_modules/@babel/parser/src/parser/expression.ts:721:21)
      at Parser.parseUpdate [as parseMaybeUnary] (node_modules/@babel/parser/src/parser/expression.ts:683:23)
      at Parser.parseMaybeUnary [as parseMaybeUnaryOrPrivate] (node_modules/@babel/parser/src/parser/expression.ts:417:14)
      at Parser.parseMaybeUnaryOrPrivate [as parseExprOps] (node_modules/@babel/parser/src/parser/expression.ts:429:23)
      at Parser.parseExprOps [as parseMaybeConditional] (node_modules/@babel/parser/src/parser/expression.ts:384:23)
      at Parser.parseMaybeConditional [as parseMaybeAssign] (node_modules/@babel/parser/src/parser/expression.ts:301:21)
      at Parser.parseMaybeAssign [as parseExpressionBase] (node_modules/@babel/parser/src/parser/expression.ts:226:23)
      at parseExpressionBase (node_modules/@babel/parser/src/parser/expression.ts:217:39)
      at Parser.callback [as allowInAnd] (node_modules/@babel/parser/src/parser/expression.ts:3197:16)
      at Parser.allowInAnd [as parseExpression] (node_modules/@babel/parser/src/parser/expression.ts:217:17)
      at Parser.parseExpression [as parseStatementContent] (node_modules/@babel/parser/src/parser/statement.ts:688:23)
      at Parser.parseStatementContent [as parseStatementLike] (node_modules/@babel/parser/src/parser/statement.ts:482:17)
      at Parser.parseStatementLike [as parseModuleItem] (node_modules/@babel/parser/src/parser/statement.ts:419:17)
      at Parser.parseModuleItem [as parseBlockOrModuleBlockBody] (node_modules/@babel/parser/src/parser/statement.ts:1443:16)
      at Parser.parseBlockOrModuleBlockBody [as parseBlockBody] (node_modules/@babel/parser/src/parser/statement.ts:1417:10)
      at Parser.parseBlockBody [as parseProgram] (node_modules/@babel/parser/src/parser/statement.ts:229:10)
      at Parser.parseProgram [as parseTopLevel] (node_modules/@babel/parser/src/parser/statement.ts:203:25)
      at Parser.parseTopLevel [as parse] (node_modules/@babel/parser/src/parser/index.ts:88:25)
      at parse (node_modules/@babel/parser/src/index.ts:86:38)
      at parser (node_modules/@babel/core/src/parser/index.ts:29:19)
          at parser.next (<anonymous>)
      at normalizeFile (node_modules/@babel/core/src/transformation/normalize-file.ts:50:24)
          at normalizeFile.next (<anonymous>)
      at run (node_modules/@babel/core/src/transformation/index.ts:41:36)
          at run.next (<anonymous>)
      at transform (node_modules/@babel/core/src/transform.ts:29:20)
          at transform.next (<anonymous>)
      at evaluateSync (node_modules/gensync/index.js:251:28)
      at sync (node_modules/gensync/index.js:89:14)
      at fn (node_modules/@babel/core/src/errors/rewrite-stack-trace.ts:99:14)
      at transformSync (node_modules/@babel/core/src/transform.ts:66:52)
      at ScriptTransformer.transformSource (node_modules/@jest/transform/build/index.js:422:31)
      at ScriptTransformer._transformAndBuildScript (node_modules/@jest/transform/build/index.js:519:40)
      at ScriptTransformer.transform (node_modules/@jest/transform/build/index.js:558:19)

FAIL tests/Ancestors.test.js
  ● Test suite failed to run

    Jest encountered an unexpected token

    Jest failed to parse a file. This happens e.g. when your code or its dependencies use non-standard JavaScript syntax, or when Jest is not configured to support such syntax.

    Out of the box Jest supports Babel, which will be used to transform your files into valid JS based on your Babel configuration.

    By default "node_modules" folder is ignored by transformers.

    Here's what you can do:
     • If you are trying to use ECMAScript Modules, see https://jestjs.io/docs/ecmascript-modules for how to enable it.
     • If you are trying to use TypeScript, see https://jestjs.io/docs/getting-started#using-typescript
     • To have some of your "node_modules" files transformed, you can specify a custom "transformIgnorePatterns" in your config.
     • If you need a custom transformation, specify a "transform" option in your config.
     • If you simply want to mock your non-JS modules (e.g. binary assets) you can stub them out with the "moduleNameMapper" config option.

    You'll find more details and examples of these config options in the docs:
    https://jestjs.io/docs/configuration
    For information about custom transformations, see:
    https://jestjs.io/docs/code-transformation

    Details:

    SyntaxError: /workspaces/Nadagotchi/tests/Ancestors.test.js: Unexpected token (1:0)

    > 1 | <<<<<<< HEAD
        | ^
      2 | // tests/Ancestors.test.js
      3 | import { jest } from '@jest/globals';
      4 | import { EventKeys } from '../js/EventKeys.js';

      at constructor (node_modules/@babel/parser/src/parse-error.ts:95:45)
      at Parser.toParseError [as raise] (node_modules/@babel/parser/src/tokenizer/index.ts:1507:19)
      at Parser.raise [as unexpected] (node_modules/@babel/parser/src/tokenizer/index.ts:1547:16)
      at Parser.unexpected [as parseExprAtom] (node_modules/@babel/parser/src/parser/expression.ts:1355:22)
      at Parser.parseExprAtom [as parseExprSubscripts] (node_modules/@babel/parser/src/parser/expression.ts:742:23)
      at Parser.parseExprSubscripts [as parseUpdate] (node_modules/@babel/parser/src/parser/expression.ts:721:21)
      at Parser.parseUpdate [as parseMaybeUnary] (node_modules/@babel/parser/src/parser/expression.ts:683:23)
      at Parser.parseMaybeUnary [as parseMaybeUnaryOrPrivate] (node_modules/@babel/parser/src/parser/expression.ts:417:14)
      at Parser.parseMaybeUnaryOrPrivate [as parseExprOps] (node_modules/@babel/parser/src/parser/expression.ts:429:23)
      at Parser.parseExprOps [as parseMaybeConditional] (node_modules/@babel/parser/src/parser/expression.ts:384:23)
      at Parser.parseMaybeConditional [as parseMaybeAssign] (node_modules/@babel/parser/src/parser/expression.ts:301:21)
      at Parser.parseMaybeAssign [as parseExpressionBase] (node_modules/@babel/parser/src/parser/expression.ts:226:23)
      at parseExpressionBase (node_modules/@babel/parser/src/parser/expression.ts:217:39)
      at Parser.callback [as allowInAnd] (node_modules/@babel/parser/src/parser/expression.ts:3197:16)
      at Parser.allowInAnd [as parseExpression] (node_modules/@babel/parser/src/parser/expression.ts:217:17)
      at Parser.parseExpression [as parseStatementContent] (node_modules/@babel/parser/src/parser/statement.ts:688:23)
      at Parser.parseStatementContent [as parseStatementLike] (node_modules/@babel/parser/src/parser/statement.ts:482:17)
      at Parser.parseStatementLike [as parseModuleItem] (node_modules/@babel/parser/src/parser/statement.ts:419:17)
      at Parser.parseModuleItem [as parseBlockOrModuleBlockBody] (node_modules/@babel/parser/src/parser/statement.ts:1443:16)
      at Parser.parseBlockOrModuleBlockBody [as parseBlockBody] (node_modules/@babel/parser/src/parser/statement.ts:1417:10)
      at Parser.parseBlockBody [as parseProgram] (node_modules/@babel/parser/src/parser/statement.ts:229:10)
      at Parser.parseProgram [as parseTopLevel] (node_modules/@babel/parser/src/parser/statement.ts:203:25)
      at Parser.parseTopLevel [as parse] (node_modules/@babel/parser/src/parser/index.ts:88:25)
      at parse (node_modules/@babel/parser/src/index.ts:86:38)
      at parser (node_modules/@babel/core/src/parser/index.ts:29:19)
          at parser.next (<anonymous>)
      at normalizeFile (node_modules/@babel/core/src/transformation/normalize-file.ts:50:24)
          at normalizeFile.next (<anonymous>)
      at run (node_modules/@babel/core/src/transformation/index.ts:41:36)
          at run.next (<anonymous>)
      at transform (node_modules/@babel/core/src/transform.ts:29:20)
          at transform.next (<anonymous>)
      at evaluateSync (node_modules/gensync/index.js:251:28)
      at sync (node_modules/gensync/index.js:89:14)
      at fn (node_modules/@babel/core/src/errors/rewrite-stack-trace.ts:99:14)
      at transformSync (node_modules/@babel/core/src/transform.ts:66:52)
      at ScriptTransformer.transformSource (node_modules/@jest/transform/build/index.js:422:31)
      at ScriptTransformer._transformAndBuildScript (node_modules/@jest/transform/build/index.js:519:40)
      at ScriptTransformer.transform (node_modules/@jest/transform/build/index.js:558:19)

FAIL tests/UISceneActionButtons.test.js
  ● Test suite failed to run

    Jest encountered an unexpected token

    Jest failed to parse a file. This happens e.g. when your code or its dependencies use non-standard JavaScript syntax, or when Jest is not configured to support such syntax.

    Out of the box Jest supports Babel, which will be used to transform your files into valid JS based on your Babel configuration.

    By default "node_modules" folder is ignored by transformers.

    Here's what you can do:
     • If you are trying to use ECMAScript Modules, see https://jestjs.io/docs/ecmascript-modules for how to enable it.
     • If you are trying to use TypeScript, see https://jestjs.io/docs/getting-started#using-typescript
     • To have some of your "node_modules" files transformed, you can specify a custom "transformIgnorePatterns" in your config.
     • If you need a custom transformation, specify a "transform" option in your config.
     • If you simply want to mock your non-JS modules (e.g. binary assets) you can stub them out with the "moduleNameMapper" config option.

    You'll find more details and examples of these config options in the docs:
    https://jestjs.io/docs/configuration
    For information about custom transformations, see:
    https://jestjs.io/docs/code-transformation

    Details:

    SyntaxError: /workspaces/Nadagotchi/tests/helpers/mockPhaser.js: Unexpected token (1:0)

    > 1 | <<<<<<< HEAD
        | ^
      2 | =======
      3 |
      4 | >>>>>>> 74fdaab (Update js/DebugConsole.js)

      1 | import { jest } from '@jest/globals';
    > 2 | import { setupPhaserMock, createMockAdd, mockGameObject } from './helpers/mockPhaser';
        | ^
      3 |
      4 | // Setup global Phaser mock BEFORE imports that rely on it
      5 | setupPhaserMock();

      at constructor (node_modules/@babel/parser/src/parse-error.ts:95:45)
      at Parser.toParseError [as raise] (node_modules/@babel/parser/src/tokenizer/index.ts:1507:19)
      at Parser.raise [as unexpected] (node_modules/@babel/parser/src/tokenizer/index.ts:1547:16)
      at Parser.unexpected [as parseExprAtom] (node_modules/@babel/parser/src/parser/expression.ts:1355:22)
      at Parser.parseExprAtom [as parseExprSubscripts] (node_modules/@babel/parser/src/parser/expression.ts:742:23)
      at Parser.parseExprSubscripts [as parseUpdate] (node_modules/@babel/parser/src/parser/expression.ts:721:21)
      at Parser.parseUpdate [as parseMaybeUnary] (node_modules/@babel/parser/src/parser/expression.ts:683:23)
      at Parser.parseMaybeUnary [as parseMaybeUnaryOrPrivate] (node_modules/@babel/parser/src/parser/expression.ts:417:14)
      at Parser.parseMaybeUnaryOrPrivate [as parseExprOps] (node_modules/@babel/parser/src/parser/expression.ts:429:23)
      at Parser.parseExprOps [as parseMaybeConditional] (node_modules/@babel/parser/src/parser/expression.ts:384:23)
      at Parser.parseMaybeConditional [as parseMaybeAssign] (node_modules/@babel/parser/src/parser/expression.ts:301:21)
      at Parser.parseMaybeAssign [as parseExpressionBase] (node_modules/@babel/parser/src/parser/expression.ts:226:23)
      at parseExpressionBase (node_modules/@babel/parser/src/parser/expression.ts:217:39)
      at Parser.callback [as allowInAnd] (node_modules/@babel/parser/src/parser/expression.ts:3197:16)
      at Parser.allowInAnd [as parseExpression] (node_modules/@babel/parser/src/parser/expression.ts:217:17)
      at Parser.parseExpression [as parseStatementContent] (node_modules/@babel/parser/src/parser/statement.ts:688:23)
      at Parser.parseStatementContent [as parseStatementLike] (node_modules/@babel/parser/src/parser/statement.ts:482:17)
      at Parser.parseStatementLike [as parseModuleItem] (node_modules/@babel/parser/src/parser/statement.ts:419:17)
      at Parser.parseModuleItem [as parseBlockOrModuleBlockBody] (node_modules/@babel/parser/src/parser/statement.ts:1443:16)
      at Parser.parseBlockOrModuleBlockBody [as parseBlockBody] (node_modules/@babel/parser/src/parser/statement.ts:1417:10)
      at Parser.parseBlockBody [as parseProgram] (node_modules/@babel/parser/src/parser/statement.ts:229:10)
      at Parser.parseProgram [as parseTopLevel] (node_modules/@babel/parser/src/parser/statement.ts:203:25)
      at Parser.parseTopLevel [as parse] (node_modules/@babel/parser/src/parser/index.ts:88:25)
      at parse (node_modules/@babel/parser/src/index.ts:86:38)
      at parser (node_modules/@babel/core/src/parser/index.ts:29:19)
          at parser.next (<anonymous>)
      at normalizeFile (node_modules/@babel/core/src/transformation/normalize-file.ts:50:24)
          at normalizeFile.next (<anonymous>)
      at run (node_modules/@babel/core/src/transformation/index.ts:41:36)
          at run.next (<anonymous>)
      at transform (node_modules/@babel/core/src/transform.ts:29:20)
          at transform.next (<anonymous>)
      at evaluateSync (node_modules/gensync/index.js:251:28)
      at sync (node_modules/gensync/index.js:89:14)
      at fn (node_modules/@babel/core/src/errors/rewrite-stack-trace.ts:99:14)
      at transformSync (node_modules/@babel/core/src/transform.ts:66:52)
      at ScriptTransformer.transformSource (node_modules/@jest/transform/build/index.js:422:31)
      at ScriptTransformer._transformAndBuildScript (node_modules/@jest/transform/build/index.js:519:40)
      at ScriptTransformer.transform (node_modules/@jest/transform/build/index.js:558:19)
      at Object.require (tests/UISceneActionButtons.test.js:2:1)

FAIL tests/DebrisSystem.test.js
  ● Test suite failed to run

    Jest encountered an unexpected token

    Jest failed to parse a file. This happens e.g. when your code or its dependencies use non-standard JavaScript syntax, or when Jest is not configured to support such syntax.

    Out of the box Jest supports Babel, which will be used to transform your files into valid JS based on your Babel configuration.

    By default "node_modules" folder is ignored by transformers.

    Here's what you can do:
     • If you are trying to use ECMAScript Modules, see https://jestjs.io/docs/ecmascript-modules for how to enable it.
     • If you are trying to use TypeScript, see https://jestjs.io/docs/getting-started#using-typescript
     • To have some of your "node_modules" files transformed, you can specify a custom "transformIgnorePatterns" in your config.
     • If you need a custom transformation, specify a "transform" option in your config.
     • If you simply want to mock your non-JS modules (e.g. binary assets) you can stub them out with the "moduleNameMapper" config option.

    You'll find more details and examples of these config options in the docs:
    https://jestjs.io/docs/configuration
    For information about custom transformations, see:
    https://jestjs.io/docs/code-transformation

    Details:

    SyntaxError: /workspaces/Nadagotchi/tests/DebrisSystem.test.js: Unexpected token (22:0)

      20 |         this.addJournalEntry = jest.fn();
      21 |         this.generateUUID = () => 'test-id';
    > 22 | <<<<<<< HEAD
         | ^
      23 |         this.recalculateCleanlinessPenalty = jest.fn();
      24 | =======
      25 | >>>>>>> 74fdaab (Update js/DebugConsole.js)

      at constructor (node_modules/@babel/parser/src/parse-error.ts:95:45)
      at Parser.toParseError [as raise] (node_modules/@babel/parser/src/tokenizer/index.ts:1507:19)
      at Parser.raise [as unexpected] (node_modules/@babel/parser/src/tokenizer/index.ts:1547:16)
      at Parser.unexpected [as parseExprAtom] (node_modules/@babel/parser/src/parser/expression.ts:1355:22)
      at Parser.parseExprAtom [as parseExprSubscripts] (node_modules/@babel/parser/src/parser/expression.ts:742:23)
      at Parser.parseExprSubscripts [as parseUpdate] (node_modules/@babel/parser/src/parser/expression.ts:721:21)
      at Parser.parseUpdate [as parseMaybeUnary] (node_modules/@babel/parser/src/parser/expression.ts:683:23)
      at Parser.parseMaybeUnary [as parseMaybeUnaryOrPrivate] (node_modules/@babel/parser/src/parser/expression.ts:417:14)
      at Parser.parseMaybeUnaryOrPrivate [as parseExprOps] (node_modules/@babel/parser/src/parser/expression.ts:429:23)
      at Parser.parseExprOps [as parseMaybeConditional] (node_modules/@babel/parser/src/parser/expression.ts:384:23)
      at Parser.parseMaybeConditional [as parseMaybeAssign] (node_modules/@babel/parser/src/parser/expression.ts:301:21)
      at Parser.parseMaybeAssign [as parseExpressionBase] (node_modules/@babel/parser/src/parser/expression.ts:226:23)
      at parseExpressionBase (node_modules/@babel/parser/src/parser/expression.ts:217:39)
      at Parser.callback [as allowInAnd] (node_modules/@babel/parser/src/parser/expression.ts:3197:16)
      at Parser.allowInAnd [as parseExpression] (node_modules/@babel/parser/src/parser/expression.ts:217:17)
      at Parser.parseExpression [as parseStatementContent] (node_modules/@babel/parser/src/parser/statement.ts:688:23)
      at Parser.parseStatementContent [as parseStatementLike] (node_modules/@babel/parser/src/parser/statement.ts:482:17)
      at Parser.parseStatementLike [as parseStatementListItem] (node_modules/@babel/parser/src/parser/statement.ts:431:17)
      at Parser.parseStatementListItem [as parseBlockOrModuleBlockBody] (node_modules/@babel/parser/src/parser/statement.ts:1444:16)
      at Parser.parseBlockOrModuleBlockBody [as parseBlockBody] (node_modules/@babel/parser/src/parser/statement.ts:1417:10)
      at Parser.parseBlockBody [as parseBlock] (node_modules/@babel/parser/src/parser/statement.ts:1385:10)
      at Parser.parseBlock [as parseFunctionBody] (node_modules/@babel/parser/src/parser/expression.ts:2626:24)
      at Parser.parseFunctionBody [as parseFunctionBodyAndFinish] (node_modules/@babel/parser/src/parser/expression.ts:2595:10)
      at Parser.parseFunctionBodyAndFinish [as parseMethod] (node_modules/@babel/parser/src/parser/expression.ts:2492:31)
      at Parser.parseMethod [as pushClassMethod] (node_modules/@babel/parser/src/parser/statement.ts:2244:12)
      at Parser.pushClassMethod [as parseClassMemberWithIsStatic] (node_modules/@babel/parser/src/parser/statement.ts:2023:12)
      at Parser.parseClassMemberWithIsStatic [as parseClassMember] (node_modules/@babel/parser/src/parser/statement.ts:1938:10)
      at parseClassMember (node_modules/@babel/parser/src/parser/statement.ts:1851:14)
      at Parser.callback [as withSmartMixTopicForbiddingContext] (node_modules/@babel/parser/src/parser/expression.ts:3176:14)
      at Parser.withSmartMixTopicForbiddingContext [as parseClassBody] (node_modules/@babel/parser/src/parser/statement.ts:1823:10)
      at Parser.parseClassBody [as parseClass] (node_modules/@babel/parser/src/parser/statement.ts:1774:22)
      at Parser.parseClass [as parseStatementContent] (node_modules/@babel/parser/src/parser/statement.ts:532:21)
      at Parser.parseStatementContent [as parseStatementLike] (node_modules/@babel/parser/src/parser/statement.ts:482:17)
      at Parser.parseStatementLike [as parseModuleItem] (node_modules/@babel/parser/src/parser/statement.ts:419:17)
      at Parser.parseModuleItem [as parseBlockOrModuleBlockBody] (node_modules/@babel/parser/src/parser/statement.ts:1443:16)
      at Parser.parseBlockOrModuleBlockBody [as parseBlockBody] (node_modules/@babel/parser/src/parser/statement.ts:1417:10)
      at Parser.parseBlockBody [as parseProgram] (node_modules/@babel/parser/src/parser/statement.ts:229:10)
      at Parser.parseProgram [as parseTopLevel] (node_modules/@babel/parser/src/parser/statement.ts:203:25)
      at Parser.parseTopLevel [as parse] (node_modules/@babel/parser/src/parser/index.ts:88:25)
      at parse (node_modules/@babel/parser/src/index.ts:86:38)
      at parser (node_modules/@babel/core/src/parser/index.ts:29:19)
          at parser.next (<anonymous>)
      at normalizeFile (node_modules/@babel/core/src/transformation/normalize-file.ts:50:24)
          at normalizeFile.next (<anonymous>)
      at run (node_modules/@babel/core/src/transformation/index.ts:41:36)
          at run.next (<anonymous>)
      at transform (node_modules/@babel/core/src/transform.ts:29:20)
          at transform.next (<anonymous>)
      at evaluateSync (node_modules/gensync/index.js:251:28)
      at sync (node_modules/gensync/index.js:89:14)
      at fn (node_modules/@babel/core/src/errors/rewrite-stack-trace.ts:99:14)
      at transformSync (node_modules/@babel/core/src/transform.ts:66:52)
      at ScriptTransformer.transformSource (node_modules/@jest/transform/build/index.js:422:31)
      at ScriptTransformer._transformAndBuildScript (node_modules/@jest/transform/build/index.js:519:40)
      at ScriptTransformer.transform (node_modules/@jest/transform/build/index.js:558:19)

FAIL tests/LightingManager.test.js
  ● Test suite failed to run

    Jest encountered an unexpected token

    Jest failed to parse a file. This happens e.g. when your code or its dependencies use non-standard JavaScript syntax, or when Jest is not configured to support such syntax.

    Out of the box Jest supports Babel, which will be used to transform your files into valid JS based on your Babel configuration.

    By default "node_modules" folder is ignored by transformers.

    Here's what you can do:
     • If you are trying to use ECMAScript Modules, see https://jestjs.io/docs/ecmascript-modules for how to enable it.
     • If you are trying to use TypeScript, see https://jestjs.io/docs/getting-started#using-typescript
     • To have some of your "node_modules" files transformed, you can specify a custom "transformIgnorePatterns" in your config.
     • If you need a custom transformation, specify a "transform" option in your config.
     • If you simply want to mock your non-JS modules (e.g. binary assets) you can stub them out with the "moduleNameMapper" config option.

    You'll find more details and examples of these config options in the docs:
    https://jestjs.io/docs/configuration
    For information about custom transformations, see:
    https://jestjs.io/docs/code-transformation

    Details:

    SyntaxError: /workspaces/Nadagotchi/tests/LightingManager.test.js: Unexpected token (1:0)

    > 1 | <<<<<<< HEAD
        | ^
      2 | import { jest } from '@jest/globals';
      3 | =======
      4 |

      at constructor (node_modules/@babel/parser/src/parse-error.ts:95:45)
      at Parser.toParseError [as raise] (node_modules/@babel/parser/src/tokenizer/index.ts:1507:19)
      at Parser.raise [as unexpected] (node_modules/@babel/parser/src/tokenizer/index.ts:1547:16)
      at Parser.unexpected [as parseExprAtom] (node_modules/@babel/parser/src/parser/expression.ts:1355:22)
      at Parser.parseExprAtom [as parseExprSubscripts] (node_modules/@babel/parser/src/parser/expression.ts:742:23)
      at Parser.parseExprSubscripts [as parseUpdate] (node_modules/@babel/parser/src/parser/expression.ts:721:21)
      at Parser.parseUpdate [as parseMaybeUnary] (node_modules/@babel/parser/src/parser/expression.ts:683:23)
      at Parser.parseMaybeUnary [as parseMaybeUnaryOrPrivate] (node_modules/@babel/parser/src/parser/expression.ts:417:14)
      at Parser.parseMaybeUnaryOrPrivate [as parseExprOps] (node_modules/@babel/parser/src/parser/expression.ts:429:23)
      at Parser.parseExprOps [as parseMaybeConditional] (node_modules/@babel/parser/src/parser/expression.ts:384:23)
      at Parser.parseMaybeConditional [as parseMaybeAssign] (node_modules/@babel/parser/src/parser/expression.ts:301:21)
      at Parser.parseMaybeAssign [as parseExpressionBase] (node_modules/@babel/parser/src/parser/expression.ts:226:23)
      at parseExpressionBase (node_modules/@babel/parser/src/parser/expression.ts:217:39)
      at Parser.callback [as allowInAnd] (node_modules/@babel/parser/src/parser/expression.ts:3197:16)
      at Parser.allowInAnd [as parseExpression] (node_modules/@babel/parser/src/parser/expression.ts:217:17)
      at Parser.parseExpression [as parseStatementContent] (node_modules/@babel/parser/src/parser/statement.ts:688:23)
      at Parser.parseStatementContent [as parseStatementLike] (node_modules/@babel/parser/src/parser/statement.ts:482:17)
      at Parser.parseStatementLike [as parseModuleItem] (node_modules/@babel/parser/src/parser/statement.ts:419:17)
      at Parser.parseModuleItem [as parseBlockOrModuleBlockBody] (node_modules/@babel/parser/src/parser/statement.ts:1443:16)
      at Parser.parseBlockOrModuleBlockBody [as parseBlockBody] (node_modules/@babel/parser/src/parser/statement.ts:1417:10)
      at Parser.parseBlockBody [as parseProgram] (node_modules/@babel/parser/src/parser/statement.ts:229:10)
      at Parser.parseProgram [as parseTopLevel] (node_modules/@babel/parser/src/parser/statement.ts:203:25)
      at Parser.parseTopLevel [as parse] (node_modules/@babel/parser/src/parser/index.ts:88:25)
      at parse (node_modules/@babel/parser/src/index.ts:86:38)
      at parser (node_modules/@babel/core/src/parser/index.ts:29:19)
          at parser.next (<anonymous>)
      at normalizeFile (node_modules/@babel/core/src/transformation/normalize-file.ts:50:24)
          at normalizeFile.next (<anonymous>)
      at run (node_modules/@babel/core/src/transformation/index.ts:41:36)
          at run.next (<anonymous>)
      at transform (node_modules/@babel/core/src/transform.ts:29:20)
          at transform.next (<anonymous>)
      at evaluateSync (node_modules/gensync/index.js:251:28)
      at sync (node_modules/gensync/index.js:89:14)
      at fn (node_modules/@babel/core/src/errors/rewrite-stack-trace.ts:99:14)
      at transformSync (node_modules/@babel/core/src/transform.ts:66:52)
      at ScriptTransformer.transformSource (node_modules/@jest/transform/build/index.js:422:31)
      at ScriptTransformer._transformAndBuildScript (node_modules/@jest/transform/build/index.js:519:40)
      at ScriptTransformer.transform (node_modules/@jest/transform/build/index.js:558:19)

FAIL tests/UISceneModalManagement.test.js
  ● Test suite failed to run

    Jest encountered an unexpected token

    Jest failed to parse a file. This happens e.g. when your code or its dependencies use non-standard JavaScript syntax, or when Jest is not configured to support such syntax.

    Out of the box Jest supports Babel, which will be used to transform your files into valid JS based on your Babel configuration.

    By default "node_modules" folder is ignored by transformers.

    Here's what you can do:
     • If you are trying to use ECMAScript Modules, see https://jestjs.io/docs/ecmascript-modules for how to enable it.
     • If you are trying to use TypeScript, see https://jestjs.io/docs/getting-started#using-typescript
     • To have some of your "node_modules" files transformed, you can specify a custom "transformIgnorePatterns" in your config.
     • If you need a custom transformation, specify a "transform" option in your config.
     • If you simply want to mock your non-JS modules (e.g. binary assets) you can stub them out with the "moduleNameMapper" config option.

    You'll find more details and examples of these config options in the docs:
    https://jestjs.io/docs/configuration
    For information about custom transformations, see:
    https://jestjs.io/docs/code-transformation

    Details:

    SyntaxError: /workspaces/Nadagotchi/js/UIScene.js: Unexpected token (1:0)

    > 1 | <<<<<<< HEAD
        | ^
      2 | import { ToastManager } from './systems/ToastManager.js';
      3 | =======
      4 | >>>>>>> 74fdaab (Update js/DebugConsole.js)

      115 | });
      116 |
    > 117 | const { UIScene } = require('../js/UIScene');
          |                     ^
      118 | const { EventKeys } = require('../js/EventKeys');
      119 |
      120 | describe('UIScene Modal Management', () => {

      at constructor (node_modules/@babel/parser/src/parse-error.ts:95:45)
      at Parser.toParseError [as raise] (node_modules/@babel/parser/src/tokenizer/index.ts:1507:19)
      at Parser.raise [as unexpected] (node_modules/@babel/parser/src/tokenizer/index.ts:1547:16)
      at Parser.unexpected [as parseExprAtom] (node_modules/@babel/parser/src/parser/expression.ts:1355:22)
      at Parser.parseExprAtom [as parseExprSubscripts] (node_modules/@babel/parser/src/parser/expression.ts:742:23)
      at Parser.parseExprSubscripts [as parseUpdate] (node_modules/@babel/parser/src/parser/expression.ts:721:21)
      at Parser.parseUpdate [as parseMaybeUnary] (node_modules/@babel/parser/src/parser/expression.ts:683:23)
      at Parser.parseMaybeUnary [as parseMaybeUnaryOrPrivate] (node_modules/@babel/parser/src/parser/expression.ts:417:14)
      at Parser.parseMaybeUnaryOrPrivate [as parseExprOps] (node_modules/@babel/parser/src/parser/expression.ts:429:23)
      at Parser.parseExprOps [as parseMaybeConditional] (node_modules/@babel/parser/src/parser/expression.ts:384:23)
      at Parser.parseMaybeConditional [as parseMaybeAssign] (node_modules/@babel/parser/src/parser/expression.ts:301:21)
      at Parser.parseMaybeAssign [as parseExpressionBase] (node_modules/@babel/parser/src/parser/expression.ts:226:23)
      at parseExpressionBase (node_modules/@babel/parser/src/parser/expression.ts:217:39)
      at Parser.callback [as allowInAnd] (node_modules/@babel/parser/src/parser/expression.ts:3197:16)
      at Parser.allowInAnd [as parseExpression] (node_modules/@babel/parser/src/parser/expression.ts:217:17)
      at Parser.parseExpression [as parseStatementContent] (node_modules/@babel/parser/src/parser/statement.ts:688:23)
      at Parser.parseStatementContent [as parseStatementLike] (node_modules/@babel/parser/src/parser/statement.ts:482:17)
      at Parser.parseStatementLike [as parseModuleItem] (node_modules/@babel/parser/src/parser/statement.ts:419:17)
      at Parser.parseModuleItem [as parseBlockOrModuleBlockBody] (node_modules/@babel/parser/src/parser/statement.ts:1443:16)
      at Parser.parseBlockOrModuleBlockBody [as parseBlockBody] (node_modules/@babel/parser/src/parser/statement.ts:1417:10)
      at Parser.parseBlockBody [as parseProgram] (node_modules/@babel/parser/src/parser/statement.ts:229:10)
      at Parser.parseProgram [as parseTopLevel] (node_modules/@babel/parser/src/parser/statement.ts:203:25)
      at Parser.parseTopLevel [as parse] (node_modules/@babel/parser/src/parser/index.ts:88:25)
      at parse (node_modules/@babel/parser/src/index.ts:86:38)
      at parser (node_modules/@babel/core/src/parser/index.ts:29:19)
          at parser.next (<anonymous>)
      at normalizeFile (node_modules/@babel/core/src/transformation/normalize-file.ts:50:24)
          at normalizeFile.next (<anonymous>)
      at run (node_modules/@babel/core/src/transformation/index.ts:41:36)
          at run.next (<anonymous>)
      at transform (node_modules/@babel/core/src/transform.ts:29:20)
          at transform.next (<anonymous>)
      at evaluateSync (node_modules/gensync/index.js:251:28)
      at sync (node_modules/gensync/index.js:89:14)
      at fn (node_modules/@babel/core/src/errors/rewrite-stack-trace.ts:99:14)
      at transformSync (node_modules/@babel/core/src/transform.ts:66:52)
      at ScriptTransformer.transformSource (node_modules/@jest/transform/build/index.js:422:31)
      at ScriptTransformer._transformAndBuildScript (node_modules/@jest/transform/build/index.js:519:40)
      at ScriptTransformer.transform (node_modules/@jest/transform/build/index.js:558:19)
      at Object.require (tests/UISceneModalManagement.test.js:117:21)

FAIL tests/HousingSystemII.test.js
  ● Test suite failed to run

    Jest encountered an unexpected token

    Jest failed to parse a file. This happens e.g. when your code or its dependencies use non-standard JavaScript syntax, or when Jest is not configured to support such syntax.

    Out of the box Jest supports Babel, which will be used to transform your files into valid JS based on your Babel configuration.

    By default "node_modules" folder is ignored by transformers.

    Here's what you can do:
     • If you are trying to use ECMAScript Modules, see https://jestjs.io/docs/ecmascript-modules for how to enable it.
     • If you are trying to use TypeScript, see https://jestjs.io/docs/getting-started#using-typescript
     • To have some of your "node_modules" files transformed, you can specify a custom "transformIgnorePatterns" in your config.
     • If you need a custom transformation, specify a "transform" option in your config.
     • If you simply want to mock your non-JS modules (e.g. binary assets) you can stub them out with the "moduleNameMapper" config option.

    You'll find more details and examples of these config options in the docs:
    https://jestjs.io/docs/configuration
    For information about custom transformations, see:
    https://jestjs.io/docs/code-transformation

    Details:

    SyntaxError: /workspaces/Nadagotchi/tests/HousingSystemII.test.js: Unexpected token (1:0)

    > 1 | <<<<<<< HEAD
        | ^
      2 | // tests/HousingSystemII.test.js
      3 | import { PersistenceManager } from '../js/PersistenceManager.js';
      4 | import { setupLocalStorageMock } from './helpers/mockLocalStorage.js';

      at constructor (node_modules/@babel/parser/src/parse-error.ts:95:45)
      at Parser.toParseError [as raise] (node_modules/@babel/parser/src/tokenizer/index.ts:1507:19)
      at Parser.raise [as unexpected] (node_modules/@babel/parser/src/tokenizer/index.ts:1547:16)
      at Parser.unexpected [as parseExprAtom] (node_modules/@babel/parser/src/parser/expression.ts:1355:22)
      at Parser.parseExprAtom [as parseExprSubscripts] (node_modules/@babel/parser/src/parser/expression.ts:742:23)
      at Parser.parseExprSubscripts [as parseUpdate] (node_modules/@babel/parser/src/parser/expression.ts:721:21)
      at Parser.parseUpdate [as parseMaybeUnary] (node_modules/@babel/parser/src/parser/expression.ts:683:23)
      at Parser.parseMaybeUnary [as parseMaybeUnaryOrPrivate] (node_modules/@babel/parser/src/parser/expression.ts:417:14)
      at Parser.parseMaybeUnaryOrPrivate [as parseExprOps] (node_modules/@babel/parser/src/parser/expression.ts:429:23)
      at Parser.parseExprOps [as parseMaybeConditional] (node_modules/@babel/parser/src/parser/expression.ts:384:23)
      at Parser.parseMaybeConditional [as parseMaybeAssign] (node_modules/@babel/parser/src/parser/expression.ts:301:21)
      at Parser.parseMaybeAssign [as parseExpressionBase] (node_modules/@babel/parser/src/parser/expression.ts:226:23)
      at parseExpressionBase (node_modules/@babel/parser/src/parser/expression.ts:217:39)
      at Parser.callback [as allowInAnd] (node_modules/@babel/parser/src/parser/expression.ts:3197:16)
      at Parser.allowInAnd [as parseExpression] (node_modules/@babel/parser/src/parser/expression.ts:217:17)
      at Parser.parseExpression [as parseStatementContent] (node_modules/@babel/parser/src/parser/statement.ts:688:23)
      at Parser.parseStatementContent [as parseStatementLike] (node_modules/@babel/parser/src/parser/statement.ts:482:17)
      at Parser.parseStatementLike [as parseModuleItem] (node_modules/@babel/parser/src/parser/statement.ts:419:17)
      at Parser.parseModuleItem [as parseBlockOrModuleBlockBody] (node_modules/@babel/parser/src/parser/statement.ts:1443:16)
      at Parser.parseBlockOrModuleBlockBody [as parseBlockBody] (node_modules/@babel/parser/src/parser/statement.ts:1417:10)
      at Parser.parseBlockBody [as parseProgram] (node_modules/@babel/parser/src/parser/statement.ts:229:10)
      at Parser.parseProgram [as parseTopLevel] (node_modules/@babel/parser/src/parser/statement.ts:203:25)
      at Parser.parseTopLevel [as parse] (node_modules/@babel/parser/src/parser/index.ts:88:25)
      at parse (node_modules/@babel/parser/src/index.ts:86:38)
      at parser (node_modules/@babel/core/src/parser/index.ts:29:19)
          at parser.next (<anonymous>)
      at normalizeFile (node_modules/@babel/core/src/transformation/normalize-file.ts:50:24)
          at normalizeFile.next (<anonymous>)
      at run (node_modules/@babel/core/src/transformation/index.ts:41:36)
          at run.next (<anonymous>)
      at transform (node_modules/@babel/core/src/transform.ts:29:20)
          at transform.next (<anonymous>)
      at evaluateSync (node_modules/gensync/index.js:251:28)
      at sync (node_modules/gensync/index.js:89:14)
      at fn (node_modules/@babel/core/src/errors/rewrite-stack-trace.ts:99:14)
      at transformSync (node_modules/@babel/core/src/transform.ts:66:52)
      at ScriptTransformer.transformSource (node_modules/@jest/transform/build/index.js:422:31)
      at ScriptTransformer._transformAndBuildScript (node_modules/@jest/transform/build/index.js:519:40)
      at ScriptTransformer.transform (node_modules/@jest/transform/build/index.js:558:19)

PASS tests/BreedingScene.test.js
FAIL tests/PersistenceManager.test.js
  ● Test suite failed to run

    Jest encountered an unexpected token

    Jest failed to parse a file. This happens e.g. when your code or its dependencies use non-standard JavaScript syntax, or when Jest is not configured to support such syntax.

    Out of the box Jest supports Babel, which will be used to transform your files into valid JS based on your Babel configuration.

    By default "node_modules" folder is ignored by transformers.

    Here's what you can do:
     • If you are trying to use ECMAScript Modules, see https://jestjs.io/docs/ecmascript-modules for how to enable it.
     • If you are trying to use TypeScript, see https://jestjs.io/docs/getting-started#using-typescript
     • To have some of your "node_modules" files transformed, you can specify a custom "transformIgnorePatterns" in your config.
     • If you need a custom transformation, specify a "transform" option in your config.
     • If you simply want to mock your non-JS modules (e.g. binary assets) you can stub them out with the "moduleNameMapper" config option.

    You'll find more details and examples of these config options in the docs:
    https://jestjs.io/docs/configuration
    For information about custom transformations, see:
    https://jestjs.io/docs/code-transformation

    Details:

    SyntaxError: /workspaces/Nadagotchi/tests/PersistenceManager.test.js: Unexpected token (1:0)

    > 1 | <<<<<<< HEAD
        | ^
      2 | import { PersistenceManager } from '../js/PersistenceManager.js';
      3 | import { setupLocalStorageMock } from './helpers/mockLocalStorage.js';
      4 | =======

      at constructor (node_modules/@babel/parser/src/parse-error.ts:95:45)
      at Parser.toParseError [as raise] (node_modules/@babel/parser/src/tokenizer/index.ts:1507:19)
      at Parser.raise [as unexpected] (node_modules/@babel/parser/src/tokenizer/index.ts:1547:16)
      at Parser.unexpected [as parseExprAtom] (node_modules/@babel/parser/src/parser/expression.ts:1355:22)
      at Parser.parseExprAtom [as parseExprSubscripts] (node_modules/@babel/parser/src/parser/expression.ts:742:23)
      at Parser.parseExprSubscripts [as parseUpdate] (node_modules/@babel/parser/src/parser/expression.ts:721:21)
      at Parser.parseUpdate [as parseMaybeUnary] (node_modules/@babel/parser/src/parser/expression.ts:683:23)
      at Parser.parseMaybeUnary [as parseMaybeUnaryOrPrivate] (node_modules/@babel/parser/src/parser/expression.ts:417:14)
      at Parser.parseMaybeUnaryOrPrivate [as parseExprOps] (node_modules/@babel/parser/src/parser/expression.ts:429:23)
      at Parser.parseExprOps [as parseMaybeConditional] (node_modules/@babel/parser/src/parser/expression.ts:384:23)
      at Parser.parseMaybeConditional [as parseMaybeAssign] (node_modules/@babel/parser/src/parser/expression.ts:301:21)
      at Parser.parseMaybeAssign [as parseExpressionBase] (node_modules/@babel/parser/src/parser/expression.ts:226:23)
      at parseExpressionBase (node_modules/@babel/parser/src/parser/expression.ts:217:39)
      at Parser.callback [as allowInAnd] (node_modules/@babel/parser/src/parser/expression.ts:3197:16)
      at Parser.allowInAnd [as parseExpression] (node_modules/@babel/parser/src/parser/expression.ts:217:17)
      at Parser.parseExpression [as parseStatementContent] (node_modules/@babel/parser/src/parser/statement.ts:688:23)
      at Parser.parseStatementContent [as parseStatementLike] (node_modules/@babel/parser/src/parser/statement.ts:482:17)
      at Parser.parseStatementLike [as parseModuleItem] (node_modules/@babel/parser/src/parser/statement.ts:419:17)
      at Parser.parseModuleItem [as parseBlockOrModuleBlockBody] (node_modules/@babel/parser/src/parser/statement.ts:1443:16)
      at Parser.parseBlockOrModuleBlockBody [as parseBlockBody] (node_modules/@babel/parser/src/parser/statement.ts:1417:10)
      at Parser.parseBlockBody [as parseProgram] (node_modules/@babel/parser/src/parser/statement.ts:229:10)
      at Parser.parseProgram [as parseTopLevel] (node_modules/@babel/parser/src/parser/statement.ts:203:25)
      at Parser.parseTopLevel [as parse] (node_modules/@babel/parser/src/parser/index.ts:88:25)
      at parse (node_modules/@babel/parser/src/index.ts:86:38)
      at parser (node_modules/@babel/core/src/parser/index.ts:29:19)
          at parser.next (<anonymous>)
      at normalizeFile (node_modules/@babel/core/src/transformation/normalize-file.ts:50:24)
          at normalizeFile.next (<anonymous>)
      at run (node_modules/@babel/core/src/transformation/index.ts:41:36)
          at run.next (<anonymous>)
      at transform (node_modules/@babel/core/src/transform.ts:29:20)
          at transform.next (<anonymous>)
      at evaluateSync (node_modules/gensync/index.js:251:28)
      at sync (node_modules/gensync/index.js:89:14)
      at fn (node_modules/@babel/core/src/errors/rewrite-stack-trace.ts:99:14)
      at transformSync (node_modules/@babel/core/src/transform.ts:66:52)
      at ScriptTransformer.transformSource (node_modules/@jest/transform/build/index.js:422:31)
      at ScriptTransformer._transformAndBuildScript (node_modules/@jest/transform/build/index.js:519:40)
      at ScriptTransformer.transform (node_modules/@jest/transform/build/index.js:558:19)

FAIL tests/UISceneRebuild.test.js
  ● Test suite failed to run

    Jest encountered an unexpected token

    Jest failed to parse a file. This happens e.g. when your code or its dependencies use non-standard JavaScript syntax, or when Jest is not configured to support such syntax.

    Out of the box Jest supports Babel, which will be used to transform your files into valid JS based on your Babel configuration.

    By default "node_modules" folder is ignored by transformers.

    Here's what you can do:
     • If you are trying to use ECMAScript Modules, see https://jestjs.io/docs/ecmascript-modules for how to enable it.
     • If you are trying to use TypeScript, see https://jestjs.io/docs/getting-started#using-typescript
     • To have some of your "node_modules" files transformed, you can specify a custom "transformIgnorePatterns" in your config.
     • If you need a custom transformation, specify a "transform" option in your config.
     • If you simply want to mock your non-JS modules (e.g. binary assets) you can stub them out with the "moduleNameMapper" config option.

    You'll find more details and examples of these config options in the docs:
    https://jestjs.io/docs/configuration
    For information about custom transformations, see:
    https://jestjs.io/docs/code-transformation

    Details:

    SyntaxError: /workspaces/Nadagotchi/js/UIScene.js: Unexpected token (1:0)

    > 1 | <<<<<<< HEAD
        | ^
      2 | import { ToastManager } from './systems/ToastManager.js';
      3 | =======
      4 | >>>>>>> 74fdaab (Update js/DebugConsole.js)

      127 | }));
      128 |
    > 129 | const { UIScene } = require('../js/UIScene');
          |                     ^
      130 | const { EventKeys } = require('../js/EventKeys');
      131 |
      132 | describe('UIScene Rebuild Logic', () => {

      at constructor (node_modules/@babel/parser/src/parse-error.ts:95:45)
      at Parser.toParseError [as raise] (node_modules/@babel/parser/src/tokenizer/index.ts:1507:19)
      at Parser.raise [as unexpected] (node_modules/@babel/parser/src/tokenizer/index.ts:1547:16)
      at Parser.unexpected [as parseExprAtom] (node_modules/@babel/parser/src/parser/expression.ts:1355:22)
      at Parser.parseExprAtom [as parseExprSubscripts] (node_modules/@babel/parser/src/parser/expression.ts:742:23)
      at Parser.parseExprSubscripts [as parseUpdate] (node_modules/@babel/parser/src/parser/expression.ts:721:21)
      at Parser.parseUpdate [as parseMaybeUnary] (node_modules/@babel/parser/src/parser/expression.ts:683:23)
      at Parser.parseMaybeUnary [as parseMaybeUnaryOrPrivate] (node_modules/@babel/parser/src/parser/expression.ts:417:14)
      at Parser.parseMaybeUnaryOrPrivate [as parseExprOps] (node_modules/@babel/parser/src/parser/expression.ts:429:23)
      at Parser.parseExprOps [as parseMaybeConditional] (node_modules/@babel/parser/src/parser/expression.ts:384:23)
      at Parser.parseMaybeConditional [as parseMaybeAssign] (node_modules/@babel/parser/src/parser/expression.ts:301:21)
      at Parser.parseMaybeAssign [as parseExpressionBase] (node_modules/@babel/parser/src/parser/expression.ts:226:23)
      at parseExpressionBase (node_modules/@babel/parser/src/parser/expression.ts:217:39)
      at Parser.callback [as allowInAnd] (node_modules/@babel/parser/src/parser/expression.ts:3197:16)
      at Parser.allowInAnd [as parseExpression] (node_modules/@babel/parser/src/parser/expression.ts:217:17)
      at Parser.parseExpression [as parseStatementContent] (node_modules/@babel/parser/src/parser/statement.ts:688:23)
      at Parser.parseStatementContent [as parseStatementLike] (node_modules/@babel/parser/src/parser/statement.ts:482:17)
      at Parser.parseStatementLike [as parseModuleItem] (node_modules/@babel/parser/src/parser/statement.ts:419:17)
      at Parser.parseModuleItem [as parseBlockOrModuleBlockBody] (node_modules/@babel/parser/src/parser/statement.ts:1443:16)
      at Parser.parseBlockOrModuleBlockBody [as parseBlockBody] (node_modules/@babel/parser/src/parser/statement.ts:1417:10)
      at Parser.parseBlockBody [as parseProgram] (node_modules/@babel/parser/src/parser/statement.ts:229:10)
      at Parser.parseProgram [as parseTopLevel] (node_modules/@babel/parser/src/parser/statement.ts:203:25)
      at Parser.parseTopLevel [as parse] (node_modules/@babel/parser/src/parser/index.ts:88:25)
      at parse (node_modules/@babel/parser/src/index.ts:86:38)
      at parser (node_modules/@babel/core/src/parser/index.ts:29:19)
          at parser.next (<anonymous>)
      at normalizeFile (node_modules/@babel/core/src/transformation/normalize-file.ts:50:24)
          at normalizeFile.next (<anonymous>)
      at run (node_modules/@babel/core/src/transformation/index.ts:41:36)
          at run.next (<anonymous>)
      at transform (node_modules/@babel/core/src/transform.ts:29:20)
          at transform.next (<anonymous>)
      at evaluateSync (node_modules/gensync/index.js:251:28)
      at sync (node_modules/gensync/index.js:89:14)
      at fn (node_modules/@babel/core/src/errors/rewrite-stack-trace.ts:99:14)
      at transformSync (node_modules/@babel/core/src/transform.ts:66:52)
      at ScriptTransformer.transformSource (node_modules/@jest/transform/build/index.js:422:31)
      at ScriptTransformer._transformAndBuildScript (node_modules/@jest/transform/build/index.js:519:40)
      at ScriptTransformer.transform (node_modules/@jest/transform/build/index.js:558:19)
      at Object.require (tests/UISceneRebuild.test.js:129:21)

FAIL tests/PetMovement.test.js
  ● Test suite failed to run

    Jest encountered an unexpected token

    Jest failed to parse a file. This happens e.g. when your code or its dependencies use non-standard JavaScript syntax, or when Jest is not configured to support such syntax.

    Out of the box Jest supports Babel, which will be used to transform your files into valid JS based on your Babel configuration.

    By default "node_modules" folder is ignored by transformers.

    Here's what you can do:
     • If you are trying to use ECMAScript Modules, see https://jestjs.io/docs/ecmascript-modules for how to enable it.
     • If you are trying to use TypeScript, see https://jestjs.io/docs/getting-started#using-typescript
     • To have some of your "node_modules" files transformed, you can specify a custom "transformIgnorePatterns" in your config.
     • If you need a custom transformation, specify a "transform" option in your config.
     • If you simply want to mock your non-JS modules (e.g. binary assets) you can stub them out with the "moduleNameMapper" config option.

    You'll find more details and examples of these config options in the docs:
    https://jestjs.io/docs/configuration
    For information about custom transformations, see:
    https://jestjs.io/docs/code-transformation

    Details:

    SyntaxError: /workspaces/Nadagotchi/js/MainScene.js: Unexpected token (66:0)

      64 |         /** @type {number} Timestamp for the next autonomous move. */
      65 |         this.nextMoveTime = 0;
    > 66 | <<<<<<< HEAD
         | ^
      67 |
      68 |         /** @type {boolean} Flag indicating if async initialization is complete. */
      69 |         this.isReady = false;

      83 | }));
      84 |
    > 85 | const { MainScene } = require('../js/MainScene.js');
         |                       ^
      86 |
      87 | describe('MainScene Pet Movement', () => {
      88 |     let scene;

      at constructor (node_modules/@babel/parser/src/parse-error.ts:95:45)
      at Parser.toParseError [as raise] (node_modules/@babel/parser/src/tokenizer/index.ts:1507:19)
      at Parser.raise [as unexpected] (node_modules/@babel/parser/src/tokenizer/index.ts:1547:16)
      at Parser.unexpected [as parseExprAtom] (node_modules/@babel/parser/src/parser/expression.ts:1355:22)
      at Parser.parseExprAtom [as parseExprSubscripts] (node_modules/@babel/parser/src/parser/expression.ts:742:23)
      at Parser.parseExprSubscripts [as parseUpdate] (node_modules/@babel/parser/src/parser/expression.ts:721:21)
      at Parser.parseUpdate [as parseMaybeUnary] (node_modules/@babel/parser/src/parser/expression.ts:683:23)
      at Parser.parseMaybeUnary [as parseMaybeUnaryOrPrivate] (node_modules/@babel/parser/src/parser/expression.ts:417:14)
      at Parser.parseMaybeUnaryOrPrivate [as parseExprOps] (node_modules/@babel/parser/src/parser/expression.ts:429:23)
      at Parser.parseExprOps [as parseMaybeConditional] (node_modules/@babel/parser/src/parser/expression.ts:384:23)
      at Parser.parseMaybeConditional [as parseMaybeAssign] (node_modules/@babel/parser/src/parser/expression.ts:301:21)
      at Parser.parseMaybeAssign [as parseExpressionBase] (node_modules/@babel/parser/src/parser/expression.ts:226:23)
      at parseExpressionBase (node_modules/@babel/parser/src/parser/expression.ts:217:39)
      at Parser.callback [as allowInAnd] (node_modules/@babel/parser/src/parser/expression.ts:3197:16)
      at Parser.allowInAnd [as parseExpression] (node_modules/@babel/parser/src/parser/expression.ts:217:17)
      at Parser.parseExpression [as parseStatementContent] (node_modules/@babel/parser/src/parser/statement.ts:688:23)
      at Parser.parseStatementContent [as parseStatementLike] (node_modules/@babel/parser/src/parser/statement.ts:482:17)
      at Parser.parseStatementLike [as parseStatementListItem] (node_modules/@babel/parser/src/parser/statement.ts:431:17)
      at Parser.parseStatementListItem [as parseBlockOrModuleBlockBody] (node_modules/@babel/parser/src/parser/statement.ts:1444:16)
      at Parser.parseBlockOrModuleBlockBody [as parseBlockBody] (node_modules/@babel/parser/src/parser/statement.ts:1417:10)
      at Parser.parseBlockBody [as parseBlock] (node_modules/@babel/parser/src/parser/statement.ts:1385:10)
      at Parser.parseBlock [as parseFunctionBody] (node_modules/@babel/parser/src/parser/expression.ts:2626:24)
      at Parser.parseFunctionBody [as parseFunctionBodyAndFinish] (node_modules/@babel/parser/src/parser/expression.ts:2595:10)
      at Parser.parseFunctionBodyAndFinish [as parseMethod] (node_modules/@babel/parser/src/parser/expression.ts:2492:31)
      at Parser.parseMethod [as pushClassMethod] (node_modules/@babel/parser/src/parser/statement.ts:2244:12)
      at Parser.pushClassMethod [as parseClassMemberWithIsStatic] (node_modules/@babel/parser/src/parser/statement.ts:2023:12)
      at Parser.parseClassMemberWithIsStatic [as parseClassMember] (node_modules/@babel/parser/src/parser/statement.ts:1938:10)
      at parseClassMember (node_modules/@babel/parser/src/parser/statement.ts:1851:14)
      at Parser.callback [as withSmartMixTopicForbiddingContext] (node_modules/@babel/parser/src/parser/expression.ts:3176:14)
      at Parser.withSmartMixTopicForbiddingContext [as parseClassBody] (node_modules/@babel/parser/src/parser/statement.ts:1823:10)
      at Parser.parseClassBody [as parseClass] (node_modules/@babel/parser/src/parser/statement.ts:1774:22)
      at Parser.parseClass [as parseExportDeclaration] (node_modules/@babel/parser/src/parser/statement.ts:2628:25)
      at Parser.parseExportDeclaration [as maybeParseExportDeclaration] (node_modules/@babel/parser/src/parser/statement.ts:2551:31)
      at Parser.maybeParseExportDeclaration [as parseExport] (node_modules/@babel/parser/src/parser/statement.ts:2432:29)
      at Parser.parseExport [as parseStatementContent] (node_modules/@babel/parser/src/parser/statement.ts:649:25)
      at Parser.parseStatementContent [as parseStatementLike] (node_modules/@babel/parser/src/parser/statement.ts:482:17)
      at Parser.parseStatementLike [as parseModuleItem] (node_modules/@babel/parser/src/parser/statement.ts:419:17)
      at Parser.parseModuleItem [as parseBlockOrModuleBlockBody] (node_modules/@babel/parser/src/parser/statement.ts:1443:16)
      at Parser.parseBlockOrModuleBlockBody [as parseBlockBody] (node_modules/@babel/parser/src/parser/statement.ts:1417:10)
      at Parser.parseBlockBody [as parseProgram] (node_modules/@babel/parser/src/parser/statement.ts:229:10)
      at Parser.parseProgram [as parseTopLevel] (node_modules/@babel/parser/src/parser/statement.ts:203:25)
      at Parser.parseTopLevel [as parse] (node_modules/@babel/parser/src/parser/index.ts:88:25)
      at parse (node_modules/@babel/parser/src/index.ts:86:38)
      at parser (node_modules/@babel/core/src/parser/index.ts:29:19)
          at parser.next (<anonymous>)
      at normalizeFile (node_modules/@babel/core/src/transformation/normalize-file.ts:50:24)
          at normalizeFile.next (<anonymous>)
      at run (node_modules/@babel/core/src/transformation/index.ts:41:36)
          at run.next (<anonymous>)
      at transform (node_modules/@babel/core/src/transform.ts:29:20)
          at transform.next (<anonymous>)
      at evaluateSync (node_modules/gensync/index.js:251:28)
      at sync (node_modules/gensync/index.js:89:14)
      at fn (node_modules/@babel/core/src/errors/rewrite-stack-trace.ts:99:14)
      at transformSync (node_modules/@babel/core/src/transform.ts:66:52)
      at ScriptTransformer.transformSource (node_modules/@jest/transform/build/index.js:422:31)
      at ScriptTransformer._transformAndBuildScript (node_modules/@jest/transform/build/index.js:519:40)
      at ScriptTransformer.transform (node_modules/@jest/transform/build/index.js:558:19)
      at Object.require (tests/PetMovement.test.js:85:23)

FAIL tests/HousingDecor.test.js
  ● Test suite failed to run

    Jest encountered an unexpected token

    Jest failed to parse a file. This happens e.g. when your code or its dependencies use non-standard JavaScript syntax, or when Jest is not configured to support such syntax.

    Out of the box Jest supports Babel, which will be used to transform your files into valid JS based on your Babel configuration.

    By default "node_modules" folder is ignored by transformers.

    Here's what you can do:
     • If you are trying to use ECMAScript Modules, see https://jestjs.io/docs/ecmascript-modules for how to enable it.
     • If you are trying to use TypeScript, see https://jestjs.io/docs/getting-started#using-typescript
     • To have some of your "node_modules" files transformed, you can specify a custom "transformIgnorePatterns" in your config.
     • If you need a custom transformation, specify a "transform" option in your config.
     • If you simply want to mock your non-JS modules (e.g. binary assets) you can stub them out with the "moduleNameMapper" config option.

    You'll find more details and examples of these config options in the docs:
    https://jestjs.io/docs/configuration
    For information about custom transformations, see:
    https://jestjs.io/docs/code-transformation

    Details:

    SyntaxError: /workspaces/Nadagotchi/js/Nadagotchi.js: Unexpected token (32:0)

      30 |      */
      31 |     constructor(initialArchetype, loadedData = null) {
    > 32 | <<<<<<< HEAD
         | ^
      33 |         /** @type {boolean} Indicates if the asynchronous initialization is complete. */
      34 |         this.isInitialized = false;
      35 |

      1 |
    > 2 | import { Nadagotchi } from '../js/Nadagotchi.js';
        | ^
      3 | import { InventorySystem } from '../js/systems/InventorySystem.js';
      4 | import { ItemDefinitions } from '../js/ItemData.js';
      5 | import { PersistenceManager } from '../js/PersistenceManager.js';

      at constructor (node_modules/@babel/parser/src/parse-error.ts:95:45)
      at Parser.toParseError [as raise] (node_modules/@babel/parser/src/tokenizer/index.ts:1507:19)
      at Parser.raise [as unexpected] (node_modules/@babel/parser/src/tokenizer/index.ts:1547:16)
      at Parser.unexpected [as parseExprAtom] (node_modules/@babel/parser/src/parser/expression.ts:1355:22)
      at Parser.parseExprAtom [as parseExprSubscripts] (node_modules/@babel/parser/src/parser/expression.ts:742:23)
      at Parser.parseExprSubscripts [as parseUpdate] (node_modules/@babel/parser/src/parser/expression.ts:721:21)
      at Parser.parseUpdate [as parseMaybeUnary] (node_modules/@babel/parser/src/parser/expression.ts:683:23)
      at Parser.parseMaybeUnary [as parseMaybeUnaryOrPrivate] (node_modules/@babel/parser/src/parser/expression.ts:417:14)
      at Parser.parseMaybeUnaryOrPrivate [as parseExprOps] (node_modules/@babel/parser/src/parser/expression.ts:429:23)
      at Parser.parseExprOps [as parseMaybeConditional] (node_modules/@babel/parser/src/parser/expression.ts:384:23)
      at Parser.parseMaybeConditional [as parseMaybeAssign] (node_modules/@babel/parser/src/parser/expression.ts:301:21)
      at Parser.parseMaybeAssign [as parseExpressionBase] (node_modules/@babel/parser/src/parser/expression.ts:226:23)
      at parseExpressionBase (node_modules/@babel/parser/src/parser/expression.ts:217:39)
      at Parser.callback [as allowInAnd] (node_modules/@babel/parser/src/parser/expression.ts:3197:16)
      at Parser.allowInAnd [as parseExpression] (node_modules/@babel/parser/src/parser/expression.ts:217:17)
      at Parser.parseExpression [as parseStatementContent] (node_modules/@babel/parser/src/parser/statement.ts:688:23)
      at Parser.parseStatementContent [as parseStatementLike] (node_modules/@babel/parser/src/parser/statement.ts:482:17)
      at Parser.parseStatementLike [as parseStatementListItem] (node_modules/@babel/parser/src/parser/statement.ts:431:17)
      at Parser.parseStatementListItem [as parseBlockOrModuleBlockBody] (node_modules/@babel/parser/src/parser/statement.ts:1444:16)
      at Parser.parseBlockOrModuleBlockBody [as parseBlockBody] (node_modules/@babel/parser/src/parser/statement.ts:1417:10)
      at Parser.parseBlockBody [as parseBlock] (node_modules/@babel/parser/src/parser/statement.ts:1385:10)
      at Parser.parseBlock [as parseFunctionBody] (node_modules/@babel/parser/src/parser/expression.ts:2626:24)
      at Parser.parseFunctionBody [as parseFunctionBodyAndFinish] (node_modules/@babel/parser/src/parser/expression.ts:2595:10)
      at Parser.parseFunctionBodyAndFinish [as parseMethod] (node_modules/@babel/parser/src/parser/expression.ts:2492:31)
      at Parser.parseMethod [as pushClassMethod] (node_modules/@babel/parser/src/parser/statement.ts:2244:12)
      at Parser.pushClassMethod [as parseClassMemberWithIsStatic] (node_modules/@babel/parser/src/parser/statement.ts:2023:12)
      at Parser.parseClassMemberWithIsStatic [as parseClassMember] (node_modules/@babel/parser/src/parser/statement.ts:1938:10)
      at parseClassMember (node_modules/@babel/parser/src/parser/statement.ts:1851:14)
      at Parser.callback [as withSmartMixTopicForbiddingContext] (node_modules/@babel/parser/src/parser/expression.ts:3176:14)
      at Parser.withSmartMixTopicForbiddingContext [as parseClassBody] (node_modules/@babel/parser/src/parser/statement.ts:1823:10)
      at Parser.parseClassBody [as parseClass] (node_modules/@babel/parser/src/parser/statement.ts:1774:22)
      at Parser.parseClass [as parseExportDeclaration] (node_modules/@babel/parser/src/parser/statement.ts:2628:25)
      at Parser.parseExportDeclaration [as maybeParseExportDeclaration] (node_modules/@babel/parser/src/parser/statement.ts:2551:31)
      at Parser.maybeParseExportDeclaration [as parseExport] (node_modules/@babel/parser/src/parser/statement.ts:2432:29)
      at Parser.parseExport [as parseStatementContent] (node_modules/@babel/parser/src/parser/statement.ts:649:25)
      at Parser.parseStatementContent [as parseStatementLike] (node_modules/@babel/parser/src/parser/statement.ts:482:17)
      at Parser.parseStatementLike [as parseModuleItem] (node_modules/@babel/parser/src/parser/statement.ts:419:17)
      at Parser.parseModuleItem [as parseBlockOrModuleBlockBody] (node_modules/@babel/parser/src/parser/statement.ts:1443:16)
      at Parser.parseBlockOrModuleBlockBody [as parseBlockBody] (node_modules/@babel/parser/src/parser/statement.ts:1417:10)
      at Parser.parseBlockBody [as parseProgram] (node_modules/@babel/parser/src/parser/statement.ts:229:10)
      at Parser.parseProgram [as parseTopLevel] (node_modules/@babel/parser/src/parser/statement.ts:203:25)
      at Parser.parseTopLevel [as parse] (node_modules/@babel/parser/src/parser/index.ts:88:25)
      at parse (node_modules/@babel/parser/src/index.ts:86:38)
      at parser (node_modules/@babel/core/src/parser/index.ts:29:19)
          at parser.next (<anonymous>)
      at normalizeFile (node_modules/@babel/core/src/transformation/normalize-file.ts:50:24)
          at normalizeFile.next (<anonymous>)
      at run (node_modules/@babel/core/src/transformation/index.ts:41:36)
          at run.next (<anonymous>)
      at transform (node_modules/@babel/core/src/transform.ts:29:20)
          at transform.next (<anonymous>)
      at evaluateSync (node_modules/gensync/index.js:251:28)
      at sync (node_modules/gensync/index.js:89:14)
      at fn (node_modules/@babel/core/src/errors/rewrite-stack-trace.ts:99:14)
      at transformSync (node_modules/@babel/core/src/transform.ts:66:52)
      at ScriptTransformer.transformSource (node_modules/@jest/transform/build/index.js:422:31)
      at ScriptTransformer._transformAndBuildScript (node_modules/@jest/transform/build/index.js:519:40)
      at ScriptTransformer.transform (node_modules/@jest/transform/build/index.js:558:19)
      at Object.require (tests/HousingDecor.test.js:2:1)

FAIL tests/Genetics.test.js
  ● Test suite failed to run

    Jest encountered an unexpected token

    Jest failed to parse a file. This happens e.g. when your code or its dependencies use non-standard JavaScript syntax, or when Jest is not configured to support such syntax.

    Out of the box Jest supports Babel, which will be used to transform your files into valid JS based on your Babel configuration.

    By default "node_modules" folder is ignored by transformers.

    Here's what you can do:
     • If you are trying to use ECMAScript Modules, see https://jestjs.io/docs/ecmascript-modules for how to enable it.
     • If you are trying to use TypeScript, see https://jestjs.io/docs/getting-started#using-typescript
     • To have some of your "node_modules" files transformed, you can specify a custom "transformIgnorePatterns" in your config.
     • If you need a custom transformation, specify a "transform" option in your config.
     • If you simply want to mock your non-JS modules (e.g. binary assets) you can stub them out with the "moduleNameMapper" config option.

    You'll find more details and examples of these config options in the docs:
    https://jestjs.io/docs/configuration
    For information about custom transformations, see:
    https://jestjs.io/docs/code-transformation

    Details:

    SyntaxError: /workspaces/Nadagotchi/js/Config.js: Unexpected token (43:0)

      41 |     },
      42 |
    > 43 | <<<<<<< HEAD
         | ^
      44 |     // Minigame Settings
      45 |     MINIGAMES: {
      46 |         LOGIC_PUZZLE: {

       5 |
       6 | import { SeededRandom } from './utils/SeededRandom.js';
    >  7 | import { Config } from './Config.js';
         | ^
       8 | import { CryptoUtils } from './utils/CryptoUtils.js';
       9 |
      10 | import { toBase64, fromBase64 } from './utils/Encoding.js';

      at constructor (node_modules/@babel/parser/src/parse-error.ts:95:45)
      at Parser.toParseError [as raise] (node_modules/@babel/parser/src/tokenizer/index.ts:1507:19)
      at Parser.raise [as unexpected] (node_modules/@babel/parser/src/tokenizer/index.ts:1547:16)
      at Parser.unexpected [as parsePropertyName] (node_modules/@babel/parser/src/parser/expression.ts:2451:18)
      at Parser.parsePropertyName [as parsePropertyDefinition] (node_modules/@babel/parser/src/parser/expression.ts:2198:10)
      at Parser.parsePropertyDefinition [as parseObjectLike] (node_modules/@babel/parser/src/parser/expression.ts:2095:21)
      at Parser.parseObjectLike [as parseExprAtom] (node_modules/@babel/parser/src/parser/expression.ts:1181:21)
      at Parser.parseExprAtom [as parseExprSubscripts] (node_modules/@babel/parser/src/parser/expression.ts:742:23)
      at Parser.parseExprSubscripts [as parseUpdate] (node_modules/@babel/parser/src/parser/expression.ts:721:21)
      at Parser.parseUpdate [as parseMaybeUnary] (node_modules/@babel/parser/src/parser/expression.ts:683:23)
      at Parser.parseMaybeUnary [as parseMaybeUnaryOrPrivate] (node_modules/@babel/parser/src/parser/expression.ts:417:14)
      at Parser.parseMaybeUnaryOrPrivate [as parseExprOps] (node_modules/@babel/parser/src/parser/expression.ts:429:23)
      at Parser.parseExprOps [as parseMaybeConditional] (node_modules/@babel/parser/src/parser/expression.ts:384:23)
      at Parser.parseMaybeConditional [as parseMaybeAssign] (node_modules/@babel/parser/src/parser/expression.ts:301:21)
      at parseMaybeAssign (node_modules/@babel/parser/src/parser/expression.ts:257:12)
      at Parser.callback [as allowInAnd] (node_modules/@babel/parser/src/parser/expression.ts:3197:16)
      at Parser.allowInAnd [as parseMaybeAssignAllowIn] (node_modules/@babel/parser/src/parser/expression.ts:256:17)
      at Parser.parseMaybeAssignAllowIn [as parseVar] (node_modules/@babel/parser/src/parser/statement.ts:1587:18)
      at Parser.parseVar [as parseVarStatement] (node_modules/@babel/parser/src/parser/statement.ts:1251:10)
      at Parser.parseVarStatement [as parseStatementContent] (node_modules/@babel/parser/src/parser/statement.ts:612:21)
      at Parser.parseStatementContent [as parseStatementLike] (node_modules/@babel/parser/src/parser/statement.ts:482:17)
      at Parser.parseStatementLike [as parseStatementListItem] (node_modules/@babel/parser/src/parser/statement.ts:431:17)
      at Parser.parseStatementListItem (node_modules/@babel/parser/src/parser/statement.ts:2635:17)
      at Parser.parseExportDeclaration [as maybeParseExportDeclaration] (node_modules/@babel/parser/src/parser/statement.ts:2551:31)
      at Parser.maybeParseExportDeclaration [as parseExport] (node_modules/@babel/parser/src/parser/statement.ts:2432:29)
      at Parser.parseExport [as parseStatementContent] (node_modules/@babel/parser/src/parser/statement.ts:649:25)
      at Parser.parseStatementContent [as parseStatementLike] (node_modules/@babel/parser/src/parser/statement.ts:482:17)
      at Parser.parseStatementLike [as parseModuleItem] (node_modules/@babel/parser/src/parser/statement.ts:419:17)
      at Parser.parseModuleItem [as parseBlockOrModuleBlockBody] (node_modules/@babel/parser/src/parser/statement.ts:1443:16)
      at Parser.parseBlockOrModuleBlockBody [as parseBlockBody] (node_modules/@babel/parser/src/parser/statement.ts:1417:10)
      at Parser.parseBlockBody [as parseProgram] (node_modules/@babel/parser/src/parser/statement.ts:229:10)
      at Parser.parseProgram [as parseTopLevel] (node_modules/@babel/parser/src/parser/statement.ts:203:25)
      at Parser.parseTopLevel [as parse] (node_modules/@babel/parser/src/parser/index.ts:88:25)
      at parse (node_modules/@babel/parser/src/index.ts:86:38)
      at parser (node_modules/@babel/core/src/parser/index.ts:29:19)
          at parser.next (<anonymous>)
      at normalizeFile (node_modules/@babel/core/src/transformation/normalize-file.ts:50:24)
          at normalizeFile.next (<anonymous>)
      at run (node_modules/@babel/core/src/transformation/index.ts:41:36)
          at run.next (<anonymous>)
      at transform (node_modules/@babel/core/src/transform.ts:29:20)
          at transform.next (<anonymous>)
      at evaluateSync (node_modules/gensync/index.js:251:28)
      at sync (node_modules/gensync/index.js:89:14)
      at fn (node_modules/@babel/core/src/errors/rewrite-stack-trace.ts:99:14)
      at transformSync (node_modules/@babel/core/src/transform.ts:66:52)
      at ScriptTransformer.transformSource (node_modules/@jest/transform/build/index.js:422:31)
      at ScriptTransformer._transformAndBuildScript (node_modules/@jest/transform/build/index.js:519:40)
      at ScriptTransformer.transform (node_modules/@jest/transform/build/index.js:558:19)
      at Object.require (js/GeneticsSystem.js:7:1)
      at Object.require (tests/Genetics.test.js:1:1)

FAIL tests/Performance.test.js
  ● Test suite failed to run

    Jest encountered an unexpected token

    Jest failed to parse a file. This happens e.g. when your code or its dependencies use non-standard JavaScript syntax, or when Jest is not configured to support such syntax.

    Out of the box Jest supports Babel, which will be used to transform your files into valid JS based on your Babel configuration.

    By default "node_modules" folder is ignored by transformers.

    Here's what you can do:
     • If you are trying to use ECMAScript Modules, see https://jestjs.io/docs/ecmascript-modules for how to enable it.
     • If you are trying to use TypeScript, see https://jestjs.io/docs/getting-started#using-typescript
     • To have some of your "node_modules" files transformed, you can specify a custom "transformIgnorePatterns" in your config.
     • If you need a custom transformation, specify a "transform" option in your config.
     • If you simply want to mock your non-JS modules (e.g. binary assets) you can stub them out with the "moduleNameMapper" config option.

    You'll find more details and examples of these config options in the docs:
    https://jestjs.io/docs/configuration
    For information about custom transformations, see:
    https://jestjs.io/docs/code-transformation

    Details:

    SyntaxError: /workspaces/Nadagotchi/tests/Performance.test.js: Unexpected token (120:0)

      118 |                 add: jest.fn()
      119 |             }),
    > 120 | <<<<<<< HEAD
          | ^
      121 |             createCanvas: jest.fn(() => mockGameObject()), exists: jest.fn().mockReturnValue(false)
      122 | =======
      123 |             createCanvas: jest.fn(() => mockGameObject())

      at constructor (node_modules/@babel/parser/src/parse-error.ts:95:45)
      at Parser.toParseError [as raise] (node_modules/@babel/parser/src/tokenizer/index.ts:1507:19)
      at Parser.raise [as unexpected] (node_modules/@babel/parser/src/tokenizer/index.ts:1547:16)
      at Parser.unexpected [as parsePropertyName] (node_modules/@babel/parser/src/parser/expression.ts:2451:18)
      at Parser.parsePropertyName [as parsePropertyDefinition] (node_modules/@babel/parser/src/parser/expression.ts:2198:10)
      at Parser.parsePropertyDefinition [as parseObjectLike] (node_modules/@babel/parser/src/parser/expression.ts:2095:21)
      at Parser.parseObjectLike [as parseExprAtom] (node_modules/@babel/parser/src/parser/expression.ts:1181:21)
      at Parser.parseExprAtom [as parseExprSubscripts] (node_modules/@babel/parser/src/parser/expression.ts:742:23)
      at Parser.parseExprSubscripts [as parseUpdate] (node_modules/@babel/parser/src/parser/expression.ts:721:21)
      at Parser.parseUpdate [as parseMaybeUnary] (node_modules/@babel/parser/src/parser/expression.ts:683:23)
      at Parser.parseMaybeUnary [as parseMaybeUnaryOrPrivate] (node_modules/@babel/parser/src/parser/expression.ts:417:14)
      at Parser.parseMaybeUnaryOrPrivate [as parseExprOps] (node_modules/@babel/parser/src/parser/expression.ts:429:23)
      at Parser.parseExprOps [as parseMaybeConditional] (node_modules/@babel/parser/src/parser/expression.ts:384:23)
      at Parser.parseMaybeConditional [as parseMaybeAssign] (node_modules/@babel/parser/src/parser/expression.ts:301:21)
      at Parser.parseMaybeAssign (node_modules/@babel/parser/src/parser/expression.ts:345:25)
      at Parser.parseMaybeAssign [as parseExpressionBase] (node_modules/@babel/parser/src/parser/expression.ts:226:23)
      at parseExpressionBase (node_modules/@babel/parser/src/parser/expression.ts:217:39)
      at Parser.callback [as allowInAnd] (node_modules/@babel/parser/src/parser/expression.ts:3197:16)
      at Parser.allowInAnd [as parseExpression] (node_modules/@babel/parser/src/parser/expression.ts:217:17)
      at Parser.parseExpression [as parseStatementContent] (node_modules/@babel/parser/src/parser/statement.ts:688:23)
      at Parser.parseStatementContent [as parseStatementLike] (node_modules/@babel/parser/src/parser/statement.ts:482:17)
      at Parser.parseStatementLike [as parseStatementListItem] (node_modules/@babel/parser/src/parser/statement.ts:431:17)
      at Parser.parseStatementListItem [as parseBlockOrModuleBlockBody] (node_modules/@babel/parser/src/parser/statement.ts:1444:16)
      at Parser.parseBlockOrModuleBlockBody [as parseBlockBody] (node_modules/@babel/parser/src/parser/statement.ts:1417:10)
      at Parser.parseBlockBody [as parseBlock] (node_modules/@babel/parser/src/parser/statement.ts:1385:10)
      at Parser.parseBlock [as parseFunctionBody] (node_modules/@babel/parser/src/parser/expression.ts:2626:24)
      at Parser.parseFunctionBody [as parseArrowExpression] (node_modules/@babel/parser/src/parser/expression.ts:2563:10)
      at Parser.parseArrowExpression [as parseParenAndDistinguishExpression] (node_modules/@babel/parser/src/parser/expression.ts:1847:12)
      at Parser.parseParenAndDistinguishExpression [as parseExprAtom] (node_modules/@babel/parser/src/parser/expression.ts:1170:21)
      at Parser.parseExprAtom [as parseExprSubscripts] (node_modules/@babel/parser/src/parser/expression.ts:742:23)
      at Parser.parseExprSubscripts [as parseUpdate] (node_modules/@babel/parser/src/parser/expression.ts:721:21)
      at Parser.parseUpdate [as parseMaybeUnary] (node_modules/@babel/parser/src/parser/expression.ts:683:23)
      at Parser.parseMaybeUnary [as parseMaybeUnaryOrPrivate] (node_modules/@babel/parser/src/parser/expression.ts:417:14)
      at Parser.parseMaybeUnaryOrPrivate [as parseExprOps] (node_modules/@babel/parser/src/parser/expression.ts:429:23)
      at Parser.parseExprOps [as parseMaybeConditional] (node_modules/@babel/parser/src/parser/expression.ts:384:23)
      at Parser.parseMaybeConditional [as parseMaybeAssign] (node_modules/@babel/parser/src/parser/expression.ts:301:21)
      at parseMaybeAssign (node_modules/@babel/parser/src/parser/expression.ts:257:12)
      at Parser.callback [as allowInAnd] (node_modules/@babel/parser/src/parser/expression.ts:3202:12)
      at Parser.allowInAnd [as parseMaybeAssignAllowIn] (node_modules/@babel/parser/src/parser/expression.ts:256:17)
      at Parser.parseMaybeAssignAllowIn [as parseMaybeAssignAllowInOrVoidPattern] (node_modules/@babel/parser/src/parser/expression.ts:3316:17)
      at Parser.parseMaybeAssignAllowInOrVoidPattern [as parseExprListItem] (node_modules/@babel/parser/src/parser/expression.ts:2798:18)
      at Parser.parseExprListItem [as parseCallExpressionArguments] (node_modules/@babel/parser/src/parser/expression.ts:1042:14)
      at Parser.parseCallExpressionArguments [as parseCoverCallAndAsyncArrowHead] (node_modules/@babel/parser/src/parser/expression.ts:922:29)
      at Parser.parseCoverCallAndAsyncArrowHead [as parseSubscript] (node_modules/@babel/parser/src/parser/expression.ts:804:19)
      at Parser.parseSubscript [as parseSubscripts] (node_modules/@babel/parser/src/parser/expression.ts:763:19)
      at Parser.parseSubscripts [as parseExprSubscripts] (node_modules/@babel/parser/src/parser/expression.ts:748:17)
      at Parser.parseExprSubscripts [as parseUpdate] (node_modules/@babel/parser/src/parser/expression.ts:721:21)
      at Parser.parseUpdate [as parseMaybeUnary] (node_modules/@babel/parser/src/parser/expression.ts:683:23)
      at Parser.parseMaybeUnary [as parseMaybeUnaryOrPrivate] (node_modules/@babel/parser/src/parser/expression.ts:417:14)
      at Parser.parseMaybeUnaryOrPrivate [as parseExprOps] (node_modules/@babel/parser/src/parser/expression.ts:429:23)
      at Parser.parseExprOps [as parseMaybeConditional] (node_modules/@babel/parser/src/parser/expression.ts:384:23)
      at Parser.parseMaybeConditional [as parseMaybeAssign] (node_modules/@babel/parser/src/parser/expression.ts:301:21)
      at Parser.parseMaybeAssign [as parseExpressionBase] (node_modules/@babel/parser/src/parser/expression.ts:226:23)
      at parseExpressionBase (node_modules/@babel/parser/src/parser/expression.ts:217:39)
      at Parser.callback [as allowInAnd] (node_modules/@babel/parser/src/parser/expression.ts:3197:16)
      at Parser.allowInAnd [as parseExpression] (node_modules/@babel/parser/src/parser/expression.ts:217:17)
      at Parser.parseExpression [as parseStatementContent] (node_modules/@babel/parser/src/parser/statement.ts:688:23)
      at Parser.parseStatementContent [as parseStatementLike] (node_modules/@babel/parser/src/parser/statement.ts:482:17)
      at Parser.parseStatementLike [as parseStatementListItem] (node_modules/@babel/parser/src/parser/statement.ts:431:17)
      at Parser.parseStatementListItem [as parseBlockOrModuleBlockBody] (node_modules/@babel/parser/src/parser/statement.ts:1444:16)
      at Parser.parseBlockOrModuleBlockBody [as parseBlockBody] (node_modules/@babel/parser/src/parser/statement.ts:1417:10)
      at Parser.parseBlockBody [as parseBlock] (node_modules/@babel/parser/src/parser/statement.ts:1385:10)
      at Parser.parseBlock [as parseFunctionBody] (node_modules/@babel/parser/src/parser/expression.ts:2626:24)
      at Parser.parseFunctionBody [as parseArrowExpression] (node_modules/@babel/parser/src/parser/expression.ts:2563:10)
      at Parser.parseArrowExpression [as parseParenAndDistinguishExpression] (node_modules/@babel/parser/src/parser/expression.ts:1847:12)
      at Parser.parseParenAndDistinguishExpression [as parseExprAtom] (node_modules/@babel/parser/src/parser/expression.ts:1170:21)
      at Parser.parseExprAtom [as parseExprSubscripts] (node_modules/@babel/parser/src/parser/expression.ts:742:23)
      at Parser.parseExprSubscripts [as parseUpdate] (node_modules/@babel/parser/src/parser/expression.ts:721:21)
      at Parser.parseUpdate [as parseMaybeUnary] (node_modules/@babel/parser/src/parser/expression.ts:683:23)
      at Parser.parseMaybeUnary [as parseMaybeUnaryOrPrivate] (node_modules/@babel/parser/src/parser/expression.ts:417:14)
      at Parser.parseMaybeUnaryOrPrivate [as parseExprOps] (node_modules/@babel/parser/src/parser/expression.ts:429:23)
      at Parser.parseExprOps [as parseMaybeConditional] (node_modules/@babel/parser/src/parser/expression.ts:384:23)
      at Parser.parseMaybeConditional [as parseMaybeAssign] (node_modules/@babel/parser/src/parser/expression.ts:301:21)
      at parseMaybeAssign (node_modules/@babel/parser/src/parser/expression.ts:257:12)
      at Parser.callback [as allowInAnd] (node_modules/@babel/parser/src/parser/expression.ts:3202:12)
      at Parser.allowInAnd [as parseMaybeAssignAllowIn] (node_modules/@babel/parser/src/parser/expression.ts:256:17)
      at Parser.parseMaybeAssignAllowIn [as parseMaybeAssignAllowInOrVoidPattern] (node_modules/@babel/parser/src/parser/expression.ts:3316:17)
      at Parser.parseMaybeAssignAllowInOrVoidPattern [as parseExprListItem] (node_modules/@babel/parser/src/parser/expression.ts:2798:18)
      at Parser.parseExprListItem [as parseCallExpressionArguments] (node_modules/@babel/parser/src/parser/expression.ts:1042:14)
      at Parser.parseCallExpressionArguments [as parseCoverCallAndAsyncArrowHead] (node_modules/@babel/parser/src/parser/expression.ts:922:29)
      at Parser.parseCoverCallAndAsyncArrowHead [as parseSubscript] (node_modules/@babel/parser/src/parser/expression.ts:804:19)
      at Parser.parseSubscript [as parseSubscripts] (node_modules/@babel/parser/src/parser/expression.ts:763:19)
      at Parser.parseSubscripts [as parseExprSubscripts] (node_modules/@babel/parser/src/parser/expression.ts:748:17)
      at Parser.parseExprSubscripts [as parseUpdate] (node_modules/@babel/parser/src/parser/expression.ts:721:21)
      at Parser.parseUpdate [as parseMaybeUnary] (node_modules/@babel/parser/src/parser/expression.ts:683:23)
      at Parser.parseMaybeUnary [as parseMaybeUnaryOrPrivate] (node_modules/@babel/parser/src/parser/expression.ts:417:14)
      at Parser.parseMaybeUnaryOrPrivate [as parseExprOps] (node_modules/@babel/parser/src/parser/expression.ts:429:23)
      at Parser.parseExprOps [as parseMaybeConditional] (node_modules/@babel/parser/src/parser/expression.ts:384:23)
      at Parser.parseMaybeConditional [as parseMaybeAssign] (node_modules/@babel/parser/src/parser/expression.ts:301:21)
      at Parser.parseMaybeAssign [as parseExpressionBase] (node_modules/@babel/parser/src/parser/expression.ts:226:23)
      at parseExpressionBase (node_modules/@babel/parser/src/parser/expression.ts:217:39)
      at Parser.callback [as allowInAnd] (node_modules/@babel/parser/src/parser/expression.ts:3197:16)
      at Parser.allowInAnd [as parseExpression] (node_modules/@babel/parser/src/parser/expression.ts:217:17)
      at Parser.parseExpression [as parseStatementContent] (node_modules/@babel/parser/src/parser/statement.ts:688:23)
      at Parser.parseStatementContent [as parseStatementLike] (node_modules/@babel/parser/src/parser/statement.ts:482:17)
      at Parser.parseStatementLike [as parseModuleItem] (node_modules/@babel/parser/src/parser/statement.ts:419:17)
      at Parser.parseModuleItem [as parseBlockOrModuleBlockBody] (node_modules/@babel/parser/src/parser/statement.ts:1443:16)
      at Parser.parseBlockOrModuleBlockBody [as parseBlockBody] (node_modules/@babel/parser/src/parser/statement.ts:1417:10)
      at Parser.parseBlockBody [as parseProgram] (node_modules/@babel/parser/src/parser/statement.ts:229:10)
      at Parser.parseProgram [as parseTopLevel] (node_modules/@babel/parser/src/parser/statement.ts:203:25)

FAIL tests/Inventory.test.js
  ● Test suite failed to run

    Jest encountered an unexpected token

    Jest failed to parse a file. This happens e.g. when your code or its dependencies use non-standard JavaScript syntax, or when Jest is not configured to support such syntax.

    Out of the box Jest supports Babel, which will be used to transform your files into valid JS based on your Babel configuration.

    By default "node_modules" folder is ignored by transformers.

    Here's what you can do:
     • If you are trying to use ECMAScript Modules, see https://jestjs.io/docs/ecmascript-modules for how to enable it.
     • If you are trying to use TypeScript, see https://jestjs.io/docs/getting-started#using-typescript
     • To have some of your "node_modules" files transformed, you can specify a custom "transformIgnorePatterns" in your config.
     • If you need a custom transformation, specify a "transform" option in your config.
     • If you simply want to mock your non-JS modules (e.g. binary assets) you can stub them out with the "moduleNameMapper" config option.

    You'll find more details and examples of these config options in the docs:
    https://jestjs.io/docs/configuration
    For information about custom transformations, see:
    https://jestjs.io/docs/code-transformation

    Details:

    SyntaxError: /workspaces/Nadagotchi/js/Nadagotchi.js: Unexpected token (32:0)

      30 |      */
      31 |     constructor(initialArchetype, loadedData = null) {
    > 32 | <<<<<<< HEAD
         | ^
      33 |         /** @type {boolean} Indicates if the asynchronous initialization is complete. */
      34 |         this.isInitialized = false;
      35 |

      1 |
    > 2 | import { Nadagotchi } from '../js/Nadagotchi.js';
        | ^
      3 | import { Config } from '../js/Config.js';
      4 |
      5 | // Mock ItemData.js

      at constructor (node_modules/@babel/parser/src/parse-error.ts:95:45)
      at Parser.toParseError [as raise] (node_modules/@babel/parser/src/tokenizer/index.ts:1507:19)
      at Parser.raise [as unexpected] (node_modules/@babel/parser/src/tokenizer/index.ts:1547:16)
      at Parser.unexpected [as parseExprAtom] (node_modules/@babel/parser/src/parser/expression.ts:1355:22)
      at Parser.parseExprAtom [as parseExprSubscripts] (node_modules/@babel/parser/src/parser/expression.ts:742:23)
      at Parser.parseExprSubscripts [as parseUpdate] (node_modules/@babel/parser/src/parser/expression.ts:721:21)
      at Parser.parseUpdate [as parseMaybeUnary] (node_modules/@babel/parser/src/parser/expression.ts:683:23)
      at Parser.parseMaybeUnary [as parseMaybeUnaryOrPrivate] (node_modules/@babel/parser/src/parser/expression.ts:417:14)
      at Parser.parseMaybeUnaryOrPrivate [as parseExprOps] (node_modules/@babel/parser/src/parser/expression.ts:429:23)
      at Parser.parseExprOps [as parseMaybeConditional] (node_modules/@babel/parser/src/parser/expression.ts:384:23)
      at Parser.parseMaybeConditional [as parseMaybeAssign] (node_modules/@babel/parser/src/parser/expression.ts:301:21)
      at Parser.parseMaybeAssign [as parseExpressionBase] (node_modules/@babel/parser/src/parser/expression.ts:226:23)
      at parseExpressionBase (node_modules/@babel/parser/src/parser/expression.ts:217:39)
      at Parser.callback [as allowInAnd] (node_modules/@babel/parser/src/parser/expression.ts:3197:16)
      at Parser.allowInAnd [as parseExpression] (node_modules/@babel/parser/src/parser/expression.ts:217:17)
      at Parser.parseExpression [as parseStatementContent] (node_modules/@babel/parser/src/parser/statement.ts:688:23)
      at Parser.parseStatementContent [as parseStatementLike] (node_modules/@babel/parser/src/parser/statement.ts:482:17)
      at Parser.parseStatementLike [as parseStatementListItem] (node_modules/@babel/parser/src/parser/statement.ts:431:17)
      at Parser.parseStatementListItem [as parseBlockOrModuleBlockBody] (node_modules/@babel/parser/src/parser/statement.ts:1444:16)
      at Parser.parseBlockOrModuleBlockBody [as parseBlockBody] (node_modules/@babel/parser/src/parser/statement.ts:1417:10)
      at Parser.parseBlockBody [as parseBlock] (node_modules/@babel/parser/src/parser/statement.ts:1385:10)
      at Parser.parseBlock [as parseFunctionBody] (node_modules/@babel/parser/src/parser/expression.ts:2626:24)
      at Parser.parseFunctionBody [as parseFunctionBodyAndFinish] (node_modules/@babel/parser/src/parser/expression.ts:2595:10)
      at Parser.parseFunctionBodyAndFinish [as parseMethod] (node_modules/@babel/parser/src/parser/expression.ts:2492:31)
      at Parser.parseMethod [as pushClassMethod] (node_modules/@babel/parser/src/parser/statement.ts:2244:12)
      at Parser.pushClassMethod [as parseClassMemberWithIsStatic] (node_modules/@babel/parser/src/parser/statement.ts:2023:12)
      at Parser.parseClassMemberWithIsStatic [as parseClassMember] (node_modules/@babel/parser/src/parser/statement.ts:1938:10)
      at parseClassMember (node_modules/@babel/parser/src/parser/statement.ts:1851:14)
      at Parser.callback [as withSmartMixTopicForbiddingContext] (node_modules/@babel/parser/src/parser/expression.ts:3176:14)
      at Parser.withSmartMixTopicForbiddingContext [as parseClassBody] (node_modules/@babel/parser/src/parser/statement.ts:1823:10)
      at Parser.parseClassBody [as parseClass] (node_modules/@babel/parser/src/parser/statement.ts:1774:22)
      at Parser.parseClass [as parseExportDeclaration] (node_modules/@babel/parser/src/parser/statement.ts:2628:25)
      at Parser.parseExportDeclaration [as maybeParseExportDeclaration] (node_modules/@babel/parser/src/parser/statement.ts:2551:31)
      at Parser.maybeParseExportDeclaration [as parseExport] (node_modules/@babel/parser/src/parser/statement.ts:2432:29)
      at Parser.parseExport [as parseStatementContent] (node_modules/@babel/parser/src/parser/statement.ts:649:25)
      at Parser.parseStatementContent [as parseStatementLike] (node_modules/@babel/parser/src/parser/statement.ts:482:17)
      at Parser.parseStatementLike [as parseModuleItem] (node_modules/@babel/parser/src/parser/statement.ts:419:17)
      at Parser.parseModuleItem [as parseBlockOrModuleBlockBody] (node_modules/@babel/parser/src/parser/statement.ts:1443:16)
      at Parser.parseBlockOrModuleBlockBody [as parseBlockBody] (node_modules/@babel/parser/src/parser/statement.ts:1417:10)
      at Parser.parseBlockBody [as parseProgram] (node_modules/@babel/parser/src/parser/statement.ts:229:10)
      at Parser.parseProgram [as parseTopLevel] (node_modules/@babel/parser/src/parser/statement.ts:203:25)
      at Parser.parseTopLevel [as parse] (node_modules/@babel/parser/src/parser/index.ts:88:25)
      at parse (node_modules/@babel/parser/src/index.ts:86:38)
      at parser (node_modules/@babel/core/src/parser/index.ts:29:19)
          at parser.next (<anonymous>)
      at normalizeFile (node_modules/@babel/core/src/transformation/normalize-file.ts:50:24)
          at normalizeFile.next (<anonymous>)
      at run (node_modules/@babel/core/src/transformation/index.ts:41:36)
          at run.next (<anonymous>)
      at transform (node_modules/@babel/core/src/transform.ts:29:20)
          at transform.next (<anonymous>)
      at evaluateSync (node_modules/gensync/index.js:251:28)
      at sync (node_modules/gensync/index.js:89:14)
      at fn (node_modules/@babel/core/src/errors/rewrite-stack-trace.ts:99:14)
      at transformSync (node_modules/@babel/core/src/transform.ts:66:52)
      at ScriptTransformer.transformSource (node_modules/@jest/transform/build/index.js:422:31)
      at ScriptTransformer._transformAndBuildScript (node_modules/@jest/transform/build/index.js:519:40)
      at ScriptTransformer.transform (node_modules/@jest/transform/build/index.js:558:19)
      at Object.require (tests/Inventory.test.js:2:1)

FAIL tests/DayCycle.test.js
  ● Test suite failed to run

    Jest encountered an unexpected token

    Jest failed to parse a file. This happens e.g. when your code or its dependencies use non-standard JavaScript syntax, or when Jest is not configured to support such syntax.

    Out of the box Jest supports Babel, which will be used to transform your files into valid JS based on your Babel configuration.

    By default "node_modules" folder is ignored by transformers.

    Here's what you can do:
     • If you are trying to use ECMAScript Modules, see https://jestjs.io/docs/ecmascript-modules for how to enable it.
     • If you are trying to use TypeScript, see https://jestjs.io/docs/getting-started#using-typescript
     • To have some of your "node_modules" files transformed, you can specify a custom "transformIgnorePatterns" in your config.
     • If you need a custom transformation, specify a "transform" option in your config.
     • If you simply want to mock your non-JS modules (e.g. binary assets) you can stub them out with the "moduleNameMapper" config option.

    You'll find more details and examples of these config options in the docs:
    https://jestjs.io/docs/configuration
    For information about custom transformations, see:
    https://jestjs.io/docs/code-transformation

    Details:

    SyntaxError: /workspaces/Nadagotchi/js/Nadagotchi.js: Unexpected token (32:0)

      30 |      */
      31 |     constructor(initialArchetype, loadedData = null) {
    > 32 | <<<<<<< HEAD
         | ^
      33 |         /** @type {boolean} Indicates if the asynchronous initialization is complete. */
      34 |         this.isInitialized = false;
      35 |

      1 |
      2 | import { jest } from '@jest/globals';
    > 3 | import { Nadagotchi } from '../js/Nadagotchi';
        | ^
      4 | import { Calendar } from '../js/Calendar';
      5 | import { WorldClock } from '../js/WorldClock';
      6 | import { EventManager } from '../js/EventManager';

      at constructor (node_modules/@babel/parser/src/parse-error.ts:95:45)
      at Parser.toParseError [as raise] (node_modules/@babel/parser/src/tokenizer/index.ts:1507:19)
      at Parser.raise [as unexpected] (node_modules/@babel/parser/src/tokenizer/index.ts:1547:16)
      at Parser.unexpected [as parseExprAtom] (node_modules/@babel/parser/src/parser/expression.ts:1355:22)
      at Parser.parseExprAtom [as parseExprSubscripts] (node_modules/@babel/parser/src/parser/expression.ts:742:23)
      at Parser.parseExprSubscripts [as parseUpdate] (node_modules/@babel/parser/src/parser/expression.ts:721:21)
      at Parser.parseUpdate [as parseMaybeUnary] (node_modules/@babel/parser/src/parser/expression.ts:683:23)
      at Parser.parseMaybeUnary [as parseMaybeUnaryOrPrivate] (node_modules/@babel/parser/src/parser/expression.ts:417:14)
      at Parser.parseMaybeUnaryOrPrivate [as parseExprOps] (node_modules/@babel/parser/src/parser/expression.ts:429:23)
      at Parser.parseExprOps [as parseMaybeConditional] (node_modules/@babel/parser/src/parser/expression.ts:384:23)
      at Parser.parseMaybeConditional [as parseMaybeAssign] (node_modules/@babel/parser/src/parser/expression.ts:301:21)
      at Parser.parseMaybeAssign [as parseExpressionBase] (node_modules/@babel/parser/src/parser/expression.ts:226:23)
      at parseExpressionBase (node_modules/@babel/parser/src/parser/expression.ts:217:39)
      at Parser.callback [as allowInAnd] (node_modules/@babel/parser/src/parser/expression.ts:3197:16)
      at Parser.allowInAnd [as parseExpression] (node_modules/@babel/parser/src/parser/expression.ts:217:17)
      at Parser.parseExpression [as parseStatementContent] (node_modules/@babel/parser/src/parser/statement.ts:688:23)
      at Parser.parseStatementContent [as parseStatementLike] (node_modules/@babel/parser/src/parser/statement.ts:482:17)
      at Parser.parseStatementLike [as parseStatementListItem] (node_modules/@babel/parser/src/parser/statement.ts:431:17)
      at Parser.parseStatementListItem [as parseBlockOrModuleBlockBody] (node_modules/@babel/parser/src/parser/statement.ts:1444:16)
      at Parser.parseBlockOrModuleBlockBody [as parseBlockBody] (node_modules/@babel/parser/src/parser/statement.ts:1417:10)
      at Parser.parseBlockBody [as parseBlock] (node_modules/@babel/parser/src/parser/statement.ts:1385:10)
      at Parser.parseBlock [as parseFunctionBody] (node_modules/@babel/parser/src/parser/expression.ts:2626:24)
      at Parser.parseFunctionBody [as parseFunctionBodyAndFinish] (node_modules/@babel/parser/src/parser/expression.ts:2595:10)
      at Parser.parseFunctionBodyAndFinish [as parseMethod] (node_modules/@babel/parser/src/parser/expression.ts:2492:31)
      at Parser.parseMethod [as pushClassMethod] (node_modules/@babel/parser/src/parser/statement.ts:2244:12)
      at Parser.pushClassMethod [as parseClassMemberWithIsStatic] (node_modules/@babel/parser/src/parser/statement.ts:2023:12)
      at Parser.parseClassMemberWithIsStatic [as parseClassMember] (node_modules/@babel/parser/src/parser/statement.ts:1938:10)
      at parseClassMember (node_modules/@babel/parser/src/parser/statement.ts:1851:14)
      at Parser.callback [as withSmartMixTopicForbiddingContext] (node_modules/@babel/parser/src/parser/expression.ts:3176:14)
      at Parser.withSmartMixTopicForbiddingContext [as parseClassBody] (node_modules/@babel/parser/src/parser/statement.ts:1823:10)
      at Parser.parseClassBody [as parseClass] (node_modules/@babel/parser/src/parser/statement.ts:1774:22)
      at Parser.parseClass [as parseExportDeclaration] (node_modules/@babel/parser/src/parser/statement.ts:2628:25)
      at Parser.parseExportDeclaration [as maybeParseExportDeclaration] (node_modules/@babel/parser/src/parser/statement.ts:2551:31)
      at Parser.maybeParseExportDeclaration [as parseExport] (node_modules/@babel/parser/src/parser/statement.ts:2432:29)
      at Parser.parseExport [as parseStatementContent] (node_modules/@babel/parser/src/parser/statement.ts:649:25)
      at Parser.parseStatementContent [as parseStatementLike] (node_modules/@babel/parser/src/parser/statement.ts:482:17)
      at Parser.parseStatementLike [as parseModuleItem] (node_modules/@babel/parser/src/parser/statement.ts:419:17)
      at Parser.parseModuleItem [as parseBlockOrModuleBlockBody] (node_modules/@babel/parser/src/parser/statement.ts:1443:16)
      at Parser.parseBlockOrModuleBlockBody [as parseBlockBody] (node_modules/@babel/parser/src/parser/statement.ts:1417:10)
      at Parser.parseBlockBody [as parseProgram] (node_modules/@babel/parser/src/parser/statement.ts:229:10)
      at Parser.parseProgram [as parseTopLevel] (node_modules/@babel/parser/src/parser/statement.ts:203:25)
      at Parser.parseTopLevel [as parse] (node_modules/@babel/parser/src/parser/index.ts:88:25)
      at parse (node_modules/@babel/parser/src/index.ts:86:38)
      at parser (node_modules/@babel/core/src/parser/index.ts:29:19)
          at parser.next (<anonymous>)
      at normalizeFile (node_modules/@babel/core/src/transformation/normalize-file.ts:50:24)
          at normalizeFile.next (<anonymous>)
      at run (node_modules/@babel/core/src/transformation/index.ts:41:36)
          at run.next (<anonymous>)
      at transform (node_modules/@babel/core/src/transform.ts:29:20)
          at transform.next (<anonymous>)
      at evaluateSync (node_modules/gensync/index.js:251:28)
      at sync (node_modules/gensync/index.js:89:14)
      at fn (node_modules/@babel/core/src/errors/rewrite-stack-trace.ts:99:14)
      at transformSync (node_modules/@babel/core/src/transform.ts:66:52)
      at ScriptTransformer.transformSource (node_modules/@jest/transform/build/index.js:422:31)
      at ScriptTransformer._transformAndBuildScript (node_modules/@jest/transform/build/index.js:519:40)
      at ScriptTransformer.transform (node_modules/@jest/transform/build/index.js:558:19)
      at Object.require (tests/DayCycle.test.js:3:1)

FAIL tests/Performance_UpdateStats.test.js
  ● Test suite failed to run

    Jest encountered an unexpected token

    Jest failed to parse a file. This happens e.g. when your code or its dependencies use non-standard JavaScript syntax, or when Jest is not configured to support such syntax.

    Out of the box Jest supports Babel, which will be used to transform your files into valid JS based on your Babel configuration.

    By default "node_modules" folder is ignored by transformers.

    Here's what you can do:
     • If you are trying to use ECMAScript Modules, see https://jestjs.io/docs/ecmascript-modules for how to enable it.
     • If you are trying to use TypeScript, see https://jestjs.io/docs/getting-started#using-typescript
     • To have some of your "node_modules" files transformed, you can specify a custom "transformIgnorePatterns" in your config.
     • If you need a custom transformation, specify a "transform" option in your config.
     • If you simply want to mock your non-JS modules (e.g. binary assets) you can stub them out with the "moduleNameMapper" config option.

    You'll find more details and examples of these config options in the docs:
    https://jestjs.io/docs/configuration
    For information about custom transformations, see:
    https://jestjs.io/docs/code-transformation

    Details:

    SyntaxError: /workspaces/Nadagotchi/tests/helpers/mockPhaser.js: Unexpected token (1:0)

    > 1 | <<<<<<< HEAD
        | ^
      2 | =======
      3 |
      4 | >>>>>>> 74fdaab (Update js/DebugConsole.js)

      1 |
      2 | // tests/Performance_UpdateStats.test.js
    > 3 | import { setupPhaserMock, createMockAdd, mockGameObject } from './helpers/mockPhaser';
        | ^
      4 |
      5 | // 1. Setup Phaser Mock
      6 | setupPhaserMock();

      at constructor (node_modules/@babel/parser/src/parse-error.ts:95:45)
      at Parser.toParseError [as raise] (node_modules/@babel/parser/src/tokenizer/index.ts:1507:19)
      at Parser.raise [as unexpected] (node_modules/@babel/parser/src/tokenizer/index.ts:1547:16)
      at Parser.unexpected [as parseExprAtom] (node_modules/@babel/parser/src/parser/expression.ts:1355:22)
      at Parser.parseExprAtom [as parseExprSubscripts] (node_modules/@babel/parser/src/parser/expression.ts:742:23)
      at Parser.parseExprSubscripts [as parseUpdate] (node_modules/@babel/parser/src/parser/expression.ts:721:21)
      at Parser.parseUpdate [as parseMaybeUnary] (node_modules/@babel/parser/src/parser/expression.ts:683:23)
      at Parser.parseMaybeUnary [as parseMaybeUnaryOrPrivate] (node_modules/@babel/parser/src/parser/expression.ts:417:14)
      at Parser.parseMaybeUnaryOrPrivate [as parseExprOps] (node_modules/@babel/parser/src/parser/expression.ts:429:23)
      at Parser.parseExprOps [as parseMaybeConditional] (node_modules/@babel/parser/src/parser/expression.ts:384:23)
      at Parser.parseMaybeConditional [as parseMaybeAssign] (node_modules/@babel/parser/src/parser/expression.ts:301:21)
      at Parser.parseMaybeAssign [as parseExpressionBase] (node_modules/@babel/parser/src/parser/expression.ts:226:23)
      at parseExpressionBase (node_modules/@babel/parser/src/parser/expression.ts:217:39)
      at Parser.callback [as allowInAnd] (node_modules/@babel/parser/src/parser/expression.ts:3197:16)
      at Parser.allowInAnd [as parseExpression] (node_modules/@babel/parser/src/parser/expression.ts:217:17)
      at Parser.parseExpression [as parseStatementContent] (node_modules/@babel/parser/src/parser/statement.ts:688:23)
      at Parser.parseStatementContent [as parseStatementLike] (node_modules/@babel/parser/src/parser/statement.ts:482:17)
      at Parser.parseStatementLike [as parseModuleItem] (node_modules/@babel/parser/src/parser/statement.ts:419:17)
      at Parser.parseModuleItem [as parseBlockOrModuleBlockBody] (node_modules/@babel/parser/src/parser/statement.ts:1443:16)
      at Parser.parseBlockOrModuleBlockBody [as parseBlockBody] (node_modules/@babel/parser/src/parser/statement.ts:1417:10)
      at Parser.parseBlockBody [as parseProgram] (node_modules/@babel/parser/src/parser/statement.ts:229:10)
      at Parser.parseProgram [as parseTopLevel] (node_modules/@babel/parser/src/parser/statement.ts:203:25)
      at Parser.parseTopLevel [as parse] (node_modules/@babel/parser/src/parser/index.ts:88:25)
      at parse (node_modules/@babel/parser/src/index.ts:86:38)
      at parser (node_modules/@babel/core/src/parser/index.ts:29:19)
          at parser.next (<anonymous>)
      at normalizeFile (node_modules/@babel/core/src/transformation/normalize-file.ts:50:24)
          at normalizeFile.next (<anonymous>)
      at run (node_modules/@babel/core/src/transformation/index.ts:41:36)
          at run.next (<anonymous>)
      at transform (node_modules/@babel/core/src/transform.ts:29:20)
          at transform.next (<anonymous>)
      at evaluateSync (node_modules/gensync/index.js:251:28)
      at sync (node_modules/gensync/index.js:89:14)
      at fn (node_modules/@babel/core/src/errors/rewrite-stack-trace.ts:99:14)
      at transformSync (node_modules/@babel/core/src/transform.ts:66:52)
      at ScriptTransformer.transformSource (node_modules/@jest/transform/build/index.js:422:31)
      at ScriptTransformer._transformAndBuildScript (node_modules/@jest/transform/build/index.js:519:40)
      at ScriptTransformer.transform (node_modules/@jest/transform/build/index.js:558:19)
      at Object.require (tests/Performance_UpdateStats.test.js:3:1)

FAIL tests/LogicPuzzleScene.test.js
  ● Test suite failed to run

    Jest encountered an unexpected token

    Jest failed to parse a file. This happens e.g. when your code or its dependencies use non-standard JavaScript syntax, or when Jest is not configured to support such syntax.

    Out of the box Jest supports Babel, which will be used to transform your files into valid JS based on your Babel configuration.

    By default "node_modules" folder is ignored by transformers.

    Here's what you can do:
     • If you are trying to use ECMAScript Modules, see https://jestjs.io/docs/ecmascript-modules for how to enable it.
     • If you are trying to use TypeScript, see https://jestjs.io/docs/getting-started#using-typescript
     • To have some of your "node_modules" files transformed, you can specify a custom "transformIgnorePatterns" in your config.
     • If you need a custom transformation, specify a "transform" option in your config.
     • If you simply want to mock your non-JS modules (e.g. binary assets) you can stub them out with the "moduleNameMapper" config option.

    You'll find more details and examples of these config options in the docs:
    https://jestjs.io/docs/configuration
    For information about custom transformations, see:
    https://jestjs.io/docs/code-transformation

    Details:

    SyntaxError: /workspaces/Nadagotchi/js/LogicPuzzleScene.js: Unexpected token (2:0)

      1 | import { EventKeys } from './EventKeys.js';
    > 2 | <<<<<<< HEAD
        | ^
      3 | import { Config } from './Config.js';
      4 | =======
      5 | >>>>>>> 74fdaab (Update js/DebugConsole.js)

      33 | };
      34 |
    > 35 | const { LogicPuzzleScene } = require('../js/LogicPuzzleScene');
         |                              ^
      36 |
      37 | // Re-use helper
      38 | const createMockRectangle = () => {

      at constructor (node_modules/@babel/parser/src/parse-error.ts:95:45)
      at Parser.toParseError [as raise] (node_modules/@babel/parser/src/tokenizer/index.ts:1507:19)
      at Parser.raise [as unexpected] (node_modules/@babel/parser/src/tokenizer/index.ts:1547:16)
      at Parser.unexpected [as parseExprAtom] (node_modules/@babel/parser/src/parser/expression.ts:1355:22)
      at Parser.parseExprAtom [as parseExprSubscripts] (node_modules/@babel/parser/src/parser/expression.ts:742:23)
      at Parser.parseExprSubscripts [as parseUpdate] (node_modules/@babel/parser/src/parser/expression.ts:721:21)
      at Parser.parseUpdate [as parseMaybeUnary] (node_modules/@babel/parser/src/parser/expression.ts:683:23)
      at Parser.parseMaybeUnary [as parseMaybeUnaryOrPrivate] (node_modules/@babel/parser/src/parser/expression.ts:417:14)
      at Parser.parseMaybeUnaryOrPrivate [as parseExprOps] (node_modules/@babel/parser/src/parser/expression.ts:429:23)
      at Parser.parseExprOps [as parseMaybeConditional] (node_modules/@babel/parser/src/parser/expression.ts:384:23)
      at Parser.parseMaybeConditional [as parseMaybeAssign] (node_modules/@babel/parser/src/parser/expression.ts:301:21)
      at Parser.parseMaybeAssign [as parseExpressionBase] (node_modules/@babel/parser/src/parser/expression.ts:226:23)
      at parseExpressionBase (node_modules/@babel/parser/src/parser/expression.ts:217:39)
      at Parser.callback [as allowInAnd] (node_modules/@babel/parser/src/parser/expression.ts:3197:16)
      at Parser.allowInAnd [as parseExpression] (node_modules/@babel/parser/src/parser/expression.ts:217:17)
      at Parser.parseExpression [as parseStatementContent] (node_modules/@babel/parser/src/parser/statement.ts:688:23)
      at Parser.parseStatementContent [as parseStatementLike] (node_modules/@babel/parser/src/parser/statement.ts:482:17)
      at Parser.parseStatementLike [as parseModuleItem] (node_modules/@babel/parser/src/parser/statement.ts:419:17)
      at Parser.parseModuleItem [as parseBlockOrModuleBlockBody] (node_modules/@babel/parser/src/parser/statement.ts:1443:16)
      at Parser.parseBlockOrModuleBlockBody [as parseBlockBody] (node_modules/@babel/parser/src/parser/statement.ts:1417:10)
      at Parser.parseBlockBody [as parseProgram] (node_modules/@babel/parser/src/parser/statement.ts:229:10)
      at Parser.parseProgram [as parseTopLevel] (node_modules/@babel/parser/src/parser/statement.ts:203:25)
      at Parser.parseTopLevel [as parse] (node_modules/@babel/parser/src/parser/index.ts:88:25)
      at parse (node_modules/@babel/parser/src/index.ts:86:38)
      at parser (node_modules/@babel/core/src/parser/index.ts:29:19)
          at parser.next (<anonymous>)
      at normalizeFile (node_modules/@babel/core/src/transformation/normalize-file.ts:50:24)
          at normalizeFile.next (<anonymous>)
      at run (node_modules/@babel/core/src/transformation/index.ts:41:36)
          at run.next (<anonymous>)
      at transform (node_modules/@babel/core/src/transform.ts:29:20)
          at transform.next (<anonymous>)
      at evaluateSync (node_modules/gensync/index.js:251:28)
      at sync (node_modules/gensync/index.js:89:14)
      at fn (node_modules/@babel/core/src/errors/rewrite-stack-trace.ts:99:14)
      at transformSync (node_modules/@babel/core/src/transform.ts:66:52)
      at ScriptTransformer.transformSource (node_modules/@jest/transform/build/index.js:422:31)
      at ScriptTransformer._transformAndBuildScript (node_modules/@jest/transform/build/index.js:519:40)
      at ScriptTransformer.transform (node_modules/@jest/transform/build/index.js:558:19)
      at Object.require (tests/LogicPuzzleScene.test.js:35:30)

FAIL tests/CareerAndQuests.test.js
  ● Test suite failed to run

    Jest encountered an unexpected token

    Jest failed to parse a file. This happens e.g. when your code or its dependencies use non-standard JavaScript syntax, or when Jest is not configured to support such syntax.

    Out of the box Jest supports Babel, which will be used to transform your files into valid JS based on your Babel configuration.

    By default "node_modules" folder is ignored by transformers.

    Here's what you can do:
     • If you are trying to use ECMAScript Modules, see https://jestjs.io/docs/ecmascript-modules for how to enable it.
     • If you are trying to use TypeScript, see https://jestjs.io/docs/getting-started#using-typescript
     • To have some of your "node_modules" files transformed, you can specify a custom "transformIgnorePatterns" in your config.
     • If you need a custom transformation, specify a "transform" option in your config.
     • If you simply want to mock your non-JS modules (e.g. binary assets) you can stub them out with the "moduleNameMapper" config option.

    You'll find more details and examples of these config options in the docs:
    https://jestjs.io/docs/configuration
    For information about custom transformations, see:
    https://jestjs.io/docs/code-transformation

    Details:

    SyntaxError: /workspaces/Nadagotchi/js/Nadagotchi.js: Unexpected token (32:0)

      30 |      */
      31 |     constructor(initialArchetype, loadedData = null) {
    > 32 | <<<<<<< HEAD
         | ^
      33 |         /** @type {boolean} Indicates if the asynchronous initialization is complete. */
      34 |         this.isInitialized = false;
      35 |

      33 | };
      34 |
    > 35 | const { Nadagotchi } = require('../js/Nadagotchi.js');
         |                        ^
      36 | const { QuestSystem } = require('../js/systems/QuestSystem.js');
      37 |
      38 | describe('Career and Quest Integration', () => {

      at constructor (node_modules/@babel/parser/src/parse-error.ts:95:45)
      at Parser.toParseError [as raise] (node_modules/@babel/parser/src/tokenizer/index.ts:1507:19)
      at Parser.raise [as unexpected] (node_modules/@babel/parser/src/tokenizer/index.ts:1547:16)
      at Parser.unexpected [as parseExprAtom] (node_modules/@babel/parser/src/parser/expression.ts:1355:22)
      at Parser.parseExprAtom [as parseExprSubscripts] (node_modules/@babel/parser/src/parser/expression.ts:742:23)
      at Parser.parseExprSubscripts [as parseUpdate] (node_modules/@babel/parser/src/parser/expression.ts:721:21)
      at Parser.parseUpdate [as parseMaybeUnary] (node_modules/@babel/parser/src/parser/expression.ts:683:23)
      at Parser.parseMaybeUnary [as parseMaybeUnaryOrPrivate] (node_modules/@babel/parser/src/parser/expression.ts:417:14)
      at Parser.parseMaybeUnaryOrPrivate [as parseExprOps] (node_modules/@babel/parser/src/parser/expression.ts:429:23)
      at Parser.parseExprOps [as parseMaybeConditional] (node_modules/@babel/parser/src/parser/expression.ts:384:23)
      at Parser.parseMaybeConditional [as parseMaybeAssign] (node_modules/@babel/parser/src/parser/expression.ts:301:21)
      at Parser.parseMaybeAssign [as parseExpressionBase] (node_modules/@babel/parser/src/parser/expression.ts:226:23)
      at parseExpressionBase (node_modules/@babel/parser/src/parser/expression.ts:217:39)
      at Parser.callback [as allowInAnd] (node_modules/@babel/parser/src/parser/expression.ts:3197:16)
      at Parser.allowInAnd [as parseExpression] (node_modules/@babel/parser/src/parser/expression.ts:217:17)
      at Parser.parseExpression [as parseStatementContent] (node_modules/@babel/parser/src/parser/statement.ts:688:23)
      at Parser.parseStatementContent [as parseStatementLike] (node_modules/@babel/parser/src/parser/statement.ts:482:17)
      at Parser.parseStatementLike [as parseStatementListItem] (node_modules/@babel/parser/src/parser/statement.ts:431:17)
      at Parser.parseStatementListItem [as parseBlockOrModuleBlockBody] (node_modules/@babel/parser/src/parser/statement.ts:1444:16)
      at Parser.parseBlockOrModuleBlockBody [as parseBlockBody] (node_modules/@babel/parser/src/parser/statement.ts:1417:10)
      at Parser.parseBlockBody [as parseBlock] (node_modules/@babel/parser/src/parser/statement.ts:1385:10)
      at Parser.parseBlock [as parseFunctionBody] (node_modules/@babel/parser/src/parser/expression.ts:2626:24)
      at Parser.parseFunctionBody [as parseFunctionBodyAndFinish] (node_modules/@babel/parser/src/parser/expression.ts:2595:10)
      at Parser.parseFunctionBodyAndFinish [as parseMethod] (node_modules/@babel/parser/src/parser/expression.ts:2492:31)
      at Parser.parseMethod [as pushClassMethod] (node_modules/@babel/parser/src/parser/statement.ts:2244:12)
      at Parser.pushClassMethod [as parseClassMemberWithIsStatic] (node_modules/@babel/parser/src/parser/statement.ts:2023:12)
      at Parser.parseClassMemberWithIsStatic [as parseClassMember] (node_modules/@babel/parser/src/parser/statement.ts:1938:10)
      at parseClassMember (node_modules/@babel/parser/src/parser/statement.ts:1851:14)
      at Parser.callback [as withSmartMixTopicForbiddingContext] (node_modules/@babel/parser/src/parser/expression.ts:3176:14)
      at Parser.withSmartMixTopicForbiddingContext [as parseClassBody] (node_modules/@babel/parser/src/parser/statement.ts:1823:10)
      at Parser.parseClassBody [as parseClass] (node_modules/@babel/parser/src/parser/statement.ts:1774:22)
      at Parser.parseClass [as parseExportDeclaration] (node_modules/@babel/parser/src/parser/statement.ts:2628:25)
      at Parser.parseExportDeclaration [as maybeParseExportDeclaration] (node_modules/@babel/parser/src/parser/statement.ts:2551:31)
      at Parser.maybeParseExportDeclaration [as parseExport] (node_modules/@babel/parser/src/parser/statement.ts:2432:29)
      at Parser.parseExport [as parseStatementContent] (node_modules/@babel/parser/src/parser/statement.ts:649:25)
      at Parser.parseStatementContent [as parseStatementLike] (node_modules/@babel/parser/src/parser/statement.ts:482:17)
      at Parser.parseStatementLike [as parseModuleItem] (node_modules/@babel/parser/src/parser/statement.ts:419:17)
      at Parser.parseModuleItem [as parseBlockOrModuleBlockBody] (node_modules/@babel/parser/src/parser/statement.ts:1443:16)
      at Parser.parseBlockOrModuleBlockBody [as parseBlockBody] (node_modules/@babel/parser/src/parser/statement.ts:1417:10)
      at Parser.parseBlockBody [as parseProgram] (node_modules/@babel/parser/src/parser/statement.ts:229:10)
      at Parser.parseProgram [as parseTopLevel] (node_modules/@babel/parser/src/parser/statement.ts:203:25)
      at Parser.parseTopLevel [as parse] (node_modules/@babel/parser/src/parser/index.ts:88:25)
      at parse (node_modules/@babel/parser/src/index.ts:86:38)
      at parser (node_modules/@babel/core/src/parser/index.ts:29:19)
          at parser.next (<anonymous>)
      at normalizeFile (node_modules/@babel/core/src/transformation/normalize-file.ts:50:24)
          at normalizeFile.next (<anonymous>)
      at run (node_modules/@babel/core/src/transformation/index.ts:41:36)
          at run.next (<anonymous>)
      at transform (node_modules/@babel/core/src/transform.ts:29:20)
          at transform.next (<anonymous>)
      at evaluateSync (node_modules/gensync/index.js:251:28)
      at sync (node_modules/gensync/index.js:89:14)
      at fn (node_modules/@babel/core/src/errors/rewrite-stack-trace.ts:99:14)
      at transformSync (node_modules/@babel/core/src/transform.ts:66:52)
      at ScriptTransformer.transformSource (node_modules/@jest/transform/build/index.js:422:31)
      at ScriptTransformer._transformAndBuildScript (node_modules/@jest/transform/build/index.js:519:40)
      at ScriptTransformer.transform (node_modules/@jest/transform/build/index.js:558:19)
      at Object.require (tests/CareerAndQuests.test.js:35:24)

FAIL tests/ExploitScaling.test.js
  ● Test suite failed to run

    Jest encountered an unexpected token

    Jest failed to parse a file. This happens e.g. when your code or its dependencies use non-standard JavaScript syntax, or when Jest is not configured to support such syntax.

    Out of the box Jest supports Babel, which will be used to transform your files into valid JS based on your Babel configuration.

    By default "node_modules" folder is ignored by transformers.

    Here's what you can do:
     • If you are trying to use ECMAScript Modules, see https://jestjs.io/docs/ecmascript-modules for how to enable it.
     • If you are trying to use TypeScript, see https://jestjs.io/docs/getting-started#using-typescript
     • To have some of your "node_modules" files transformed, you can specify a custom "transformIgnorePatterns" in your config.
     • If you need a custom transformation, specify a "transform" option in your config.
     • If you simply want to mock your non-JS modules (e.g. binary assets) you can stub them out with the "moduleNameMapper" config option.

    You'll find more details and examples of these config options in the docs:
    https://jestjs.io/docs/configuration
    For information about custom transformations, see:
    https://jestjs.io/docs/code-transformation

    Details:

    SyntaxError: /workspaces/Nadagotchi/js/MainScene.js: Unexpected token (66:0)

      64 |         /** @type {number} Timestamp for the next autonomous move. */
      65 |         this.nextMoveTime = 0;
    > 66 | <<<<<<< HEAD
         | ^
      67 |
      68 |         /** @type {boolean} Flag indicating if async initialization is complete. */
      69 |         this.isReady = false;

      19 | };
      20 |
    > 21 | const { MainScene } = require('../js/MainScene.js');
         |                       ^
      22 | const { Nadagotchi } = require('../js/Nadagotchi.js');
      23 |
      24 | describe('Exploit: Non-Scaling Work Rewards', () => {

      at constructor (node_modules/@babel/parser/src/parse-error.ts:95:45)
      at Parser.toParseError [as raise] (node_modules/@babel/parser/src/tokenizer/index.ts:1507:19)
      at Parser.raise [as unexpected] (node_modules/@babel/parser/src/tokenizer/index.ts:1547:16)
      at Parser.unexpected [as parseExprAtom] (node_modules/@babel/parser/src/parser/expression.ts:1355:22)
      at Parser.parseExprAtom [as parseExprSubscripts] (node_modules/@babel/parser/src/parser/expression.ts:742:23)
      at Parser.parseExprSubscripts [as parseUpdate] (node_modules/@babel/parser/src/parser/expression.ts:721:21)
      at Parser.parseUpdate [as parseMaybeUnary] (node_modules/@babel/parser/src/parser/expression.ts:683:23)
      at Parser.parseMaybeUnary [as parseMaybeUnaryOrPrivate] (node_modules/@babel/parser/src/parser/expression.ts:417:14)
      at Parser.parseMaybeUnaryOrPrivate [as parseExprOps] (node_modules/@babel/parser/src/parser/expression.ts:429:23)
      at Parser.parseExprOps [as parseMaybeConditional] (node_modules/@babel/parser/src/parser/expression.ts:384:23)
      at Parser.parseMaybeConditional [as parseMaybeAssign] (node_modules/@babel/parser/src/parser/expression.ts:301:21)
      at Parser.parseMaybeAssign [as parseExpressionBase] (node_modules/@babel/parser/src/parser/expression.ts:226:23)
      at parseExpressionBase (node_modules/@babel/parser/src/parser/expression.ts:217:39)
      at Parser.callback [as allowInAnd] (node_modules/@babel/parser/src/parser/expression.ts:3197:16)
      at Parser.allowInAnd [as parseExpression] (node_modules/@babel/parser/src/parser/expression.ts:217:17)
      at Parser.parseExpression [as parseStatementContent] (node_modules/@babel/parser/src/parser/statement.ts:688:23)
      at Parser.parseStatementContent [as parseStatementLike] (node_modules/@babel/parser/src/parser/statement.ts:482:17)
      at Parser.parseStatementLike [as parseStatementListItem] (node_modules/@babel/parser/src/parser/statement.ts:431:17)
      at Parser.parseStatementListItem [as parseBlockOrModuleBlockBody] (node_modules/@babel/parser/src/parser/statement.ts:1444:16)
      at Parser.parseBlockOrModuleBlockBody [as parseBlockBody] (node_modules/@babel/parser/src/parser/statement.ts:1417:10)
      at Parser.parseBlockBody [as parseBlock] (node_modules/@babel/parser/src/parser/statement.ts:1385:10)
      at Parser.parseBlock [as parseFunctionBody] (node_modules/@babel/parser/src/parser/expression.ts:2626:24)
      at Parser.parseFunctionBody [as parseFunctionBodyAndFinish] (node_modules/@babel/parser/src/parser/expression.ts:2595:10)
      at Parser.parseFunctionBodyAndFinish [as parseMethod] (node_modules/@babel/parser/src/parser/expression.ts:2492:31)
      at Parser.parseMethod [as pushClassMethod] (node_modules/@babel/parser/src/parser/statement.ts:2244:12)
      at Parser.pushClassMethod [as parseClassMemberWithIsStatic] (node_modules/@babel/parser/src/parser/statement.ts:2023:12)
      at Parser.parseClassMemberWithIsStatic [as parseClassMember] (node_modules/@babel/parser/src/parser/statement.ts:1938:10)
      at parseClassMember (node_modules/@babel/parser/src/parser/statement.ts:1851:14)
      at Parser.callback [as withSmartMixTopicForbiddingContext] (node_modules/@babel/parser/src/parser/expression.ts:3176:14)
      at Parser.withSmartMixTopicForbiddingContext [as parseClassBody] (node_modules/@babel/parser/src/parser/statement.ts:1823:10)
      at Parser.parseClassBody [as parseClass] (node_modules/@babel/parser/src/parser/statement.ts:1774:22)
      at Parser.parseClass [as parseExportDeclaration] (node_modules/@babel/parser/src/parser/statement.ts:2628:25)
      at Parser.parseExportDeclaration [as maybeParseExportDeclaration] (node_modules/@babel/parser/src/parser/statement.ts:2551:31)
      at Parser.maybeParseExportDeclaration [as parseExport] (node_modules/@babel/parser/src/parser/statement.ts:2432:29)
      at Parser.parseExport [as parseStatementContent] (node_modules/@babel/parser/src/parser/statement.ts:649:25)
      at Parser.parseStatementContent [as parseStatementLike] (node_modules/@babel/parser/src/parser/statement.ts:482:17)
      at Parser.parseStatementLike [as parseModuleItem] (node_modules/@babel/parser/src/parser/statement.ts:419:17)
      at Parser.parseModuleItem [as parseBlockOrModuleBlockBody] (node_modules/@babel/parser/src/parser/statement.ts:1443:16)
      at Parser.parseBlockOrModuleBlockBody [as parseBlockBody] (node_modules/@babel/parser/src/parser/statement.ts:1417:10)
      at Parser.parseBlockBody [as parseProgram] (node_modules/@babel/parser/src/parser/statement.ts:229:10)
      at Parser.parseProgram [as parseTopLevel] (node_modules/@babel/parser/src/parser/statement.ts:203:25)
      at Parser.parseTopLevel [as parse] (node_modules/@babel/parser/src/parser/index.ts:88:25)
      at parse (node_modules/@babel/parser/src/index.ts:86:38)
      at parser (node_modules/@babel/core/src/parser/index.ts:29:19)
          at parser.next (<anonymous>)
      at normalizeFile (node_modules/@babel/core/src/transformation/normalize-file.ts:50:24)
          at normalizeFile.next (<anonymous>)
      at run (node_modules/@babel/core/src/transformation/index.ts:41:36)
          at run.next (<anonymous>)
      at transform (node_modules/@babel/core/src/transform.ts:29:20)
          at transform.next (<anonymous>)
      at evaluateSync (node_modules/gensync/index.js:251:28)
      at sync (node_modules/gensync/index.js:89:14)
      at fn (node_modules/@babel/core/src/errors/rewrite-stack-trace.ts:99:14)
      at transformSync (node_modules/@babel/core/src/transform.ts:66:52)
      at ScriptTransformer.transformSource (node_modules/@jest/transform/build/index.js:422:31)
      at ScriptTransformer._transformAndBuildScript (node_modules/@jest/transform/build/index.js:519:40)
      at ScriptTransformer.transform (node_modules/@jest/transform/build/index.js:558:19)
      at Object.require (tests/ExploitScaling.test.js:21:23)

FAIL tests/performance/LightingManager.perf.test.js
  ● Test suite failed to run

    Jest encountered an unexpected token

    Jest failed to parse a file. This happens e.g. when your code or its dependencies use non-standard JavaScript syntax, or when Jest is not configured to support such syntax.

    Out of the box Jest supports Babel, which will be used to transform your files into valid JS based on your Babel configuration.

    By default "node_modules" folder is ignored by transformers.

    Here's what you can do:
     • If you are trying to use ECMAScript Modules, see https://jestjs.io/docs/ecmascript-modules for how to enable it.
     • If you are trying to use TypeScript, see https://jestjs.io/docs/getting-started#using-typescript
     • To have some of your "node_modules" files transformed, you can specify a custom "transformIgnorePatterns" in your config.
     • If you need a custom transformation, specify a "transform" option in your config.
     • If you simply want to mock your non-JS modules (e.g. binary assets) you can stub them out with the "moduleNameMapper" config option.

    You'll find more details and examples of these config options in the docs:
    https://jestjs.io/docs/configuration
    For information about custom transformations, see:
    https://jestjs.io/docs/code-transformation

    Details:

    SyntaxError: /workspaces/Nadagotchi/tests/helpers/mockPhaser.js: Unexpected token (1:0)

    > 1 | <<<<<<< HEAD
        | ^
      2 | =======
      3 |
      4 | >>>>>>> 74fdaab (Update js/DebugConsole.js)

      1 | import { jest } from '@jest/globals';
    > 2 | import { setupPhaserMock, mockGameObject } from '../helpers/mockPhaser';
        | ^
      3 |
      4 | setupPhaserMock();
      5 |

      at constructor (node_modules/@babel/parser/src/parse-error.ts:95:45)
      at Parser.toParseError [as raise] (node_modules/@babel/parser/src/tokenizer/index.ts:1507:19)
      at Parser.raise [as unexpected] (node_modules/@babel/parser/src/tokenizer/index.ts:1547:16)
      at Parser.unexpected [as parseExprAtom] (node_modules/@babel/parser/src/parser/expression.ts:1355:22)
      at Parser.parseExprAtom [as parseExprSubscripts] (node_modules/@babel/parser/src/parser/expression.ts:742:23)
      at Parser.parseExprSubscripts [as parseUpdate] (node_modules/@babel/parser/src/parser/expression.ts:721:21)
      at Parser.parseUpdate [as parseMaybeUnary] (node_modules/@babel/parser/src/parser/expression.ts:683:23)
      at Parser.parseMaybeUnary [as parseMaybeUnaryOrPrivate] (node_modules/@babel/parser/src/parser/expression.ts:417:14)
      at Parser.parseMaybeUnaryOrPrivate [as parseExprOps] (node_modules/@babel/parser/src/parser/expression.ts:429:23)
      at Parser.parseExprOps [as parseMaybeConditional] (node_modules/@babel/parser/src/parser/expression.ts:384:23)
      at Parser.parseMaybeConditional [as parseMaybeAssign] (node_modules/@babel/parser/src/parser/expression.ts:301:21)
      at Parser.parseMaybeAssign [as parseExpressionBase] (node_modules/@babel/parser/src/parser/expression.ts:226:23)
      at parseExpressionBase (node_modules/@babel/parser/src/parser/expression.ts:217:39)
      at Parser.callback [as allowInAnd] (node_modules/@babel/parser/src/parser/expression.ts:3197:16)
      at Parser.allowInAnd [as parseExpression] (node_modules/@babel/parser/src/parser/expression.ts:217:17)
      at Parser.parseExpression [as parseStatementContent] (node_modules/@babel/parser/src/parser/statement.ts:688:23)
      at Parser.parseStatementContent [as parseStatementLike] (node_modules/@babel/parser/src/parser/statement.ts:482:17)
      at Parser.parseStatementLike [as parseModuleItem] (node_modules/@babel/parser/src/parser/statement.ts:419:17)
      at Parser.parseModuleItem [as parseBlockOrModuleBlockBody] (node_modules/@babel/parser/src/parser/statement.ts:1443:16)
      at Parser.parseBlockOrModuleBlockBody [as parseBlockBody] (node_modules/@babel/parser/src/parser/statement.ts:1417:10)
      at Parser.parseBlockBody [as parseProgram] (node_modules/@babel/parser/src/parser/statement.ts:229:10)
      at Parser.parseProgram [as parseTopLevel] (node_modules/@babel/parser/src/parser/statement.ts:203:25)
      at Parser.parseTopLevel [as parse] (node_modules/@babel/parser/src/parser/index.ts:88:25)
      at parse (node_modules/@babel/parser/src/index.ts:86:38)
      at parser (node_modules/@babel/core/src/parser/index.ts:29:19)
          at parser.next (<anonymous>)
      at normalizeFile (node_modules/@babel/core/src/transformation/normalize-file.ts:50:24)
          at normalizeFile.next (<anonymous>)
      at run (node_modules/@babel/core/src/transformation/index.ts:41:36)
          at run.next (<anonymous>)
      at transform (node_modules/@babel/core/src/transform.ts:29:20)
          at transform.next (<anonymous>)
      at evaluateSync (node_modules/gensync/index.js:251:28)
      at sync (node_modules/gensync/index.js:89:14)
      at fn (node_modules/@babel/core/src/errors/rewrite-stack-trace.ts:99:14)
      at transformSync (node_modules/@babel/core/src/transform.ts:66:52)
      at ScriptTransformer.transformSource (node_modules/@jest/transform/build/index.js:422:31)
      at ScriptTransformer._transformAndBuildScript (node_modules/@jest/transform/build/index.js:519:40)
      at ScriptTransformer.transform (node_modules/@jest/transform/build/index.js:558:19)
      at Object.require (tests/performance/LightingManager.perf.test.js:2:1)

FAIL tests/SeededRNG.test.js
  ● Test suite failed to run

    Jest encountered an unexpected token

    Jest failed to parse a file. This happens e.g. when your code or its dependencies use non-standard JavaScript syntax, or when Jest is not configured to support such syntax.

    Out of the box Jest supports Babel, which will be used to transform your files into valid JS based on your Babel configuration.

    By default "node_modules" folder is ignored by transformers.

    Here's what you can do:
     • If you are trying to use ECMAScript Modules, see https://jestjs.io/docs/ecmascript-modules for how to enable it.
     • If you are trying to use TypeScript, see https://jestjs.io/docs/getting-started#using-typescript
     • To have some of your "node_modules" files transformed, you can specify a custom "transformIgnorePatterns" in your config.
     • If you need a custom transformation, specify a "transform" option in your config.
     • If you simply want to mock your non-JS modules (e.g. binary assets) you can stub them out with the "moduleNameMapper" config option.

    You'll find more details and examples of these config options in the docs:
    https://jestjs.io/docs/configuration
    For information about custom transformations, see:
    https://jestjs.io/docs/code-transformation

    Details:

    SyntaxError: /workspaces/Nadagotchi/js/Nadagotchi.js: Unexpected token (32:0)

      30 |      */
      31 |     constructor(initialArchetype, loadedData = null) {
    > 32 | <<<<<<< HEAD
         | ^
      33 |         /** @type {boolean} Indicates if the asynchronous initialization is complete. */
      34 |         this.isInitialized = false;
      35 |

      1 | import { SeededRandom } from '../js/utils/SeededRandom.js';
    > 2 | import { Nadagotchi } from '../js/Nadagotchi.js';
        | ^
      3 |
      4 | // Mock PersistenceManager
      5 | jest.mock('../js/PersistenceManager.js', () => {

      at constructor (node_modules/@babel/parser/src/parse-error.ts:95:45)
      at Parser.toParseError [as raise] (node_modules/@babel/parser/src/tokenizer/index.ts:1507:19)
      at Parser.raise [as unexpected] (node_modules/@babel/parser/src/tokenizer/index.ts:1547:16)
      at Parser.unexpected [as parseExprAtom] (node_modules/@babel/parser/src/parser/expression.ts:1355:22)
      at Parser.parseExprAtom [as parseExprSubscripts] (node_modules/@babel/parser/src/parser/expression.ts:742:23)
      at Parser.parseExprSubscripts [as parseUpdate] (node_modules/@babel/parser/src/parser/expression.ts:721:21)
      at Parser.parseUpdate [as parseMaybeUnary] (node_modules/@babel/parser/src/parser/expression.ts:683:23)
      at Parser.parseMaybeUnary [as parseMaybeUnaryOrPrivate] (node_modules/@babel/parser/src/parser/expression.ts:417:14)
      at Parser.parseMaybeUnaryOrPrivate [as parseExprOps] (node_modules/@babel/parser/src/parser/expression.ts:429:23)
      at Parser.parseExprOps [as parseMaybeConditional] (node_modules/@babel/parser/src/parser/expression.ts:384:23)
      at Parser.parseMaybeConditional [as parseMaybeAssign] (node_modules/@babel/parser/src/parser/expression.ts:301:21)
      at Parser.parseMaybeAssign [as parseExpressionBase] (node_modules/@babel/parser/src/parser/expression.ts:226:23)
      at parseExpressionBase (node_modules/@babel/parser/src/parser/expression.ts:217:39)
      at Parser.callback [as allowInAnd] (node_modules/@babel/parser/src/parser/expression.ts:3197:16)
      at Parser.allowInAnd [as parseExpression] (node_modules/@babel/parser/src/parser/expression.ts:217:17)
      at Parser.parseExpression [as parseStatementContent] (node_modules/@babel/parser/src/parser/statement.ts:688:23)
      at Parser.parseStatementContent [as parseStatementLike] (node_modules/@babel/parser/src/parser/statement.ts:482:17)
      at Parser.parseStatementLike [as parseStatementListItem] (node_modules/@babel/parser/src/parser/statement.ts:431:17)
      at Parser.parseStatementListItem [as parseBlockOrModuleBlockBody] (node_modules/@babel/parser/src/parser/statement.ts:1444:16)
      at Parser.parseBlockOrModuleBlockBody [as parseBlockBody] (node_modules/@babel/parser/src/parser/statement.ts:1417:10)
      at Parser.parseBlockBody [as parseBlock] (node_modules/@babel/parser/src/parser/statement.ts:1385:10)
      at Parser.parseBlock [as parseFunctionBody] (node_modules/@babel/parser/src/parser/expression.ts:2626:24)
      at Parser.parseFunctionBody [as parseFunctionBodyAndFinish] (node_modules/@babel/parser/src/parser/expression.ts:2595:10)
      at Parser.parseFunctionBodyAndFinish [as parseMethod] (node_modules/@babel/parser/src/parser/expression.ts:2492:31)
      at Parser.parseMethod [as pushClassMethod] (node_modules/@babel/parser/src/parser/statement.ts:2244:12)
      at Parser.pushClassMethod [as parseClassMemberWithIsStatic] (node_modules/@babel/parser/src/parser/statement.ts:2023:12)
      at Parser.parseClassMemberWithIsStatic [as parseClassMember] (node_modules/@babel/parser/src/parser/statement.ts:1938:10)
      at parseClassMember (node_modules/@babel/parser/src/parser/statement.ts:1851:14)
      at Parser.callback [as withSmartMixTopicForbiddingContext] (node_modules/@babel/parser/src/parser/expression.ts:3176:14)
      at Parser.withSmartMixTopicForbiddingContext [as parseClassBody] (node_modules/@babel/parser/src/parser/statement.ts:1823:10)
      at Parser.parseClassBody [as parseClass] (node_modules/@babel/parser/src/parser/statement.ts:1774:22)
      at Parser.parseClass [as parseExportDeclaration] (node_modules/@babel/parser/src/parser/statement.ts:2628:25)
      at Parser.parseExportDeclaration [as maybeParseExportDeclaration] (node_modules/@babel/parser/src/parser/statement.ts:2551:31)
      at Parser.maybeParseExportDeclaration [as parseExport] (node_modules/@babel/parser/src/parser/statement.ts:2432:29)
      at Parser.parseExport [as parseStatementContent] (node_modules/@babel/parser/src/parser/statement.ts:649:25)
      at Parser.parseStatementContent [as parseStatementLike] (node_modules/@babel/parser/src/parser/statement.ts:482:17)
      at Parser.parseStatementLike [as parseModuleItem] (node_modules/@babel/parser/src/parser/statement.ts:419:17)
      at Parser.parseModuleItem [as parseBlockOrModuleBlockBody] (node_modules/@babel/parser/src/parser/statement.ts:1443:16)
      at Parser.parseBlockOrModuleBlockBody [as parseBlockBody] (node_modules/@babel/parser/src/parser/statement.ts:1417:10)
      at Parser.parseBlockBody [as parseProgram] (node_modules/@babel/parser/src/parser/statement.ts:229:10)
      at Parser.parseProgram [as parseTopLevel] (node_modules/@babel/parser/src/parser/statement.ts:203:25)
      at Parser.parseTopLevel [as parse] (node_modules/@babel/parser/src/parser/index.ts:88:25)
      at parse (node_modules/@babel/parser/src/index.ts:86:38)
      at parser (node_modules/@babel/core/src/parser/index.ts:29:19)
          at parser.next (<anonymous>)
      at normalizeFile (node_modules/@babel/core/src/transformation/normalize-file.ts:50:24)
          at normalizeFile.next (<anonymous>)
      at run (node_modules/@babel/core/src/transformation/index.ts:41:36)
          at run.next (<anonymous>)
      at transform (node_modules/@babel/core/src/transform.ts:29:20)
          at transform.next (<anonymous>)
      at evaluateSync (node_modules/gensync/index.js:251:28)
      at sync (node_modules/gensync/index.js:89:14)
      at fn (node_modules/@babel/core/src/errors/rewrite-stack-trace.ts:99:14)
      at transformSync (node_modules/@babel/core/src/transform.ts:66:52)
      at ScriptTransformer.transformSource (node_modules/@jest/transform/build/index.js:422:31)
      at ScriptTransformer._transformAndBuildScript (node_modules/@jest/transform/build/index.js:519:40)
      at ScriptTransformer.transform (node_modules/@jest/transform/build/index.js:558:19)
      at Object.require (tests/SeededRNG.test.js:2:1)

FAIL tests/QuestSystem.test.js
  ● Test suite failed to run

    Jest encountered an unexpected token

    Jest failed to parse a file. This happens e.g. when your code or its dependencies use non-standard JavaScript syntax, or when Jest is not configured to support such syntax.

    Out of the box Jest supports Babel, which will be used to transform your files into valid JS based on your Babel configuration.

    By default "node_modules" folder is ignored by transformers.

    Here's what you can do:
     • If you are trying to use ECMAScript Modules, see https://jestjs.io/docs/ecmascript-modules for how to enable it.
     • If you are trying to use TypeScript, see https://jestjs.io/docs/getting-started#using-typescript
     • To have some of your "node_modules" files transformed, you can specify a custom "transformIgnorePatterns" in your config.
     • If you need a custom transformation, specify a "transform" option in your config.
     • If you simply want to mock your non-JS modules (e.g. binary assets) you can stub them out with the "moduleNameMapper" config option.

    You'll find more details and examples of these config options in the docs:
    https://jestjs.io/docs/configuration
    For information about custom transformations, see:
    https://jestjs.io/docs/code-transformation

    Details:

    SyntaxError: /workspaces/Nadagotchi/js/Config.js: Unexpected token (43:0)

      41 |     },
      42 |
    > 43 | <<<<<<< HEAD
         | ^
      44 |     // Minigame Settings
      45 |     MINIGAMES: {
      46 |         LOGIC_PUZZLE: {

      1 | import { QuestDefinitions, DailyQuestTemplates } from '../QuestDefinitions.js';
    > 2 | import { Config } from '../Config.js';
        | ^
      3 |
      4 | /**
      5 |  * @fileoverview System for managing quest progression, requirements, and rewards.

      at constructor (node_modules/@babel/parser/src/parse-error.ts:95:45)
      at Parser.toParseError [as raise] (node_modules/@babel/parser/src/tokenizer/index.ts:1507:19)
      at Parser.raise [as unexpected] (node_modules/@babel/parser/src/tokenizer/index.ts:1547:16)
      at Parser.unexpected [as parsePropertyName] (node_modules/@babel/parser/src/parser/expression.ts:2451:18)
      at Parser.parsePropertyName [as parsePropertyDefinition] (node_modules/@babel/parser/src/parser/expression.ts:2198:10)
      at Parser.parsePropertyDefinition [as parseObjectLike] (node_modules/@babel/parser/src/parser/expression.ts:2095:21)
      at Parser.parseObjectLike [as parseExprAtom] (node_modules/@babel/parser/src/parser/expression.ts:1181:21)
      at Parser.parseExprAtom [as parseExprSubscripts] (node_modules/@babel/parser/src/parser/expression.ts:742:23)
      at Parser.parseExprSubscripts [as parseUpdate] (node_modules/@babel/parser/src/parser/expression.ts:721:21)
      at Parser.parseUpdate [as parseMaybeUnary] (node_modules/@babel/parser/src/parser/expression.ts:683:23)
      at Parser.parseMaybeUnary [as parseMaybeUnaryOrPrivate] (node_modules/@babel/parser/src/parser/expression.ts:417:14)
      at Parser.parseMaybeUnaryOrPrivate [as parseExprOps] (node_modules/@babel/parser/src/parser/expression.ts:429:23)
      at Parser.parseExprOps [as parseMaybeConditional] (node_modules/@babel/parser/src/parser/expression.ts:384:23)
      at Parser.parseMaybeConditional [as parseMaybeAssign] (node_modules/@babel/parser/src/parser/expression.ts:301:21)
      at parseMaybeAssign (node_modules/@babel/parser/src/parser/expression.ts:257:12)
      at Parser.callback [as allowInAnd] (node_modules/@babel/parser/src/parser/expression.ts:3197:16)
      at Parser.allowInAnd [as parseMaybeAssignAllowIn] (node_modules/@babel/parser/src/parser/expression.ts:256:17)
      at Parser.parseMaybeAssignAllowIn [as parseVar] (node_modules/@babel/parser/src/parser/statement.ts:1587:18)
      at Parser.parseVar [as parseVarStatement] (node_modules/@babel/parser/src/parser/statement.ts:1251:10)
      at Parser.parseVarStatement [as parseStatementContent] (node_modules/@babel/parser/src/parser/statement.ts:612:21)
      at Parser.parseStatementContent [as parseStatementLike] (node_modules/@babel/parser/src/parser/statement.ts:482:17)
      at Parser.parseStatementLike [as parseStatementListItem] (node_modules/@babel/parser/src/parser/statement.ts:431:17)
      at Parser.parseStatementListItem (node_modules/@babel/parser/src/parser/statement.ts:2635:17)
      at Parser.parseExportDeclaration [as maybeParseExportDeclaration] (node_modules/@babel/parser/src/parser/statement.ts:2551:31)
      at Parser.maybeParseExportDeclaration [as parseExport] (node_modules/@babel/parser/src/parser/statement.ts:2432:29)
      at Parser.parseExport [as parseStatementContent] (node_modules/@babel/parser/src/parser/statement.ts:649:25)
      at Parser.parseStatementContent [as parseStatementLike] (node_modules/@babel/parser/src/parser/statement.ts:482:17)
      at Parser.parseStatementLike [as parseModuleItem] (node_modules/@babel/parser/src/parser/statement.ts:419:17)
      at Parser.parseModuleItem [as parseBlockOrModuleBlockBody] (node_modules/@babel/parser/src/parser/statement.ts:1443:16)
      at Parser.parseBlockOrModuleBlockBody [as parseBlockBody] (node_modules/@babel/parser/src/parser/statement.ts:1417:10)
      at Parser.parseBlockBody [as parseProgram] (node_modules/@babel/parser/src/parser/statement.ts:229:10)
      at Parser.parseProgram [as parseTopLevel] (node_modules/@babel/parser/src/parser/statement.ts:203:25)
      at Parser.parseTopLevel [as parse] (node_modules/@babel/parser/src/parser/index.ts:88:25)
      at parse (node_modules/@babel/parser/src/index.ts:86:38)
      at parser (node_modules/@babel/core/src/parser/index.ts:29:19)
          at parser.next (<anonymous>)
      at normalizeFile (node_modules/@babel/core/src/transformation/normalize-file.ts:50:24)
          at normalizeFile.next (<anonymous>)
      at run (node_modules/@babel/core/src/transformation/index.ts:41:36)
          at run.next (<anonymous>)
      at transform (node_modules/@babel/core/src/transform.ts:29:20)
          at transform.next (<anonymous>)
      at evaluateSync (node_modules/gensync/index.js:251:28)
      at sync (node_modules/gensync/index.js:89:14)
      at fn (node_modules/@babel/core/src/errors/rewrite-stack-trace.ts:99:14)
      at transformSync (node_modules/@babel/core/src/transform.ts:66:52)
      at ScriptTransformer.transformSource (node_modules/@jest/transform/build/index.js:422:31)
      at ScriptTransformer._transformAndBuildScript (node_modules/@jest/transform/build/index.js:519:40)
      at ScriptTransformer.transform (node_modules/@jest/transform/build/index.js:558:19)
      at Object.require (js/systems/QuestSystem.js:2:1)
      at Object.require (tests/QuestSystem.test.js:2:1)

FAIL tests/ExploitSaveScumming.test.js
  ● Test suite failed to run

    Jest encountered an unexpected token

    Jest failed to parse a file. This happens e.g. when your code or its dependencies use non-standard JavaScript syntax, or when Jest is not configured to support such syntax.

    Out of the box Jest supports Babel, which will be used to transform your files into valid JS based on your Babel configuration.

    By default "node_modules" folder is ignored by transformers.

    Here's what you can do:
     • If you are trying to use ECMAScript Modules, see https://jestjs.io/docs/ecmascript-modules for how to enable it.
     • If you are trying to use TypeScript, see https://jestjs.io/docs/getting-started#using-typescript
     • To have some of your "node_modules" files transformed, you can specify a custom "transformIgnorePatterns" in your config.
     • If you need a custom transformation, specify a "transform" option in your config.
     • If you simply want to mock your non-JS modules (e.g. binary assets) you can stub them out with the "moduleNameMapper" config option.

    You'll find more details and examples of these config options in the docs:
    https://jestjs.io/docs/configuration
    For information about custom transformations, see:
    https://jestjs.io/docs/code-transformation

    Details:

    SyntaxError: /workspaces/Nadagotchi/tests/ExploitSaveScumming.test.js: Unexpected token (1:0)

    > 1 | <<<<<<< HEAD
        | ^
      2 | import { Nadagotchi } from '../js/Nadagotchi.js';
      3 | import { PersistenceManager } from '../js/PersistenceManager.js';
      4 | import { Config } from '../js/Config.js';

      at constructor (node_modules/@babel/parser/src/parse-error.ts:95:45)
      at Parser.toParseError [as raise] (node_modules/@babel/parser/src/tokenizer/index.ts:1507:19)
      at Parser.raise [as unexpected] (node_modules/@babel/parser/src/tokenizer/index.ts:1547:16)
      at Parser.unexpected [as parseExprAtom] (node_modules/@babel/parser/src/parser/expression.ts:1355:22)
      at Parser.parseExprAtom [as parseExprSubscripts] (node_modules/@babel/parser/src/parser/expression.ts:742:23)
      at Parser.parseExprSubscripts [as parseUpdate] (node_modules/@babel/parser/src/parser/expression.ts:721:21)
      at Parser.parseUpdate [as parseMaybeUnary] (node_modules/@babel/parser/src/parser/expression.ts:683:23)
      at Parser.parseMaybeUnary [as parseMaybeUnaryOrPrivate] (node_modules/@babel/parser/src/parser/expression.ts:417:14)
      at Parser.parseMaybeUnaryOrPrivate [as parseExprOps] (node_modules/@babel/parser/src/parser/expression.ts:429:23)
      at Parser.parseExprOps [as parseMaybeConditional] (node_modules/@babel/parser/src/parser/expression.ts:384:23)
      at Parser.parseMaybeConditional [as parseMaybeAssign] (node_modules/@babel/parser/src/parser/expression.ts:301:21)
      at Parser.parseMaybeAssign [as parseExpressionBase] (node_modules/@babel/parser/src/parser/expression.ts:226:23)
      at parseExpressionBase (node_modules/@babel/parser/src/parser/expression.ts:217:39)
      at Parser.callback [as allowInAnd] (node_modules/@babel/parser/src/parser/expression.ts:3197:16)
      at Parser.allowInAnd [as parseExpression] (node_modules/@babel/parser/src/parser/expression.ts:217:17)
      at Parser.parseExpression [as parseStatementContent] (node_modules/@babel/parser/src/parser/statement.ts:688:23)
      at Parser.parseStatementContent [as parseStatementLike] (node_modules/@babel/parser/src/parser/statement.ts:482:17)
      at Parser.parseStatementLike [as parseModuleItem] (node_modules/@babel/parser/src/parser/statement.ts:419:17)
      at Parser.parseModuleItem [as parseBlockOrModuleBlockBody] (node_modules/@babel/parser/src/parser/statement.ts:1443:16)
      at Parser.parseBlockOrModuleBlockBody [as parseBlockBody] (node_modules/@babel/parser/src/parser/statement.ts:1417:10)
      at Parser.parseBlockBody [as parseProgram] (node_modules/@babel/parser/src/parser/statement.ts:229:10)
      at Parser.parseProgram [as parseTopLevel] (node_modules/@babel/parser/src/parser/statement.ts:203:25)
      at Parser.parseTopLevel [as parse] (node_modules/@babel/parser/src/parser/index.ts:88:25)
      at parse (node_modules/@babel/parser/src/index.ts:86:38)
      at parser (node_modules/@babel/core/src/parser/index.ts:29:19)
          at parser.next (<anonymous>)
      at normalizeFile (node_modules/@babel/core/src/transformation/normalize-file.ts:50:24)
          at normalizeFile.next (<anonymous>)
      at run (node_modules/@babel/core/src/transformation/index.ts:41:36)
          at run.next (<anonymous>)
      at transform (node_modules/@babel/core/src/transform.ts:29:20)
          at transform.next (<anonymous>)
      at evaluateSync (node_modules/gensync/index.js:251:28)
      at sync (node_modules/gensync/index.js:89:14)
      at fn (node_modules/@babel/core/src/errors/rewrite-stack-trace.ts:99:14)
      at transformSync (node_modules/@babel/core/src/transform.ts:66:52)
      at ScriptTransformer.transformSource (node_modules/@jest/transform/build/index.js:422:31)
      at ScriptTransformer._transformAndBuildScript (node_modules/@jest/transform/build/index.js:519:40)
      at ScriptTransformer.transform (node_modules/@jest/transform/build/index.js:558:19)

FAIL tests/Expedition.test.js
  ● Test suite failed to run

    Jest encountered an unexpected token

    Jest failed to parse a file. This happens e.g. when your code or its dependencies use non-standard JavaScript syntax, or when Jest is not configured to support such syntax.

    Out of the box Jest supports Babel, which will be used to transform your files into valid JS based on your Babel configuration.

    By default "node_modules" folder is ignored by transformers.

    Here's what you can do:
     • If you are trying to use ECMAScript Modules, see https://jestjs.io/docs/ecmascript-modules for how to enable it.
     • If you are trying to use TypeScript, see https://jestjs.io/docs/getting-started#using-typescript
     • To have some of your "node_modules" files transformed, you can specify a custom "transformIgnorePatterns" in your config.
     • If you need a custom transformation, specify a "transform" option in your config.
     • If you simply want to mock your non-JS modules (e.g. binary assets) you can stub them out with the "moduleNameMapper" config option.

    You'll find more details and examples of these config options in the docs:
    https://jestjs.io/docs/configuration
    For information about custom transformations, see:
    https://jestjs.io/docs/code-transformation

    Details:

    SyntaxError: /workspaces/Nadagotchi/js/Config.js: Unexpected token (43:0)

      41 |     },
      42 |
    > 43 | <<<<<<< HEAD
         | ^
      44 |     // Minigame Settings
      45 |     MINIGAMES: {
      46 |         LOGIC_PUZZLE: {

      1 | import { ExpeditionNodes } from '../ExpeditionDefinitions.js';
    > 2 | import { Config } from '../Config.js';
        | ^
      3 |
      4 | /**
      5 |  * @fileoverview System for generating procedural expeditions.

      at constructor (node_modules/@babel/parser/src/parse-error.ts:95:45)
      at Parser.toParseError [as raise] (node_modules/@babel/parser/src/tokenizer/index.ts:1507:19)
      at Parser.raise [as unexpected] (node_modules/@babel/parser/src/tokenizer/index.ts:1547:16)
      at Parser.unexpected [as parsePropertyName] (node_modules/@babel/parser/src/parser/expression.ts:2451:18)
      at Parser.parsePropertyName [as parsePropertyDefinition] (node_modules/@babel/parser/src/parser/expression.ts:2198:10)
      at Parser.parsePropertyDefinition [as parseObjectLike] (node_modules/@babel/parser/src/parser/expression.ts:2095:21)
      at Parser.parseObjectLike [as parseExprAtom] (node_modules/@babel/parser/src/parser/expression.ts:1181:21)
      at Parser.parseExprAtom [as parseExprSubscripts] (node_modules/@babel/parser/src/parser/expression.ts:742:23)
      at Parser.parseExprSubscripts [as parseUpdate] (node_modules/@babel/parser/src/parser/expression.ts:721:21)
      at Parser.parseUpdate [as parseMaybeUnary] (node_modules/@babel/parser/src/parser/expression.ts:683:23)
      at Parser.parseMaybeUnary [as parseMaybeUnaryOrPrivate] (node_modules/@babel/parser/src/parser/expression.ts:417:14)
      at Parser.parseMaybeUnaryOrPrivate [as parseExprOps] (node_modules/@babel/parser/src/parser/expression.ts:429:23)
      at Parser.parseExprOps [as parseMaybeConditional] (node_modules/@babel/parser/src/parser/expression.ts:384:23)
      at Parser.parseMaybeConditional [as parseMaybeAssign] (node_modules/@babel/parser/src/parser/expression.ts:301:21)
      at parseMaybeAssign (node_modules/@babel/parser/src/parser/expression.ts:257:12)
      at Parser.callback [as allowInAnd] (node_modules/@babel/parser/src/parser/expression.ts:3197:16)
      at Parser.allowInAnd [as parseMaybeAssignAllowIn] (node_modules/@babel/parser/src/parser/expression.ts:256:17)
      at Parser.parseMaybeAssignAllowIn [as parseVar] (node_modules/@babel/parser/src/parser/statement.ts:1587:18)
      at Parser.parseVar [as parseVarStatement] (node_modules/@babel/parser/src/parser/statement.ts:1251:10)
      at Parser.parseVarStatement [as parseStatementContent] (node_modules/@babel/parser/src/parser/statement.ts:612:21)
      at Parser.parseStatementContent [as parseStatementLike] (node_modules/@babel/parser/src/parser/statement.ts:482:17)
      at Parser.parseStatementLike [as parseStatementListItem] (node_modules/@babel/parser/src/parser/statement.ts:431:17)
      at Parser.parseStatementListItem (node_modules/@babel/parser/src/parser/statement.ts:2635:17)
      at Parser.parseExportDeclaration [as maybeParseExportDeclaration] (node_modules/@babel/parser/src/parser/statement.ts:2551:31)
      at Parser.maybeParseExportDeclaration [as parseExport] (node_modules/@babel/parser/src/parser/statement.ts:2432:29)
      at Parser.parseExport [as parseStatementContent] (node_modules/@babel/parser/src/parser/statement.ts:649:25)
      at Parser.parseStatementContent [as parseStatementLike] (node_modules/@babel/parser/src/parser/statement.ts:482:17)
      at Parser.parseStatementLike [as parseModuleItem] (node_modules/@babel/parser/src/parser/statement.ts:419:17)
      at Parser.parseModuleItem [as parseBlockOrModuleBlockBody] (node_modules/@babel/parser/src/parser/statement.ts:1443:16)
      at Parser.parseBlockOrModuleBlockBody [as parseBlockBody] (node_modules/@babel/parser/src/parser/statement.ts:1417:10)
      at Parser.parseBlockBody [as parseProgram] (node_modules/@babel/parser/src/parser/statement.ts:229:10)
      at Parser.parseProgram [as parseTopLevel] (node_modules/@babel/parser/src/parser/statement.ts:203:25)
      at Parser.parseTopLevel [as parse] (node_modules/@babel/parser/src/parser/index.ts:88:25)
      at parse (node_modules/@babel/parser/src/index.ts:86:38)
      at parser (node_modules/@babel/core/src/parser/index.ts:29:19)
          at parser.next (<anonymous>)
      at normalizeFile (node_modules/@babel/core/src/transformation/normalize-file.ts:50:24)
          at normalizeFile.next (<anonymous>)
      at run (node_modules/@babel/core/src/transformation/index.ts:41:36)
          at run.next (<anonymous>)
      at transform (node_modules/@babel/core/src/transform.ts:29:20)
          at transform.next (<anonymous>)
      at evaluateSync (node_modules/gensync/index.js:251:28)
      at sync (node_modules/gensync/index.js:89:14)
      at fn (node_modules/@babel/core/src/errors/rewrite-stack-trace.ts:99:14)
      at transformSync (node_modules/@babel/core/src/transform.ts:66:52)
      at ScriptTransformer.transformSource (node_modules/@jest/transform/build/index.js:422:31)
      at ScriptTransformer._transformAndBuildScript (node_modules/@jest/transform/build/index.js:519:40)
      at ScriptTransformer.transform (node_modules/@jest/transform/build/index.js:558:19)
      at Object.require (js/systems/ExpeditionSystem.js:2:1)
      at Object.require (tests/Expedition.test.js:2:30)

FAIL tests/QuestIntegration.test.js
  ● Test suite failed to run

    Jest encountered an unexpected token

    Jest failed to parse a file. This happens e.g. when your code or its dependencies use non-standard JavaScript syntax, or when Jest is not configured to support such syntax.

    Out of the box Jest supports Babel, which will be used to transform your files into valid JS based on your Babel configuration.

    By default "node_modules" folder is ignored by transformers.

    Here's what you can do:
     • If you are trying to use ECMAScript Modules, see https://jestjs.io/docs/ecmascript-modules for how to enable it.
     • If you are trying to use TypeScript, see https://jestjs.io/docs/getting-started#using-typescript
     • To have some of your "node_modules" files transformed, you can specify a custom "transformIgnorePatterns" in your config.
     • If you need a custom transformation, specify a "transform" option in your config.
     • If you simply want to mock your non-JS modules (e.g. binary assets) you can stub them out with the "moduleNameMapper" config option.

    You'll find more details and examples of these config options in the docs:
    https://jestjs.io/docs/configuration
    For information about custom transformations, see:
    https://jestjs.io/docs/code-transformation

    Details:

    SyntaxError: /workspaces/Nadagotchi/js/Nadagotchi.js: Unexpected token (32:0)

      30 |      */
      31 |     constructor(initialArchetype, loadedData = null) {
    > 32 | <<<<<<< HEAD
         | ^
      33 |         /** @type {boolean} Indicates if the asynchronous initialization is complete. */
      34 |         this.isInitialized = false;
      35 |

      1 | import { jest } from '@jest/globals';
    > 2 | import { Nadagotchi } from '../js/Nadagotchi.js';
        | ^
      3 |
      4 | // Mock localStorage
      5 | class LocalStorageMock {

      at constructor (node_modules/@babel/parser/src/parse-error.ts:95:45)
      at Parser.toParseError [as raise] (node_modules/@babel/parser/src/tokenizer/index.ts:1507:19)
      at Parser.raise [as unexpected] (node_modules/@babel/parser/src/tokenizer/index.ts:1547:16)
      at Parser.unexpected [as parseExprAtom] (node_modules/@babel/parser/src/parser/expression.ts:1355:22)
      at Parser.parseExprAtom [as parseExprSubscripts] (node_modules/@babel/parser/src/parser/expression.ts:742:23)
      at Parser.parseExprSubscripts [as parseUpdate] (node_modules/@babel/parser/src/parser/expression.ts:721:21)
      at Parser.parseUpdate [as parseMaybeUnary] (node_modules/@babel/parser/src/parser/expression.ts:683:23)
      at Parser.parseMaybeUnary [as parseMaybeUnaryOrPrivate] (node_modules/@babel/parser/src/parser/expression.ts:417:14)
      at Parser.parseMaybeUnaryOrPrivate [as parseExprOps] (node_modules/@babel/parser/src/parser/expression.ts:429:23)
      at Parser.parseExprOps [as parseMaybeConditional] (node_modules/@babel/parser/src/parser/expression.ts:384:23)
      at Parser.parseMaybeConditional [as parseMaybeAssign] (node_modules/@babel/parser/src/parser/expression.ts:301:21)
      at Parser.parseMaybeAssign [as parseExpressionBase] (node_modules/@babel/parser/src/parser/expression.ts:226:23)
      at parseExpressionBase (node_modules/@babel/parser/src/parser/expression.ts:217:39)
      at Parser.callback [as allowInAnd] (node_modules/@babel/parser/src/parser/expression.ts:3197:16)
      at Parser.allowInAnd [as parseExpression] (node_modules/@babel/parser/src/parser/expression.ts:217:17)
      at Parser.parseExpression [as parseStatementContent] (node_modules/@babel/parser/src/parser/statement.ts:688:23)
      at Parser.parseStatementContent [as parseStatementLike] (node_modules/@babel/parser/src/parser/statement.ts:482:17)
      at Parser.parseStatementLike [as parseStatementListItem] (node_modules/@babel/parser/src/parser/statement.ts:431:17)
      at Parser.parseStatementListItem [as parseBlockOrModuleBlockBody] (node_modules/@babel/parser/src/parser/statement.ts:1444:16)
      at Parser.parseBlockOrModuleBlockBody [as parseBlockBody] (node_modules/@babel/parser/src/parser/statement.ts:1417:10)
      at Parser.parseBlockBody [as parseBlock] (node_modules/@babel/parser/src/parser/statement.ts:1385:10)
      at Parser.parseBlock [as parseFunctionBody] (node_modules/@babel/parser/src/parser/expression.ts:2626:24)
      at Parser.parseFunctionBody [as parseFunctionBodyAndFinish] (node_modules/@babel/parser/src/parser/expression.ts:2595:10)
      at Parser.parseFunctionBodyAndFinish [as parseMethod] (node_modules/@babel/parser/src/parser/expression.ts:2492:31)
      at Parser.parseMethod [as pushClassMethod] (node_modules/@babel/parser/src/parser/statement.ts:2244:12)
      at Parser.pushClassMethod [as parseClassMemberWithIsStatic] (node_modules/@babel/parser/src/parser/statement.ts:2023:12)
      at Parser.parseClassMemberWithIsStatic [as parseClassMember] (node_modules/@babel/parser/src/parser/statement.ts:1938:10)
      at parseClassMember (node_modules/@babel/parser/src/parser/statement.ts:1851:14)
      at Parser.callback [as withSmartMixTopicForbiddingContext] (node_modules/@babel/parser/src/parser/expression.ts:3176:14)
      at Parser.withSmartMixTopicForbiddingContext [as parseClassBody] (node_modules/@babel/parser/src/parser/statement.ts:1823:10)
      at Parser.parseClassBody [as parseClass] (node_modules/@babel/parser/src/parser/statement.ts:1774:22)
      at Parser.parseClass [as parseExportDeclaration] (node_modules/@babel/parser/src/parser/statement.ts:2628:25)
      at Parser.parseExportDeclaration [as maybeParseExportDeclaration] (node_modules/@babel/parser/src/parser/statement.ts:2551:31)
      at Parser.maybeParseExportDeclaration [as parseExport] (node_modules/@babel/parser/src/parser/statement.ts:2432:29)
      at Parser.parseExport [as parseStatementContent] (node_modules/@babel/parser/src/parser/statement.ts:649:25)
      at Parser.parseStatementContent [as parseStatementLike] (node_modules/@babel/parser/src/parser/statement.ts:482:17)
      at Parser.parseStatementLike [as parseModuleItem] (node_modules/@babel/parser/src/parser/statement.ts:419:17)
      at Parser.parseModuleItem [as parseBlockOrModuleBlockBody] (node_modules/@babel/parser/src/parser/statement.ts:1443:16)
      at Parser.parseBlockOrModuleBlockBody [as parseBlockBody] (node_modules/@babel/parser/src/parser/statement.ts:1417:10)
      at Parser.parseBlockBody [as parseProgram] (node_modules/@babel/parser/src/parser/statement.ts:229:10)
      at Parser.parseProgram [as parseTopLevel] (node_modules/@babel/parser/src/parser/statement.ts:203:25)
      at Parser.parseTopLevel [as parse] (node_modules/@babel/parser/src/parser/index.ts:88:25)
      at parse (node_modules/@babel/parser/src/index.ts:86:38)
      at parser (node_modules/@babel/core/src/parser/index.ts:29:19)
          at parser.next (<anonymous>)
      at normalizeFile (node_modules/@babel/core/src/transformation/normalize-file.ts:50:24)
          at normalizeFile.next (<anonymous>)
      at run (node_modules/@babel/core/src/transformation/index.ts:41:36)
          at run.next (<anonymous>)
      at transform (node_modules/@babel/core/src/transform.ts:29:20)
          at transform.next (<anonymous>)
      at evaluateSync (node_modules/gensync/index.js:251:28)
      at sync (node_modules/gensync/index.js:89:14)
      at fn (node_modules/@babel/core/src/errors/rewrite-stack-trace.ts:99:14)
      at transformSync (node_modules/@babel/core/src/transform.ts:66:52)
      at ScriptTransformer.transformSource (node_modules/@jest/transform/build/index.js:422:31)
      at ScriptTransformer._transformAndBuildScript (node_modules/@jest/transform/build/index.js:519:40)
      at ScriptTransformer.transform (node_modules/@jest/transform/build/index.js:558:19)
      at Object.require (tests/QuestIntegration.test.js:2:1)

FAIL tests/PreloaderScene.test.js
  ● Test suite failed to run

    Jest encountered an unexpected token

    Jest failed to parse a file. This happens e.g. when your code or its dependencies use non-standard JavaScript syntax, or when Jest is not configured to support such syntax.

    Out of the box Jest supports Babel, which will be used to transform your files into valid JS based on your Babel configuration.

    By default "node_modules" folder is ignored by transformers.

    Here's what you can do:
     • If you are trying to use ECMAScript Modules, see https://jestjs.io/docs/ecmascript-modules for how to enable it.
     • If you are trying to use TypeScript, see https://jestjs.io/docs/getting-started#using-typescript
     • To have some of your "node_modules" files transformed, you can specify a custom "transformIgnorePatterns" in your config.
     • If you need a custom transformation, specify a "transform" option in your config.
     • If you simply want to mock your non-JS modules (e.g. binary assets) you can stub them out with the "moduleNameMapper" config option.

    You'll find more details and examples of these config options in the docs:
    https://jestjs.io/docs/configuration
    For information about custom transformations, see:
    https://jestjs.io/docs/code-transformation

    Details:

    SyntaxError: /workspaces/Nadagotchi/js/Config.js: Unexpected token (43:0)

      41 |     },
      42 |
    > 43 | <<<<<<< HEAD
         | ^
      44 |     // Minigame Settings
      45 |     MINIGAMES: {
      46 |         LOGIC_PUZZLE: {

    > 1 | import { Config } from '../Config.js';
        | ^
      2 |
      3 | /**
      4 |  * @class SoundSynthesizer

      at constructor (node_modules/@babel/parser/src/parse-error.ts:95:45)
      at Parser.toParseError [as raise] (node_modules/@babel/parser/src/tokenizer/index.ts:1507:19)
      at Parser.raise [as unexpected] (node_modules/@babel/parser/src/tokenizer/index.ts:1547:16)
      at Parser.unexpected [as parsePropertyName] (node_modules/@babel/parser/src/parser/expression.ts:2451:18)
      at Parser.parsePropertyName [as parsePropertyDefinition] (node_modules/@babel/parser/src/parser/expression.ts:2198:10)
      at Parser.parsePropertyDefinition [as parseObjectLike] (node_modules/@babel/parser/src/parser/expression.ts:2095:21)
      at Parser.parseObjectLike [as parseExprAtom] (node_modules/@babel/parser/src/parser/expression.ts:1181:21)
      at Parser.parseExprAtom [as parseExprSubscripts] (node_modules/@babel/parser/src/parser/expression.ts:742:23)
      at Parser.parseExprSubscripts [as parseUpdate] (node_modules/@babel/parser/src/parser/expression.ts:721:21)
      at Parser.parseUpdate [as parseMaybeUnary] (node_modules/@babel/parser/src/parser/expression.ts:683:23)
      at Parser.parseMaybeUnary [as parseMaybeUnaryOrPrivate] (node_modules/@babel/parser/src/parser/expression.ts:417:14)
      at Parser.parseMaybeUnaryOrPrivate [as parseExprOps] (node_modules/@babel/parser/src/parser/expression.ts:429:23)
      at Parser.parseExprOps [as parseMaybeConditional] (node_modules/@babel/parser/src/parser/expression.ts:384:23)
      at Parser.parseMaybeConditional [as parseMaybeAssign] (node_modules/@babel/parser/src/parser/expression.ts:301:21)
      at parseMaybeAssign (node_modules/@babel/parser/src/parser/expression.ts:257:12)
      at Parser.callback [as allowInAnd] (node_modules/@babel/parser/src/parser/expression.ts:3197:16)
      at Parser.allowInAnd [as parseMaybeAssignAllowIn] (node_modules/@babel/parser/src/parser/expression.ts:256:17)
      at Parser.parseMaybeAssignAllowIn [as parseVar] (node_modules/@babel/parser/src/parser/statement.ts:1587:18)
      at Parser.parseVar [as parseVarStatement] (node_modules/@babel/parser/src/parser/statement.ts:1251:10)
      at Parser.parseVarStatement [as parseStatementContent] (node_modules/@babel/parser/src/parser/statement.ts:612:21)
      at Parser.parseStatementContent [as parseStatementLike] (node_modules/@babel/parser/src/parser/statement.ts:482:17)
      at Parser.parseStatementLike [as parseStatementListItem] (node_modules/@babel/parser/src/parser/statement.ts:431:17)
      at Parser.parseStatementListItem (node_modules/@babel/parser/src/parser/statement.ts:2635:17)
      at Parser.parseExportDeclaration [as maybeParseExportDeclaration] (node_modules/@babel/parser/src/parser/statement.ts:2551:31)
      at Parser.maybeParseExportDeclaration [as parseExport] (node_modules/@babel/parser/src/parser/statement.ts:2432:29)
      at Parser.parseExport [as parseStatementContent] (node_modules/@babel/parser/src/parser/statement.ts:649:25)
      at Parser.parseStatementContent [as parseStatementLike] (node_modules/@babel/parser/src/parser/statement.ts:482:17)
      at Parser.parseStatementLike [as parseModuleItem] (node_modules/@babel/parser/src/parser/statement.ts:419:17)
      at Parser.parseModuleItem [as parseBlockOrModuleBlockBody] (node_modules/@babel/parser/src/parser/statement.ts:1443:16)
      at Parser.parseBlockOrModuleBlockBody [as parseBlockBody] (node_modules/@babel/parser/src/parser/statement.ts:1417:10)
      at Parser.parseBlockBody [as parseProgram] (node_modules/@babel/parser/src/parser/statement.ts:229:10)
      at Parser.parseProgram [as parseTopLevel] (node_modules/@babel/parser/src/parser/statement.ts:203:25)
      at Parser.parseTopLevel [as parse] (node_modules/@babel/parser/src/parser/index.ts:88:25)
      at parse (node_modules/@babel/parser/src/index.ts:86:38)
      at parser (node_modules/@babel/core/src/parser/index.ts:29:19)
          at parser.next (<anonymous>)
      at normalizeFile (node_modules/@babel/core/src/transformation/normalize-file.ts:50:24)
          at normalizeFile.next (<anonymous>)
      at run (node_modules/@babel/core/src/transformation/index.ts:41:36)
          at run.next (<anonymous>)
      at transform (node_modules/@babel/core/src/transform.ts:29:20)
          at transform.next (<anonymous>)
      at evaluateSync (node_modules/gensync/index.js:251:28)
      at sync (node_modules/gensync/index.js:89:14)
      at fn (node_modules/@babel/core/src/errors/rewrite-stack-trace.ts:99:14)
      at transformSync (node_modules/@babel/core/src/transform.ts:66:52)
      at ScriptTransformer.transformSource (node_modules/@jest/transform/build/index.js:422:31)
      at ScriptTransformer._transformAndBuildScript (node_modules/@jest/transform/build/index.js:519:40)
      at ScriptTransformer.transform (node_modules/@jest/transform/build/index.js:558:19)
      at Object.require (js/utils/SoundSynthesizer.js:1:1)
      at Object.require (js/PreloaderScene.js:2:1)
      at Object.require (tests/PreloaderScene.test.js:50:28)

FAIL tests/Achievement.test.js
  ● Test suite failed to run

    Jest encountered an unexpected token

    Jest failed to parse a file. This happens e.g. when your code or its dependencies use non-standard JavaScript syntax, or when Jest is not configured to support such syntax.

    Out of the box Jest supports Babel, which will be used to transform your files into valid JS based on your Babel configuration.

    By default "node_modules" folder is ignored by transformers.

    Here's what you can do:
     • If you are trying to use ECMAScript Modules, see https://jestjs.io/docs/ecmascript-modules for how to enable it.
     • If you are trying to use TypeScript, see https://jestjs.io/docs/getting-started#using-typescript
     • To have some of your "node_modules" files transformed, you can specify a custom "transformIgnorePatterns" in your config.
     • If you need a custom transformation, specify a "transform" option in your config.
     • If you simply want to mock your non-JS modules (e.g. binary assets) you can stub them out with the "moduleNameMapper" config option.

    You'll find more details and examples of these config options in the docs:
    https://jestjs.io/docs/configuration
    For information about custom transformations, see:
    https://jestjs.io/docs/code-transformation

    Details:

    SyntaxError: /workspaces/Nadagotchi/tests/Achievement.test.js: Unexpected token (65:0)

      63 |         expect(gameMock.events.emit).toHaveBeenCalledTimes(1);
      64 |     });
    > 65 | <<<<<<< HEAD
         | ^
      66 |
      67 |     describe('NPC Interactions', () => {
      68 |         it('should increment chat count for generic NPC interactions', () => {

      at constructor (node_modules/@babel/parser/src/parse-error.ts:95:45)
      at Parser.toParseError [as raise] (node_modules/@babel/parser/src/tokenizer/index.ts:1507:19)
      at Parser.raise [as unexpected] (node_modules/@babel/parser/src/tokenizer/index.ts:1547:16)
      at Parser.unexpected [as parseExprAtom] (node_modules/@babel/parser/src/parser/expression.ts:1355:22)
      at Parser.parseExprAtom [as parseExprSubscripts] (node_modules/@babel/parser/src/parser/expression.ts:742:23)
      at Parser.parseExprSubscripts [as parseUpdate] (node_modules/@babel/parser/src/parser/expression.ts:721:21)
      at Parser.parseUpdate [as parseMaybeUnary] (node_modules/@babel/parser/src/parser/expression.ts:683:23)
      at Parser.parseMaybeUnary [as parseMaybeUnaryOrPrivate] (node_modules/@babel/parser/src/parser/expression.ts:417:14)
      at Parser.parseMaybeUnaryOrPrivate [as parseExprOps] (node_modules/@babel/parser/src/parser/expression.ts:429:23)
      at Parser.parseExprOps [as parseMaybeConditional] (node_modules/@babel/parser/src/parser/expression.ts:384:23)
      at Parser.parseMaybeConditional [as parseMaybeAssign] (node_modules/@babel/parser/src/parser/expression.ts:301:21)
      at Parser.parseMaybeAssign [as parseExpressionBase] (node_modules/@babel/parser/src/parser/expression.ts:226:23)
      at parseExpressionBase (node_modules/@babel/parser/src/parser/expression.ts:217:39)
      at Parser.callback [as allowInAnd] (node_modules/@babel/parser/src/parser/expression.ts:3197:16)
      at Parser.allowInAnd [as parseExpression] (node_modules/@babel/parser/src/parser/expression.ts:217:17)
      at Parser.parseExpression [as parseStatementContent] (node_modules/@babel/parser/src/parser/statement.ts:688:23)
      at Parser.parseStatementContent [as parseStatementLike] (node_modules/@babel/parser/src/parser/statement.ts:482:17)
      at Parser.parseStatementLike [as parseStatementListItem] (node_modules/@babel/parser/src/parser/statement.ts:431:17)
      at Parser.parseStatementListItem [as parseBlockOrModuleBlockBody] (node_modules/@babel/parser/src/parser/statement.ts:1444:16)
      at Parser.parseBlockOrModuleBlockBody [as parseBlockBody] (node_modules/@babel/parser/src/parser/statement.ts:1417:10)
      at Parser.parseBlockBody [as parseBlock] (node_modules/@babel/parser/src/parser/statement.ts:1385:10)
      at Parser.parseBlock [as parseFunctionBody] (node_modules/@babel/parser/src/parser/expression.ts:2626:24)
      at Parser.parseFunctionBody [as parseArrowExpression] (node_modules/@babel/parser/src/parser/expression.ts:2563:10)
      at Parser.parseArrowExpression [as parseParenAndDistinguishExpression] (node_modules/@babel/parser/src/parser/expression.ts:1847:12)
      at Parser.parseParenAndDistinguishExpression [as parseExprAtom] (node_modules/@babel/parser/src/parser/expression.ts:1170:21)
      at Parser.parseExprAtom [as parseExprSubscripts] (node_modules/@babel/parser/src/parser/expression.ts:742:23)
      at Parser.parseExprSubscripts [as parseUpdate] (node_modules/@babel/parser/src/parser/expression.ts:721:21)
      at Parser.parseUpdate [as parseMaybeUnary] (node_modules/@babel/parser/src/parser/expression.ts:683:23)
      at Parser.parseMaybeUnary [as parseMaybeUnaryOrPrivate] (node_modules/@babel/parser/src/parser/expression.ts:417:14)
      at Parser.parseMaybeUnaryOrPrivate [as parseExprOps] (node_modules/@babel/parser/src/parser/expression.ts:429:23)
      at Parser.parseExprOps [as parseMaybeConditional] (node_modules/@babel/parser/src/parser/expression.ts:384:23)
      at Parser.parseMaybeConditional [as parseMaybeAssign] (node_modules/@babel/parser/src/parser/expression.ts:301:21)
      at parseMaybeAssign (node_modules/@babel/parser/src/parser/expression.ts:257:12)
      at Parser.callback [as allowInAnd] (node_modules/@babel/parser/src/parser/expression.ts:3202:12)
      at Parser.allowInAnd [as parseMaybeAssignAllowIn] (node_modules/@babel/parser/src/parser/expression.ts:256:17)
      at Parser.parseMaybeAssignAllowIn [as parseMaybeAssignAllowInOrVoidPattern] (node_modules/@babel/parser/src/parser/expression.ts:3316:17)
      at Parser.parseMaybeAssignAllowInOrVoidPattern [as parseExprListItem] (node_modules/@babel/parser/src/parser/expression.ts:2798:18)
      at Parser.parseExprListItem [as parseCallExpressionArguments] (node_modules/@babel/parser/src/parser/expression.ts:1042:14)
      at Parser.parseCallExpressionArguments [as parseCoverCallAndAsyncArrowHead] (node_modules/@babel/parser/src/parser/expression.ts:922:29)
      at Parser.parseCoverCallAndAsyncArrowHead [as parseSubscript] (node_modules/@babel/parser/src/parser/expression.ts:804:19)
      at Parser.parseSubscript [as parseSubscripts] (node_modules/@babel/parser/src/parser/expression.ts:763:19)
      at Parser.parseSubscripts [as parseExprSubscripts] (node_modules/@babel/parser/src/parser/expression.ts:748:17)
      at Parser.parseExprSubscripts [as parseUpdate] (node_modules/@babel/parser/src/parser/expression.ts:721:21)
      at Parser.parseUpdate [as parseMaybeUnary] (node_modules/@babel/parser/src/parser/expression.ts:683:23)
      at Parser.parseMaybeUnary [as parseMaybeUnaryOrPrivate] (node_modules/@babel/parser/src/parser/expression.ts:417:14)
      at Parser.parseMaybeUnaryOrPrivate [as parseExprOps] (node_modules/@babel/parser/src/parser/expression.ts:429:23)
      at Parser.parseExprOps [as parseMaybeConditional] (node_modules/@babel/parser/src/parser/expression.ts:384:23)
      at Parser.parseMaybeConditional [as parseMaybeAssign] (node_modules/@babel/parser/src/parser/expression.ts:301:21)
      at Parser.parseMaybeAssign [as parseExpressionBase] (node_modules/@babel/parser/src/parser/expression.ts:226:23)
      at parseExpressionBase (node_modules/@babel/parser/src/parser/expression.ts:217:39)
      at Parser.callback [as allowInAnd] (node_modules/@babel/parser/src/parser/expression.ts:3197:16)
      at Parser.allowInAnd [as parseExpression] (node_modules/@babel/parser/src/parser/expression.ts:217:17)
      at Parser.parseExpression [as parseStatementContent] (node_modules/@babel/parser/src/parser/statement.ts:688:23)
      at Parser.parseStatementContent [as parseStatementLike] (node_modules/@babel/parser/src/parser/statement.ts:482:17)
      at Parser.parseStatementLike [as parseModuleItem] (node_modules/@babel/parser/src/parser/statement.ts:419:17)
      at Parser.parseModuleItem [as parseBlockOrModuleBlockBody] (node_modules/@babel/parser/src/parser/statement.ts:1443:16)
      at Parser.parseBlockOrModuleBlockBody [as parseBlockBody] (node_modules/@babel/parser/src/parser/statement.ts:1417:10)
      at Parser.parseBlockBody [as parseProgram] (node_modules/@babel/parser/src/parser/statement.ts:229:10)
      at Parser.parseProgram [as parseTopLevel] (node_modules/@babel/parser/src/parser/statement.ts:203:25)
      at Parser.parseTopLevel [as parse] (node_modules/@babel/parser/src/parser/index.ts:88:25)
      at parse (node_modules/@babel/parser/src/index.ts:86:38)
      at parser (node_modules/@babel/core/src/parser/index.ts:29:19)
          at parser.next (<anonymous>)
      at normalizeFile (node_modules/@babel/core/src/transformation/normalize-file.ts:50:24)
          at normalizeFile.next (<anonymous>)
      at run (node_modules/@babel/core/src/transformation/index.ts:41:36)
          at run.next (<anonymous>)
      at transform (node_modules/@babel/core/src/transform.ts:29:20)
          at transform.next (<anonymous>)
      at evaluateSync (node_modules/gensync/index.js:251:28)
      at sync (node_modules/gensync/index.js:89:14)
      at fn (node_modules/@babel/core/src/errors/rewrite-stack-trace.ts:99:14)
      at transformSync (node_modules/@babel/core/src/transform.ts:66:52)
      at ScriptTransformer.transformSource (node_modules/@jest/transform/build/index.js:422:31)
      at ScriptTransformer._transformAndBuildScript (node_modules/@jest/transform/build/index.js:519:40)
      at ScriptTransformer.transform (node_modules/@jest/transform/build/index.js:558:19)

FAIL tests/MetaGame.test.js
  ● Test suite failed to run

    Jest encountered an unexpected token

    Jest failed to parse a file. This happens e.g. when your code or its dependencies use non-standard JavaScript syntax, or when Jest is not configured to support such syntax.

    Out of the box Jest supports Babel, which will be used to transform your files into valid JS based on your Babel configuration.

    By default "node_modules" folder is ignored by transformers.

    Here's what you can do:
     • If you are trying to use ECMAScript Modules, see https://jestjs.io/docs/ecmascript-modules for how to enable it.
     • If you are trying to use TypeScript, see https://jestjs.io/docs/getting-started#using-typescript
     • To have some of your "node_modules" files transformed, you can specify a custom "transformIgnorePatterns" in your config.
     • If you need a custom transformation, specify a "transform" option in your config.
     • If you simply want to mock your non-JS modules (e.g. binary assets) you can stub them out with the "moduleNameMapper" config option.

    You'll find more details and examples of these config options in the docs:
    https://jestjs.io/docs/configuration
    For information about custom transformations, see:
    https://jestjs.io/docs/code-transformation

    Details:

    SyntaxError: /workspaces/Nadagotchi/js/Nadagotchi.js: Unexpected token (32:0)

      30 |      */
      31 |     constructor(initialArchetype, loadedData = null) {
    > 32 | <<<<<<< HEAD
         | ^
      33 |         /** @type {boolean} Indicates if the asynchronous initialization is complete. */
      34 |         this.isInitialized = false;
      35 |

    > 1 | import { Nadagotchi } from '../js/Nadagotchi';
        | ^
      2 | import { NarrativeSystem } from '../js/NarrativeSystem';
      3 |
      4 | describe('Meta-Game Features', () => {

      at constructor (node_modules/@babel/parser/src/parse-error.ts:95:45)
      at Parser.toParseError [as raise] (node_modules/@babel/parser/src/tokenizer/index.ts:1507:19)
      at Parser.raise [as unexpected] (node_modules/@babel/parser/src/tokenizer/index.ts:1547:16)
      at Parser.unexpected [as parseExprAtom] (node_modules/@babel/parser/src/parser/expression.ts:1355:22)
      at Parser.parseExprAtom [as parseExprSubscripts] (node_modules/@babel/parser/src/parser/expression.ts:742:23)
      at Parser.parseExprSubscripts [as parseUpdate] (node_modules/@babel/parser/src/parser/expression.ts:721:21)
      at Parser.parseUpdate [as parseMaybeUnary] (node_modules/@babel/parser/src/parser/expression.ts:683:23)
      at Parser.parseMaybeUnary [as parseMaybeUnaryOrPrivate] (node_modules/@babel/parser/src/parser/expression.ts:417:14)
      at Parser.parseMaybeUnaryOrPrivate [as parseExprOps] (node_modules/@babel/parser/src/parser/expression.ts:429:23)
      at Parser.parseExprOps [as parseMaybeConditional] (node_modules/@babel/parser/src/parser/expression.ts:384:23)
      at Parser.parseMaybeConditional [as parseMaybeAssign] (node_modules/@babel/parser/src/parser/expression.ts:301:21)
      at Parser.parseMaybeAssign [as parseExpressionBase] (node_modules/@babel/parser/src/parser/expression.ts:226:23)
      at parseExpressionBase (node_modules/@babel/parser/src/parser/expression.ts:217:39)
      at Parser.callback [as allowInAnd] (node_modules/@babel/parser/src/parser/expression.ts:3197:16)
      at Parser.allowInAnd [as parseExpression] (node_modules/@babel/parser/src/parser/expression.ts:217:17)
      at Parser.parseExpression [as parseStatementContent] (node_modules/@babel/parser/src/parser/statement.ts:688:23)
      at Parser.parseStatementContent [as parseStatementLike] (node_modules/@babel/parser/src/parser/statement.ts:482:17)
      at Parser.parseStatementLike [as parseStatementListItem] (node_modules/@babel/parser/src/parser/statement.ts:431:17)
      at Parser.parseStatementListItem [as parseBlockOrModuleBlockBody] (node_modules/@babel/parser/src/parser/statement.ts:1444:16)
      at Parser.parseBlockOrModuleBlockBody [as parseBlockBody] (node_modules/@babel/parser/src/parser/statement.ts:1417:10)
      at Parser.parseBlockBody [as parseBlock] (node_modules/@babel/parser/src/parser/statement.ts:1385:10)
      at Parser.parseBlock [as parseFunctionBody] (node_modules/@babel/parser/src/parser/expression.ts:2626:24)
      at Parser.parseFunctionBody [as parseFunctionBodyAndFinish] (node_modules/@babel/parser/src/parser/expression.ts:2595:10)
      at Parser.parseFunctionBodyAndFinish [as parseMethod] (node_modules/@babel/parser/src/parser/expression.ts:2492:31)
      at Parser.parseMethod [as pushClassMethod] (node_modules/@babel/parser/src/parser/statement.ts:2244:12)
      at Parser.pushClassMethod [as parseClassMemberWithIsStatic] (node_modules/@babel/parser/src/parser/statement.ts:2023:12)
      at Parser.parseClassMemberWithIsStatic [as parseClassMember] (node_modules/@babel/parser/src/parser/statement.ts:1938:10)
      at parseClassMember (node_modules/@babel/parser/src/parser/statement.ts:1851:14)
      at Parser.callback [as withSmartMixTopicForbiddingContext] (node_modules/@babel/parser/src/parser/expression.ts:3176:14)
      at Parser.withSmartMixTopicForbiddingContext [as parseClassBody] (node_modules/@babel/parser/src/parser/statement.ts:1823:10)
      at Parser.parseClassBody [as parseClass] (node_modules/@babel/parser/src/parser/statement.ts:1774:22)
      at Parser.parseClass [as parseExportDeclaration] (node_modules/@babel/parser/src/parser/statement.ts:2628:25)
      at Parser.parseExportDeclaration [as maybeParseExportDeclaration] (node_modules/@babel/parser/src/parser/statement.ts:2551:31)
      at Parser.maybeParseExportDeclaration [as parseExport] (node_modules/@babel/parser/src/parser/statement.ts:2432:29)
      at Parser.parseExport [as parseStatementContent] (node_modules/@babel/parser/src/parser/statement.ts:649:25)
      at Parser.parseStatementContent [as parseStatementLike] (node_modules/@babel/parser/src/parser/statement.ts:482:17)
      at Parser.parseStatementLike [as parseModuleItem] (node_modules/@babel/parser/src/parser/statement.ts:419:17)
      at Parser.parseModuleItem [as parseBlockOrModuleBlockBody] (node_modules/@babel/parser/src/parser/statement.ts:1443:16)
      at Parser.parseBlockOrModuleBlockBody [as parseBlockBody] (node_modules/@babel/parser/src/parser/statement.ts:1417:10)
      at Parser.parseBlockBody [as parseProgram] (node_modules/@babel/parser/src/parser/statement.ts:229:10)
      at Parser.parseProgram [as parseTopLevel] (node_modules/@babel/parser/src/parser/statement.ts:203:25)
      at Parser.parseTopLevel [as parse] (node_modules/@babel/parser/src/parser/index.ts:88:25)
      at parse (node_modules/@babel/parser/src/index.ts:86:38)
      at parser (node_modules/@babel/core/src/parser/index.ts:29:19)
          at parser.next (<anonymous>)
      at normalizeFile (node_modules/@babel/core/src/transformation/normalize-file.ts:50:24)
          at normalizeFile.next (<anonymous>)
      at run (node_modules/@babel/core/src/transformation/index.ts:41:36)
          at run.next (<anonymous>)
      at transform (node_modules/@babel/core/src/transform.ts:29:20)
          at transform.next (<anonymous>)
      at evaluateSync (node_modules/gensync/index.js:251:28)
      at sync (node_modules/gensync/index.js:89:14)
      at fn (node_modules/@babel/core/src/errors/rewrite-stack-trace.ts:99:14)
      at transformSync (node_modules/@babel/core/src/transform.ts:66:52)
      at ScriptTransformer.transformSource (node_modules/@jest/transform/build/index.js:422:31)
      at ScriptTransformer._transformAndBuildScript (node_modules/@jest/transform/build/index.js:519:40)
      at ScriptTransformer.transform (node_modules/@jest/transform/build/index.js:558:19)
      at Object.require (tests/MetaGame.test.js:1:1)

FAIL tests/HousingExpansion.test.js
  ● Test suite failed to run

    Jest encountered an unexpected token

    Jest failed to parse a file. This happens e.g. when your code or its dependencies use non-standard JavaScript syntax, or when Jest is not configured to support such syntax.

    Out of the box Jest supports Babel, which will be used to transform your files into valid JS based on your Babel configuration.

    By default "node_modules" folder is ignored by transformers.

    Here's what you can do:
     • If you are trying to use ECMAScript Modules, see https://jestjs.io/docs/ecmascript-modules for how to enable it.
     • If you are trying to use TypeScript, see https://jestjs.io/docs/getting-started#using-typescript
     • To have some of your "node_modules" files transformed, you can specify a custom "transformIgnorePatterns" in your config.
     • If you need a custom transformation, specify a "transform" option in your config.
     • If you simply want to mock your non-JS modules (e.g. binary assets) you can stub them out with the "moduleNameMapper" config option.

    You'll find more details and examples of these config options in the docs:
    https://jestjs.io/docs/configuration
    For information about custom transformations, see:
    https://jestjs.io/docs/code-transformation

    Details:

    SyntaxError: /workspaces/Nadagotchi/js/Nadagotchi.js: Unexpected token (32:0)

      30 |      */
      31 |     constructor(initialArchetype, loadedData = null) {
    > 32 | <<<<<<< HEAD
         | ^
      33 |         /** @type {boolean} Indicates if the asynchronous initialization is complete. */
      34 |         this.isInitialized = false;
      35 |

      1 |
    > 2 | const { Nadagotchi } = require('../js/Nadagotchi.js');
        |                        ^
      3 | const { InventorySystem } = require('../js/systems/InventorySystem.js');
      4 | const { RoomDefinitions } = require('../js/RoomDefinitions.js');
      5 | const { Config } = require('../js/Config.js');

      at constructor (node_modules/@babel/parser/src/parse-error.ts:95:45)
      at Parser.toParseError [as raise] (node_modules/@babel/parser/src/tokenizer/index.ts:1507:19)
      at Parser.raise [as unexpected] (node_modules/@babel/parser/src/tokenizer/index.ts:1547:16)
      at Parser.unexpected [as parseExprAtom] (node_modules/@babel/parser/src/parser/expression.ts:1355:22)
      at Parser.parseExprAtom [as parseExprSubscripts] (node_modules/@babel/parser/src/parser/expression.ts:742:23)
      at Parser.parseExprSubscripts [as parseUpdate] (node_modules/@babel/parser/src/parser/expression.ts:721:21)
      at Parser.parseUpdate [as parseMaybeUnary] (node_modules/@babel/parser/src/parser/expression.ts:683:23)
      at Parser.parseMaybeUnary [as parseMaybeUnaryOrPrivate] (node_modules/@babel/parser/src/parser/expression.ts:417:14)
      at Parser.parseMaybeUnaryOrPrivate [as parseExprOps] (node_modules/@babel/parser/src/parser/expression.ts:429:23)
      at Parser.parseExprOps [as parseMaybeConditional] (node_modules/@babel/parser/src/parser/expression.ts:384:23)
      at Parser.parseMaybeConditional [as parseMaybeAssign] (node_modules/@babel/parser/src/parser/expression.ts:301:21)
      at Parser.parseMaybeAssign [as parseExpressionBase] (node_modules/@babel/parser/src/parser/expression.ts:226:23)
      at parseExpressionBase (node_modules/@babel/parser/src/parser/expression.ts:217:39)
      at Parser.callback [as allowInAnd] (node_modules/@babel/parser/src/parser/expression.ts:3197:16)
      at Parser.allowInAnd [as parseExpression] (node_modules/@babel/parser/src/parser/expression.ts:217:17)
      at Parser.parseExpression [as parseStatementContent] (node_modules/@babel/parser/src/parser/statement.ts:688:23)
      at Parser.parseStatementContent [as parseStatementLike] (node_modules/@babel/parser/src/parser/statement.ts:482:17)
      at Parser.parseStatementLike [as parseStatementListItem] (node_modules/@babel/parser/src/parser/statement.ts:431:17)
      at Parser.parseStatementListItem [as parseBlockOrModuleBlockBody] (node_modules/@babel/parser/src/parser/statement.ts:1444:16)
      at Parser.parseBlockOrModuleBlockBody [as parseBlockBody] (node_modules/@babel/parser/src/parser/statement.ts:1417:10)
      at Parser.parseBlockBody [as parseBlock] (node_modules/@babel/parser/src/parser/statement.ts:1385:10)
      at Parser.parseBlock [as parseFunctionBody] (node_modules/@babel/parser/src/parser/expression.ts:2626:24)
      at Parser.parseFunctionBody [as parseFunctionBodyAndFinish] (node_modules/@babel/parser/src/parser/expression.ts:2595:10)
      at Parser.parseFunctionBodyAndFinish [as parseMethod] (node_modules/@babel/parser/src/parser/expression.ts:2492:31)
      at Parser.parseMethod [as pushClassMethod] (node_modules/@babel/parser/src/parser/statement.ts:2244:12)
      at Parser.pushClassMethod [as parseClassMemberWithIsStatic] (node_modules/@babel/parser/src/parser/statement.ts:2023:12)
      at Parser.parseClassMemberWithIsStatic [as parseClassMember] (node_modules/@babel/parser/src/parser/statement.ts:1938:10)
      at parseClassMember (node_modules/@babel/parser/src/parser/statement.ts:1851:14)
      at Parser.callback [as withSmartMixTopicForbiddingContext] (node_modules/@babel/parser/src/parser/expression.ts:3176:14)
      at Parser.withSmartMixTopicForbiddingContext [as parseClassBody] (node_modules/@babel/parser/src/parser/statement.ts:1823:10)
      at Parser.parseClassBody [as parseClass] (node_modules/@babel/parser/src/parser/statement.ts:1774:22)
      at Parser.parseClass [as parseExportDeclaration] (node_modules/@babel/parser/src/parser/statement.ts:2628:25)
      at Parser.parseExportDeclaration [as maybeParseExportDeclaration] (node_modules/@babel/parser/src/parser/statement.ts:2551:31)
      at Parser.maybeParseExportDeclaration [as parseExport] (node_modules/@babel/parser/src/parser/statement.ts:2432:29)
      at Parser.parseExport [as parseStatementContent] (node_modules/@babel/parser/src/parser/statement.ts:649:25)
      at Parser.parseStatementContent [as parseStatementLike] (node_modules/@babel/parser/src/parser/statement.ts:482:17)
      at Parser.parseStatementLike [as parseModuleItem] (node_modules/@babel/parser/src/parser/statement.ts:419:17)
      at Parser.parseModuleItem [as parseBlockOrModuleBlockBody] (node_modules/@babel/parser/src/parser/statement.ts:1443:16)
      at Parser.parseBlockOrModuleBlockBody [as parseBlockBody] (node_modules/@babel/parser/src/parser/statement.ts:1417:10)
      at Parser.parseBlockBody [as parseProgram] (node_modules/@babel/parser/src/parser/statement.ts:229:10)
      at Parser.parseProgram [as parseTopLevel] (node_modules/@babel/parser/src/parser/statement.ts:203:25)
      at Parser.parseTopLevel [as parse] (node_modules/@babel/parser/src/parser/index.ts:88:25)
      at parse (node_modules/@babel/parser/src/index.ts:86:38)
      at parser (node_modules/@babel/core/src/parser/index.ts:29:19)
          at parser.next (<anonymous>)
      at normalizeFile (node_modules/@babel/core/src/transformation/normalize-file.ts:50:24)
          at normalizeFile.next (<anonymous>)
      at run (node_modules/@babel/core/src/transformation/index.ts:41:36)
          at run.next (<anonymous>)
      at transform (node_modules/@babel/core/src/transform.ts:29:20)
          at transform.next (<anonymous>)
      at evaluateSync (node_modules/gensync/index.js:251:28)
      at sync (node_modules/gensync/index.js:89:14)
      at fn (node_modules/@babel/core/src/errors/rewrite-stack-trace.ts:99:14)
      at transformSync (node_modules/@babel/core/src/transform.ts:66:52)
      at ScriptTransformer.transformSource (node_modules/@jest/transform/build/index.js:422:31)
      at ScriptTransformer._transformAndBuildScript (node_modules/@jest/transform/build/index.js:519:40)
      at ScriptTransformer.transform (node_modules/@jest/transform/build/index.js:558:19)
      at Object.require (tests/HousingExpansion.test.js:2:24)

FAIL tests/GeneticsSerialization.test.js
  ● Test suite failed to run

    Jest encountered an unexpected token

    Jest failed to parse a file. This happens e.g. when your code or its dependencies use non-standard JavaScript syntax, or when Jest is not configured to support such syntax.

    Out of the box Jest supports Babel, which will be used to transform your files into valid JS based on your Babel configuration.

    By default "node_modules" folder is ignored by transformers.

    Here's what you can do:
     • If you are trying to use ECMAScript Modules, see https://jestjs.io/docs/ecmascript-modules for how to enable it.
     • If you are trying to use TypeScript, see https://jestjs.io/docs/getting-started#using-typescript
     • To have some of your "node_modules" files transformed, you can specify a custom "transformIgnorePatterns" in your config.
     • If you need a custom transformation, specify a "transform" option in your config.
     • If you simply want to mock your non-JS modules (e.g. binary assets) you can stub them out with the "moduleNameMapper" config option.

    You'll find more details and examples of these config options in the docs:
    https://jestjs.io/docs/configuration
    For information about custom transformations, see:
    https://jestjs.io/docs/code-transformation

    Details:

    SyntaxError: /workspaces/Nadagotchi/js/Config.js: Unexpected token (43:0)

      41 |     },
      42 |
    > 43 | <<<<<<< HEAD
         | ^
      44 |     // Minigame Settings
      45 |     MINIGAMES: {
      46 |         LOGIC_PUZZLE: {

       5 |
       6 | import { SeededRandom } from './utils/SeededRandom.js';
    >  7 | import { Config } from './Config.js';
         | ^
       8 | import { CryptoUtils } from './utils/CryptoUtils.js';
       9 |
      10 | import { toBase64, fromBase64 } from './utils/Encoding.js';

      at constructor (node_modules/@babel/parser/src/parse-error.ts:95:45)
      at Parser.toParseError [as raise] (node_modules/@babel/parser/src/tokenizer/index.ts:1507:19)
      at Parser.raise [as unexpected] (node_modules/@babel/parser/src/tokenizer/index.ts:1547:16)
      at Parser.unexpected [as parsePropertyName] (node_modules/@babel/parser/src/parser/expression.ts:2451:18)
      at Parser.parsePropertyName [as parsePropertyDefinition] (node_modules/@babel/parser/src/parser/expression.ts:2198:10)
      at Parser.parsePropertyDefinition [as parseObjectLike] (node_modules/@babel/parser/src/parser/expression.ts:2095:21)
      at Parser.parseObjectLike [as parseExprAtom] (node_modules/@babel/parser/src/parser/expression.ts:1181:21)
      at Parser.parseExprAtom [as parseExprSubscripts] (node_modules/@babel/parser/src/parser/expression.ts:742:23)
      at Parser.parseExprSubscripts [as parseUpdate] (node_modules/@babel/parser/src/parser/expression.ts:721:21)
      at Parser.parseUpdate [as parseMaybeUnary] (node_modules/@babel/parser/src/parser/expression.ts:683:23)
      at Parser.parseMaybeUnary [as parseMaybeUnaryOrPrivate] (node_modules/@babel/parser/src/parser/expression.ts:417:14)
      at Parser.parseMaybeUnaryOrPrivate [as parseExprOps] (node_modules/@babel/parser/src/parser/expression.ts:429:23)
      at Parser.parseExprOps [as parseMaybeConditional] (node_modules/@babel/parser/src/parser/expression.ts:384:23)
      at Parser.parseMaybeConditional [as parseMaybeAssign] (node_modules/@babel/parser/src/parser/expression.ts:301:21)
      at parseMaybeAssign (node_modules/@babel/parser/src/parser/expression.ts:257:12)
      at Parser.callback [as allowInAnd] (node_modules/@babel/parser/src/parser/expression.ts:3197:16)
      at Parser.allowInAnd [as parseMaybeAssignAllowIn] (node_modules/@babel/parser/src/parser/expression.ts:256:17)
      at Parser.parseMaybeAssignAllowIn [as parseVar] (node_modules/@babel/parser/src/parser/statement.ts:1587:18)
      at Parser.parseVar [as parseVarStatement] (node_modules/@babel/parser/src/parser/statement.ts:1251:10)
      at Parser.parseVarStatement [as parseStatementContent] (node_modules/@babel/parser/src/parser/statement.ts:612:21)
      at Parser.parseStatementContent [as parseStatementLike] (node_modules/@babel/parser/src/parser/statement.ts:482:17)
      at Parser.parseStatementLike [as parseStatementListItem] (node_modules/@babel/parser/src/parser/statement.ts:431:17)
      at Parser.parseStatementListItem (node_modules/@babel/parser/src/parser/statement.ts:2635:17)
      at Parser.parseExportDeclaration [as maybeParseExportDeclaration] (node_modules/@babel/parser/src/parser/statement.ts:2551:31)
      at Parser.maybeParseExportDeclaration [as parseExport] (node_modules/@babel/parser/src/parser/statement.ts:2432:29)
      at Parser.parseExport [as parseStatementContent] (node_modules/@babel/parser/src/parser/statement.ts:649:25)
      at Parser.parseStatementContent [as parseStatementLike] (node_modules/@babel/parser/src/parser/statement.ts:482:17)
      at Parser.parseStatementLike [as parseModuleItem] (node_modules/@babel/parser/src/parser/statement.ts:419:17)
      at Parser.parseModuleItem [as parseBlockOrModuleBlockBody] (node_modules/@babel/parser/src/parser/statement.ts:1443:16)
      at Parser.parseBlockOrModuleBlockBody [as parseBlockBody] (node_modules/@babel/parser/src/parser/statement.ts:1417:10)
      at Parser.parseBlockBody [as parseProgram] (node_modules/@babel/parser/src/parser/statement.ts:229:10)
      at Parser.parseProgram [as parseTopLevel] (node_modules/@babel/parser/src/parser/statement.ts:203:25)
      at Parser.parseTopLevel [as parse] (node_modules/@babel/parser/src/parser/index.ts:88:25)
      at parse (node_modules/@babel/parser/src/index.ts:86:38)
      at parser (node_modules/@babel/core/src/parser/index.ts:29:19)
          at parser.next (<anonymous>)
      at normalizeFile (node_modules/@babel/core/src/transformation/normalize-file.ts:50:24)
          at normalizeFile.next (<anonymous>)
      at run (node_modules/@babel/core/src/transformation/index.ts:41:36)
          at run.next (<anonymous>)
      at transform (node_modules/@babel/core/src/transform.ts:29:20)
          at transform.next (<anonymous>)
      at evaluateSync (node_modules/gensync/index.js:251:28)
      at sync (node_modules/gensync/index.js:89:14)
      at fn (node_modules/@babel/core/src/errors/rewrite-stack-trace.ts:99:14)
      at transformSync (node_modules/@babel/core/src/transform.ts:66:52)
      at ScriptTransformer.transformSource (node_modules/@jest/transform/build/index.js:422:31)
      at ScriptTransformer._transformAndBuildScript (node_modules/@jest/transform/build/index.js:519:40)
      at ScriptTransformer.transform (node_modules/@jest/transform/build/index.js:558:19)
      at Object.require (js/GeneticsSystem.js:7:1)
      at Object.require (tests/GeneticsSerialization.test.js:2:1)

FAIL tests/ExpeditionScene.test.js
  ● Test suite failed to run

    Jest encountered an unexpected token

    Jest failed to parse a file. This happens e.g. when your code or its dependencies use non-standard JavaScript syntax, or when Jest is not configured to support such syntax.

    Out of the box Jest supports Babel, which will be used to transform your files into valid JS based on your Babel configuration.

    By default "node_modules" folder is ignored by transformers.

    Here's what you can do:
     • If you are trying to use ECMAScript Modules, see https://jestjs.io/docs/ecmascript-modules for how to enable it.
     • If you are trying to use TypeScript, see https://jestjs.io/docs/getting-started#using-typescript
     • To have some of your "node_modules" files transformed, you can specify a custom "transformIgnorePatterns" in your config.
     • If you need a custom transformation, specify a "transform" option in your config.
     • If you simply want to mock your non-JS modules (e.g. binary assets) you can stub them out with the "moduleNameMapper" config option.

    You'll find more details and examples of these config options in the docs:
    https://jestjs.io/docs/configuration
    For information about custom transformations, see:
    https://jestjs.io/docs/code-transformation

    Details:

    SyntaxError: /workspaces/Nadagotchi/js/Config.js: Unexpected token (43:0)

      41 |     },
      42 |
    > 43 | <<<<<<< HEAD
         | ^
      44 |     // Minigame Settings
      45 |     MINIGAMES: {
      46 |         LOGIC_PUZZLE: {

    > 1 | import { Config } from '../Config.js';
        | ^
      2 |
      3 | /**
      4 |  * @class SoundSynthesizer

      at constructor (node_modules/@babel/parser/src/parse-error.ts:95:45)
      at Parser.toParseError [as raise] (node_modules/@babel/parser/src/tokenizer/index.ts:1507:19)
      at Parser.raise [as unexpected] (node_modules/@babel/parser/src/tokenizer/index.ts:1547:16)
      at Parser.unexpected [as parsePropertyName] (node_modules/@babel/parser/src/parser/expression.ts:2451:18)
      at Parser.parsePropertyName [as parsePropertyDefinition] (node_modules/@babel/parser/src/parser/expression.ts:2198:10)
      at Parser.parsePropertyDefinition [as parseObjectLike] (node_modules/@babel/parser/src/parser/expression.ts:2095:21)
      at Parser.parseObjectLike [as parseExprAtom] (node_modules/@babel/parser/src/parser/expression.ts:1181:21)
      at Parser.parseExprAtom [as parseExprSubscripts] (node_modules/@babel/parser/src/parser/expression.ts:742:23)
      at Parser.parseExprSubscripts [as parseUpdate] (node_modules/@babel/parser/src/parser/expression.ts:721:21)
      at Parser.parseUpdate [as parseMaybeUnary] (node_modules/@babel/parser/src/parser/expression.ts:683:23)
      at Parser.parseMaybeUnary [as parseMaybeUnaryOrPrivate] (node_modules/@babel/parser/src/parser/expression.ts:417:14)
      at Parser.parseMaybeUnaryOrPrivate [as parseExprOps] (node_modules/@babel/parser/src/parser/expression.ts:429:23)
      at Parser.parseExprOps [as parseMaybeConditional] (node_modules/@babel/parser/src/parser/expression.ts:384:23)
      at Parser.parseMaybeConditional [as parseMaybeAssign] (node_modules/@babel/parser/src/parser/expression.ts:301:21)
      at parseMaybeAssign (node_modules/@babel/parser/src/parser/expression.ts:257:12)
      at Parser.callback [as allowInAnd] (node_modules/@babel/parser/src/parser/expression.ts:3197:16)
      at Parser.allowInAnd [as parseMaybeAssignAllowIn] (node_modules/@babel/parser/src/parser/expression.ts:256:17)
      at Parser.parseMaybeAssignAllowIn [as parseVar] (node_modules/@babel/parser/src/parser/statement.ts:1587:18)
      at Parser.parseVar [as parseVarStatement] (node_modules/@babel/parser/src/parser/statement.ts:1251:10)
      at Parser.parseVarStatement [as parseStatementContent] (node_modules/@babel/parser/src/parser/statement.ts:612:21)
      at Parser.parseStatementContent [as parseStatementLike] (node_modules/@babel/parser/src/parser/statement.ts:482:17)
      at Parser.parseStatementLike [as parseStatementListItem] (node_modules/@babel/parser/src/parser/statement.ts:431:17)
      at Parser.parseStatementListItem (node_modules/@babel/parser/src/parser/statement.ts:2635:17)
      at Parser.parseExportDeclaration [as maybeParseExportDeclaration] (node_modules/@babel/parser/src/parser/statement.ts:2551:31)
      at Parser.maybeParseExportDeclaration [as parseExport] (node_modules/@babel/parser/src/parser/statement.ts:2432:29)
      at Parser.parseExport [as parseStatementContent] (node_modules/@babel/parser/src/parser/statement.ts:649:25)
      at Parser.parseStatementContent [as parseStatementLike] (node_modules/@babel/parser/src/parser/statement.ts:482:17)
      at Parser.parseStatementLike [as parseModuleItem] (node_modules/@babel/parser/src/parser/statement.ts:419:17)
      at Parser.parseModuleItem [as parseBlockOrModuleBlockBody] (node_modules/@babel/parser/src/parser/statement.ts:1443:16)
      at Parser.parseBlockOrModuleBlockBody [as parseBlockBody] (node_modules/@babel/parser/src/parser/statement.ts:1417:10)
      at Parser.parseBlockBody [as parseProgram] (node_modules/@babel/parser/src/parser/statement.ts:229:10)
      at Parser.parseProgram [as parseTopLevel] (node_modules/@babel/parser/src/parser/statement.ts:203:25)
      at Parser.parseTopLevel [as parse] (node_modules/@babel/parser/src/parser/index.ts:88:25)
      at parse (node_modules/@babel/parser/src/index.ts:86:38)
      at parser (node_modules/@babel/core/src/parser/index.ts:29:19)
          at parser.next (<anonymous>)
      at normalizeFile (node_modules/@babel/core/src/transformation/normalize-file.ts:50:24)
          at normalizeFile.next (<anonymous>)
      at run (node_modules/@babel/core/src/transformation/index.ts:41:36)
          at run.next (<anonymous>)
      at transform (node_modules/@babel/core/src/transform.ts:29:20)
          at transform.next (<anonymous>)
      at evaluateSync (node_modules/gensync/index.js:251:28)
      at sync (node_modules/gensync/index.js:89:14)
      at fn (node_modules/@babel/core/src/errors/rewrite-stack-trace.ts:99:14)
      at transformSync (node_modules/@babel/core/src/transform.ts:66:52)
      at ScriptTransformer.transformSource (node_modules/@jest/transform/build/index.js:422:31)
      at ScriptTransformer._transformAndBuildScript (node_modules/@jest/transform/build/index.js:519:40)
      at ScriptTransformer.transform (node_modules/@jest/transform/build/index.js:558:19)
      at Object.require (js/utils/SoundSynthesizer.js:1:1)
      at Object.require (js/ButtonFactory.js:7:1)
      at Object.require (tests/ExpeditionScene.test.js:3:27)

FAIL tests/benchmark_save.test.js
  ● Test suite failed to run

    Jest encountered an unexpected token

    Jest failed to parse a file. This happens e.g. when your code or its dependencies use non-standard JavaScript syntax, or when Jest is not configured to support such syntax.

    Out of the box Jest supports Babel, which will be used to transform your files into valid JS based on your Babel configuration.

    By default "node_modules" folder is ignored by transformers.

    Here's what you can do:
     • If you are trying to use ECMAScript Modules, see https://jestjs.io/docs/ecmascript-modules for how to enable it.
     • If you are trying to use TypeScript, see https://jestjs.io/docs/getting-started#using-typescript
     • To have some of your "node_modules" files transformed, you can specify a custom "transformIgnorePatterns" in your config.
     • If you need a custom transformation, specify a "transform" option in your config.
     • If you simply want to mock your non-JS modules (e.g. binary assets) you can stub them out with the "moduleNameMapper" config option.

    You'll find more details and examples of these config options in the docs:
    https://jestjs.io/docs/configuration
    For information about custom transformations, see:
    https://jestjs.io/docs/code-transformation

    Details:

    SyntaxError: /workspaces/Nadagotchi/js/PersistenceManager.js: Unexpected token (7:0)

       5 |
       6 | import { toBase64, fromBase64 } from './utils/Encoding.js';
    >  7 | <<<<<<< HEAD
         | ^
       8 | import { CryptoUtils } from './utils/CryptoUtils.js';
       9 | =======
      10 | >>>>>>> 74fdaab (Update js/DebugConsole.js)

      1 |
    > 2 | import { PersistenceManager } from '../js/PersistenceManager';
        | ^
      3 | import { Nadagotchi } from '../js/Nadagotchi';
      4 | import { jest } from '@jest/globals';
      5 |

      at constructor (node_modules/@babel/parser/src/parse-error.ts:95:45)
      at Parser.toParseError [as raise] (node_modules/@babel/parser/src/tokenizer/index.ts:1507:19)
      at Parser.raise [as unexpected] (node_modules/@babel/parser/src/tokenizer/index.ts:1547:16)
      at Parser.unexpected [as parseExprAtom] (node_modules/@babel/parser/src/parser/expression.ts:1355:22)
      at Parser.parseExprAtom [as parseExprSubscripts] (node_modules/@babel/parser/src/parser/expression.ts:742:23)
      at Parser.parseExprSubscripts [as parseUpdate] (node_modules/@babel/parser/src/parser/expression.ts:721:21)
      at Parser.parseUpdate [as parseMaybeUnary] (node_modules/@babel/parser/src/parser/expression.ts:683:23)
      at Parser.parseMaybeUnary [as parseMaybeUnaryOrPrivate] (node_modules/@babel/parser/src/parser/expression.ts:417:14)
      at Parser.parseMaybeUnaryOrPrivate [as parseExprOps] (node_modules/@babel/parser/src/parser/expression.ts:429:23)
      at Parser.parseExprOps [as parseMaybeConditional] (node_modules/@babel/parser/src/parser/expression.ts:384:23)
      at Parser.parseMaybeConditional [as parseMaybeAssign] (node_modules/@babel/parser/src/parser/expression.ts:301:21)
      at Parser.parseMaybeAssign [as parseExpressionBase] (node_modules/@babel/parser/src/parser/expression.ts:226:23)
      at parseExpressionBase (node_modules/@babel/parser/src/parser/expression.ts:217:39)
      at Parser.callback [as allowInAnd] (node_modules/@babel/parser/src/parser/expression.ts:3197:16)
      at Parser.allowInAnd [as parseExpression] (node_modules/@babel/parser/src/parser/expression.ts:217:17)
      at Parser.parseExpression [as parseStatementContent] (node_modules/@babel/parser/src/parser/statement.ts:688:23)
      at Parser.parseStatementContent [as parseStatementLike] (node_modules/@babel/parser/src/parser/statement.ts:482:17)
      at Parser.parseStatementLike [as parseModuleItem] (node_modules/@babel/parser/src/parser/statement.ts:419:17)
      at Parser.parseModuleItem [as parseBlockOrModuleBlockBody] (node_modules/@babel/parser/src/parser/statement.ts:1443:16)
      at Parser.parseBlockOrModuleBlockBody [as parseBlockBody] (node_modules/@babel/parser/src/parser/statement.ts:1417:10)
      at Parser.parseBlockBody [as parseProgram] (node_modules/@babel/parser/src/parser/statement.ts:229:10)
      at Parser.parseProgram [as parseTopLevel] (node_modules/@babel/parser/src/parser/statement.ts:203:25)
      at Parser.parseTopLevel [as parse] (node_modules/@babel/parser/src/parser/index.ts:88:25)
      at parse (node_modules/@babel/parser/src/index.ts:86:38)
      at parser (node_modules/@babel/core/src/parser/index.ts:29:19)
          at parser.next (<anonymous>)
      at normalizeFile (node_modules/@babel/core/src/transformation/normalize-file.ts:50:24)
          at normalizeFile.next (<anonymous>)
      at run (node_modules/@babel/core/src/transformation/index.ts:41:36)
          at run.next (<anonymous>)
      at transform (node_modules/@babel/core/src/transform.ts:29:20)
          at transform.next (<anonymous>)
      at evaluateSync (node_modules/gensync/index.js:251:28)
      at sync (node_modules/gensync/index.js:89:14)
      at fn (node_modules/@babel/core/src/errors/rewrite-stack-trace.ts:99:14)
      at transformSync (node_modules/@babel/core/src/transform.ts:66:52)
      at ScriptTransformer.transformSource (node_modules/@jest/transform/build/index.js:422:31)
      at ScriptTransformer._transformAndBuildScript (node_modules/@jest/transform/build/index.js:519:40)
      at ScriptTransformer.transform (node_modules/@jest/transform/build/index.js:558:19)
      at Object.require (tests/benchmark_save.test.js:2:1)

FAIL tests/DebugConsole.test.js
  ● Test suite failed to run

    Jest encountered an unexpected token

    Jest failed to parse a file. This happens e.g. when your code or its dependencies use non-standard JavaScript syntax, or when Jest is not configured to support such syntax.

    Out of the box Jest supports Babel, which will be used to transform your files into valid JS based on your Babel configuration.

    By default "node_modules" folder is ignored by transformers.

    Here's what you can do:
     • If you are trying to use ECMAScript Modules, see https://jestjs.io/docs/ecmascript-modules for how to enable it.
     • If you are trying to use TypeScript, see https://jestjs.io/docs/getting-started#using-typescript
     • To have some of your "node_modules" files transformed, you can specify a custom "transformIgnorePatterns" in your config.
     • If you need a custom transformation, specify a "transform" option in your config.
     • If you simply want to mock your non-JS modules (e.g. binary assets) you can stub them out with the "moduleNameMapper" config option.

    You'll find more details and examples of these config options in the docs:
    https://jestjs.io/docs/configuration
    For information about custom transformations, see:
    https://jestjs.io/docs/code-transformation

    Details:

    SyntaxError: /workspaces/Nadagotchi/js/DebugConsole.js: Unexpected token (85:0)

      83 |             { label: "Clear Inventory", action: () => this.clearInventory() },
      84 |             { label: "Unlock All Careers", action: () => { this.scene.nadagotchi.unlockAllCareers(); this.refreshGame(); } },
    > 85 | <<<<<<< HEAD
         | ^
      86 |             { label: "+1000 Coins (Placeholder)", action: () => { this.showToast("Not Implemented", "No currency system yet!", "💰"); console.log("Currency system pending implementation."); } }
      87 | =======
      88 | { label: "+1000 Coins (Placeholder)", action: () => { console.warn("No currency system yet!"); } }

      1 |
      2 | import { jest } from '@jest/globals';
    > 3 | import { DebugConsole } from '../js/DebugConsole.js';
        | ^
      4 | import { setupPhaserMock } from './helpers/mockPhaser.js';
      5 |
      6 | describe('DebugConsole', () => {

      at constructor (node_modules/@babel/parser/src/parse-error.ts:95:45)
      at Parser.toParseError [as raise] (node_modules/@babel/parser/src/tokenizer/index.ts:1507:19)
      at Parser.raise [as unexpected] (node_modules/@babel/parser/src/tokenizer/index.ts:1547:16)
      at Parser.unexpected [as parseExprAtom] (node_modules/@babel/parser/src/parser/expression.ts:1355:22)
      at Parser.parseExprAtom [as parseExprSubscripts] (node_modules/@babel/parser/src/parser/expression.ts:742:23)
      at Parser.parseExprSubscripts [as parseUpdate] (node_modules/@babel/parser/src/parser/expression.ts:721:21)
      at Parser.parseUpdate [as parseMaybeUnary] (node_modules/@babel/parser/src/parser/expression.ts:683:23)
      at Parser.parseMaybeUnary [as parseMaybeUnaryOrPrivate] (node_modules/@babel/parser/src/parser/expression.ts:417:14)
      at Parser.parseMaybeUnaryOrPrivate [as parseExprOps] (node_modules/@babel/parser/src/parser/expression.ts:429:23)
      at Parser.parseExprOps [as parseMaybeConditional] (node_modules/@babel/parser/src/parser/expression.ts:384:23)
      at Parser.parseMaybeConditional [as parseMaybeAssign] (node_modules/@babel/parser/src/parser/expression.ts:301:21)
      at parseMaybeAssign (node_modules/@babel/parser/src/parser/expression.ts:257:12)
      at Parser.callback [as allowInAnd] (node_modules/@babel/parser/src/parser/expression.ts:3202:12)
      at Parser.allowInAnd [as parseMaybeAssignAllowIn] (node_modules/@babel/parser/src/parser/expression.ts:256:17)
      at Parser.parseMaybeAssignAllowIn [as parseMaybeAssignAllowInOrVoidPattern] (node_modules/@babel/parser/src/parser/expression.ts:3316:17)
      at Parser.parseMaybeAssignAllowInOrVoidPattern [as parseExprListItem] (node_modules/@babel/parser/src/parser/expression.ts:2798:18)
      at Parser.parseExprListItem [as parseExprList] (node_modules/@babel/parser/src/parser/expression.ts:2742:22)
      at Parser.parseExprList [as parseArrayLike] (node_modules/@babel/parser/src/parser/expression.ts:2515:26)
      at Parser.parseArrayLike [as parseExprAtom] (node_modules/@babel/parser/src/parser/expression.ts:1174:21)
      at Parser.parseExprAtom [as parseExprSubscripts] (node_modules/@babel/parser/src/parser/expression.ts:742:23)
      at Parser.parseExprSubscripts [as parseUpdate] (node_modules/@babel/parser/src/parser/expression.ts:721:21)
      at Parser.parseUpdate [as parseMaybeUnary] (node_modules/@babel/parser/src/parser/expression.ts:683:23)
      at Parser.parseMaybeUnary [as parseMaybeUnaryOrPrivate] (node_modules/@babel/parser/src/parser/expression.ts:417:14)
      at Parser.parseMaybeUnaryOrPrivate [as parseExprOps] (node_modules/@babel/parser/src/parser/expression.ts:429:23)
      at Parser.parseExprOps [as parseMaybeConditional] (node_modules/@babel/parser/src/parser/expression.ts:384:23)
      at Parser.parseMaybeConditional [as parseMaybeAssign] (node_modules/@babel/parser/src/parser/expression.ts:301:21)
      at parseMaybeAssign (node_modules/@babel/parser/src/parser/expression.ts:257:12)
      at Parser.callback [as allowInAnd] (node_modules/@babel/parser/src/parser/expression.ts:3202:12)
      at Parser.allowInAnd [as parseMaybeAssignAllowIn] (node_modules/@babel/parser/src/parser/expression.ts:256:17)
      at Parser.parseMaybeAssignAllowIn [as parseMaybeAssignAllowInOrVoidPattern] (node_modules/@babel/parser/src/parser/expression.ts:3316:17)
      at Parser.parseMaybeAssignAllowInOrVoidPattern [as parseExprListItem] (node_modules/@babel/parser/src/parser/expression.ts:2798:18)
      at Parser.parseExprListItem [as parseCallExpressionArguments] (node_modules/@babel/parser/src/parser/expression.ts:1042:14)
      at Parser.parseCallExpressionArguments [as parseCoverCallAndAsyncArrowHead] (node_modules/@babel/parser/src/parser/expression.ts:922:29)
      at Parser.parseCoverCallAndAsyncArrowHead [as parseSubscript] (node_modules/@babel/parser/src/parser/expression.ts:804:19)
      at Parser.parseSubscript [as parseSubscripts] (node_modules/@babel/parser/src/parser/expression.ts:763:19)
      at Parser.parseSubscripts [as parseExprSubscripts] (node_modules/@babel/parser/src/parser/expression.ts:748:17)
      at Parser.parseExprSubscripts [as parseUpdate] (node_modules/@babel/parser/src/parser/expression.ts:721:21)
      at Parser.parseUpdate [as parseMaybeUnary] (node_modules/@babel/parser/src/parser/expression.ts:683:23)
      at Parser.parseMaybeUnary [as parseMaybeUnaryOrPrivate] (node_modules/@babel/parser/src/parser/expression.ts:417:14)
      at Parser.parseMaybeUnaryOrPrivate [as parseExprOps] (node_modules/@babel/parser/src/parser/expression.ts:429:23)
      at Parser.parseExprOps [as parseMaybeConditional] (node_modules/@babel/parser/src/parser/expression.ts:384:23)
      at Parser.parseMaybeConditional [as parseMaybeAssign] (node_modules/@babel/parser/src/parser/expression.ts:301:21)
      at Parser.parseMaybeAssign [as parseExpressionBase] (node_modules/@babel/parser/src/parser/expression.ts:226:23)
      at parseExpressionBase (node_modules/@babel/parser/src/parser/expression.ts:217:39)
      at Parser.callback [as allowInAnd] (node_modules/@babel/parser/src/parser/expression.ts:3197:16)
      at Parser.allowInAnd [as parseExpression] (node_modules/@babel/parser/src/parser/expression.ts:217:17)
      at Parser.parseExpression [as parseStatementContent] (node_modules/@babel/parser/src/parser/statement.ts:688:23)
      at Parser.parseStatementContent [as parseStatementLike] (node_modules/@babel/parser/src/parser/statement.ts:482:17)
      at Parser.parseStatementLike [as parseStatementListItem] (node_modules/@babel/parser/src/parser/statement.ts:431:17)
      at Parser.parseStatementListItem [as parseBlockOrModuleBlockBody] (node_modules/@babel/parser/src/parser/statement.ts:1444:16)
      at Parser.parseBlockOrModuleBlockBody [as parseBlockBody] (node_modules/@babel/parser/src/parser/statement.ts:1417:10)
      at Parser.parseBlockBody [as parseBlock] (node_modules/@babel/parser/src/parser/statement.ts:1385:10)
      at Parser.parseBlock [as parseFunctionBody] (node_modules/@babel/parser/src/parser/expression.ts:2626:24)
      at Parser.parseFunctionBody [as parseFunctionBodyAndFinish] (node_modules/@babel/parser/src/parser/expression.ts:2595:10)
      at Parser.parseFunctionBodyAndFinish [as parseMethod] (node_modules/@babel/parser/src/parser/expression.ts:2492:31)
      at Parser.parseMethod [as pushClassMethod] (node_modules/@babel/parser/src/parser/statement.ts:2244:12)
      at Parser.pushClassMethod [as parseClassMemberWithIsStatic] (node_modules/@babel/parser/src/parser/statement.ts:2023:12)
      at Parser.parseClassMemberWithIsStatic [as parseClassMember] (node_modules/@babel/parser/src/parser/statement.ts:1938:10)
      at parseClassMember (node_modules/@babel/parser/src/parser/statement.ts:1851:14)
      at Parser.callback [as withSmartMixTopicForbiddingContext] (node_modules/@babel/parser/src/parser/expression.ts:3176:14)
      at Parser.withSmartMixTopicForbiddingContext [as parseClassBody] (node_modules/@babel/parser/src/parser/statement.ts:1823:10)
      at Parser.parseClassBody [as parseClass] (node_modules/@babel/parser/src/parser/statement.ts:1774:22)
      at Parser.parseClass [as parseExportDeclaration] (node_modules/@babel/parser/src/parser/statement.ts:2628:25)
      at Parser.parseExportDeclaration [as maybeParseExportDeclaration] (node_modules/@babel/parser/src/parser/statement.ts:2551:31)
      at Parser.maybeParseExportDeclaration [as parseExport] (node_modules/@babel/parser/src/parser/statement.ts:2432:29)
      at Parser.parseExport [as parseStatementContent] (node_modules/@babel/parser/src/parser/statement.ts:649:25)
      at Parser.parseStatementContent [as parseStatementLike] (node_modules/@babel/parser/src/parser/statement.ts:482:17)
      at Parser.parseStatementLike [as parseModuleItem] (node_modules/@babel/parser/src/parser/statement.ts:419:17)
      at Parser.parseModuleItem [as parseBlockOrModuleBlockBody] (node_modules/@babel/parser/src/parser/statement.ts:1443:16)
      at Parser.parseBlockOrModuleBlockBody [as parseBlockBody] (node_modules/@babel/parser/src/parser/statement.ts:1417:10)
      at Parser.parseBlockBody [as parseProgram] (node_modules/@babel/parser/src/parser/statement.ts:229:10)
      at Parser.parseProgram [as parseTopLevel] (node_modules/@babel/parser/src/parser/statement.ts:203:25)
      at Parser.parseTopLevel [as parse] (node_modules/@babel/parser/src/parser/index.ts:88:25)
      at parse (node_modules/@babel/parser/src/index.ts:86:38)
      at parser (node_modules/@babel/core/src/parser/index.ts:29:19)
          at parser.next (<anonymous>)
      at normalizeFile (node_modules/@babel/core/src/transformation/normalize-file.ts:50:24)
          at normalizeFile.next (<anonymous>)
      at run (node_modules/@babel/core/src/transformation/index.ts:41:36)
          at run.next (<anonymous>)
      at transform (node_modules/@babel/core/src/transform.ts:29:20)
          at transform.next (<anonymous>)
      at evaluateSync (node_modules/gensync/index.js:251:28)
      at sync (node_modules/gensync/index.js:89:14)
      at fn (node_modules/@babel/core/src/errors/rewrite-stack-trace.ts:99:14)
      at transformSync (node_modules/@babel/core/src/transform.ts:66:52)
      at ScriptTransformer.transformSource (node_modules/@jest/transform/build/index.js:422:31)
      at ScriptTransformer._transformAndBuildScript (node_modules/@jest/transform/build/index.js:519:40)
      at ScriptTransformer.transform (node_modules/@jest/transform/build/index.js:558:19)
      at Object.require (tests/DebugConsole.test.js:3:1)

FAIL tests/QuestSystem_generateDailyQuest.test.js
  ● Test suite failed to run

    Jest encountered an unexpected token

    Jest failed to parse a file. This happens e.g. when your code or its dependencies use non-standard JavaScript syntax, or when Jest is not configured to support such syntax.

    Out of the box Jest supports Babel, which will be used to transform your files into valid JS based on your Babel configuration.

    By default "node_modules" folder is ignored by transformers.

    Here's what you can do:
     • If you are trying to use ECMAScript Modules, see https://jestjs.io/docs/ecmascript-modules for how to enable it.
     • If you are trying to use TypeScript, see https://jestjs.io/docs/getting-started#using-typescript
     • To have some of your "node_modules" files transformed, you can specify a custom "transformIgnorePatterns" in your config.
     • If you need a custom transformation, specify a "transform" option in your config.
     • If you simply want to mock your non-JS modules (e.g. binary assets) you can stub them out with the "moduleNameMapper" config option.

    You'll find more details and examples of these config options in the docs:
    https://jestjs.io/docs/configuration
    For information about custom transformations, see:
    https://jestjs.io/docs/code-transformation

    Details:

    SyntaxError: /workspaces/Nadagotchi/js/Config.js: Unexpected token (43:0)

      41 |     },
      42 |
    > 43 | <<<<<<< HEAD
         | ^
      44 |     // Minigame Settings
      45 |     MINIGAMES: {
      46 |         LOGIC_PUZZLE: {

      1 | import { QuestDefinitions, DailyQuestTemplates } from '../QuestDefinitions.js';
    > 2 | import { Config } from '../Config.js';
        | ^
      3 |
      4 | /**
      5 |  * @fileoverview System for managing quest progression, requirements, and rewards.

      at constructor (node_modules/@babel/parser/src/parse-error.ts:95:45)
      at Parser.toParseError [as raise] (node_modules/@babel/parser/src/tokenizer/index.ts:1507:19)
      at Parser.raise [as unexpected] (node_modules/@babel/parser/src/tokenizer/index.ts:1547:16)
      at Parser.unexpected [as parsePropertyName] (node_modules/@babel/parser/src/parser/expression.ts:2451:18)
      at Parser.parsePropertyName [as parsePropertyDefinition] (node_modules/@babel/parser/src/parser/expression.ts:2198:10)
      at Parser.parsePropertyDefinition [as parseObjectLike] (node_modules/@babel/parser/src/parser/expression.ts:2095:21)
      at Parser.parseObjectLike [as parseExprAtom] (node_modules/@babel/parser/src/parser/expression.ts:1181:21)
      at Parser.parseExprAtom [as parseExprSubscripts] (node_modules/@babel/parser/src/parser/expression.ts:742:23)
      at Parser.parseExprSubscripts [as parseUpdate] (node_modules/@babel/parser/src/parser/expression.ts:721:21)
      at Parser.parseUpdate [as parseMaybeUnary] (node_modules/@babel/parser/src/parser/expression.ts:683:23)
      at Parser.parseMaybeUnary [as parseMaybeUnaryOrPrivate] (node_modules/@babel/parser/src/parser/expression.ts:417:14)
      at Parser.parseMaybeUnaryOrPrivate [as parseExprOps] (node_modules/@babel/parser/src/parser/expression.ts:429:23)
      at Parser.parseExprOps [as parseMaybeConditional] (node_modules/@babel/parser/src/parser/expression.ts:384:23)
      at Parser.parseMaybeConditional [as parseMaybeAssign] (node_modules/@babel/parser/src/parser/expression.ts:301:21)
      at parseMaybeAssign (node_modules/@babel/parser/src/parser/expression.ts:257:12)
      at Parser.callback [as allowInAnd] (node_modules/@babel/parser/src/parser/expression.ts:3197:16)
      at Parser.allowInAnd [as parseMaybeAssignAllowIn] (node_modules/@babel/parser/src/parser/expression.ts:256:17)
      at Parser.parseMaybeAssignAllowIn [as parseVar] (node_modules/@babel/parser/src/parser/statement.ts:1587:18)
      at Parser.parseVar [as parseVarStatement] (node_modules/@babel/parser/src/parser/statement.ts:1251:10)
      at Parser.parseVarStatement [as parseStatementContent] (node_modules/@babel/parser/src/parser/statement.ts:612:21)
      at Parser.parseStatementContent [as parseStatementLike] (node_modules/@babel/parser/src/parser/statement.ts:482:17)
      at Parser.parseStatementLike [as parseStatementListItem] (node_modules/@babel/parser/src/parser/statement.ts:431:17)
      at Parser.parseStatementListItem (node_modules/@babel/parser/src/parser/statement.ts:2635:17)
      at Parser.parseExportDeclaration [as maybeParseExportDeclaration] (node_modules/@babel/parser/src/parser/statement.ts:2551:31)
      at Parser.maybeParseExportDeclaration [as parseExport] (node_modules/@babel/parser/src/parser/statement.ts:2432:29)
      at Parser.parseExport [as parseStatementContent] (node_modules/@babel/parser/src/parser/statement.ts:649:25)
      at Parser.parseStatementContent [as parseStatementLike] (node_modules/@babel/parser/src/parser/statement.ts:482:17)
      at Parser.parseStatementLike [as parseModuleItem] (node_modules/@babel/parser/src/parser/statement.ts:419:17)
      at Parser.parseModuleItem [as parseBlockOrModuleBlockBody] (node_modules/@babel/parser/src/parser/statement.ts:1443:16)
      at Parser.parseBlockOrModuleBlockBody [as parseBlockBody] (node_modules/@babel/parser/src/parser/statement.ts:1417:10)
      at Parser.parseBlockBody [as parseProgram] (node_modules/@babel/parser/src/parser/statement.ts:229:10)
      at Parser.parseProgram [as parseTopLevel] (node_modules/@babel/parser/src/parser/statement.ts:203:25)
      at Parser.parseTopLevel [as parse] (node_modules/@babel/parser/src/parser/index.ts:88:25)
      at parse (node_modules/@babel/parser/src/index.ts:86:38)
      at parser (node_modules/@babel/core/src/parser/index.ts:29:19)
          at parser.next (<anonymous>)
      at normalizeFile (node_modules/@babel/core/src/transformation/normalize-file.ts:50:24)
          at normalizeFile.next (<anonymous>)
      at run (node_modules/@babel/core/src/transformation/index.ts:41:36)
          at run.next (<anonymous>)
      at transform (node_modules/@babel/core/src/transform.ts:29:20)
          at transform.next (<anonymous>)
      at evaluateSync (node_modules/gensync/index.js:251:28)
      at sync (node_modules/gensync/index.js:89:14)
      at fn (node_modules/@babel/core/src/errors/rewrite-stack-trace.ts:99:14)
      at transformSync (node_modules/@babel/core/src/transform.ts:66:52)
      at ScriptTransformer.transformSource (node_modules/@jest/transform/build/index.js:422:31)
      at ScriptTransformer._transformAndBuildScript (node_modules/@jest/transform/build/index.js:519:40)
      at ScriptTransformer.transform (node_modules/@jest/transform/build/index.js:558:19)
      at Object.require (js/systems/QuestSystem.js:2:1)
      at Object.require (tests/QuestSystem_generateDailyQuest.test.js:2:1)

FAIL tests/StudyMinigameScene.test.js
  ● Test suite failed to run

    Jest encountered an unexpected token

    Jest failed to parse a file. This happens e.g. when your code or its dependencies use non-standard JavaScript syntax, or when Jest is not configured to support such syntax.

    Out of the box Jest supports Babel, which will be used to transform your files into valid JS based on your Babel configuration.

    By default "node_modules" folder is ignored by transformers.

    Here's what you can do:
     • If you are trying to use ECMAScript Modules, see https://jestjs.io/docs/ecmascript-modules for how to enable it.
     • If you are trying to use TypeScript, see https://jestjs.io/docs/getting-started#using-typescript
     • To have some of your "node_modules" files transformed, you can specify a custom "transformIgnorePatterns" in your config.
     • If you need a custom transformation, specify a "transform" option in your config.
     • If you simply want to mock your non-JS modules (e.g. binary assets) you can stub them out with the "moduleNameMapper" config option.

    You'll find more details and examples of these config options in the docs:
    https://jestjs.io/docs/configuration
    For information about custom transformations, see:
    https://jestjs.io/docs/code-transformation

    Details:

    SyntaxError: /workspaces/Nadagotchi/tests/helpers/mockPhaser.js: Unexpected token (1:0)

    > 1 | <<<<<<< HEAD
        | ^
      2 | =======
      3 |
      4 | >>>>>>> 74fdaab (Update js/DebugConsole.js)

      1 |
      2 | import { jest } from '@jest/globals';
    > 3 | import { setupPhaserMock } from './helpers/mockPhaser.js';
        | ^
      4 |
      5 | // Setup Phaser Mock
      6 | setupPhaserMock();

      at constructor (node_modules/@babel/parser/src/parse-error.ts:95:45)
      at Parser.toParseError [as raise] (node_modules/@babel/parser/src/tokenizer/index.ts:1507:19)
      at Parser.raise [as unexpected] (node_modules/@babel/parser/src/tokenizer/index.ts:1547:16)
      at Parser.unexpected [as parseExprAtom] (node_modules/@babel/parser/src/parser/expression.ts:1355:22)
      at Parser.parseExprAtom [as parseExprSubscripts] (node_modules/@babel/parser/src/parser/expression.ts:742:23)
      at Parser.parseExprSubscripts [as parseUpdate] (node_modules/@babel/parser/src/parser/expression.ts:721:21)
      at Parser.parseUpdate [as parseMaybeUnary] (node_modules/@babel/parser/src/parser/expression.ts:683:23)
      at Parser.parseMaybeUnary [as parseMaybeUnaryOrPrivate] (node_modules/@babel/parser/src/parser/expression.ts:417:14)
      at Parser.parseMaybeUnaryOrPrivate [as parseExprOps] (node_modules/@babel/parser/src/parser/expression.ts:429:23)
      at Parser.parseExprOps [as parseMaybeConditional] (node_modules/@babel/parser/src/parser/expression.ts:384:23)
      at Parser.parseMaybeConditional [as parseMaybeAssign] (node_modules/@babel/parser/src/parser/expression.ts:301:21)
      at Parser.parseMaybeAssign [as parseExpressionBase] (node_modules/@babel/parser/src/parser/expression.ts:226:23)
      at parseExpressionBase (node_modules/@babel/parser/src/parser/expression.ts:217:39)
      at Parser.callback [as allowInAnd] (node_modules/@babel/parser/src/parser/expression.ts:3197:16)
      at Parser.allowInAnd [as parseExpression] (node_modules/@babel/parser/src/parser/expression.ts:217:17)
      at Parser.parseExpression [as parseStatementContent] (node_modules/@babel/parser/src/parser/statement.ts:688:23)
      at Parser.parseStatementContent [as parseStatementLike] (node_modules/@babel/parser/src/parser/statement.ts:482:17)
      at Parser.parseStatementLike [as parseModuleItem] (node_modules/@babel/parser/src/parser/statement.ts:419:17)
      at Parser.parseModuleItem [as parseBlockOrModuleBlockBody] (node_modules/@babel/parser/src/parser/statement.ts:1443:16)
      at Parser.parseBlockOrModuleBlockBody [as parseBlockBody] (node_modules/@babel/parser/src/parser/statement.ts:1417:10)
      at Parser.parseBlockBody [as parseProgram] (node_modules/@babel/parser/src/parser/statement.ts:229:10)
      at Parser.parseProgram [as parseTopLevel] (node_modules/@babel/parser/src/parser/statement.ts:203:25)
      at Parser.parseTopLevel [as parse] (node_modules/@babel/parser/src/parser/index.ts:88:25)
      at parse (node_modules/@babel/parser/src/index.ts:86:38)
      at parser (node_modules/@babel/core/src/parser/index.ts:29:19)
          at parser.next (<anonymous>)
      at normalizeFile (node_modules/@babel/core/src/transformation/normalize-file.ts:50:24)
          at normalizeFile.next (<anonymous>)
      at run (node_modules/@babel/core/src/transformation/index.ts:41:36)
          at run.next (<anonymous>)
      at transform (node_modules/@babel/core/src/transform.ts:29:20)
          at transform.next (<anonymous>)
      at evaluateSync (node_modules/gensync/index.js:251:28)
      at sync (node_modules/gensync/index.js:89:14)
      at fn (node_modules/@babel/core/src/errors/rewrite-stack-trace.ts:99:14)
      at transformSync (node_modules/@babel/core/src/transform.ts:66:52)
      at ScriptTransformer.transformSource (node_modules/@jest/transform/build/index.js:422:31)
      at ScriptTransformer._transformAndBuildScript (node_modules/@jest/transform/build/index.js:519:40)
      at ScriptTransformer.transform (node_modules/@jest/transform/build/index.js:558:19)
      at Object.require (tests/StudyMinigameScene.test.js:3:1)

FAIL tests/ExploitQuestBypass.test.js
  ● Test suite failed to run

    Jest encountered an unexpected token

    Jest failed to parse a file. This happens e.g. when your code or its dependencies use non-standard JavaScript syntax, or when Jest is not configured to support such syntax.

    Out of the box Jest supports Babel, which will be used to transform your files into valid JS based on your Babel configuration.

    By default "node_modules" folder is ignored by transformers.

    Here's what you can do:
     • If you are trying to use ECMAScript Modules, see https://jestjs.io/docs/ecmascript-modules for how to enable it.
     • If you are trying to use TypeScript, see https://jestjs.io/docs/getting-started#using-typescript
     • To have some of your "node_modules" files transformed, you can specify a custom "transformIgnorePatterns" in your config.
     • If you need a custom transformation, specify a "transform" option in your config.
     • If you simply want to mock your non-JS modules (e.g. binary assets) you can stub them out with the "moduleNameMapper" config option.

    You'll find more details and examples of these config options in the docs:
    https://jestjs.io/docs/configuration
    For information about custom transformations, see:
    https://jestjs.io/docs/code-transformation

    Details:

    SyntaxError: /workspaces/Nadagotchi/js/Nadagotchi.js: Unexpected token (32:0)

      30 |      */
      31 |     constructor(initialArchetype, loadedData = null) {
    > 32 | <<<<<<< HEAD
         | ^
      33 |         /** @type {boolean} Indicates if the asynchronous initialization is complete. */
      34 |         this.isInitialized = false;
      35 |

      2 |
      3 | jest.mock('../js/PersistenceManager');
    > 4 | const { Nadagotchi } = require('../js/Nadagotchi');
        |                        ^
      5 | const { PersistenceManager } = require('../js/PersistenceManager');
      6 |
      7 | // Helper to check if journal contains partial text

      at constructor (node_modules/@babel/parser/src/parse-error.ts:95:45)
      at Parser.toParseError [as raise] (node_modules/@babel/parser/src/tokenizer/index.ts:1507:19)
      at Parser.raise [as unexpected] (node_modules/@babel/parser/src/tokenizer/index.ts:1547:16)
      at Parser.unexpected [as parseExprAtom] (node_modules/@babel/parser/src/parser/expression.ts:1355:22)
      at Parser.parseExprAtom [as parseExprSubscripts] (node_modules/@babel/parser/src/parser/expression.ts:742:23)
      at Parser.parseExprSubscripts [as parseUpdate] (node_modules/@babel/parser/src/parser/expression.ts:721:21)
      at Parser.parseUpdate [as parseMaybeUnary] (node_modules/@babel/parser/src/parser/expression.ts:683:23)
      at Parser.parseMaybeUnary [as parseMaybeUnaryOrPrivate] (node_modules/@babel/parser/src/parser/expression.ts:417:14)
      at Parser.parseMaybeUnaryOrPrivate [as parseExprOps] (node_modules/@babel/parser/src/parser/expression.ts:429:23)
      at Parser.parseExprOps [as parseMaybeConditional] (node_modules/@babel/parser/src/parser/expression.ts:384:23)
      at Parser.parseMaybeConditional [as parseMaybeAssign] (node_modules/@babel/parser/src/parser/expression.ts:301:21)
      at Parser.parseMaybeAssign [as parseExpressionBase] (node_modules/@babel/parser/src/parser/expression.ts:226:23)
      at parseExpressionBase (node_modules/@babel/parser/src/parser/expression.ts:217:39)
      at Parser.callback [as allowInAnd] (node_modules/@babel/parser/src/parser/expression.ts:3197:16)
      at Parser.allowInAnd [as parseExpression] (node_modules/@babel/parser/src/parser/expression.ts:217:17)
      at Parser.parseExpression [as parseStatementContent] (node_modules/@babel/parser/src/parser/statement.ts:688:23)
      at Parser.parseStatementContent [as parseStatementLike] (node_modules/@babel/parser/src/parser/statement.ts:482:17)
      at Parser.parseStatementLike [as parseStatementListItem] (node_modules/@babel/parser/src/parser/statement.ts:431:17)
      at Parser.parseStatementListItem [as parseBlockOrModuleBlockBody] (node_modules/@babel/parser/src/parser/statement.ts:1444:16)
      at Parser.parseBlockOrModuleBlockBody [as parseBlockBody] (node_modules/@babel/parser/src/parser/statement.ts:1417:10)
      at Parser.parseBlockBody [as parseBlock] (node_modules/@babel/parser/src/parser/statement.ts:1385:10)
      at Parser.parseBlock [as parseFunctionBody] (node_modules/@babel/parser/src/parser/expression.ts:2626:24)
      at Parser.parseFunctionBody [as parseFunctionBodyAndFinish] (node_modules/@babel/parser/src/parser/expression.ts:2595:10)
      at Parser.parseFunctionBodyAndFinish [as parseMethod] (node_modules/@babel/parser/src/parser/expression.ts:2492:31)
      at Parser.parseMethod [as pushClassMethod] (node_modules/@babel/parser/src/parser/statement.ts:2244:12)
      at Parser.pushClassMethod [as parseClassMemberWithIsStatic] (node_modules/@babel/parser/src/parser/statement.ts:2023:12)
      at Parser.parseClassMemberWithIsStatic [as parseClassMember] (node_modules/@babel/parser/src/parser/statement.ts:1938:10)
      at parseClassMember (node_modules/@babel/parser/src/parser/statement.ts:1851:14)
      at Parser.callback [as withSmartMixTopicForbiddingContext] (node_modules/@babel/parser/src/parser/expression.ts:3176:14)
      at Parser.withSmartMixTopicForbiddingContext [as parseClassBody] (node_modules/@babel/parser/src/parser/statement.ts:1823:10)
      at Parser.parseClassBody [as parseClass] (node_modules/@babel/parser/src/parser/statement.ts:1774:22)
      at Parser.parseClass [as parseExportDeclaration] (node_modules/@babel/parser/src/parser/statement.ts:2628:25)
      at Parser.parseExportDeclaration [as maybeParseExportDeclaration] (node_modules/@babel/parser/src/parser/statement.ts:2551:31)
      at Parser.maybeParseExportDeclaration [as parseExport] (node_modules/@babel/parser/src/parser/statement.ts:2432:29)
      at Parser.parseExport [as parseStatementContent] (node_modules/@babel/parser/src/parser/statement.ts:649:25)
      at Parser.parseStatementContent [as parseStatementLike] (node_modules/@babel/parser/src/parser/statement.ts:482:17)
      at Parser.parseStatementLike [as parseModuleItem] (node_modules/@babel/parser/src/parser/statement.ts:419:17)
      at Parser.parseModuleItem [as parseBlockOrModuleBlockBody] (node_modules/@babel/parser/src/parser/statement.ts:1443:16)
      at Parser.parseBlockOrModuleBlockBody [as parseBlockBody] (node_modules/@babel/parser/src/parser/statement.ts:1417:10)
      at Parser.parseBlockBody [as parseProgram] (node_modules/@babel/parser/src/parser/statement.ts:229:10)
      at Parser.parseProgram [as parseTopLevel] (node_modules/@babel/parser/src/parser/statement.ts:203:25)
      at Parser.parseTopLevel [as parse] (node_modules/@babel/parser/src/parser/index.ts:88:25)
      at parse (node_modules/@babel/parser/src/index.ts:86:38)
      at parser (node_modules/@babel/core/src/parser/index.ts:29:19)
          at parser.next (<anonymous>)
      at normalizeFile (node_modules/@babel/core/src/transformation/normalize-file.ts:50:24)
          at normalizeFile.next (<anonymous>)
      at run (node_modules/@babel/core/src/transformation/index.ts:41:36)
          at run.next (<anonymous>)
      at transform (node_modules/@babel/core/src/transform.ts:29:20)
          at transform.next (<anonymous>)
      at evaluateSync (node_modules/gensync/index.js:251:28)
      at sync (node_modules/gensync/index.js:89:14)
      at fn (node_modules/@babel/core/src/errors/rewrite-stack-trace.ts:99:14)
      at transformSync (node_modules/@babel/core/src/transform.ts:66:52)
      at ScriptTransformer.transformSource (node_modules/@jest/transform/build/index.js:422:31)
      at ScriptTransformer._transformAndBuildScript (node_modules/@jest/transform/build/index.js:519:40)
      at ScriptTransformer.transform (node_modules/@jest/transform/build/index.js:558:19)
      at Object.require (tests/ExploitQuestBypass.test.js:4:24)

PASS tests/ToastManager.test.js
FAIL tests/SeasonalCrafting.test.js
  ● Test suite failed to run

    Jest encountered an unexpected token

    Jest failed to parse a file. This happens e.g. when your code or its dependencies use non-standard JavaScript syntax, or when Jest is not configured to support such syntax.

    Out of the box Jest supports Babel, which will be used to transform your files into valid JS based on your Babel configuration.

    By default "node_modules" folder is ignored by transformers.

    Here's what you can do:
     • If you are trying to use ECMAScript Modules, see https://jestjs.io/docs/ecmascript-modules for how to enable it.
     • If you are trying to use TypeScript, see https://jestjs.io/docs/getting-started#using-typescript
     • To have some of your "node_modules" files transformed, you can specify a custom "transformIgnorePatterns" in your config.
     • If you need a custom transformation, specify a "transform" option in your config.
     • If you simply want to mock your non-JS modules (e.g. binary assets) you can stub them out with the "moduleNameMapper" config option.

    You'll find more details and examples of these config options in the docs:
    https://jestjs.io/docs/configuration
    For information about custom transformations, see:
    https://jestjs.io/docs/code-transformation

    Details:

    SyntaxError: /workspaces/Nadagotchi/js/Nadagotchi.js: Unexpected token (32:0)

      30 |      */
      31 |     constructor(initialArchetype, loadedData = null) {
    > 32 | <<<<<<< HEAD
         | ^
      33 |         /** @type {boolean} Indicates if the asynchronous initialization is complete. */
      34 |         this.isInitialized = false;
      35 |

      1 |
    > 2 | import { Nadagotchi } from '../js/Nadagotchi';
        | ^
      3 | import { GeneticsSystem, Genome } from '../js/GeneticsSystem';
      4 |
      5 | class LocalStorageMock {

      at constructor (node_modules/@babel/parser/src/parse-error.ts:95:45)
      at Parser.toParseError [as raise] (node_modules/@babel/parser/src/tokenizer/index.ts:1507:19)
      at Parser.raise [as unexpected] (node_modules/@babel/parser/src/tokenizer/index.ts:1547:16)
      at Parser.unexpected [as parseExprAtom] (node_modules/@babel/parser/src/parser/expression.ts:1355:22)
      at Parser.parseExprAtom [as parseExprSubscripts] (node_modules/@babel/parser/src/parser/expression.ts:742:23)
      at Parser.parseExprSubscripts [as parseUpdate] (node_modules/@babel/parser/src/parser/expression.ts:721:21)
      at Parser.parseUpdate [as parseMaybeUnary] (node_modules/@babel/parser/src/parser/expression.ts:683:23)
      at Parser.parseMaybeUnary [as parseMaybeUnaryOrPrivate] (node_modules/@babel/parser/src/parser/expression.ts:417:14)
      at Parser.parseMaybeUnaryOrPrivate [as parseExprOps] (node_modules/@babel/parser/src/parser/expression.ts:429:23)
      at Parser.parseExprOps [as parseMaybeConditional] (node_modules/@babel/parser/src/parser/expression.ts:384:23)
      at Parser.parseMaybeConditional [as parseMaybeAssign] (node_modules/@babel/parser/src/parser/expression.ts:301:21)
      at Parser.parseMaybeAssign [as parseExpressionBase] (node_modules/@babel/parser/src/parser/expression.ts:226:23)
      at parseExpressionBase (node_modules/@babel/parser/src/parser/expression.ts:217:39)
      at Parser.callback [as allowInAnd] (node_modules/@babel/parser/src/parser/expression.ts:3197:16)
      at Parser.allowInAnd [as parseExpression] (node_modules/@babel/parser/src/parser/expression.ts:217:17)
      at Parser.parseExpression [as parseStatementContent] (node_modules/@babel/parser/src/parser/statement.ts:688:23)
      at Parser.parseStatementContent [as parseStatementLike] (node_modules/@babel/parser/src/parser/statement.ts:482:17)
      at Parser.parseStatementLike [as parseStatementListItem] (node_modules/@babel/parser/src/parser/statement.ts:431:17)
      at Parser.parseStatementListItem [as parseBlockOrModuleBlockBody] (node_modules/@babel/parser/src/parser/statement.ts:1444:16)
      at Parser.parseBlockOrModuleBlockBody [as parseBlockBody] (node_modules/@babel/parser/src/parser/statement.ts:1417:10)
      at Parser.parseBlockBody [as parseBlock] (node_modules/@babel/parser/src/parser/statement.ts:1385:10)
      at Parser.parseBlock [as parseFunctionBody] (node_modules/@babel/parser/src/parser/expression.ts:2626:24)
      at Parser.parseFunctionBody [as parseFunctionBodyAndFinish] (node_modules/@babel/parser/src/parser/expression.ts:2595:10)
      at Parser.parseFunctionBodyAndFinish [as parseMethod] (node_modules/@babel/parser/src/parser/expression.ts:2492:31)
      at Parser.parseMethod [as pushClassMethod] (node_modules/@babel/parser/src/parser/statement.ts:2244:12)
      at Parser.pushClassMethod [as parseClassMemberWithIsStatic] (node_modules/@babel/parser/src/parser/statement.ts:2023:12)
      at Parser.parseClassMemberWithIsStatic [as parseClassMember] (node_modules/@babel/parser/src/parser/statement.ts:1938:10)
      at parseClassMember (node_modules/@babel/parser/src/parser/statement.ts:1851:14)
      at Parser.callback [as withSmartMixTopicForbiddingContext] (node_modules/@babel/parser/src/parser/expression.ts:3176:14)
      at Parser.withSmartMixTopicForbiddingContext [as parseClassBody] (node_modules/@babel/parser/src/parser/statement.ts:1823:10)
      at Parser.parseClassBody [as parseClass] (node_modules/@babel/parser/src/parser/statement.ts:1774:22)
      at Parser.parseClass [as parseExportDeclaration] (node_modules/@babel/parser/src/parser/statement.ts:2628:25)
      at Parser.parseExportDeclaration [as maybeParseExportDeclaration] (node_modules/@babel/parser/src/parser/statement.ts:2551:31)
      at Parser.maybeParseExportDeclaration [as parseExport] (node_modules/@babel/parser/src/parser/statement.ts:2432:29)
      at Parser.parseExport [as parseStatementContent] (node_modules/@babel/parser/src/parser/statement.ts:649:25)
      at Parser.parseStatementContent [as parseStatementLike] (node_modules/@babel/parser/src/parser/statement.ts:482:17)
      at Parser.parseStatementLike [as parseModuleItem] (node_modules/@babel/parser/src/parser/statement.ts:419:17)
      at Parser.parseModuleItem [as parseBlockOrModuleBlockBody] (node_modules/@babel/parser/src/parser/statement.ts:1443:16)
      at Parser.parseBlockOrModuleBlockBody [as parseBlockBody] (node_modules/@babel/parser/src/parser/statement.ts:1417:10)
      at Parser.parseBlockBody [as parseProgram] (node_modules/@babel/parser/src/parser/statement.ts:229:10)
      at Parser.parseProgram [as parseTopLevel] (node_modules/@babel/parser/src/parser/statement.ts:203:25)
      at Parser.parseTopLevel [as parse] (node_modules/@babel/parser/src/parser/index.ts:88:25)
      at parse (node_modules/@babel/parser/src/index.ts:86:38)
      at parser (node_modules/@babel/core/src/parser/index.ts:29:19)
          at parser.next (<anonymous>)
      at normalizeFile (node_modules/@babel/core/src/transformation/normalize-file.ts:50:24)
          at normalizeFile.next (<anonymous>)
      at run (node_modules/@babel/core/src/transformation/index.ts:41:36)
          at run.next (<anonymous>)
      at transform (node_modules/@babel/core/src/transform.ts:29:20)
          at transform.next (<anonymous>)
      at evaluateSync (node_modules/gensync/index.js:251:28)
      at sync (node_modules/gensync/index.js:89:14)
      at fn (node_modules/@babel/core/src/errors/rewrite-stack-trace.ts:99:14)
      at transformSync (node_modules/@babel/core/src/transform.ts:66:52)
      at ScriptTransformer.transformSource (node_modules/@jest/transform/build/index.js:422:31)
      at ScriptTransformer._transformAndBuildScript (node_modules/@jest/transform/build/index.js:519:40)
      at ScriptTransformer.transform (node_modules/@jest/transform/build/index.js:558:19)
      at Object.require (tests/SeasonalCrafting.test.js:2:1)

FAIL tests/HybridCareer.test.js
  ● Test suite failed to run

    Jest encountered an unexpected token

    Jest failed to parse a file. This happens e.g. when your code or its dependencies use non-standard JavaScript syntax, or when Jest is not configured to support such syntax.

    Out of the box Jest supports Babel, which will be used to transform your files into valid JS based on your Babel configuration.

    By default "node_modules" folder is ignored by transformers.

    Here's what you can do:
     • If you are trying to use ECMAScript Modules, see https://jestjs.io/docs/ecmascript-modules for how to enable it.
     • If you are trying to use TypeScript, see https://jestjs.io/docs/getting-started#using-typescript
     • To have some of your "node_modules" files transformed, you can specify a custom "transformIgnorePatterns" in your config.
     • If you need a custom transformation, specify a "transform" option in your config.
     • If you simply want to mock your non-JS modules (e.g. binary assets) you can stub them out with the "moduleNameMapper" config option.

    You'll find more details and examples of these config options in the docs:
    https://jestjs.io/docs/configuration
    For information about custom transformations, see:
    https://jestjs.io/docs/code-transformation

    Details:

    SyntaxError: /workspaces/Nadagotchi/js/Nadagotchi.js: Unexpected token (32:0)

      30 |      */
      31 |     constructor(initialArchetype, loadedData = null) {
    > 32 | <<<<<<< HEAD
         | ^
      33 |         /** @type {boolean} Indicates if the asynchronous initialization is complete. */
      34 |         this.isInitialized = false;
      35 |

      1 |
    > 2 | import { Nadagotchi } from '../js/Nadagotchi';
        | ^
      3 |
      4 | // Mock localStorage
      5 | class LocalStorageMock {

      at constructor (node_modules/@babel/parser/src/parse-error.ts:95:45)
      at Parser.toParseError [as raise] (node_modules/@babel/parser/src/tokenizer/index.ts:1507:19)
      at Parser.raise [as unexpected] (node_modules/@babel/parser/src/tokenizer/index.ts:1547:16)
      at Parser.unexpected [as parseExprAtom] (node_modules/@babel/parser/src/parser/expression.ts:1355:22)
      at Parser.parseExprAtom [as parseExprSubscripts] (node_modules/@babel/parser/src/parser/expression.ts:742:23)
      at Parser.parseExprSubscripts [as parseUpdate] (node_modules/@babel/parser/src/parser/expression.ts:721:21)
      at Parser.parseUpdate [as parseMaybeUnary] (node_modules/@babel/parser/src/parser/expression.ts:683:23)
      at Parser.parseMaybeUnary [as parseMaybeUnaryOrPrivate] (node_modules/@babel/parser/src/parser/expression.ts:417:14)
      at Parser.parseMaybeUnaryOrPrivate [as parseExprOps] (node_modules/@babel/parser/src/parser/expression.ts:429:23)
      at Parser.parseExprOps [as parseMaybeConditional] (node_modules/@babel/parser/src/parser/expression.ts:384:23)
      at Parser.parseMaybeConditional [as parseMaybeAssign] (node_modules/@babel/parser/src/parser/expression.ts:301:21)
      at Parser.parseMaybeAssign [as parseExpressionBase] (node_modules/@babel/parser/src/parser/expression.ts:226:23)
      at parseExpressionBase (node_modules/@babel/parser/src/parser/expression.ts:217:39)
      at Parser.callback [as allowInAnd] (node_modules/@babel/parser/src/parser/expression.ts:3197:16)
      at Parser.allowInAnd [as parseExpression] (node_modules/@babel/parser/src/parser/expression.ts:217:17)
      at Parser.parseExpression [as parseStatementContent] (node_modules/@babel/parser/src/parser/statement.ts:688:23)
      at Parser.parseStatementContent [as parseStatementLike] (node_modules/@babel/parser/src/parser/statement.ts:482:17)
      at Parser.parseStatementLike [as parseStatementListItem] (node_modules/@babel/parser/src/parser/statement.ts:431:17)
      at Parser.parseStatementListItem [as parseBlockOrModuleBlockBody] (node_modules/@babel/parser/src/parser/statement.ts:1444:16)
      at Parser.parseBlockOrModuleBlockBody [as parseBlockBody] (node_modules/@babel/parser/src/parser/statement.ts:1417:10)
      at Parser.parseBlockBody [as parseBlock] (node_modules/@babel/parser/src/parser/statement.ts:1385:10)
      at Parser.parseBlock [as parseFunctionBody] (node_modules/@babel/parser/src/parser/expression.ts:2626:24)
      at Parser.parseFunctionBody [as parseFunctionBodyAndFinish] (node_modules/@babel/parser/src/parser/expression.ts:2595:10)
      at Parser.parseFunctionBodyAndFinish [as parseMethod] (node_modules/@babel/parser/src/parser/expression.ts:2492:31)
      at Parser.parseMethod [as pushClassMethod] (node_modules/@babel/parser/src/parser/statement.ts:2244:12)
      at Parser.pushClassMethod [as parseClassMemberWithIsStatic] (node_modules/@babel/parser/src/parser/statement.ts:2023:12)
      at Parser.parseClassMemberWithIsStatic [as parseClassMember] (node_modules/@babel/parser/src/parser/statement.ts:1938:10)
      at parseClassMember (node_modules/@babel/parser/src/parser/statement.ts:1851:14)
      at Parser.callback [as withSmartMixTopicForbiddingContext] (node_modules/@babel/parser/src/parser/expression.ts:3176:14)
      at Parser.withSmartMixTopicForbiddingContext [as parseClassBody] (node_modules/@babel/parser/src/parser/statement.ts:1823:10)
      at Parser.parseClassBody [as parseClass] (node_modules/@babel/parser/src/parser/statement.ts:1774:22)
      at Parser.parseClass [as parseExportDeclaration] (node_modules/@babel/parser/src/parser/statement.ts:2628:25)
      at Parser.parseExportDeclaration [as maybeParseExportDeclaration] (node_modules/@babel/parser/src/parser/statement.ts:2551:31)
      at Parser.maybeParseExportDeclaration [as parseExport] (node_modules/@babel/parser/src/parser/statement.ts:2432:29)
      at Parser.parseExport [as parseStatementContent] (node_modules/@babel/parser/src/parser/statement.ts:649:25)
      at Parser.parseStatementContent [as parseStatementLike] (node_modules/@babel/parser/src/parser/statement.ts:482:17)
      at Parser.parseStatementLike [as parseModuleItem] (node_modules/@babel/parser/src/parser/statement.ts:419:17)
      at Parser.parseModuleItem [as parseBlockOrModuleBlockBody] (node_modules/@babel/parser/src/parser/statement.ts:1443:16)
      at Parser.parseBlockOrModuleBlockBody [as parseBlockBody] (node_modules/@babel/parser/src/parser/statement.ts:1417:10)
      at Parser.parseBlockBody [as parseProgram] (node_modules/@babel/parser/src/parser/statement.ts:229:10)
      at Parser.parseProgram [as parseTopLevel] (node_modules/@babel/parser/src/parser/statement.ts:203:25)
      at Parser.parseTopLevel [as parse] (node_modules/@babel/parser/src/parser/index.ts:88:25)
      at parse (node_modules/@babel/parser/src/index.ts:86:38)
      at parser (node_modules/@babel/core/src/parser/index.ts:29:19)
          at parser.next (<anonymous>)
      at normalizeFile (node_modules/@babel/core/src/transformation/normalize-file.ts:50:24)
          at normalizeFile.next (<anonymous>)
      at run (node_modules/@babel/core/src/transformation/index.ts:41:36)
          at run.next (<anonymous>)
      at transform (node_modules/@babel/core/src/transform.ts:29:20)
          at transform.next (<anonymous>)
      at evaluateSync (node_modules/gensync/index.js:251:28)
      at sync (node_modules/gensync/index.js:89:14)
      at fn (node_modules/@babel/core/src/errors/rewrite-stack-trace.ts:99:14)
      at transformSync (node_modules/@babel/core/src/transform.ts:66:52)
      at ScriptTransformer.transformSource (node_modules/@jest/transform/build/index.js:422:31)
      at ScriptTransformer._transformAndBuildScript (node_modules/@jest/transform/build/index.js:519:40)
      at ScriptTransformer.transform (node_modules/@jest/transform/build/index.js:558:19)
      at Object.require (tests/HybridCareer.test.js:2:1)

FAIL tests/HomozygousBonuses.test.js
  ● Test suite failed to run

    Jest encountered an unexpected token

    Jest failed to parse a file. This happens e.g. when your code or its dependencies use non-standard JavaScript syntax, or when Jest is not configured to support such syntax.

    Out of the box Jest supports Babel, which will be used to transform your files into valid JS based on your Babel configuration.

    By default "node_modules" folder is ignored by transformers.

    Here's what you can do:
     • If you are trying to use ECMAScript Modules, see https://jestjs.io/docs/ecmascript-modules for how to enable it.
     • If you are trying to use TypeScript, see https://jestjs.io/docs/getting-started#using-typescript
     • To have some of your "node_modules" files transformed, you can specify a custom "transformIgnorePatterns" in your config.
     • If you need a custom transformation, specify a "transform" option in your config.
     • If you simply want to mock your non-JS modules (e.g. binary assets) you can stub them out with the "moduleNameMapper" config option.

    You'll find more details and examples of these config options in the docs:
    https://jestjs.io/docs/configuration
    For information about custom transformations, see:
    https://jestjs.io/docs/code-transformation

    Details:

    SyntaxError: /workspaces/Nadagotchi/js/Nadagotchi.js: Unexpected token (32:0)

      30 |      */
      31 |     constructor(initialArchetype, loadedData = null) {
    > 32 | <<<<<<< HEAD
         | ^
      33 |         /** @type {boolean} Indicates if the asynchronous initialization is complete. */
      34 |         this.isInitialized = false;
      35 |

    > 1 | import { Nadagotchi } from '../js/Nadagotchi.js';
        | ^
      2 | import { Genome } from '../js/GeneticsSystem.js';
      3 |
      4 | describe('Homozygous Bonuses', () => {

      at constructor (node_modules/@babel/parser/src/parse-error.ts:95:45)
      at Parser.toParseError [as raise] (node_modules/@babel/parser/src/tokenizer/index.ts:1507:19)
      at Parser.raise [as unexpected] (node_modules/@babel/parser/src/tokenizer/index.ts:1547:16)
      at Parser.unexpected [as parseExprAtom] (node_modules/@babel/parser/src/parser/expression.ts:1355:22)
      at Parser.parseExprAtom [as parseExprSubscripts] (node_modules/@babel/parser/src/parser/expression.ts:742:23)
      at Parser.parseExprSubscripts [as parseUpdate] (node_modules/@babel/parser/src/parser/expression.ts:721:21)
      at Parser.parseUpdate [as parseMaybeUnary] (node_modules/@babel/parser/src/parser/expression.ts:683:23)
      at Parser.parseMaybeUnary [as parseMaybeUnaryOrPrivate] (node_modules/@babel/parser/src/parser/expression.ts:417:14)
      at Parser.parseMaybeUnaryOrPrivate [as parseExprOps] (node_modules/@babel/parser/src/parser/expression.ts:429:23)
      at Parser.parseExprOps [as parseMaybeConditional] (node_modules/@babel/parser/src/parser/expression.ts:384:23)
      at Parser.parseMaybeConditional [as parseMaybeAssign] (node_modules/@babel/parser/src/parser/expression.ts:301:21)
      at Parser.parseMaybeAssign [as parseExpressionBase] (node_modules/@babel/parser/src/parser/expression.ts:226:23)
      at parseExpressionBase (node_modules/@babel/parser/src/parser/expression.ts:217:39)
      at Parser.callback [as allowInAnd] (node_modules/@babel/parser/src/parser/expression.ts:3197:16)
      at Parser.allowInAnd [as parseExpression] (node_modules/@babel/parser/src/parser/expression.ts:217:17)
      at Parser.parseExpression [as parseStatementContent] (node_modules/@babel/parser/src/parser/statement.ts:688:23)
      at Parser.parseStatementContent [as parseStatementLike] (node_modules/@babel/parser/src/parser/statement.ts:482:17)
      at Parser.parseStatementLike [as parseStatementListItem] (node_modules/@babel/parser/src/parser/statement.ts:431:17)
      at Parser.parseStatementListItem [as parseBlockOrModuleBlockBody] (node_modules/@babel/parser/src/parser/statement.ts:1444:16)
      at Parser.parseBlockOrModuleBlockBody [as parseBlockBody] (node_modules/@babel/parser/src/parser/statement.ts:1417:10)
      at Parser.parseBlockBody [as parseBlock] (node_modules/@babel/parser/src/parser/statement.ts:1385:10)
      at Parser.parseBlock [as parseFunctionBody] (node_modules/@babel/parser/src/parser/expression.ts:2626:24)
      at Parser.parseFunctionBody [as parseFunctionBodyAndFinish] (node_modules/@babel/parser/src/parser/expression.ts:2595:10)
      at Parser.parseFunctionBodyAndFinish [as parseMethod] (node_modules/@babel/parser/src/parser/expression.ts:2492:31)
      at Parser.parseMethod [as pushClassMethod] (node_modules/@babel/parser/src/parser/statement.ts:2244:12)
      at Parser.pushClassMethod [as parseClassMemberWithIsStatic] (node_modules/@babel/parser/src/parser/statement.ts:2023:12)
      at Parser.parseClassMemberWithIsStatic [as parseClassMember] (node_modules/@babel/parser/src/parser/statement.ts:1938:10)
      at parseClassMember (node_modules/@babel/parser/src/parser/statement.ts:1851:14)
      at Parser.callback [as withSmartMixTopicForbiddingContext] (node_modules/@babel/parser/src/parser/expression.ts:3176:14)
      at Parser.withSmartMixTopicForbiddingContext [as parseClassBody] (node_modules/@babel/parser/src/parser/statement.ts:1823:10)
      at Parser.parseClassBody [as parseClass] (node_modules/@babel/parser/src/parser/statement.ts:1774:22)
      at Parser.parseClass [as parseExportDeclaration] (node_modules/@babel/parser/src/parser/statement.ts:2628:25)
      at Parser.parseExportDeclaration [as maybeParseExportDeclaration] (node_modules/@babel/parser/src/parser/statement.ts:2551:31)
      at Parser.maybeParseExportDeclaration [as parseExport] (node_modules/@babel/parser/src/parser/statement.ts:2432:29)
      at Parser.parseExport [as parseStatementContent] (node_modules/@babel/parser/src/parser/statement.ts:649:25)
      at Parser.parseStatementContent [as parseStatementLike] (node_modules/@babel/parser/src/parser/statement.ts:482:17)
      at Parser.parseStatementLike [as parseModuleItem] (node_modules/@babel/parser/src/parser/statement.ts:419:17)
      at Parser.parseModuleItem [as parseBlockOrModuleBlockBody] (node_modules/@babel/parser/src/parser/statement.ts:1443:16)
      at Parser.parseBlockOrModuleBlockBody [as parseBlockBody] (node_modules/@babel/parser/src/parser/statement.ts:1417:10)
      at Parser.parseBlockBody [as parseProgram] (node_modules/@babel/parser/src/parser/statement.ts:229:10)
      at Parser.parseProgram [as parseTopLevel] (node_modules/@babel/parser/src/parser/statement.ts:203:25)
      at Parser.parseTopLevel [as parse] (node_modules/@babel/parser/src/parser/index.ts:88:25)
      at parse (node_modules/@babel/parser/src/index.ts:86:38)
      at parser (node_modules/@babel/core/src/parser/index.ts:29:19)
          at parser.next (<anonymous>)
      at normalizeFile (node_modules/@babel/core/src/transformation/normalize-file.ts:50:24)
          at normalizeFile.next (<anonymous>)
      at run (node_modules/@babel/core/src/transformation/index.ts:41:36)
          at run.next (<anonymous>)
      at transform (node_modules/@babel/core/src/transform.ts:29:20)
          at transform.next (<anonymous>)
      at evaluateSync (node_modules/gensync/index.js:251:28)
      at sync (node_modules/gensync/index.js:89:14)
      at fn (node_modules/@babel/core/src/errors/rewrite-stack-trace.ts:99:14)
      at transformSync (node_modules/@babel/core/src/transform.ts:66:52)
      at ScriptTransformer.transformSource (node_modules/@jest/transform/build/index.js:422:31)
      at ScriptTransformer._transformAndBuildScript (node_modules/@jest/transform/build/index.js:519:40)
      at ScriptTransformer.transform (node_modules/@jest/transform/build/index.js:558:19)
      at Object.require (tests/HomozygousBonuses.test.js:1:1)

FAIL tests/LiveLoopIntegration.test.js
  ● Test suite failed to run

    Jest encountered an unexpected token

    Jest failed to parse a file. This happens e.g. when your code or its dependencies use non-standard JavaScript syntax, or when Jest is not configured to support such syntax.

    Out of the box Jest supports Babel, which will be used to transform your files into valid JS based on your Babel configuration.

    By default "node_modules" folder is ignored by transformers.

    Here's what you can do:
     • If you are trying to use ECMAScript Modules, see https://jestjs.io/docs/ecmascript-modules for how to enable it.
     • If you are trying to use TypeScript, see https://jestjs.io/docs/getting-started#using-typescript
     • To have some of your "node_modules" files transformed, you can specify a custom "transformIgnorePatterns" in your config.
     • If you need a custom transformation, specify a "transform" option in your config.
     • If you simply want to mock your non-JS modules (e.g. binary assets) you can stub them out with the "moduleNameMapper" config option.

    You'll find more details and examples of these config options in the docs:
    https://jestjs.io/docs/configuration
    For information about custom transformations, see:
    https://jestjs.io/docs/code-transformation

    Details:

    SyntaxError: /workspaces/Nadagotchi/js/Nadagotchi.js: Unexpected token (32:0)

      30 |      */
      31 |     constructor(initialArchetype, loadedData = null) {
    > 32 | <<<<<<< HEAD
         | ^
      33 |         /** @type {boolean} Indicates if the asynchronous initialization is complete. */
      34 |         this.isInitialized = false;
      35 |

    > 1 | import { Nadagotchi } from '../js/Nadagotchi';
        | ^
      2 | import { Config } from '../js/Config';
      3 |
      4 | // Mock localStorage and Phaser

      at constructor (node_modules/@babel/parser/src/parse-error.ts:95:45)
      at Parser.toParseError [as raise] (node_modules/@babel/parser/src/tokenizer/index.ts:1507:19)
      at Parser.raise [as unexpected] (node_modules/@babel/parser/src/tokenizer/index.ts:1547:16)
      at Parser.unexpected [as parseExprAtom] (node_modules/@babel/parser/src/parser/expression.ts:1355:22)
      at Parser.parseExprAtom [as parseExprSubscripts] (node_modules/@babel/parser/src/parser/expression.ts:742:23)
      at Parser.parseExprSubscripts [as parseUpdate] (node_modules/@babel/parser/src/parser/expression.ts:721:21)
      at Parser.parseUpdate [as parseMaybeUnary] (node_modules/@babel/parser/src/parser/expression.ts:683:23)
      at Parser.parseMaybeUnary [as parseMaybeUnaryOrPrivate] (node_modules/@babel/parser/src/parser/expression.ts:417:14)
      at Parser.parseMaybeUnaryOrPrivate [as parseExprOps] (node_modules/@babel/parser/src/parser/expression.ts:429:23)
      at Parser.parseExprOps [as parseMaybeConditional] (node_modules/@babel/parser/src/parser/expression.ts:384:23)
      at Parser.parseMaybeConditional [as parseMaybeAssign] (node_modules/@babel/parser/src/parser/expression.ts:301:21)
      at Parser.parseMaybeAssign [as parseExpressionBase] (node_modules/@babel/parser/src/parser/expression.ts:226:23)
      at parseExpressionBase (node_modules/@babel/parser/src/parser/expression.ts:217:39)
      at Parser.callback [as allowInAnd] (node_modules/@babel/parser/src/parser/expression.ts:3197:16)
      at Parser.allowInAnd [as parseExpression] (node_modules/@babel/parser/src/parser/expression.ts:217:17)
      at Parser.parseExpression [as parseStatementContent] (node_modules/@babel/parser/src/parser/statement.ts:688:23)
      at Parser.parseStatementContent [as parseStatementLike] (node_modules/@babel/parser/src/parser/statement.ts:482:17)
      at Parser.parseStatementLike [as parseStatementListItem] (node_modules/@babel/parser/src/parser/statement.ts:431:17)
      at Parser.parseStatementListItem [as parseBlockOrModuleBlockBody] (node_modules/@babel/parser/src/parser/statement.ts:1444:16)
      at Parser.parseBlockOrModuleBlockBody [as parseBlockBody] (node_modules/@babel/parser/src/parser/statement.ts:1417:10)
      at Parser.parseBlockBody [as parseBlock] (node_modules/@babel/parser/src/parser/statement.ts:1385:10)
      at Parser.parseBlock [as parseFunctionBody] (node_modules/@babel/parser/src/parser/expression.ts:2626:24)
      at Parser.parseFunctionBody [as parseFunctionBodyAndFinish] (node_modules/@babel/parser/src/parser/expression.ts:2595:10)
      at Parser.parseFunctionBodyAndFinish [as parseMethod] (node_modules/@babel/parser/src/parser/expression.ts:2492:31)
      at Parser.parseMethod [as pushClassMethod] (node_modules/@babel/parser/src/parser/statement.ts:2244:12)
      at Parser.pushClassMethod [as parseClassMemberWithIsStatic] (node_modules/@babel/parser/src/parser/statement.ts:2023:12)
      at Parser.parseClassMemberWithIsStatic [as parseClassMember] (node_modules/@babel/parser/src/parser/statement.ts:1938:10)
      at parseClassMember (node_modules/@babel/parser/src/parser/statement.ts:1851:14)
      at Parser.callback [as withSmartMixTopicForbiddingContext] (node_modules/@babel/parser/src/parser/expression.ts:3176:14)
      at Parser.withSmartMixTopicForbiddingContext [as parseClassBody] (node_modules/@babel/parser/src/parser/statement.ts:1823:10)
      at Parser.parseClassBody [as parseClass] (node_modules/@babel/parser/src/parser/statement.ts:1774:22)
      at Parser.parseClass [as parseExportDeclaration] (node_modules/@babel/parser/src/parser/statement.ts:2628:25)
      at Parser.parseExportDeclaration [as maybeParseExportDeclaration] (node_modules/@babel/parser/src/parser/statement.ts:2551:31)
      at Parser.maybeParseExportDeclaration [as parseExport] (node_modules/@babel/parser/src/parser/statement.ts:2432:29)
      at Parser.parseExport [as parseStatementContent] (node_modules/@babel/parser/src/parser/statement.ts:649:25)
      at Parser.parseStatementContent [as parseStatementLike] (node_modules/@babel/parser/src/parser/statement.ts:482:17)
      at Parser.parseStatementLike [as parseModuleItem] (node_modules/@babel/parser/src/parser/statement.ts:419:17)
      at Parser.parseModuleItem [as parseBlockOrModuleBlockBody] (node_modules/@babel/parser/src/parser/statement.ts:1443:16)
      at Parser.parseBlockOrModuleBlockBody [as parseBlockBody] (node_modules/@babel/parser/src/parser/statement.ts:1417:10)
      at Parser.parseBlockBody [as parseProgram] (node_modules/@babel/parser/src/parser/statement.ts:229:10)
      at Parser.parseProgram [as parseTopLevel] (node_modules/@babel/parser/src/parser/statement.ts:203:25)
      at Parser.parseTopLevel [as parse] (node_modules/@babel/parser/src/parser/index.ts:88:25)
      at parse (node_modules/@babel/parser/src/index.ts:86:38)
      at parser (node_modules/@babel/core/src/parser/index.ts:29:19)
          at parser.next (<anonymous>)
      at normalizeFile (node_modules/@babel/core/src/transformation/normalize-file.ts:50:24)
          at normalizeFile.next (<anonymous>)
      at run (node_modules/@babel/core/src/transformation/index.ts:41:36)
          at run.next (<anonymous>)
      at transform (node_modules/@babel/core/src/transform.ts:29:20)
          at transform.next (<anonymous>)
      at evaluateSync (node_modules/gensync/index.js:251:28)
      at sync (node_modules/gensync/index.js:89:14)
      at fn (node_modules/@babel/core/src/errors/rewrite-stack-trace.ts:99:14)
      at transformSync (node_modules/@babel/core/src/transform.ts:66:52)
      at ScriptTransformer.transformSource (node_modules/@jest/transform/build/index.js:422:31)
      at ScriptTransformer._transformAndBuildScript (node_modules/@jest/transform/build/index.js:519:40)
      at ScriptTransformer.transform (node_modules/@jest/transform/build/index.js:558:19)
      at Object.require (tests/LiveLoopIntegration.test.js:1:1)

FAIL tests/performance/SkyManager.perf.test.js
  ● Test suite failed to run

    Jest encountered an unexpected token

    Jest failed to parse a file. This happens e.g. when your code or its dependencies use non-standard JavaScript syntax, or when Jest is not configured to support such syntax.

    Out of the box Jest supports Babel, which will be used to transform your files into valid JS based on your Babel configuration.

    By default "node_modules" folder is ignored by transformers.

    Here's what you can do:
     • If you are trying to use ECMAScript Modules, see https://jestjs.io/docs/ecmascript-modules for how to enable it.
     • If you are trying to use TypeScript, see https://jestjs.io/docs/getting-started#using-typescript
     • To have some of your "node_modules" files transformed, you can specify a custom "transformIgnorePatterns" in your config.
     • If you need a custom transformation, specify a "transform" option in your config.
     • If you simply want to mock your non-JS modules (e.g. binary assets) you can stub them out with the "moduleNameMapper" config option.

    You'll find more details and examples of these config options in the docs:
    https://jestjs.io/docs/configuration
    For information about custom transformations, see:
    https://jestjs.io/docs/code-transformation

    Details:

    SyntaxError: /workspaces/Nadagotchi/tests/helpers/mockPhaser.js: Unexpected token (1:0)

    > 1 | <<<<<<< HEAD
        | ^
      2 | =======
      3 |
      4 | >>>>>>> 74fdaab (Update js/DebugConsole.js)

      1 |
      2 | import { jest } from '@jest/globals';
    > 3 | import { setupPhaserMock, mockGameObject } from '../helpers/mockPhaser';
        | ^
      4 |
      5 | setupPhaserMock();
      6 |

      at constructor (node_modules/@babel/parser/src/parse-error.ts:95:45)
      at Parser.toParseError [as raise] (node_modules/@babel/parser/src/tokenizer/index.ts:1507:19)
      at Parser.raise [as unexpected] (node_modules/@babel/parser/src/tokenizer/index.ts:1547:16)
      at Parser.unexpected [as parseExprAtom] (node_modules/@babel/parser/src/parser/expression.ts:1355:22)
      at Parser.parseExprAtom [as parseExprSubscripts] (node_modules/@babel/parser/src/parser/expression.ts:742:23)
      at Parser.parseExprSubscripts [as parseUpdate] (node_modules/@babel/parser/src/parser/expression.ts:721:21)
      at Parser.parseUpdate [as parseMaybeUnary] (node_modules/@babel/parser/src/parser/expression.ts:683:23)
      at Parser.parseMaybeUnary [as parseMaybeUnaryOrPrivate] (node_modules/@babel/parser/src/parser/expression.ts:417:14)
      at Parser.parseMaybeUnaryOrPrivate [as parseExprOps] (node_modules/@babel/parser/src/parser/expression.ts:429:23)
      at Parser.parseExprOps [as parseMaybeConditional] (node_modules/@babel/parser/src/parser/expression.ts:384:23)
      at Parser.parseMaybeConditional [as parseMaybeAssign] (node_modules/@babel/parser/src/parser/expression.ts:301:21)
      at Parser.parseMaybeAssign [as parseExpressionBase] (node_modules/@babel/parser/src/parser/expression.ts:226:23)
      at parseExpressionBase (node_modules/@babel/parser/src/parser/expression.ts:217:39)
      at Parser.callback [as allowInAnd] (node_modules/@babel/parser/src/parser/expression.ts:3197:16)
      at Parser.allowInAnd [as parseExpression] (node_modules/@babel/parser/src/parser/expression.ts:217:17)
      at Parser.parseExpression [as parseStatementContent] (node_modules/@babel/parser/src/parser/statement.ts:688:23)
      at Parser.parseStatementContent [as parseStatementLike] (node_modules/@babel/parser/src/parser/statement.ts:482:17)
      at Parser.parseStatementLike [as parseModuleItem] (node_modules/@babel/parser/src/parser/statement.ts:419:17)
      at Parser.parseModuleItem [as parseBlockOrModuleBlockBody] (node_modules/@babel/parser/src/parser/statement.ts:1443:16)
      at Parser.parseBlockOrModuleBlockBody [as parseBlockBody] (node_modules/@babel/parser/src/parser/statement.ts:1417:10)
      at Parser.parseBlockBody [as parseProgram] (node_modules/@babel/parser/src/parser/statement.ts:229:10)
      at Parser.parseProgram [as parseTopLevel] (node_modules/@babel/parser/src/parser/statement.ts:203:25)
      at Parser.parseTopLevel [as parse] (node_modules/@babel/parser/src/parser/index.ts:88:25)
      at parse (node_modules/@babel/parser/src/index.ts:86:38)
      at parser (node_modules/@babel/core/src/parser/index.ts:29:19)
          at parser.next (<anonymous>)
      at normalizeFile (node_modules/@babel/core/src/transformation/normalize-file.ts:50:24)
          at normalizeFile.next (<anonymous>)
      at run (node_modules/@babel/core/src/transformation/index.ts:41:36)
          at run.next (<anonymous>)
      at transform (node_modules/@babel/core/src/transform.ts:29:20)
          at transform.next (<anonymous>)
      at evaluateSync (node_modules/gensync/index.js:251:28)
      at sync (node_modules/gensync/index.js:89:14)
      at fn (node_modules/@babel/core/src/errors/rewrite-stack-trace.ts:99:14)
      at transformSync (node_modules/@babel/core/src/transform.ts:66:52)
      at ScriptTransformer.transformSource (node_modules/@jest/transform/build/index.js:422:31)
      at ScriptTransformer._transformAndBuildScript (node_modules/@jest/transform/build/index.js:519:40)
      at ScriptTransformer.transform (node_modules/@jest/transform/build/index.js:558:19)
      at Object.require (tests/performance/SkyManager.perf.test.js:3:1)

PASS tests/EventManager.test.js
PASS tests/WeatherSystem.test.js
PASS tests/Encoding.test.js
FAIL tests/WeatherParticleManager.test.js
  ● Test suite failed to run

    Jest encountered an unexpected token

    Jest failed to parse a file. This happens e.g. when your code or its dependencies use non-standard JavaScript syntax, or when Jest is not configured to support such syntax.

    Out of the box Jest supports Babel, which will be used to transform your files into valid JS based on your Babel configuration.

    By default "node_modules" folder is ignored by transformers.

    Here's what you can do:
     • If you are trying to use ECMAScript Modules, see https://jestjs.io/docs/ecmascript-modules for how to enable it.
     • If you are trying to use TypeScript, see https://jestjs.io/docs/getting-started#using-typescript
     • To have some of your "node_modules" files transformed, you can specify a custom "transformIgnorePatterns" in your config.
     • If you need a custom transformation, specify a "transform" option in your config.
     • If you simply want to mock your non-JS modules (e.g. binary assets) you can stub them out with the "moduleNameMapper" config option.

    You'll find more details and examples of these config options in the docs:
    https://jestjs.io/docs/configuration
    For information about custom transformations, see:
    https://jestjs.io/docs/code-transformation

    Details:

    SyntaxError: /workspaces/Nadagotchi/tests/helpers/mockPhaser.js: Unexpected token (1:0)

    > 1 | <<<<<<< HEAD
        | ^
      2 | =======
      3 |
      4 | >>>>>>> 74fdaab (Update js/DebugConsole.js)

      1 |
    > 2 | import { setupPhaserMock, createMockAdd } from './helpers/mockPhaser';
        | ^
      3 |
      4 | // Mock dependencies
      5 | setupPhaserMock();

      at constructor (node_modules/@babel/parser/src/parse-error.ts:95:45)
      at Parser.toParseError [as raise] (node_modules/@babel/parser/src/tokenizer/index.ts:1507:19)
      at Parser.raise [as unexpected] (node_modules/@babel/parser/src/tokenizer/index.ts:1547:16)
      at Parser.unexpected [as parseExprAtom] (node_modules/@babel/parser/src/parser/expression.ts:1355:22)
      at Parser.parseExprAtom [as parseExprSubscripts] (node_modules/@babel/parser/src/parser/expression.ts:742:23)
      at Parser.parseExprSubscripts [as parseUpdate] (node_modules/@babel/parser/src/parser/expression.ts:721:21)
      at Parser.parseUpdate [as parseMaybeUnary] (node_modules/@babel/parser/src/parser/expression.ts:683:23)
      at Parser.parseMaybeUnary [as parseMaybeUnaryOrPrivate] (node_modules/@babel/parser/src/parser/expression.ts:417:14)
      at Parser.parseMaybeUnaryOrPrivate [as parseExprOps] (node_modules/@babel/parser/src/parser/expression.ts:429:23)
      at Parser.parseExprOps [as parseMaybeConditional] (node_modules/@babel/parser/src/parser/expression.ts:384:23)
      at Parser.parseMaybeConditional [as parseMaybeAssign] (node_modules/@babel/parser/src/parser/expression.ts:301:21)
      at Parser.parseMaybeAssign [as parseExpressionBase] (node_modules/@babel/parser/src/parser/expression.ts:226:23)
      at parseExpressionBase (node_modules/@babel/parser/src/parser/expression.ts:217:39)
      at Parser.callback [as allowInAnd] (node_modules/@babel/parser/src/parser/expression.ts:3197:16)
      at Parser.allowInAnd [as parseExpression] (node_modules/@babel/parser/src/parser/expression.ts:217:17)
      at Parser.parseExpression [as parseStatementContent] (node_modules/@babel/parser/src/parser/statement.ts:688:23)
      at Parser.parseStatementContent [as parseStatementLike] (node_modules/@babel/parser/src/parser/statement.ts:482:17)
      at Parser.parseStatementLike [as parseModuleItem] (node_modules/@babel/parser/src/parser/statement.ts:419:17)
      at Parser.parseModuleItem [as parseBlockOrModuleBlockBody] (node_modules/@babel/parser/src/parser/statement.ts:1443:16)
      at Parser.parseBlockOrModuleBlockBody [as parseBlockBody] (node_modules/@babel/parser/src/parser/statement.ts:1417:10)
      at Parser.parseBlockBody [as parseProgram] (node_modules/@babel/parser/src/parser/statement.ts:229:10)
      at Parser.parseProgram [as parseTopLevel] (node_modules/@babel/parser/src/parser/statement.ts:203:25)
      at Parser.parseTopLevel [as parse] (node_modules/@babel/parser/src/parser/index.ts:88:25)
      at parse (node_modules/@babel/parser/src/index.ts:86:38)
      at parser (node_modules/@babel/core/src/parser/index.ts:29:19)
          at parser.next (<anonymous>)
      at normalizeFile (node_modules/@babel/core/src/transformation/normalize-file.ts:50:24)
          at normalizeFile.next (<anonymous>)
      at run (node_modules/@babel/core/src/transformation/index.ts:41:36)
          at run.next (<anonymous>)
      at transform (node_modules/@babel/core/src/transform.ts:29:20)
          at transform.next (<anonymous>)
      at evaluateSync (node_modules/gensync/index.js:251:28)
      at sync (node_modules/gensync/index.js:89:14)
      at fn (node_modules/@babel/core/src/errors/rewrite-stack-trace.ts:99:14)
      at transformSync (node_modules/@babel/core/src/transform.ts:66:52)
      at ScriptTransformer.transformSource (node_modules/@jest/transform/build/index.js:422:31)
      at ScriptTransformer._transformAndBuildScript (node_modules/@jest/transform/build/index.js:519:40)
      at ScriptTransformer.transform (node_modules/@jest/transform/build/index.js:558:19)
      at Object.require (tests/WeatherParticleManager.test.js:2:1)

FAIL tests/WorldClock.test.js
  ● Test suite failed to run

    Jest encountered an unexpected token

    Jest failed to parse a file. This happens e.g. when your code or its dependencies use non-standard JavaScript syntax, or when Jest is not configured to support such syntax.

    Out of the box Jest supports Babel, which will be used to transform your files into valid JS based on your Babel configuration.

    By default "node_modules" folder is ignored by transformers.

    Here's what you can do:
     • If you are trying to use ECMAScript Modules, see https://jestjs.io/docs/ecmascript-modules for how to enable it.
     • If you are trying to use TypeScript, see https://jestjs.io/docs/getting-started#using-typescript
     • To have some of your "node_modules" files transformed, you can specify a custom "transformIgnorePatterns" in your config.
     • If you need a custom transformation, specify a "transform" option in your config.
     • If you simply want to mock your non-JS modules (e.g. binary assets) you can stub them out with the "moduleNameMapper" config option.

    You'll find more details and examples of these config options in the docs:
    https://jestjs.io/docs/configuration
    For information about custom transformations, see:
    https://jestjs.io/docs/code-transformation

    Details:

    SyntaxError: /workspaces/Nadagotchi/js/WorldClock.js: Unexpected token (37:0)

      35 |         };
      36 |
    > 37 | <<<<<<< HEAD
         | ^
      38 |         /** @type {?{start: number, end: number, name: string}} Cached reference to the current period object. */
      39 |         /** @type {?{start: number, end: number, name: string}} Cache for the current period to avoid redundant lookups. */
      40 |         this._cachedPeriod = null;

    > 1 | import { WorldClock } from '../js/WorldClock';
        | ^
      2 |
      3 | // Mock Phaser Scene
      4 | const mockScene = {};

      at constructor (node_modules/@babel/parser/src/parse-error.ts:95:45)
      at Parser.toParseError [as raise] (node_modules/@babel/parser/src/tokenizer/index.ts:1507:19)
      at Parser.raise [as unexpected] (node_modules/@babel/parser/src/tokenizer/index.ts:1547:16)
      at Parser.unexpected [as parseExprAtom] (node_modules/@babel/parser/src/parser/expression.ts:1355:22)
      at Parser.parseExprAtom [as parseExprSubscripts] (node_modules/@babel/parser/src/parser/expression.ts:742:23)
      at Parser.parseExprSubscripts [as parseUpdate] (node_modules/@babel/parser/src/parser/expression.ts:721:21)
      at Parser.parseUpdate [as parseMaybeUnary] (node_modules/@babel/parser/src/parser/expression.ts:683:23)
      at Parser.parseMaybeUnary [as parseMaybeUnaryOrPrivate] (node_modules/@babel/parser/src/parser/expression.ts:417:14)
      at Parser.parseMaybeUnaryOrPrivate [as parseExprOps] (node_modules/@babel/parser/src/parser/expression.ts:429:23)
      at Parser.parseExprOps [as parseMaybeConditional] (node_modules/@babel/parser/src/parser/expression.ts:384:23)
      at Parser.parseMaybeConditional [as parseMaybeAssign] (node_modules/@babel/parser/src/parser/expression.ts:301:21)
      at Parser.parseMaybeAssign [as parseExpressionBase] (node_modules/@babel/parser/src/parser/expression.ts:226:23)
      at parseExpressionBase (node_modules/@babel/parser/src/parser/expression.ts:217:39)
      at Parser.callback [as allowInAnd] (node_modules/@babel/parser/src/parser/expression.ts:3197:16)
      at Parser.allowInAnd [as parseExpression] (node_modules/@babel/parser/src/parser/expression.ts:217:17)
      at Parser.parseExpression [as parseStatementContent] (node_modules/@babel/parser/src/parser/statement.ts:688:23)
      at Parser.parseStatementContent [as parseStatementLike] (node_modules/@babel/parser/src/parser/statement.ts:482:17)
      at Parser.parseStatementLike [as parseStatementListItem] (node_modules/@babel/parser/src/parser/statement.ts:431:17)
      at Parser.parseStatementListItem [as parseBlockOrModuleBlockBody] (node_modules/@babel/parser/src/parser/statement.ts:1444:16)
      at Parser.parseBlockOrModuleBlockBody [as parseBlockBody] (node_modules/@babel/parser/src/parser/statement.ts:1417:10)
      at Parser.parseBlockBody [as parseBlock] (node_modules/@babel/parser/src/parser/statement.ts:1385:10)
      at Parser.parseBlock [as parseFunctionBody] (node_modules/@babel/parser/src/parser/expression.ts:2626:24)
      at Parser.parseFunctionBody [as parseFunctionBodyAndFinish] (node_modules/@babel/parser/src/parser/expression.ts:2595:10)
      at Parser.parseFunctionBodyAndFinish [as parseMethod] (node_modules/@babel/parser/src/parser/expression.ts:2492:31)
      at Parser.parseMethod [as pushClassMethod] (node_modules/@babel/parser/src/parser/statement.ts:2244:12)
      at Parser.pushClassMethod [as parseClassMemberWithIsStatic] (node_modules/@babel/parser/src/parser/statement.ts:2023:12)
      at Parser.parseClassMemberWithIsStatic [as parseClassMember] (node_modules/@babel/parser/src/parser/statement.ts:1938:10)
      at parseClassMember (node_modules/@babel/parser/src/parser/statement.ts:1851:14)
      at Parser.callback [as withSmartMixTopicForbiddingContext] (node_modules/@babel/parser/src/parser/expression.ts:3176:14)
      at Parser.withSmartMixTopicForbiddingContext [as parseClassBody] (node_modules/@babel/parser/src/parser/statement.ts:1823:10)
      at Parser.parseClassBody [as parseClass] (node_modules/@babel/parser/src/parser/statement.ts:1774:22)
      at Parser.parseClass [as parseExportDeclaration] (node_modules/@babel/parser/src/parser/statement.ts:2628:25)
      at Parser.parseExportDeclaration [as maybeParseExportDeclaration] (node_modules/@babel/parser/src/parser/statement.ts:2551:31)
      at Parser.maybeParseExportDeclaration [as parseExport] (node_modules/@babel/parser/src/parser/statement.ts:2432:29)
      at Parser.parseExport [as parseStatementContent] (node_modules/@babel/parser/src/parser/statement.ts:649:25)
      at Parser.parseStatementContent [as parseStatementLike] (node_modules/@babel/parser/src/parser/statement.ts:482:17)
      at Parser.parseStatementLike [as parseModuleItem] (node_modules/@babel/parser/src/parser/statement.ts:419:17)
      at Parser.parseModuleItem [as parseBlockOrModuleBlockBody] (node_modules/@babel/parser/src/parser/statement.ts:1443:16)
      at Parser.parseBlockOrModuleBlockBody [as parseBlockBody] (node_modules/@babel/parser/src/parser/statement.ts:1417:10)
      at Parser.parseBlockBody [as parseProgram] (node_modules/@babel/parser/src/parser/statement.ts:229:10)
      at Parser.parseProgram [as parseTopLevel] (node_modules/@babel/parser/src/parser/statement.ts:203:25)
      at Parser.parseTopLevel [as parse] (node_modules/@babel/parser/src/parser/index.ts:88:25)
      at parse (node_modules/@babel/parser/src/index.ts:86:38)
      at parser (node_modules/@babel/core/src/parser/index.ts:29:19)
          at parser.next (<anonymous>)
      at normalizeFile (node_modules/@babel/core/src/transformation/normalize-file.ts:50:24)
          at normalizeFile.next (<anonymous>)
      at run (node_modules/@babel/core/src/transformation/index.ts:41:36)
          at run.next (<anonymous>)
      at transform (node_modules/@babel/core/src/transform.ts:29:20)
          at transform.next (<anonymous>)
      at evaluateSync (node_modules/gensync/index.js:251:28)
      at sync (node_modules/gensync/index.js:89:14)
      at fn (node_modules/@babel/core/src/errors/rewrite-stack-trace.ts:99:14)
      at transformSync (node_modules/@babel/core/src/transform.ts:66:52)
      at ScriptTransformer.transformSource (node_modules/@jest/transform/build/index.js:422:31)
      at ScriptTransformer._transformAndBuildScript (node_modules/@jest/transform/build/index.js:519:40)
      at ScriptTransformer.transform (node_modules/@jest/transform/build/index.js:558:19)
      at Object.require (tests/WorldClock.test.js:1:1)

FAIL tests/ExploitArtisanQuest.test.js
  ● Test suite failed to run

    Jest encountered an unexpected token

    Jest failed to parse a file. This happens e.g. when your code or its dependencies use non-standard JavaScript syntax, or when Jest is not configured to support such syntax.

    Out of the box Jest supports Babel, which will be used to transform your files into valid JS based on your Babel configuration.

    By default "node_modules" folder is ignored by transformers.

    Here's what you can do:
     • If you are trying to use ECMAScript Modules, see https://jestjs.io/docs/ecmascript-modules for how to enable it.
     • If you are trying to use TypeScript, see https://jestjs.io/docs/getting-started#using-typescript
     • To have some of your "node_modules" files transformed, you can specify a custom "transformIgnorePatterns" in your config.
     • If you need a custom transformation, specify a "transform" option in your config.
     • If you simply want to mock your non-JS modules (e.g. binary assets) you can stub them out with the "moduleNameMapper" config option.

    You'll find more details and examples of these config options in the docs:
    https://jestjs.io/docs/configuration
    For information about custom transformations, see:
    https://jestjs.io/docs/code-transformation

    Details:

    SyntaxError: /workspaces/Nadagotchi/js/Nadagotchi.js: Unexpected token (32:0)

      30 |      */
      31 |     constructor(initialArchetype, loadedData = null) {
    > 32 | <<<<<<< HEAD
         | ^
      33 |         /** @type {boolean} Indicates if the asynchronous initialization is complete. */
      34 |         this.isInitialized = false;
      35 |

    > 1 | import { Nadagotchi } from '../js/Nadagotchi';
        | ^
      2 |
      3 | // Mock localStorage and Phaser
      4 | class LocalStorageMock {

      at constructor (node_modules/@babel/parser/src/parse-error.ts:95:45)
      at Parser.toParseError [as raise] (node_modules/@babel/parser/src/tokenizer/index.ts:1507:19)
      at Parser.raise [as unexpected] (node_modules/@babel/parser/src/tokenizer/index.ts:1547:16)
      at Parser.unexpected [as parseExprAtom] (node_modules/@babel/parser/src/parser/expression.ts:1355:22)
      at Parser.parseExprAtom [as parseExprSubscripts] (node_modules/@babel/parser/src/parser/expression.ts:742:23)
      at Parser.parseExprSubscripts [as parseUpdate] (node_modules/@babel/parser/src/parser/expression.ts:721:21)
      at Parser.parseUpdate [as parseMaybeUnary] (node_modules/@babel/parser/src/parser/expression.ts:683:23)
      at Parser.parseMaybeUnary [as parseMaybeUnaryOrPrivate] (node_modules/@babel/parser/src/parser/expression.ts:417:14)
      at Parser.parseMaybeUnaryOrPrivate [as parseExprOps] (node_modules/@babel/parser/src/parser/expression.ts:429:23)
      at Parser.parseExprOps [as parseMaybeConditional] (node_modules/@babel/parser/src/parser/expression.ts:384:23)
      at Parser.parseMaybeConditional [as parseMaybeAssign] (node_modules/@babel/parser/src/parser/expression.ts:301:21)
      at Parser.parseMaybeAssign [as parseExpressionBase] (node_modules/@babel/parser/src/parser/expression.ts:226:23)
      at parseExpressionBase (node_modules/@babel/parser/src/parser/expression.ts:217:39)
      at Parser.callback [as allowInAnd] (node_modules/@babel/parser/src/parser/expression.ts:3197:16)
      at Parser.allowInAnd [as parseExpression] (node_modules/@babel/parser/src/parser/expression.ts:217:17)
      at Parser.parseExpression [as parseStatementContent] (node_modules/@babel/parser/src/parser/statement.ts:688:23)
      at Parser.parseStatementContent [as parseStatementLike] (node_modules/@babel/parser/src/parser/statement.ts:482:17)
      at Parser.parseStatementLike [as parseStatementListItem] (node_modules/@babel/parser/src/parser/statement.ts:431:17)
      at Parser.parseStatementListItem [as parseBlockOrModuleBlockBody] (node_modules/@babel/parser/src/parser/statement.ts:1444:16)
      at Parser.parseBlockOrModuleBlockBody [as parseBlockBody] (node_modules/@babel/parser/src/parser/statement.ts:1417:10)
      at Parser.parseBlockBody [as parseBlock] (node_modules/@babel/parser/src/parser/statement.ts:1385:10)
      at Parser.parseBlock [as parseFunctionBody] (node_modules/@babel/parser/src/parser/expression.ts:2626:24)
      at Parser.parseFunctionBody [as parseFunctionBodyAndFinish] (node_modules/@babel/parser/src/parser/expression.ts:2595:10)
      at Parser.parseFunctionBodyAndFinish [as parseMethod] (node_modules/@babel/parser/src/parser/expression.ts:2492:31)
      at Parser.parseMethod [as pushClassMethod] (node_modules/@babel/parser/src/parser/statement.ts:2244:12)
      at Parser.pushClassMethod [as parseClassMemberWithIsStatic] (node_modules/@babel/parser/src/parser/statement.ts:2023:12)
      at Parser.parseClassMemberWithIsStatic [as parseClassMember] (node_modules/@babel/parser/src/parser/statement.ts:1938:10)
      at parseClassMember (node_modules/@babel/parser/src/parser/statement.ts:1851:14)
      at Parser.callback [as withSmartMixTopicForbiddingContext] (node_modules/@babel/parser/src/parser/expression.ts:3176:14)
      at Parser.withSmartMixTopicForbiddingContext [as parseClassBody] (node_modules/@babel/parser/src/parser/statement.ts:1823:10)
      at Parser.parseClassBody [as parseClass] (node_modules/@babel/parser/src/parser/statement.ts:1774:22)
      at Parser.parseClass [as parseExportDeclaration] (node_modules/@babel/parser/src/parser/statement.ts:2628:25)
      at Parser.parseExportDeclaration [as maybeParseExportDeclaration] (node_modules/@babel/parser/src/parser/statement.ts:2551:31)
      at Parser.maybeParseExportDeclaration [as parseExport] (node_modules/@babel/parser/src/parser/statement.ts:2432:29)
      at Parser.parseExport [as parseStatementContent] (node_modules/@babel/parser/src/parser/statement.ts:649:25)
      at Parser.parseStatementContent [as parseStatementLike] (node_modules/@babel/parser/src/parser/statement.ts:482:17)
      at Parser.parseStatementLike [as parseModuleItem] (node_modules/@babel/parser/src/parser/statement.ts:419:17)
      at Parser.parseModuleItem [as parseBlockOrModuleBlockBody] (node_modules/@babel/parser/src/parser/statement.ts:1443:16)
      at Parser.parseBlockOrModuleBlockBody [as parseBlockBody] (node_modules/@babel/parser/src/parser/statement.ts:1417:10)
      at Parser.parseBlockBody [as parseProgram] (node_modules/@babel/parser/src/parser/statement.ts:229:10)
      at Parser.parseProgram [as parseTopLevel] (node_modules/@babel/parser/src/parser/statement.ts:203:25)
      at Parser.parseTopLevel [as parse] (node_modules/@babel/parser/src/parser/index.ts:88:25)
      at parse (node_modules/@babel/parser/src/index.ts:86:38)
      at parser (node_modules/@babel/core/src/parser/index.ts:29:19)
          at parser.next (<anonymous>)
      at normalizeFile (node_modules/@babel/core/src/transformation/normalize-file.ts:50:24)
          at normalizeFile.next (<anonymous>)
      at run (node_modules/@babel/core/src/transformation/index.ts:41:36)
          at run.next (<anonymous>)
      at transform (node_modules/@babel/core/src/transform.ts:29:20)
          at transform.next (<anonymous>)
      at evaluateSync (node_modules/gensync/index.js:251:28)
      at sync (node_modules/gensync/index.js:89:14)
      at fn (node_modules/@babel/core/src/errors/rewrite-stack-trace.ts:99:14)
      at transformSync (node_modules/@babel/core/src/transform.ts:66:52)
      at ScriptTransformer.transformSource (node_modules/@jest/transform/build/index.js:422:31)
      at ScriptTransformer._transformAndBuildScript (node_modules/@jest/transform/build/index.js:519:40)
      at ScriptTransformer.transform (node_modules/@jest/transform/build/index.js:558:19)
      at Object.require (tests/ExploitArtisanQuest.test.js:1:1)

PASS tests/ClearWater.test.js
FAIL tests/DailyQuest.test.js
  ● Test suite failed to run

    Jest encountered an unexpected token

    Jest failed to parse a file. This happens e.g. when your code or its dependencies use non-standard JavaScript syntax, or when Jest is not configured to support such syntax.

    Out of the box Jest supports Babel, which will be used to transform your files into valid JS based on your Babel configuration.

    By default "node_modules" folder is ignored by transformers.

    Here's what you can do:
     • If you are trying to use ECMAScript Modules, see https://jestjs.io/docs/ecmascript-modules for how to enable it.
     • If you are trying to use TypeScript, see https://jestjs.io/docs/getting-started#using-typescript
     • To have some of your "node_modules" files transformed, you can specify a custom "transformIgnorePatterns" in your config.
     • If you need a custom transformation, specify a "transform" option in your config.
     • If you simply want to mock your non-JS modules (e.g. binary assets) you can stub them out with the "moduleNameMapper" config option.

    You'll find more details and examples of these config options in the docs:
    https://jestjs.io/docs/configuration
    For information about custom transformations, see:
    https://jestjs.io/docs/code-transformation

    Details:

    SyntaxError: /workspaces/Nadagotchi/js/Nadagotchi.js: Unexpected token (32:0)

      30 |      */
      31 |     constructor(initialArchetype, loadedData = null) {
    > 32 | <<<<<<< HEAD
         | ^
      33 |         /** @type {boolean} Indicates if the asynchronous initialization is complete. */
      34 |         this.isInitialized = false;
      35 |

    > 1 | import { Nadagotchi } from '../js/Nadagotchi';
        | ^
      2 | import { QuestSystem } from '../js/systems/QuestSystem';
      3 |
      4 | // Mock localStorage

      at constructor (node_modules/@babel/parser/src/parse-error.ts:95:45)
      at Parser.toParseError [as raise] (node_modules/@babel/parser/src/tokenizer/index.ts:1507:19)
      at Parser.raise [as unexpected] (node_modules/@babel/parser/src/tokenizer/index.ts:1547:16)
      at Parser.unexpected [as parseExprAtom] (node_modules/@babel/parser/src/parser/expression.ts:1355:22)
      at Parser.parseExprAtom [as parseExprSubscripts] (node_modules/@babel/parser/src/parser/expression.ts:742:23)
      at Parser.parseExprSubscripts [as parseUpdate] (node_modules/@babel/parser/src/parser/expression.ts:721:21)
      at Parser.parseUpdate [as parseMaybeUnary] (node_modules/@babel/parser/src/parser/expression.ts:683:23)
      at Parser.parseMaybeUnary [as parseMaybeUnaryOrPrivate] (node_modules/@babel/parser/src/parser/expression.ts:417:14)
      at Parser.parseMaybeUnaryOrPrivate [as parseExprOps] (node_modules/@babel/parser/src/parser/expression.ts:429:23)
      at Parser.parseExprOps [as parseMaybeConditional] (node_modules/@babel/parser/src/parser/expression.ts:384:23)
      at Parser.parseMaybeConditional [as parseMaybeAssign] (node_modules/@babel/parser/src/parser/expression.ts:301:21)
      at Parser.parseMaybeAssign [as parseExpressionBase] (node_modules/@babel/parser/src/parser/expression.ts:226:23)
      at parseExpressionBase (node_modules/@babel/parser/src/parser/expression.ts:217:39)
      at Parser.callback [as allowInAnd] (node_modules/@babel/parser/src/parser/expression.ts:3197:16)
      at Parser.allowInAnd [as parseExpression] (node_modules/@babel/parser/src/parser/expression.ts:217:17)
      at Parser.parseExpression [as parseStatementContent] (node_modules/@babel/parser/src/parser/statement.ts:688:23)
      at Parser.parseStatementContent [as parseStatementLike] (node_modules/@babel/parser/src/parser/statement.ts:482:17)
      at Parser.parseStatementLike [as parseStatementListItem] (node_modules/@babel/parser/src/parser/statement.ts:431:17)
      at Parser.parseStatementListItem [as parseBlockOrModuleBlockBody] (node_modules/@babel/parser/src/parser/statement.ts:1444:16)
      at Parser.parseBlockOrModuleBlockBody [as parseBlockBody] (node_modules/@babel/parser/src/parser/statement.ts:1417:10)
      at Parser.parseBlockBody [as parseBlock] (node_modules/@babel/parser/src/parser/statement.ts:1385:10)
      at Parser.parseBlock [as parseFunctionBody] (node_modules/@babel/parser/src/parser/expression.ts:2626:24)
      at Parser.parseFunctionBody [as parseFunctionBodyAndFinish] (node_modules/@babel/parser/src/parser/expression.ts:2595:10)
      at Parser.parseFunctionBodyAndFinish [as parseMethod] (node_modules/@babel/parser/src/parser/expression.ts:2492:31)
      at Parser.parseMethod [as pushClassMethod] (node_modules/@babel/parser/src/parser/statement.ts:2244:12)
      at Parser.pushClassMethod [as parseClassMemberWithIsStatic] (node_modules/@babel/parser/src/parser/statement.ts:2023:12)
      at Parser.parseClassMemberWithIsStatic [as parseClassMember] (node_modules/@babel/parser/src/parser/statement.ts:1938:10)
      at parseClassMember (node_modules/@babel/parser/src/parser/statement.ts:1851:14)
      at Parser.callback [as withSmartMixTopicForbiddingContext] (node_modules/@babel/parser/src/parser/expression.ts:3176:14)
      at Parser.withSmartMixTopicForbiddingContext [as parseClassBody] (node_modules/@babel/parser/src/parser/statement.ts:1823:10)
      at Parser.parseClassBody [as parseClass] (node_modules/@babel/parser/src/parser/statement.ts:1774:22)
      at Parser.parseClass [as parseExportDeclaration] (node_modules/@babel/parser/src/parser/statement.ts:2628:25)
      at Parser.parseExportDeclaration [as maybeParseExportDeclaration] (node_modules/@babel/parser/src/parser/statement.ts:2551:31)
      at Parser.maybeParseExportDeclaration [as parseExport] (node_modules/@babel/parser/src/parser/statement.ts:2432:29)
      at Parser.parseExport [as parseStatementContent] (node_modules/@babel/parser/src/parser/statement.ts:649:25)
      at Parser.parseStatementContent [as parseStatementLike] (node_modules/@babel/parser/src/parser/statement.ts:482:17)
      at Parser.parseStatementLike [as parseModuleItem] (node_modules/@babel/parser/src/parser/statement.ts:419:17)
      at Parser.parseModuleItem [as parseBlockOrModuleBlockBody] (node_modules/@babel/parser/src/parser/statement.ts:1443:16)
      at Parser.parseBlockOrModuleBlockBody [as parseBlockBody] (node_modules/@babel/parser/src/parser/statement.ts:1417:10)
      at Parser.parseBlockBody [as parseProgram] (node_modules/@babel/parser/src/parser/statement.ts:229:10)
      at Parser.parseProgram [as parseTopLevel] (node_modules/@babel/parser/src/parser/statement.ts:203:25)
      at Parser.parseTopLevel [as parse] (node_modules/@babel/parser/src/parser/index.ts:88:25)
      at parse (node_modules/@babel/parser/src/index.ts:86:38)
      at parser (node_modules/@babel/core/src/parser/index.ts:29:19)
          at parser.next (<anonymous>)
      at normalizeFile (node_modules/@babel/core/src/transformation/normalize-file.ts:50:24)
          at normalizeFile.next (<anonymous>)
      at run (node_modules/@babel/core/src/transformation/index.ts:41:36)
          at run.next (<anonymous>)
      at transform (node_modules/@babel/core/src/transform.ts:29:20)
          at transform.next (<anonymous>)
      at evaluateSync (node_modules/gensync/index.js:251:28)
      at sync (node_modules/gensync/index.js:89:14)
      at fn (node_modules/@babel/core/src/errors/rewrite-stack-trace.ts:99:14)
      at transformSync (node_modules/@babel/core/src/transform.ts:66:52)
      at ScriptTransformer.transformSource (node_modules/@jest/transform/build/index.js:422:31)
      at ScriptTransformer._transformAndBuildScript (node_modules/@jest/transform/build/index.js:519:40)
      at ScriptTransformer.transform (node_modules/@jest/transform/build/index.js:558:19)
      at Object.require (tests/DailyQuest.test.js:1:1)

FAIL tests/performance/updateDominantArchetype.perf.test.js
  ● Test suite failed to run

    Jest encountered an unexpected token

    Jest failed to parse a file. This happens e.g. when your code or its dependencies use non-standard JavaScript syntax, or when Jest is not configured to support such syntax.

    Out of the box Jest supports Babel, which will be used to transform your files into valid JS based on your Babel configuration.

    By default "node_modules" folder is ignored by transformers.

    Here's what you can do:
     • If you are trying to use ECMAScript Modules, see https://jestjs.io/docs/ecmascript-modules for how to enable it.
     • If you are trying to use TypeScript, see https://jestjs.io/docs/getting-started#using-typescript
     • To have some of your "node_modules" files transformed, you can specify a custom "transformIgnorePatterns" in your config.
     • If you need a custom transformation, specify a "transform" option in your config.
     • If you simply want to mock your non-JS modules (e.g. binary assets) you can stub them out with the "moduleNameMapper" config option.

    You'll find more details and examples of these config options in the docs:
    https://jestjs.io/docs/configuration
    For information about custom transformations, see:
    https://jestjs.io/docs/code-transformation

    Details:

    SyntaxError: /workspaces/Nadagotchi/js/Nadagotchi.js: Unexpected token (32:0)

      30 |      */
      31 |     constructor(initialArchetype, loadedData = null) {
    > 32 | <<<<<<< HEAD
         | ^
      33 |         /** @type {boolean} Indicates if the asynchronous initialization is complete. */
      34 |         this.isInitialized = false;
      35 |

      1 |
      2 | import { jest } from '@jest/globals';
    > 3 | import { Nadagotchi } from '../../js/Nadagotchi';
        | ^
      4 | import { setupPhaserMock } from '../helpers/mockPhaser';
      5 | import { setupLocalStorageMock } from '../helpers/mockLocalStorage';
      6 |

      at constructor (node_modules/@babel/parser/src/parse-error.ts:95:45)
      at Parser.toParseError [as raise] (node_modules/@babel/parser/src/tokenizer/index.ts:1507:19)
      at Parser.raise [as unexpected] (node_modules/@babel/parser/src/tokenizer/index.ts:1547:16)
      at Parser.unexpected [as parseExprAtom] (node_modules/@babel/parser/src/parser/expression.ts:1355:22)
      at Parser.parseExprAtom [as parseExprSubscripts] (node_modules/@babel/parser/src/parser/expression.ts:742:23)
      at Parser.parseExprSubscripts [as parseUpdate] (node_modules/@babel/parser/src/parser/expression.ts:721:21)
      at Parser.parseUpdate [as parseMaybeUnary] (node_modules/@babel/parser/src/parser/expression.ts:683:23)
      at Parser.parseMaybeUnary [as parseMaybeUnaryOrPrivate] (node_modules/@babel/parser/src/parser/expression.ts:417:14)
      at Parser.parseMaybeUnaryOrPrivate [as parseExprOps] (node_modules/@babel/parser/src/parser/expression.ts:429:23)
      at Parser.parseExprOps [as parseMaybeConditional] (node_modules/@babel/parser/src/parser/expression.ts:384:23)
      at Parser.parseMaybeConditional [as parseMaybeAssign] (node_modules/@babel/parser/src/parser/expression.ts:301:21)
      at Parser.parseMaybeAssign [as parseExpressionBase] (node_modules/@babel/parser/src/parser/expression.ts:226:23)
      at parseExpressionBase (node_modules/@babel/parser/src/parser/expression.ts:217:39)
      at Parser.callback [as allowInAnd] (node_modules/@babel/parser/src/parser/expression.ts:3197:16)
      at Parser.allowInAnd [as parseExpression] (node_modules/@babel/parser/src/parser/expression.ts:217:17)
      at Parser.parseExpression [as parseStatementContent] (node_modules/@babel/parser/src/parser/statement.ts:688:23)
      at Parser.parseStatementContent [as parseStatementLike] (node_modules/@babel/parser/src/parser/statement.ts:482:17)
      at Parser.parseStatementLike [as parseStatementListItem] (node_modules/@babel/parser/src/parser/statement.ts:431:17)
      at Parser.parseStatementListItem [as parseBlockOrModuleBlockBody] (node_modules/@babel/parser/src/parser/statement.ts:1444:16)
      at Parser.parseBlockOrModuleBlockBody [as parseBlockBody] (node_modules/@babel/parser/src/parser/statement.ts:1417:10)
      at Parser.parseBlockBody [as parseBlock] (node_modules/@babel/parser/src/parser/statement.ts:1385:10)
      at Parser.parseBlock [as parseFunctionBody] (node_modules/@babel/parser/src/parser/expression.ts:2626:24)
      at Parser.parseFunctionBody [as parseFunctionBodyAndFinish] (node_modules/@babel/parser/src/parser/expression.ts:2595:10)
      at Parser.parseFunctionBodyAndFinish [as parseMethod] (node_modules/@babel/parser/src/parser/expression.ts:2492:31)
      at Parser.parseMethod [as pushClassMethod] (node_modules/@babel/parser/src/parser/statement.ts:2244:12)
      at Parser.pushClassMethod [as parseClassMemberWithIsStatic] (node_modules/@babel/parser/src/parser/statement.ts:2023:12)
      at Parser.parseClassMemberWithIsStatic [as parseClassMember] (node_modules/@babel/parser/src/parser/statement.ts:1938:10)
      at parseClassMember (node_modules/@babel/parser/src/parser/statement.ts:1851:14)
      at Parser.callback [as withSmartMixTopicForbiddingContext] (node_modules/@babel/parser/src/parser/expression.ts:3176:14)
      at Parser.withSmartMixTopicForbiddingContext [as parseClassBody] (node_modules/@babel/parser/src/parser/statement.ts:1823:10)
      at Parser.parseClassBody [as parseClass] (node_modules/@babel/parser/src/parser/statement.ts:1774:22)
      at Parser.parseClass [as parseExportDeclaration] (node_modules/@babel/parser/src/parser/statement.ts:2628:25)
      at Parser.parseExportDeclaration [as maybeParseExportDeclaration] (node_modules/@babel/parser/src/parser/statement.ts:2551:31)
      at Parser.maybeParseExportDeclaration [as parseExport] (node_modules/@babel/parser/src/parser/statement.ts:2432:29)
      at Parser.parseExport [as parseStatementContent] (node_modules/@babel/parser/src/parser/statement.ts:649:25)
      at Parser.parseStatementContent [as parseStatementLike] (node_modules/@babel/parser/src/parser/statement.ts:482:17)
      at Parser.parseStatementLike [as parseModuleItem] (node_modules/@babel/parser/src/parser/statement.ts:419:17)
      at Parser.parseModuleItem [as parseBlockOrModuleBlockBody] (node_modules/@babel/parser/src/parser/statement.ts:1443:16)
      at Parser.parseBlockOrModuleBlockBody [as parseBlockBody] (node_modules/@babel/parser/src/parser/statement.ts:1417:10)
      at Parser.parseBlockBody [as parseProgram] (node_modules/@babel/parser/src/parser/statement.ts:229:10)
      at Parser.parseProgram [as parseTopLevel] (node_modules/@babel/parser/src/parser/statement.ts:203:25)
      at Parser.parseTopLevel [as parse] (node_modules/@babel/parser/src/parser/index.ts:88:25)
      at parse (node_modules/@babel/parser/src/index.ts:86:38)
      at parser (node_modules/@babel/core/src/parser/index.ts:29:19)
          at parser.next (<anonymous>)
      at normalizeFile (node_modules/@babel/core/src/transformation/normalize-file.ts:50:24)
          at normalizeFile.next (<anonymous>)
      at run (node_modules/@babel/core/src/transformation/index.ts:41:36)
          at run.next (<anonymous>)
      at transform (node_modules/@babel/core/src/transform.ts:29:20)
          at transform.next (<anonymous>)
      at evaluateSync (node_modules/gensync/index.js:251:28)
      at sync (node_modules/gensync/index.js:89:14)
      at fn (node_modules/@babel/core/src/errors/rewrite-stack-trace.ts:99:14)
      at transformSync (node_modules/@babel/core/src/transform.ts:66:52)
      at ScriptTransformer.transformSource (node_modules/@jest/transform/build/index.js:422:31)
      at ScriptTransformer._transformAndBuildScript (node_modules/@jest/transform/build/index.js:519:40)
      at ScriptTransformer.transform (node_modules/@jest/transform/build/index.js:558:19)
      at Object.require (tests/performance/updateDominantArchetype.perf.test.js:3:1)

FAIL tests/InventorySystem_placeItem.test.js
  ● Test suite failed to run

    Jest encountered an unexpected token

    Jest failed to parse a file. This happens e.g. when your code or its dependencies use non-standard JavaScript syntax, or when Jest is not configured to support such syntax.

    Out of the box Jest supports Babel, which will be used to transform your files into valid JS based on your Babel configuration.

    By default "node_modules" folder is ignored by transformers.

    Here's what you can do:
     • If you are trying to use ECMAScript Modules, see https://jestjs.io/docs/ecmascript-modules for how to enable it.
     • If you are trying to use TypeScript, see https://jestjs.io/docs/getting-started#using-typescript
     • To have some of your "node_modules" files transformed, you can specify a custom "transformIgnorePatterns" in your config.
     • If you need a custom transformation, specify a "transform" option in your config.
     • If you simply want to mock your non-JS modules (e.g. binary assets) you can stub them out with the "moduleNameMapper" config option.

    You'll find more details and examples of these config options in the docs:
    https://jestjs.io/docs/configuration
    For information about custom transformations, see:
    https://jestjs.io/docs/code-transformation

    Details:

    SyntaxError: /workspaces/Nadagotchi/js/Nadagotchi.js: Unexpected token (32:0)

      30 |      */
      31 |     constructor(initialArchetype, loadedData = null) {
    > 32 | <<<<<<< HEAD
         | ^
      33 |         /** @type {boolean} Indicates if the asynchronous initialization is complete. */
      34 |         this.isInitialized = false;
      35 |

    > 1 | import { Nadagotchi } from '../js/Nadagotchi.js';
        | ^
      2 |
      3 | // Mock dependencies to prevent side effects during Nadagotchi initialization
      4 | jest.mock('../js/ItemData.js', () => ({

      at constructor (node_modules/@babel/parser/src/parse-error.ts:95:45)
      at Parser.toParseError [as raise] (node_modules/@babel/parser/src/tokenizer/index.ts:1507:19)
      at Parser.raise [as unexpected] (node_modules/@babel/parser/src/tokenizer/index.ts:1547:16)
      at Parser.unexpected [as parseExprAtom] (node_modules/@babel/parser/src/parser/expression.ts:1355:22)
      at Parser.parseExprAtom [as parseExprSubscripts] (node_modules/@babel/parser/src/parser/expression.ts:742:23)
      at Parser.parseExprSubscripts [as parseUpdate] (node_modules/@babel/parser/src/parser/expression.ts:721:21)
      at Parser.parseUpdate [as parseMaybeUnary] (node_modules/@babel/parser/src/parser/expression.ts:683:23)
      at Parser.parseMaybeUnary [as parseMaybeUnaryOrPrivate] (node_modules/@babel/parser/src/parser/expression.ts:417:14)
      at Parser.parseMaybeUnaryOrPrivate [as parseExprOps] (node_modules/@babel/parser/src/parser/expression.ts:429:23)
      at Parser.parseExprOps [as parseMaybeConditional] (node_modules/@babel/parser/src/parser/expression.ts:384:23)
      at Parser.parseMaybeConditional [as parseMaybeAssign] (node_modules/@babel/parser/src/parser/expression.ts:301:21)
      at Parser.parseMaybeAssign [as parseExpressionBase] (node_modules/@babel/parser/src/parser/expression.ts:226:23)
      at parseExpressionBase (node_modules/@babel/parser/src/parser/expression.ts:217:39)
      at Parser.callback [as allowInAnd] (node_modules/@babel/parser/src/parser/expression.ts:3197:16)
      at Parser.allowInAnd [as parseExpression] (node_modules/@babel/parser/src/parser/expression.ts:217:17)
      at Parser.parseExpression [as parseStatementContent] (node_modules/@babel/parser/src/parser/statement.ts:688:23)
      at Parser.parseStatementContent [as parseStatementLike] (node_modules/@babel/parser/src/parser/statement.ts:482:17)
      at Parser.parseStatementLike [as parseStatementListItem] (node_modules/@babel/parser/src/parser/statement.ts:431:17)
      at Parser.parseStatementListItem [as parseBlockOrModuleBlockBody] (node_modules/@babel/parser/src/parser/statement.ts:1444:16)
      at Parser.parseBlockOrModuleBlockBody [as parseBlockBody] (node_modules/@babel/parser/src/parser/statement.ts:1417:10)
      at Parser.parseBlockBody [as parseBlock] (node_modules/@babel/parser/src/parser/statement.ts:1385:10)
      at Parser.parseBlock [as parseFunctionBody] (node_modules/@babel/parser/src/parser/expression.ts:2626:24)
      at Parser.parseFunctionBody [as parseFunctionBodyAndFinish] (node_modules/@babel/parser/src/parser/expression.ts:2595:10)
      at Parser.parseFunctionBodyAndFinish [as parseMethod] (node_modules/@babel/parser/src/parser/expression.ts:2492:31)
      at Parser.parseMethod [as pushClassMethod] (node_modules/@babel/parser/src/parser/statement.ts:2244:12)
      at Parser.pushClassMethod [as parseClassMemberWithIsStatic] (node_modules/@babel/parser/src/parser/statement.ts:2023:12)
      at Parser.parseClassMemberWithIsStatic [as parseClassMember] (node_modules/@babel/parser/src/parser/statement.ts:1938:10)
      at parseClassMember (node_modules/@babel/parser/src/parser/statement.ts:1851:14)
      at Parser.callback [as withSmartMixTopicForbiddingContext] (node_modules/@babel/parser/src/parser/expression.ts:3176:14)
      at Parser.withSmartMixTopicForbiddingContext [as parseClassBody] (node_modules/@babel/parser/src/parser/statement.ts:1823:10)
      at Parser.parseClassBody [as parseClass] (node_modules/@babel/parser/src/parser/statement.ts:1774:22)
      at Parser.parseClass [as parseExportDeclaration] (node_modules/@babel/parser/src/parser/statement.ts:2628:25)
      at Parser.parseExportDeclaration [as maybeParseExportDeclaration] (node_modules/@babel/parser/src/parser/statement.ts:2551:31)
      at Parser.maybeParseExportDeclaration [as parseExport] (node_modules/@babel/parser/src/parser/statement.ts:2432:29)
      at Parser.parseExport [as parseStatementContent] (node_modules/@babel/parser/src/parser/statement.ts:649:25)
      at Parser.parseStatementContent [as parseStatementLike] (node_modules/@babel/parser/src/parser/statement.ts:482:17)
      at Parser.parseStatementLike [as parseModuleItem] (node_modules/@babel/parser/src/parser/statement.ts:419:17)
      at Parser.parseModuleItem [as parseBlockOrModuleBlockBody] (node_modules/@babel/parser/src/parser/statement.ts:1443:16)
      at Parser.parseBlockOrModuleBlockBody [as parseBlockBody] (node_modules/@babel/parser/src/parser/statement.ts:1417:10)
      at Parser.parseBlockBody [as parseProgram] (node_modules/@babel/parser/src/parser/statement.ts:229:10)
      at Parser.parseProgram [as parseTopLevel] (node_modules/@babel/parser/src/parser/statement.ts:203:25)
      at Parser.parseTopLevel [as parse] (node_modules/@babel/parser/src/parser/index.ts:88:25)
      at parse (node_modules/@babel/parser/src/index.ts:86:38)
      at parser (node_modules/@babel/core/src/parser/index.ts:29:19)
          at parser.next (<anonymous>)
      at normalizeFile (node_modules/@babel/core/src/transformation/normalize-file.ts:50:24)
          at normalizeFile.next (<anonymous>)
      at run (node_modules/@babel/core/src/transformation/index.ts:41:36)
          at run.next (<anonymous>)
      at transform (node_modules/@babel/core/src/transform.ts:29:20)
          at transform.next (<anonymous>)
      at evaluateSync (node_modules/gensync/index.js:251:28)
      at sync (node_modules/gensync/index.js:89:14)
      at fn (node_modules/@babel/core/src/errors/rewrite-stack-trace.ts:99:14)
      at transformSync (node_modules/@babel/core/src/transform.ts:66:52)
      at ScriptTransformer.transformSource (node_modules/@jest/transform/build/index.js:422:31)
      at ScriptTransformer._transformAndBuildScript (node_modules/@jest/transform/build/index.js:519:40)
      at ScriptTransformer.transform (node_modules/@jest/transform/build/index.js:558:19)
      at Object.require (tests/InventorySystem_placeItem.test.js:1:1)

PASS tests/GhostScene.test.js
FAIL tests/InventoryCheck.test.js
  ● Test suite failed to run

    Jest encountered an unexpected token

    Jest failed to parse a file. This happens e.g. when your code or its dependencies use non-standard JavaScript syntax, or when Jest is not configured to support such syntax.

    Out of the box Jest supports Babel, which will be used to transform your files into valid JS based on your Babel configuration.

    By default "node_modules" folder is ignored by transformers.

    Here's what you can do:
     • If you are trying to use ECMAScript Modules, see https://jestjs.io/docs/ecmascript-modules for how to enable it.
     • If you are trying to use TypeScript, see https://jestjs.io/docs/getting-started#using-typescript
     • To have some of your "node_modules" files transformed, you can specify a custom "transformIgnorePatterns" in your config.
     • If you need a custom transformation, specify a "transform" option in your config.
     • If you simply want to mock your non-JS modules (e.g. binary assets) you can stub them out with the "moduleNameMapper" config option.

    You'll find more details and examples of these config options in the docs:
    https://jestjs.io/docs/configuration
    For information about custom transformations, see:
    https://jestjs.io/docs/code-transformation

    Details:

    SyntaxError: /workspaces/Nadagotchi/js/Nadagotchi.js: Unexpected token (32:0)

      30 |      */
      31 |     constructor(initialArchetype, loadedData = null) {
    > 32 | <<<<<<< HEAD
         | ^
      33 |         /** @type {boolean} Indicates if the asynchronous initialization is complete. */
      34 |         this.isInitialized = false;
      35 |

      1 |
    > 2 | const { Nadagotchi } = require('../js/Nadagotchi.js');
        |                        ^
      3 | const { Config } = require('../js/Config.js');
      4 |
      5 | // Mock Phaser if needed (Nadagotchi mostly doesn't need it, but sometimes does)

      at constructor (node_modules/@babel/parser/src/parse-error.ts:95:45)
      at Parser.toParseError [as raise] (node_modules/@babel/parser/src/tokenizer/index.ts:1507:19)
      at Parser.raise [as unexpected] (node_modules/@babel/parser/src/tokenizer/index.ts:1547:16)
      at Parser.unexpected [as parseExprAtom] (node_modules/@babel/parser/src/parser/expression.ts:1355:22)
      at Parser.parseExprAtom [as parseExprSubscripts] (node_modules/@babel/parser/src/parser/expression.ts:742:23)
      at Parser.parseExprSubscripts [as parseUpdate] (node_modules/@babel/parser/src/parser/expression.ts:721:21)
      at Parser.parseUpdate [as parseMaybeUnary] (node_modules/@babel/parser/src/parser/expression.ts:683:23)
      at Parser.parseMaybeUnary [as parseMaybeUnaryOrPrivate] (node_modules/@babel/parser/src/parser/expression.ts:417:14)
      at Parser.parseMaybeUnaryOrPrivate [as parseExprOps] (node_modules/@babel/parser/src/parser/expression.ts:429:23)
      at Parser.parseExprOps [as parseMaybeConditional] (node_modules/@babel/parser/src/parser/expression.ts:384:23)
      at Parser.parseMaybeConditional [as parseMaybeAssign] (node_modules/@babel/parser/src/parser/expression.ts:301:21)
      at Parser.parseMaybeAssign [as parseExpressionBase] (node_modules/@babel/parser/src/parser/expression.ts:226:23)
      at parseExpressionBase (node_modules/@babel/parser/src/parser/expression.ts:217:39)
      at Parser.callback [as allowInAnd] (node_modules/@babel/parser/src/parser/expression.ts:3197:16)
      at Parser.allowInAnd [as parseExpression] (node_modules/@babel/parser/src/parser/expression.ts:217:17)
      at Parser.parseExpression [as parseStatementContent] (node_modules/@babel/parser/src/parser/statement.ts:688:23)
      at Parser.parseStatementContent [as parseStatementLike] (node_modules/@babel/parser/src/parser/statement.ts:482:17)
      at Parser.parseStatementLike [as parseStatementListItem] (node_modules/@babel/parser/src/parser/statement.ts:431:17)
      at Parser.parseStatementListItem [as parseBlockOrModuleBlockBody] (node_modules/@babel/parser/src/parser/statement.ts:1444:16)
      at Parser.parseBlockOrModuleBlockBody [as parseBlockBody] (node_modules/@babel/parser/src/parser/statement.ts:1417:10)
      at Parser.parseBlockBody [as parseBlock] (node_modules/@babel/parser/src/parser/statement.ts:1385:10)
      at Parser.parseBlock [as parseFunctionBody] (node_modules/@babel/parser/src/parser/expression.ts:2626:24)
      at Parser.parseFunctionBody [as parseFunctionBodyAndFinish] (node_modules/@babel/parser/src/parser/expression.ts:2595:10)
      at Parser.parseFunctionBodyAndFinish [as parseMethod] (node_modules/@babel/parser/src/parser/expression.ts:2492:31)
      at Parser.parseMethod [as pushClassMethod] (node_modules/@babel/parser/src/parser/statement.ts:2244:12)
      at Parser.pushClassMethod [as parseClassMemberWithIsStatic] (node_modules/@babel/parser/src/parser/statement.ts:2023:12)
      at Parser.parseClassMemberWithIsStatic [as parseClassMember] (node_modules/@babel/parser/src/parser/statement.ts:1938:10)
      at parseClassMember (node_modules/@babel/parser/src/parser/statement.ts:1851:14)
      at Parser.callback [as withSmartMixTopicForbiddingContext] (node_modules/@babel/parser/src/parser/expression.ts:3176:14)
      at Parser.withSmartMixTopicForbiddingContext [as parseClassBody] (node_modules/@babel/parser/src/parser/statement.ts:1823:10)
      at Parser.parseClassBody [as parseClass] (node_modules/@babel/parser/src/parser/statement.ts:1774:22)
      at Parser.parseClass [as parseExportDeclaration] (node_modules/@babel/parser/src/parser/statement.ts:2628:25)
      at Parser.parseExportDeclaration [as maybeParseExportDeclaration] (node_modules/@babel/parser/src/parser/statement.ts:2551:31)
      at Parser.maybeParseExportDeclaration [as parseExport] (node_modules/@babel/parser/src/parser/statement.ts:2432:29)
      at Parser.parseExport [as parseStatementContent] (node_modules/@babel/parser/src/parser/statement.ts:649:25)
      at Parser.parseStatementContent [as parseStatementLike] (node_modules/@babel/parser/src/parser/statement.ts:482:17)
      at Parser.parseStatementLike [as parseModuleItem] (node_modules/@babel/parser/src/parser/statement.ts:419:17)
      at Parser.parseModuleItem [as parseBlockOrModuleBlockBody] (node_modules/@babel/parser/src/parser/statement.ts:1443:16)
      at Parser.parseBlockOrModuleBlockBody [as parseBlockBody] (node_modules/@babel/parser/src/parser/statement.ts:1417:10)
      at Parser.parseBlockBody [as parseProgram] (node_modules/@babel/parser/src/parser/statement.ts:229:10)
      at Parser.parseProgram [as parseTopLevel] (node_modules/@babel/parser/src/parser/statement.ts:203:25)
      at Parser.parseTopLevel [as parse] (node_modules/@babel/parser/src/parser/index.ts:88:25)
      at parse (node_modules/@babel/parser/src/index.ts:86:38)
      at parser (node_modules/@babel/core/src/parser/index.ts:29:19)
          at parser.next (<anonymous>)
      at normalizeFile (node_modules/@babel/core/src/transformation/normalize-file.ts:50:24)
          at normalizeFile.next (<anonymous>)
      at run (node_modules/@babel/core/src/transformation/index.ts:41:36)
          at run.next (<anonymous>)
      at transform (node_modules/@babel/core/src/transform.ts:29:20)
          at transform.next (<anonymous>)
      at evaluateSync (node_modules/gensync/index.js:251:28)
      at sync (node_modules/gensync/index.js:89:14)
      at fn (node_modules/@babel/core/src/errors/rewrite-stack-trace.ts:99:14)
      at transformSync (node_modules/@babel/core/src/transform.ts:66:52)
      at ScriptTransformer.transformSource (node_modules/@jest/transform/build/index.js:422:31)
      at ScriptTransformer._transformAndBuildScript (node_modules/@jest/transform/build/index.js:519:40)
      at ScriptTransformer.transform (node_modules/@jest/transform/build/index.js:558:19)
      at Object.require (tests/InventoryCheck.test.js:2:24)

FAIL tests/Career.test.js
  ● Test suite failed to run

    Jest encountered an unexpected token

    Jest failed to parse a file. This happens e.g. when your code or its dependencies use non-standard JavaScript syntax, or when Jest is not configured to support such syntax.

    Out of the box Jest supports Babel, which will be used to transform your files into valid JS based on your Babel configuration.

    By default "node_modules" folder is ignored by transformers.

    Here's what you can do:
     • If you are trying to use ECMAScript Modules, see https://jestjs.io/docs/ecmascript-modules for how to enable it.
     • If you are trying to use TypeScript, see https://jestjs.io/docs/getting-started#using-typescript
     • To have some of your "node_modules" files transformed, you can specify a custom "transformIgnorePatterns" in your config.
     • If you need a custom transformation, specify a "transform" option in your config.
     • If you simply want to mock your non-JS modules (e.g. binary assets) you can stub them out with the "moduleNameMapper" config option.

    You'll find more details and examples of these config options in the docs:
    https://jestjs.io/docs/configuration
    For information about custom transformations, see:
    https://jestjs.io/docs/code-transformation

    Details:

    SyntaxError: /workspaces/Nadagotchi/js/Nadagotchi.js: Unexpected token (32:0)

      30 |      */
      31 |     constructor(initialArchetype, loadedData = null) {
    > 32 | <<<<<<< HEAD
         | ^
      33 |         /** @type {boolean} Indicates if the asynchronous initialization is complete. */
      34 |         this.isInitialized = false;
      35 |

    > 1 | import { Nadagotchi } from '../js/Nadagotchi';
        | ^
      2 | import { Config } from '../js/Config';
      3 |
      4 | // Mock localStorage

      at constructor (node_modules/@babel/parser/src/parse-error.ts:95:45)
      at Parser.toParseError [as raise] (node_modules/@babel/parser/src/tokenizer/index.ts:1507:19)
      at Parser.raise [as unexpected] (node_modules/@babel/parser/src/tokenizer/index.ts:1547:16)
      at Parser.unexpected [as parseExprAtom] (node_modules/@babel/parser/src/parser/expression.ts:1355:22)
      at Parser.parseExprAtom [as parseExprSubscripts] (node_modules/@babel/parser/src/parser/expression.ts:742:23)
      at Parser.parseExprSubscripts [as parseUpdate] (node_modules/@babel/parser/src/parser/expression.ts:721:21)
      at Parser.parseUpdate [as parseMaybeUnary] (node_modules/@babel/parser/src/parser/expression.ts:683:23)
      at Parser.parseMaybeUnary [as parseMaybeUnaryOrPrivate] (node_modules/@babel/parser/src/parser/expression.ts:417:14)
      at Parser.parseMaybeUnaryOrPrivate [as parseExprOps] (node_modules/@babel/parser/src/parser/expression.ts:429:23)
      at Parser.parseExprOps [as parseMaybeConditional] (node_modules/@babel/parser/src/parser/expression.ts:384:23)
      at Parser.parseMaybeConditional [as parseMaybeAssign] (node_modules/@babel/parser/src/parser/expression.ts:301:21)
      at Parser.parseMaybeAssign [as parseExpressionBase] (node_modules/@babel/parser/src/parser/expression.ts:226:23)
      at parseExpressionBase (node_modules/@babel/parser/src/parser/expression.ts:217:39)
      at Parser.callback [as allowInAnd] (node_modules/@babel/parser/src/parser/expression.ts:3197:16)
      at Parser.allowInAnd [as parseExpression] (node_modules/@babel/parser/src/parser/expression.ts:217:17)
      at Parser.parseExpression [as parseStatementContent] (node_modules/@babel/parser/src/parser/statement.ts:688:23)
      at Parser.parseStatementContent [as parseStatementLike] (node_modules/@babel/parser/src/parser/statement.ts:482:17)
      at Parser.parseStatementLike [as parseStatementListItem] (node_modules/@babel/parser/src/parser/statement.ts:431:17)
      at Parser.parseStatementListItem [as parseBlockOrModuleBlockBody] (node_modules/@babel/parser/src/parser/statement.ts:1444:16)
      at Parser.parseBlockOrModuleBlockBody [as parseBlockBody] (node_modules/@babel/parser/src/parser/statement.ts:1417:10)
      at Parser.parseBlockBody [as parseBlock] (node_modules/@babel/parser/src/parser/statement.ts:1385:10)
      at Parser.parseBlock [as parseFunctionBody] (node_modules/@babel/parser/src/parser/expression.ts:2626:24)
      at Parser.parseFunctionBody [as parseFunctionBodyAndFinish] (node_modules/@babel/parser/src/parser/expression.ts:2595:10)
      at Parser.parseFunctionBodyAndFinish [as parseMethod] (node_modules/@babel/parser/src/parser/expression.ts:2492:31)
      at Parser.parseMethod [as pushClassMethod] (node_modules/@babel/parser/src/parser/statement.ts:2244:12)
      at Parser.pushClassMethod [as parseClassMemberWithIsStatic] (node_modules/@babel/parser/src/parser/statement.ts:2023:12)
      at Parser.parseClassMemberWithIsStatic [as parseClassMember] (node_modules/@babel/parser/src/parser/statement.ts:1938:10)
      at parseClassMember (node_modules/@babel/parser/src/parser/statement.ts:1851:14)
      at Parser.callback [as withSmartMixTopicForbiddingContext] (node_modules/@babel/parser/src/parser/expression.ts:3176:14)
      at Parser.withSmartMixTopicForbiddingContext [as parseClassBody] (node_modules/@babel/parser/src/parser/statement.ts:1823:10)
      at Parser.parseClassBody [as parseClass] (node_modules/@babel/parser/src/parser/statement.ts:1774:22)
      at Parser.parseClass [as parseExportDeclaration] (node_modules/@babel/parser/src/parser/statement.ts:2628:25)
      at Parser.parseExportDeclaration [as maybeParseExportDeclaration] (node_modules/@babel/parser/src/parser/statement.ts:2551:31)
      at Parser.maybeParseExportDeclaration [as parseExport] (node_modules/@babel/parser/src/parser/statement.ts:2432:29)
      at Parser.parseExport [as parseStatementContent] (node_modules/@babel/parser/src/parser/statement.ts:649:25)
      at Parser.parseStatementContent [as parseStatementLike] (node_modules/@babel/parser/src/parser/statement.ts:482:17)
      at Parser.parseStatementLike [as parseModuleItem] (node_modules/@babel/parser/src/parser/statement.ts:419:17)
      at Parser.parseModuleItem [as parseBlockOrModuleBlockBody] (node_modules/@babel/parser/src/parser/statement.ts:1443:16)
      at Parser.parseBlockOrModuleBlockBody [as parseBlockBody] (node_modules/@babel/parser/src/parser/statement.ts:1417:10)
      at Parser.parseBlockBody [as parseProgram] (node_modules/@babel/parser/src/parser/statement.ts:229:10)
      at Parser.parseProgram [as parseTopLevel] (node_modules/@babel/parser/src/parser/statement.ts:203:25)
      at Parser.parseTopLevel [as parse] (node_modules/@babel/parser/src/parser/index.ts:88:25)
      at parse (node_modules/@babel/parser/src/index.ts:86:38)
      at parser (node_modules/@babel/core/src/parser/index.ts:29:19)
          at parser.next (<anonymous>)
      at normalizeFile (node_modules/@babel/core/src/transformation/normalize-file.ts:50:24)
          at normalizeFile.next (<anonymous>)
      at run (node_modules/@babel/core/src/transformation/index.ts:41:36)
          at run.next (<anonymous>)
      at transform (node_modules/@babel/core/src/transform.ts:29:20)
          at transform.next (<anonymous>)
      at evaluateSync (node_modules/gensync/index.js:251:28)
      at sync (node_modules/gensync/index.js:89:14)
      at fn (node_modules/@babel/core/src/errors/rewrite-stack-trace.ts:99:14)
      at transformSync (node_modules/@babel/core/src/transform.ts:66:52)
      at ScriptTransformer.transformSource (node_modules/@jest/transform/build/index.js:422:31)
      at ScriptTransformer._transformAndBuildScript (node_modules/@jest/transform/build/index.js:519:40)
      at ScriptTransformer.transform (node_modules/@jest/transform/build/index.js:558:19)
      at Object.require (tests/Career.test.js:1:1)

FAIL tests/debrisFunctional.test.js
  ● Test suite failed to run

    Jest encountered an unexpected token

    Jest failed to parse a file. This happens e.g. when your code or its dependencies use non-standard JavaScript syntax, or when Jest is not configured to support such syntax.

    Out of the box Jest supports Babel, which will be used to transform your files into valid JS based on your Babel configuration.

    By default "node_modules" folder is ignored by transformers.

    Here's what you can do:
     • If you are trying to use ECMAScript Modules, see https://jestjs.io/docs/ecmascript-modules for how to enable it.
     • If you are trying to use TypeScript, see https://jestjs.io/docs/getting-started#using-typescript
     • To have some of your "node_modules" files transformed, you can specify a custom "transformIgnorePatterns" in your config.
     • If you need a custom transformation, specify a "transform" option in your config.
     • If you simply want to mock your non-JS modules (e.g. binary assets) you can stub them out with the "moduleNameMapper" config option.

    You'll find more details and examples of these config options in the docs:
    https://jestjs.io/docs/configuration
    For information about custom transformations, see:
    https://jestjs.io/docs/code-transformation

    Details:

    SyntaxError: /workspaces/Nadagotchi/js/Nadagotchi.js: Unexpected token (32:0)

      30 |      */
      31 |     constructor(initialArchetype, loadedData = null) {
    > 32 | <<<<<<< HEAD
         | ^
      33 |         /** @type {boolean} Indicates if the asynchronous initialization is complete. */
      34 |         this.isInitialized = false;
      35 |

      1 | import { jest } from '@jest/globals';
    > 2 | import { Nadagotchi } from '../js/Nadagotchi';
        | ^
      3 | import { setupPhaserMock } from './helpers/mockPhaser';
      4 | import { setupLocalStorageMock } from './helpers/mockLocalStorage';
      5 | import { Config } from '../js/Config';

      at constructor (node_modules/@babel/parser/src/parse-error.ts:95:45)
      at Parser.toParseError [as raise] (node_modules/@babel/parser/src/tokenizer/index.ts:1507:19)
      at Parser.raise [as unexpected] (node_modules/@babel/parser/src/tokenizer/index.ts:1547:16)
      at Parser.unexpected [as parseExprAtom] (node_modules/@babel/parser/src/parser/expression.ts:1355:22)
      at Parser.parseExprAtom [as parseExprSubscripts] (node_modules/@babel/parser/src/parser/expression.ts:742:23)
      at Parser.parseExprSubscripts [as parseUpdate] (node_modules/@babel/parser/src/parser/expression.ts:721:21)
      at Parser.parseUpdate [as parseMaybeUnary] (node_modules/@babel/parser/src/parser/expression.ts:683:23)
      at Parser.parseMaybeUnary [as parseMaybeUnaryOrPrivate] (node_modules/@babel/parser/src/parser/expression.ts:417:14)
      at Parser.parseMaybeUnaryOrPrivate [as parseExprOps] (node_modules/@babel/parser/src/parser/expression.ts:429:23)
      at Parser.parseExprOps [as parseMaybeConditional] (node_modules/@babel/parser/src/parser/expression.ts:384:23)
      at Parser.parseMaybeConditional [as parseMaybeAssign] (node_modules/@babel/parser/src/parser/expression.ts:301:21)
      at Parser.parseMaybeAssign [as parseExpressionBase] (node_modules/@babel/parser/src/parser/expression.ts:226:23)
      at parseExpressionBase (node_modules/@babel/parser/src/parser/expression.ts:217:39)
      at Parser.callback [as allowInAnd] (node_modules/@babel/parser/src/parser/expression.ts:3197:16)
      at Parser.allowInAnd [as parseExpression] (node_modules/@babel/parser/src/parser/expression.ts:217:17)
      at Parser.parseExpression [as parseStatementContent] (node_modules/@babel/parser/src/parser/statement.ts:688:23)
      at Parser.parseStatementContent [as parseStatementLike] (node_modules/@babel/parser/src/parser/statement.ts:482:17)
      at Parser.parseStatementLike [as parseStatementListItem] (node_modules/@babel/parser/src/parser/statement.ts:431:17)
      at Parser.parseStatementListItem [as parseBlockOrModuleBlockBody] (node_modules/@babel/parser/src/parser/statement.ts:1444:16)
      at Parser.parseBlockOrModuleBlockBody [as parseBlockBody] (node_modules/@babel/parser/src/parser/statement.ts:1417:10)
      at Parser.parseBlockBody [as parseBlock] (node_modules/@babel/parser/src/parser/statement.ts:1385:10)
      at Parser.parseBlock [as parseFunctionBody] (node_modules/@babel/parser/src/parser/expression.ts:2626:24)
      at Parser.parseFunctionBody [as parseFunctionBodyAndFinish] (node_modules/@babel/parser/src/parser/expression.ts:2595:10)
      at Parser.parseFunctionBodyAndFinish [as parseMethod] (node_modules/@babel/parser/src/parser/expression.ts:2492:31)
      at Parser.parseMethod [as pushClassMethod] (node_modules/@babel/parser/src/parser/statement.ts:2244:12)
      at Parser.pushClassMethod [as parseClassMemberWithIsStatic] (node_modules/@babel/parser/src/parser/statement.ts:2023:12)
      at Parser.parseClassMemberWithIsStatic [as parseClassMember] (node_modules/@babel/parser/src/parser/statement.ts:1938:10)
      at parseClassMember (node_modules/@babel/parser/src/parser/statement.ts:1851:14)
      at Parser.callback [as withSmartMixTopicForbiddingContext] (node_modules/@babel/parser/src/parser/expression.ts:3176:14)
      at Parser.withSmartMixTopicForbiddingContext [as parseClassBody] (node_modules/@babel/parser/src/parser/statement.ts:1823:10)
      at Parser.parseClassBody [as parseClass] (node_modules/@babel/parser/src/parser/statement.ts:1774:22)
      at Parser.parseClass [as parseExportDeclaration] (node_modules/@babel/parser/src/parser/statement.ts:2628:25)
      at Parser.parseExportDeclaration [as maybeParseExportDeclaration] (node_modules/@babel/parser/src/parser/statement.ts:2551:31)
      at Parser.maybeParseExportDeclaration [as parseExport] (node_modules/@babel/parser/src/parser/statement.ts:2432:29)
      at Parser.parseExport [as parseStatementContent] (node_modules/@babel/parser/src/parser/statement.ts:649:25)
      at Parser.parseStatementContent [as parseStatementLike] (node_modules/@babel/parser/src/parser/statement.ts:482:17)
      at Parser.parseStatementLike [as parseModuleItem] (node_modules/@babel/parser/src/parser/statement.ts:419:17)
      at Parser.parseModuleItem [as parseBlockOrModuleBlockBody] (node_modules/@babel/parser/src/parser/statement.ts:1443:16)
      at Parser.parseBlockOrModuleBlockBody [as parseBlockBody] (node_modules/@babel/parser/src/parser/statement.ts:1417:10)
      at Parser.parseBlockBody [as parseProgram] (node_modules/@babel/parser/src/parser/statement.ts:229:10)
      at Parser.parseProgram [as parseTopLevel] (node_modules/@babel/parser/src/parser/statement.ts:203:25)
      at Parser.parseTopLevel [as parse] (node_modules/@babel/parser/src/parser/index.ts:88:25)
      at parse (node_modules/@babel/parser/src/index.ts:86:38)
      at parser (node_modules/@babel/core/src/parser/index.ts:29:19)
          at parser.next (<anonymous>)
      at normalizeFile (node_modules/@babel/core/src/transformation/normalize-file.ts:50:24)
          at normalizeFile.next (<anonymous>)
      at run (node_modules/@babel/core/src/transformation/index.ts:41:36)
          at run.next (<anonymous>)
      at transform (node_modules/@babel/core/src/transform.ts:29:20)
          at transform.next (<anonymous>)
      at evaluateSync (node_modules/gensync/index.js:251:28)
      at sync (node_modules/gensync/index.js:89:14)
      at fn (node_modules/@babel/core/src/errors/rewrite-stack-trace.ts:99:14)
      at transformSync (node_modules/@babel/core/src/transform.ts:66:52)
      at ScriptTransformer.transformSource (node_modules/@jest/transform/build/index.js:422:31)
      at ScriptTransformer._transformAndBuildScript (node_modules/@jest/transform/build/index.js:519:40)
      at ScriptTransformer.transform (node_modules/@jest/transform/build/index.js:558:19)
      at Object.require (tests/debrisFunctional.test.js:2:1)

FAIL tests/performance/debrisPenalty.perf.test.js
  ● Test suite failed to run

    Jest encountered an unexpected token

    Jest failed to parse a file. This happens e.g. when your code or its dependencies use non-standard JavaScript syntax, or when Jest is not configured to support such syntax.

    Out of the box Jest supports Babel, which will be used to transform your files into valid JS based on your Babel configuration.

    By default "node_modules" folder is ignored by transformers.

    Here's what you can do:
     • If you are trying to use ECMAScript Modules, see https://jestjs.io/docs/ecmascript-modules for how to enable it.
     • If you are trying to use TypeScript, see https://jestjs.io/docs/getting-started#using-typescript
     • To have some of your "node_modules" files transformed, you can specify a custom "transformIgnorePatterns" in your config.
     • If you need a custom transformation, specify a "transform" option in your config.
     • If you simply want to mock your non-JS modules (e.g. binary assets) you can stub them out with the "moduleNameMapper" config option.

    You'll find more details and examples of these config options in the docs:
    https://jestjs.io/docs/configuration
    For information about custom transformations, see:
    https://jestjs.io/docs/code-transformation

    Details:

    SyntaxError: /workspaces/Nadagotchi/js/Nadagotchi.js: Unexpected token (32:0)

      30 |      */
      31 |     constructor(initialArchetype, loadedData = null) {
    > 32 | <<<<<<< HEAD
         | ^
      33 |         /** @type {boolean} Indicates if the asynchronous initialization is complete. */
      34 |         this.isInitialized = false;
      35 |

      1 | import { jest } from '@jest/globals';
    > 2 | import { Nadagotchi } from '../../js/Nadagotchi';
        | ^
      3 | import { setupPhaserMock } from '../helpers/mockPhaser';
      4 | import { setupLocalStorageMock } from '../helpers/mockLocalStorage';
      5 | import fs from 'fs';

      at constructor (node_modules/@babel/parser/src/parse-error.ts:95:45)
      at Parser.toParseError [as raise] (node_modules/@babel/parser/src/tokenizer/index.ts:1507:19)
      at Parser.raise [as unexpected] (node_modules/@babel/parser/src/tokenizer/index.ts:1547:16)
      at Parser.unexpected [as parseExprAtom] (node_modules/@babel/parser/src/parser/expression.ts:1355:22)
      at Parser.parseExprAtom [as parseExprSubscripts] (node_modules/@babel/parser/src/parser/expression.ts:742:23)
      at Parser.parseExprSubscripts [as parseUpdate] (node_modules/@babel/parser/src/parser/expression.ts:721:21)
      at Parser.parseUpdate [as parseMaybeUnary] (node_modules/@babel/parser/src/parser/expression.ts:683:23)
      at Parser.parseMaybeUnary [as parseMaybeUnaryOrPrivate] (node_modules/@babel/parser/src/parser/expression.ts:417:14)
      at Parser.parseMaybeUnaryOrPrivate [as parseExprOps] (node_modules/@babel/parser/src/parser/expression.ts:429:23)
      at Parser.parseExprOps [as parseMaybeConditional] (node_modules/@babel/parser/src/parser/expression.ts:384:23)
      at Parser.parseMaybeConditional [as parseMaybeAssign] (node_modules/@babel/parser/src/parser/expression.ts:301:21)
      at Parser.parseMaybeAssign [as parseExpressionBase] (node_modules/@babel/parser/src/parser/expression.ts:226:23)
      at parseExpressionBase (node_modules/@babel/parser/src/parser/expression.ts:217:39)
      at Parser.callback [as allowInAnd] (node_modules/@babel/parser/src/parser/expression.ts:3197:16)
      at Parser.allowInAnd [as parseExpression] (node_modules/@babel/parser/src/parser/expression.ts:217:17)
      at Parser.parseExpression [as parseStatementContent] (node_modules/@babel/parser/src/parser/statement.ts:688:23)
      at Parser.parseStatementContent [as parseStatementLike] (node_modules/@babel/parser/src/parser/statement.ts:482:17)
      at Parser.parseStatementLike [as parseStatementListItem] (node_modules/@babel/parser/src/parser/statement.ts:431:17)
      at Parser.parseStatementListItem [as parseBlockOrModuleBlockBody] (node_modules/@babel/parser/src/parser/statement.ts:1444:16)
      at Parser.parseBlockOrModuleBlockBody [as parseBlockBody] (node_modules/@babel/parser/src/parser/statement.ts:1417:10)
      at Parser.parseBlockBody [as parseBlock] (node_modules/@babel/parser/src/parser/statement.ts:1385:10)
      at Parser.parseBlock [as parseFunctionBody] (node_modules/@babel/parser/src/parser/expression.ts:2626:24)
      at Parser.parseFunctionBody [as parseFunctionBodyAndFinish] (node_modules/@babel/parser/src/parser/expression.ts:2595:10)
      at Parser.parseFunctionBodyAndFinish [as parseMethod] (node_modules/@babel/parser/src/parser/expression.ts:2492:31)
      at Parser.parseMethod [as pushClassMethod] (node_modules/@babel/parser/src/parser/statement.ts:2244:12)
      at Parser.pushClassMethod [as parseClassMemberWithIsStatic] (node_modules/@babel/parser/src/parser/statement.ts:2023:12)
      at Parser.parseClassMemberWithIsStatic [as parseClassMember] (node_modules/@babel/parser/src/parser/statement.ts:1938:10)
      at parseClassMember (node_modules/@babel/parser/src/parser/statement.ts:1851:14)
      at Parser.callback [as withSmartMixTopicForbiddingContext] (node_modules/@babel/parser/src/parser/expression.ts:3176:14)
      at Parser.withSmartMixTopicForbiddingContext [as parseClassBody] (node_modules/@babel/parser/src/parser/statement.ts:1823:10)
      at Parser.parseClassBody [as parseClass] (node_modules/@babel/parser/src/parser/statement.ts:1774:22)
      at Parser.parseClass [as parseExportDeclaration] (node_modules/@babel/parser/src/parser/statement.ts:2628:25)
      at Parser.parseExportDeclaration [as maybeParseExportDeclaration] (node_modules/@babel/parser/src/parser/statement.ts:2551:31)
      at Parser.maybeParseExportDeclaration [as parseExport] (node_modules/@babel/parser/src/parser/statement.ts:2432:29)
      at Parser.parseExport [as parseStatementContent] (node_modules/@babel/parser/src/parser/statement.ts:649:25)
      at Parser.parseStatementContent [as parseStatementLike] (node_modules/@babel/parser/src/parser/statement.ts:482:17)
      at Parser.parseStatementLike [as parseModuleItem] (node_modules/@babel/parser/src/parser/statement.ts:419:17)
      at Parser.parseModuleItem [as parseBlockOrModuleBlockBody] (node_modules/@babel/parser/src/parser/statement.ts:1443:16)
      at Parser.parseBlockOrModuleBlockBody [as parseBlockBody] (node_modules/@babel/parser/src/parser/statement.ts:1417:10)
      at Parser.parseBlockBody [as parseProgram] (node_modules/@babel/parser/src/parser/statement.ts:229:10)
      at Parser.parseProgram [as parseTopLevel] (node_modules/@babel/parser/src/parser/statement.ts:203:25)
      at Parser.parseTopLevel [as parse] (node_modules/@babel/parser/src/parser/index.ts:88:25)
      at parse (node_modules/@babel/parser/src/index.ts:86:38)
      at parser (node_modules/@babel/core/src/parser/index.ts:29:19)
          at parser.next (<anonymous>)
      at normalizeFile (node_modules/@babel/core/src/transformation/normalize-file.ts:50:24)
          at normalizeFile.next (<anonymous>)
      at run (node_modules/@babel/core/src/transformation/index.ts:41:36)
          at run.next (<anonymous>)
      at transform (node_modules/@babel/core/src/transform.ts:29:20)
          at transform.next (<anonymous>)
      at evaluateSync (node_modules/gensync/index.js:251:28)
      at sync (node_modules/gensync/index.js:89:14)
      at fn (node_modules/@babel/core/src/errors/rewrite-stack-trace.ts:99:14)
      at transformSync (node_modules/@babel/core/src/transform.ts:66:52)
      at ScriptTransformer.transformSource (node_modules/@jest/transform/build/index.js:422:31)
      at ScriptTransformer._transformAndBuildScript (node_modules/@jest/transform/build/index.js:519:40)
      at ScriptTransformer.transform (node_modules/@jest/transform/build/index.js:558:19)
      at Object.require (tests/performance/debrisPenalty.perf.test.js:2:1)

FAIL tests/RecipeDefinitions.test.js
  ● Test suite failed to run

    Jest encountered an unexpected token

    Jest failed to parse a file. This happens e.g. when your code or its dependencies use non-standard JavaScript syntax, or when Jest is not configured to support such syntax.

    Out of the box Jest supports Babel, which will be used to transform your files into valid JS based on your Babel configuration.

    By default "node_modules" folder is ignored by transformers.

    Here's what you can do:
     • If you are trying to use ECMAScript Modules, see https://jestjs.io/docs/ecmascript-modules for how to enable it.
     • If you are trying to use TypeScript, see https://jestjs.io/docs/getting-started#using-typescript
     • To have some of your "node_modules" files transformed, you can specify a custom "transformIgnorePatterns" in your config.
     • If you need a custom transformation, specify a "transform" option in your config.
     • If you simply want to mock your non-JS modules (e.g. binary assets) you can stub them out with the "moduleNameMapper" config option.

    You'll find more details and examples of these config options in the docs:
    https://jestjs.io/docs/configuration
    For information about custom transformations, see:
    https://jestjs.io/docs/code-transformation

    Details:

    SyntaxError: /workspaces/Nadagotchi/js/Nadagotchi.js: Unexpected token (32:0)

      30 |      */
      31 |     constructor(initialArchetype, loadedData = null) {
    > 32 | <<<<<<< HEAD
         | ^
      33 |         /** @type {boolean} Indicates if the asynchronous initialization is complete. */
      34 |         this.isInitialized = false;
      35 |

      1 |
    > 2 | import { Nadagotchi } from '../js/Nadagotchi.js';
        | ^
      3 |
      4 | describe('Nadagotchi Broken Recipes Bug', () => {
      5 |     let pet;

      at constructor (node_modules/@babel/parser/src/parse-error.ts:95:45)
      at Parser.toParseError [as raise] (node_modules/@babel/parser/src/tokenizer/index.ts:1507:19)
      at Parser.raise [as unexpected] (node_modules/@babel/parser/src/tokenizer/index.ts:1547:16)
      at Parser.unexpected [as parseExprAtom] (node_modules/@babel/parser/src/parser/expression.ts:1355:22)
      at Parser.parseExprAtom [as parseExprSubscripts] (node_modules/@babel/parser/src/parser/expression.ts:742:23)
      at Parser.parseExprSubscripts [as parseUpdate] (node_modules/@babel/parser/src/parser/expression.ts:721:21)
      at Parser.parseUpdate [as parseMaybeUnary] (node_modules/@babel/parser/src/parser/expression.ts:683:23)
      at Parser.parseMaybeUnary [as parseMaybeUnaryOrPrivate] (node_modules/@babel/parser/src/parser/expression.ts:417:14)
      at Parser.parseMaybeUnaryOrPrivate [as parseExprOps] (node_modules/@babel/parser/src/parser/expression.ts:429:23)
      at Parser.parseExprOps [as parseMaybeConditional] (node_modules/@babel/parser/src/parser/expression.ts:384:23)
      at Parser.parseMaybeConditional [as parseMaybeAssign] (node_modules/@babel/parser/src/parser/expression.ts:301:21)
      at Parser.parseMaybeAssign [as parseExpressionBase] (node_modules/@babel/parser/src/parser/expression.ts:226:23)
      at parseExpressionBase (node_modules/@babel/parser/src/parser/expression.ts:217:39)
      at Parser.callback [as allowInAnd] (node_modules/@babel/parser/src/parser/expression.ts:3197:16)
      at Parser.allowInAnd [as parseExpression] (node_modules/@babel/parser/src/parser/expression.ts:217:17)
      at Parser.parseExpression [as parseStatementContent] (node_modules/@babel/parser/src/parser/statement.ts:688:23)
      at Parser.parseStatementContent [as parseStatementLike] (node_modules/@babel/parser/src/parser/statement.ts:482:17)
      at Parser.parseStatementLike [as parseStatementListItem] (node_modules/@babel/parser/src/parser/statement.ts:431:17)
      at Parser.parseStatementListItem [as parseBlockOrModuleBlockBody] (node_modules/@babel/parser/src/parser/statement.ts:1444:16)
      at Parser.parseBlockOrModuleBlockBody [as parseBlockBody] (node_modules/@babel/parser/src/parser/statement.ts:1417:10)
      at Parser.parseBlockBody [as parseBlock] (node_modules/@babel/parser/src/parser/statement.ts:1385:10)
      at Parser.parseBlock [as parseFunctionBody] (node_modules/@babel/parser/src/parser/expression.ts:2626:24)
      at Parser.parseFunctionBody [as parseFunctionBodyAndFinish] (node_modules/@babel/parser/src/parser/expression.ts:2595:10)
      at Parser.parseFunctionBodyAndFinish [as parseMethod] (node_modules/@babel/parser/src/parser/expression.ts:2492:31)
      at Parser.parseMethod [as pushClassMethod] (node_modules/@babel/parser/src/parser/statement.ts:2244:12)
      at Parser.pushClassMethod [as parseClassMemberWithIsStatic] (node_modules/@babel/parser/src/parser/statement.ts:2023:12)
      at Parser.parseClassMemberWithIsStatic [as parseClassMember] (node_modules/@babel/parser/src/parser/statement.ts:1938:10)
      at parseClassMember (node_modules/@babel/parser/src/parser/statement.ts:1851:14)
      at Parser.callback [as withSmartMixTopicForbiddingContext] (node_modules/@babel/parser/src/parser/expression.ts:3176:14)
      at Parser.withSmartMixTopicForbiddingContext [as parseClassBody] (node_modules/@babel/parser/src/parser/statement.ts:1823:10)
      at Parser.parseClassBody [as parseClass] (node_modules/@babel/parser/src/parser/statement.ts:1774:22)
      at Parser.parseClass [as parseExportDeclaration] (node_modules/@babel/parser/src/parser/statement.ts:2628:25)
      at Parser.parseExportDeclaration [as maybeParseExportDeclaration] (node_modules/@babel/parser/src/parser/statement.ts:2551:31)
      at Parser.maybeParseExportDeclaration [as parseExport] (node_modules/@babel/parser/src/parser/statement.ts:2432:29)
      at Parser.parseExport [as parseStatementContent] (node_modules/@babel/parser/src/parser/statement.ts:649:25)
      at Parser.parseStatementContent [as parseStatementLike] (node_modules/@babel/parser/src/parser/statement.ts:482:17)
      at Parser.parseStatementLike [as parseModuleItem] (node_modules/@babel/parser/src/parser/statement.ts:419:17)
      at Parser.parseModuleItem [as parseBlockOrModuleBlockBody] (node_modules/@babel/parser/src/parser/statement.ts:1443:16)
      at Parser.parseBlockOrModuleBlockBody [as parseBlockBody] (node_modules/@babel/parser/src/parser/statement.ts:1417:10)
      at Parser.parseBlockBody [as parseProgram] (node_modules/@babel/parser/src/parser/statement.ts:229:10)
      at Parser.parseProgram [as parseTopLevel] (node_modules/@babel/parser/src/parser/statement.ts:203:25)
      at Parser.parseTopLevel [as parse] (node_modules/@babel/parser/src/parser/index.ts:88:25)
      at parse (node_modules/@babel/parser/src/index.ts:86:38)
      at parser (node_modules/@babel/core/src/parser/index.ts:29:19)
          at parser.next (<anonymous>)
      at normalizeFile (node_modules/@babel/core/src/transformation/normalize-file.ts:50:24)
          at normalizeFile.next (<anonymous>)
      at run (node_modules/@babel/core/src/transformation/index.ts:41:36)
          at run.next (<anonymous>)
      at transform (node_modules/@babel/core/src/transform.ts:29:20)
          at transform.next (<anonymous>)
      at evaluateSync (node_modules/gensync/index.js:251:28)
      at sync (node_modules/gensync/index.js:89:14)
      at fn (node_modules/@babel/core/src/errors/rewrite-stack-trace.ts:99:14)
      at transformSync (node_modules/@babel/core/src/transform.ts:66:52)
      at ScriptTransformer.transformSource (node_modules/@jest/transform/build/index.js:422:31)
      at ScriptTransformer._transformAndBuildScript (node_modules/@jest/transform/build/index.js:519:40)
      at ScriptTransformer.transform (node_modules/@jest/transform/build/index.js:558:19)
      at Object.require (tests/RecipeDefinitions.test.js:2:1)

FAIL tests/repro_crafting_bug.test.js
  ● Test suite failed to run

    Jest encountered an unexpected token

    Jest failed to parse a file. This happens e.g. when your code or its dependencies use non-standard JavaScript syntax, or when Jest is not configured to support such syntax.

    Out of the box Jest supports Babel, which will be used to transform your files into valid JS based on your Babel configuration.

    By default "node_modules" folder is ignored by transformers.

    Here's what you can do:
     • If you are trying to use ECMAScript Modules, see https://jestjs.io/docs/ecmascript-modules for how to enable it.
     • If you are trying to use TypeScript, see https://jestjs.io/docs/getting-started#using-typescript
     • To have some of your "node_modules" files transformed, you can specify a custom "transformIgnorePatterns" in your config.
     • If you need a custom transformation, specify a "transform" option in your config.
     • If you simply want to mock your non-JS modules (e.g. binary assets) you can stub them out with the "moduleNameMapper" config option.

    You'll find more details and examples of these config options in the docs:
    https://jestjs.io/docs/configuration
    For information about custom transformations, see:
    https://jestjs.io/docs/code-transformation

    Details:

    SyntaxError: /workspaces/Nadagotchi/js/PersistenceManager.js: Unexpected token (7:0)

       5 |
       6 | import { toBase64, fromBase64 } from './utils/Encoding.js';
    >  7 | <<<<<<< HEAD
         | ^
       8 | import { CryptoUtils } from './utils/CryptoUtils.js';
       9 | =======
      10 | >>>>>>> 74fdaab (Update js/DebugConsole.js)

    > 1 | import { PersistenceManager } from '../js/PersistenceManager';
        | ^
      2 | import { Nadagotchi } from '../js/Nadagotchi';
      3 |
      4 | // Mock localStorage

      at constructor (node_modules/@babel/parser/src/parse-error.ts:95:45)
      at Parser.toParseError [as raise] (node_modules/@babel/parser/src/tokenizer/index.ts:1507:19)
      at Parser.raise [as unexpected] (node_modules/@babel/parser/src/tokenizer/index.ts:1547:16)
      at Parser.unexpected [as parseExprAtom] (node_modules/@babel/parser/src/parser/expression.ts:1355:22)
      at Parser.parseExprAtom [as parseExprSubscripts] (node_modules/@babel/parser/src/parser/expression.ts:742:23)
      at Parser.parseExprSubscripts [as parseUpdate] (node_modules/@babel/parser/src/parser/expression.ts:721:21)
      at Parser.parseUpdate [as parseMaybeUnary] (node_modules/@babel/parser/src/parser/expression.ts:683:23)
      at Parser.parseMaybeUnary [as parseMaybeUnaryOrPrivate] (node_modules/@babel/parser/src/parser/expression.ts:417:14)
      at Parser.parseMaybeUnaryOrPrivate [as parseExprOps] (node_modules/@babel/parser/src/parser/expression.ts:429:23)
      at Parser.parseExprOps [as parseMaybeConditional] (node_modules/@babel/parser/src/parser/expression.ts:384:23)
      at Parser.parseMaybeConditional [as parseMaybeAssign] (node_modules/@babel/parser/src/parser/expression.ts:301:21)
      at Parser.parseMaybeAssign [as parseExpressionBase] (node_modules/@babel/parser/src/parser/expression.ts:226:23)
      at parseExpressionBase (node_modules/@babel/parser/src/parser/expression.ts:217:39)
      at Parser.callback [as allowInAnd] (node_modules/@babel/parser/src/parser/expression.ts:3197:16)
      at Parser.allowInAnd [as parseExpression] (node_modules/@babel/parser/src/parser/expression.ts:217:17)
      at Parser.parseExpression [as parseStatementContent] (node_modules/@babel/parser/src/parser/statement.ts:688:23)
      at Parser.parseStatementContent [as parseStatementLike] (node_modules/@babel/parser/src/parser/statement.ts:482:17)
      at Parser.parseStatementLike [as parseModuleItem] (node_modules/@babel/parser/src/parser/statement.ts:419:17)
      at Parser.parseModuleItem [as parseBlockOrModuleBlockBody] (node_modules/@babel/parser/src/parser/statement.ts:1443:16)
      at Parser.parseBlockOrModuleBlockBody [as parseBlockBody] (node_modules/@babel/parser/src/parser/statement.ts:1417:10)
      at Parser.parseBlockBody [as parseProgram] (node_modules/@babel/parser/src/parser/statement.ts:229:10)
      at Parser.parseProgram [as parseTopLevel] (node_modules/@babel/parser/src/parser/statement.ts:203:25)
      at Parser.parseTopLevel [as parse] (node_modules/@babel/parser/src/parser/index.ts:88:25)
      at parse (node_modules/@babel/parser/src/index.ts:86:38)
      at parser (node_modules/@babel/core/src/parser/index.ts:29:19)
          at parser.next (<anonymous>)
      at normalizeFile (node_modules/@babel/core/src/transformation/normalize-file.ts:50:24)
          at normalizeFile.next (<anonymous>)
      at run (node_modules/@babel/core/src/transformation/index.ts:41:36)
          at run.next (<anonymous>)
      at transform (node_modules/@babel/core/src/transform.ts:29:20)
          at transform.next (<anonymous>)
      at evaluateSync (node_modules/gensync/index.js:251:28)
      at sync (node_modules/gensync/index.js:89:14)
      at fn (node_modules/@babel/core/src/errors/rewrite-stack-trace.ts:99:14)
      at transformSync (node_modules/@babel/core/src/transform.ts:66:52)
      at ScriptTransformer.transformSource (node_modules/@jest/transform/build/index.js:422:31)
      at ScriptTransformer._transformAndBuildScript (node_modules/@jest/transform/build/index.js:519:40)
      at ScriptTransformer.transform (node_modules/@jest/transform/build/index.js:558:19)
      at Object.require (tests/repro_crafting_bug.test.js:1:1)

FAIL tests/Journal.test.js
  ● Test suite failed to run

    Jest encountered an unexpected token

    Jest failed to parse a file. This happens e.g. when your code or its dependencies use non-standard JavaScript syntax, or when Jest is not configured to support such syntax.

    Out of the box Jest supports Babel, which will be used to transform your files into valid JS based on your Babel configuration.

    By default "node_modules" folder is ignored by transformers.

    Here's what you can do:
     • If you are trying to use ECMAScript Modules, see https://jestjs.io/docs/ecmascript-modules for how to enable it.
     • If you are trying to use TypeScript, see https://jestjs.io/docs/getting-started#using-typescript
     • To have some of your "node_modules" files transformed, you can specify a custom "transformIgnorePatterns" in your config.
     • If you need a custom transformation, specify a "transform" option in your config.
     • If you simply want to mock your non-JS modules (e.g. binary assets) you can stub them out with the "moduleNameMapper" config option.

    You'll find more details and examples of these config options in the docs:
    https://jestjs.io/docs/configuration
    For information about custom transformations, see:
    https://jestjs.io/docs/code-transformation

    Details:

    SyntaxError: /workspaces/Nadagotchi/js/Nadagotchi.js: Unexpected token (32:0)

      30 |      */
      31 |     constructor(initialArchetype, loadedData = null) {
    > 32 | <<<<<<< HEAD
         | ^
      33 |         /** @type {boolean} Indicates if the asynchronous initialization is complete. */
      34 |         this.isInitialized = false;
      35 |

      1 | // tests/Journal.test.js
    > 2 | import { Nadagotchi } from '../js/Nadagotchi';
        | ^
      3 | import { Config } from '../js/Config';
      4 |
      5 | // Mock localStorage

      at constructor (node_modules/@babel/parser/src/parse-error.ts:95:45)
      at Parser.toParseError [as raise] (node_modules/@babel/parser/src/tokenizer/index.ts:1507:19)
      at Parser.raise [as unexpected] (node_modules/@babel/parser/src/tokenizer/index.ts:1547:16)
      at Parser.unexpected [as parseExprAtom] (node_modules/@babel/parser/src/parser/expression.ts:1355:22)
      at Parser.parseExprAtom [as parseExprSubscripts] (node_modules/@babel/parser/src/parser/expression.ts:742:23)
      at Parser.parseExprSubscripts [as parseUpdate] (node_modules/@babel/parser/src/parser/expression.ts:721:21)
      at Parser.parseUpdate [as parseMaybeUnary] (node_modules/@babel/parser/src/parser/expression.ts:683:23)
      at Parser.parseMaybeUnary [as parseMaybeUnaryOrPrivate] (node_modules/@babel/parser/src/parser/expression.ts:417:14)
      at Parser.parseMaybeUnaryOrPrivate [as parseExprOps] (node_modules/@babel/parser/src/parser/expression.ts:429:23)
      at Parser.parseExprOps [as parseMaybeConditional] (node_modules/@babel/parser/src/parser/expression.ts:384:23)
      at Parser.parseMaybeConditional [as parseMaybeAssign] (node_modules/@babel/parser/src/parser/expression.ts:301:21)
      at Parser.parseMaybeAssign [as parseExpressionBase] (node_modules/@babel/parser/src/parser/expression.ts:226:23)
      at parseExpressionBase (node_modules/@babel/parser/src/parser/expression.ts:217:39)
      at Parser.callback [as allowInAnd] (node_modules/@babel/parser/src/parser/expression.ts:3197:16)
      at Parser.allowInAnd [as parseExpression] (node_modules/@babel/parser/src/parser/expression.ts:217:17)
      at Parser.parseExpression [as parseStatementContent] (node_modules/@babel/parser/src/parser/statement.ts:688:23)
      at Parser.parseStatementContent [as parseStatementLike] (node_modules/@babel/parser/src/parser/statement.ts:482:17)
      at Parser.parseStatementLike [as parseStatementListItem] (node_modules/@babel/parser/src/parser/statement.ts:431:17)
      at Parser.parseStatementListItem [as parseBlockOrModuleBlockBody] (node_modules/@babel/parser/src/parser/statement.ts:1444:16)
      at Parser.parseBlockOrModuleBlockBody [as parseBlockBody] (node_modules/@babel/parser/src/parser/statement.ts:1417:10)
      at Parser.parseBlockBody [as parseBlock] (node_modules/@babel/parser/src/parser/statement.ts:1385:10)
      at Parser.parseBlock [as parseFunctionBody] (node_modules/@babel/parser/src/parser/expression.ts:2626:24)
      at Parser.parseFunctionBody [as parseFunctionBodyAndFinish] (node_modules/@babel/parser/src/parser/expression.ts:2595:10)
      at Parser.parseFunctionBodyAndFinish [as parseMethod] (node_modules/@babel/parser/src/parser/expression.ts:2492:31)
      at Parser.parseMethod [as pushClassMethod] (node_modules/@babel/parser/src/parser/statement.ts:2244:12)
      at Parser.pushClassMethod [as parseClassMemberWithIsStatic] (node_modules/@babel/parser/src/parser/statement.ts:2023:12)
      at Parser.parseClassMemberWithIsStatic [as parseClassMember] (node_modules/@babel/parser/src/parser/statement.ts:1938:10)
      at parseClassMember (node_modules/@babel/parser/src/parser/statement.ts:1851:14)
      at Parser.callback [as withSmartMixTopicForbiddingContext] (node_modules/@babel/parser/src/parser/expression.ts:3176:14)
      at Parser.withSmartMixTopicForbiddingContext [as parseClassBody] (node_modules/@babel/parser/src/parser/statement.ts:1823:10)
      at Parser.parseClassBody [as parseClass] (node_modules/@babel/parser/src/parser/statement.ts:1774:22)
      at Parser.parseClass [as parseExportDeclaration] (node_modules/@babel/parser/src/parser/statement.ts:2628:25)
      at Parser.parseExportDeclaration [as maybeParseExportDeclaration] (node_modules/@babel/parser/src/parser/statement.ts:2551:31)
      at Parser.maybeParseExportDeclaration [as parseExport] (node_modules/@babel/parser/src/parser/statement.ts:2432:29)
      at Parser.parseExport [as parseStatementContent] (node_modules/@babel/parser/src/parser/statement.ts:649:25)
      at Parser.parseStatementContent [as parseStatementLike] (node_modules/@babel/parser/src/parser/statement.ts:482:17)
      at Parser.parseStatementLike [as parseModuleItem] (node_modules/@babel/parser/src/parser/statement.ts:419:17)
      at Parser.parseModuleItem [as parseBlockOrModuleBlockBody] (node_modules/@babel/parser/src/parser/statement.ts:1443:16)
      at Parser.parseBlockOrModuleBlockBody [as parseBlockBody] (node_modules/@babel/parser/src/parser/statement.ts:1417:10)
      at Parser.parseBlockBody [as parseProgram] (node_modules/@babel/parser/src/parser/statement.ts:229:10)
      at Parser.parseProgram [as parseTopLevel] (node_modules/@babel/parser/src/parser/statement.ts:203:25)
      at Parser.parseTopLevel [as parse] (node_modules/@babel/parser/src/parser/index.ts:88:25)
      at parse (node_modules/@babel/parser/src/index.ts:86:38)
      at parser (node_modules/@babel/core/src/parser/index.ts:29:19)
          at parser.next (<anonymous>)
      at normalizeFile (node_modules/@babel/core/src/transformation/normalize-file.ts:50:24)
          at normalizeFile.next (<anonymous>)
      at run (node_modules/@babel/core/src/transformation/index.ts:41:36)
          at run.next (<anonymous>)
      at transform (node_modules/@babel/core/src/transform.ts:29:20)
          at transform.next (<anonymous>)
      at evaluateSync (node_modules/gensync/index.js:251:28)
      at sync (node_modules/gensync/index.js:89:14)
      at fn (node_modules/@babel/core/src/errors/rewrite-stack-trace.ts:99:14)
      at transformSync (node_modules/@babel/core/src/transform.ts:66:52)
      at ScriptTransformer.transformSource (node_modules/@jest/transform/build/index.js:422:31)
      at ScriptTransformer._transformAndBuildScript (node_modules/@jest/transform/build/index.js:519:40)
      at ScriptTransformer.transform (node_modules/@jest/transform/build/index.js:558:19)
      at Object.require (tests/Journal.test.js:2:1)

FAIL tests/performance/WorldClock.perf.test.js
  ● Test suite failed to run

    Jest encountered an unexpected token

    Jest failed to parse a file. This happens e.g. when your code or its dependencies use non-standard JavaScript syntax, or when Jest is not configured to support such syntax.

    Out of the box Jest supports Babel, which will be used to transform your files into valid JS based on your Babel configuration.

    By default "node_modules" folder is ignored by transformers.

    Here's what you can do:
     • If you are trying to use ECMAScript Modules, see https://jestjs.io/docs/ecmascript-modules for how to enable it.
     • If you are trying to use TypeScript, see https://jestjs.io/docs/getting-started#using-typescript
     • To have some of your "node_modules" files transformed, you can specify a custom "transformIgnorePatterns" in your config.
     • If you need a custom transformation, specify a "transform" option in your config.
     • If you simply want to mock your non-JS modules (e.g. binary assets) you can stub them out with the "moduleNameMapper" config option.

    You'll find more details and examples of these config options in the docs:
    https://jestjs.io/docs/configuration
    For information about custom transformations, see:
    https://jestjs.io/docs/code-transformation

    Details:

    SyntaxError: /workspaces/Nadagotchi/js/WorldClock.js: Unexpected token (37:0)

      35 |         };
      36 |
    > 37 | <<<<<<< HEAD
         | ^
      38 |         /** @type {?{start: number, end: number, name: string}} Cached reference to the current period object. */
      39 |         /** @type {?{start: number, end: number, name: string}} Cache for the current period to avoid redundant lookups. */
      40 |         this._cachedPeriod = null;

    > 1 | import { WorldClock } from '../../js/WorldClock.js';
        | ^
      2 | import { SeededRandom } from '../../js/utils/SeededRandom.js';
      3 |
      4 | // Mock Scene

      at constructor (node_modules/@babel/parser/src/parse-error.ts:95:45)
      at Parser.toParseError [as raise] (node_modules/@babel/parser/src/tokenizer/index.ts:1507:19)
      at Parser.raise [as unexpected] (node_modules/@babel/parser/src/tokenizer/index.ts:1547:16)
      at Parser.unexpected [as parseExprAtom] (node_modules/@babel/parser/src/parser/expression.ts:1355:22)
      at Parser.parseExprAtom [as parseExprSubscripts] (node_modules/@babel/parser/src/parser/expression.ts:742:23)
      at Parser.parseExprSubscripts [as parseUpdate] (node_modules/@babel/parser/src/parser/expression.ts:721:21)
      at Parser.parseUpdate [as parseMaybeUnary] (node_modules/@babel/parser/src/parser/expression.ts:683:23)
      at Parser.parseMaybeUnary [as parseMaybeUnaryOrPrivate] (node_modules/@babel/parser/src/parser/expression.ts:417:14)
      at Parser.parseMaybeUnaryOrPrivate [as parseExprOps] (node_modules/@babel/parser/src/parser/expression.ts:429:23)
      at Parser.parseExprOps [as parseMaybeConditional] (node_modules/@babel/parser/src/parser/expression.ts:384:23)
      at Parser.parseMaybeConditional [as parseMaybeAssign] (node_modules/@babel/parser/src/parser/expression.ts:301:21)
      at Parser.parseMaybeAssign [as parseExpressionBase] (node_modules/@babel/parser/src/parser/expression.ts:226:23)
      at parseExpressionBase (node_modules/@babel/parser/src/parser/expression.ts:217:39)
      at Parser.callback [as allowInAnd] (node_modules/@babel/parser/src/parser/expression.ts:3197:16)
      at Parser.allowInAnd [as parseExpression] (node_modules/@babel/parser/src/parser/expression.ts:217:17)
      at Parser.parseExpression [as parseStatementContent] (node_modules/@babel/parser/src/parser/statement.ts:688:23)
      at Parser.parseStatementContent [as parseStatementLike] (node_modules/@babel/parser/src/parser/statement.ts:482:17)
      at Parser.parseStatementLike [as parseStatementListItem] (node_modules/@babel/parser/src/parser/statement.ts:431:17)
      at Parser.parseStatementListItem [as parseBlockOrModuleBlockBody] (node_modules/@babel/parser/src/parser/statement.ts:1444:16)
      at Parser.parseBlockOrModuleBlockBody [as parseBlockBody] (node_modules/@babel/parser/src/parser/statement.ts:1417:10)
      at Parser.parseBlockBody [as parseBlock] (node_modules/@babel/parser/src/parser/statement.ts:1385:10)
      at Parser.parseBlock [as parseFunctionBody] (node_modules/@babel/parser/src/parser/expression.ts:2626:24)
      at Parser.parseFunctionBody [as parseFunctionBodyAndFinish] (node_modules/@babel/parser/src/parser/expression.ts:2595:10)
      at Parser.parseFunctionBodyAndFinish [as parseMethod] (node_modules/@babel/parser/src/parser/expression.ts:2492:31)
      at Parser.parseMethod [as pushClassMethod] (node_modules/@babel/parser/src/parser/statement.ts:2244:12)
      at Parser.pushClassMethod [as parseClassMemberWithIsStatic] (node_modules/@babel/parser/src/parser/statement.ts:2023:12)
      at Parser.parseClassMemberWithIsStatic [as parseClassMember] (node_modules/@babel/parser/src/parser/statement.ts:1938:10)
      at parseClassMember (node_modules/@babel/parser/src/parser/statement.ts:1851:14)
      at Parser.callback [as withSmartMixTopicForbiddingContext] (node_modules/@babel/parser/src/parser/expression.ts:3176:14)
      at Parser.withSmartMixTopicForbiddingContext [as parseClassBody] (node_modules/@babel/parser/src/parser/statement.ts:1823:10)
      at Parser.parseClassBody [as parseClass] (node_modules/@babel/parser/src/parser/statement.ts:1774:22)
      at Parser.parseClass [as parseExportDeclaration] (node_modules/@babel/parser/src/parser/statement.ts:2628:25)
      at Parser.parseExportDeclaration [as maybeParseExportDeclaration] (node_modules/@babel/parser/src/parser/statement.ts:2551:31)
      at Parser.maybeParseExportDeclaration [as parseExport] (node_modules/@babel/parser/src/parser/statement.ts:2432:29)
      at Parser.parseExport [as parseStatementContent] (node_modules/@babel/parser/src/parser/statement.ts:649:25)
      at Parser.parseStatementContent [as parseStatementLike] (node_modules/@babel/parser/src/parser/statement.ts:482:17)
      at Parser.parseStatementLike [as parseModuleItem] (node_modules/@babel/parser/src/parser/statement.ts:419:17)
      at Parser.parseModuleItem [as parseBlockOrModuleBlockBody] (node_modules/@babel/parser/src/parser/statement.ts:1443:16)
      at Parser.parseBlockOrModuleBlockBody [as parseBlockBody] (node_modules/@babel/parser/src/parser/statement.ts:1417:10)
      at Parser.parseBlockBody [as parseProgram] (node_modules/@babel/parser/src/parser/statement.ts:229:10)
      at Parser.parseProgram [as parseTopLevel] (node_modules/@babel/parser/src/parser/statement.ts:203:25)
      at Parser.parseTopLevel [as parse] (node_modules/@babel/parser/src/parser/index.ts:88:25)
      at parse (node_modules/@babel/parser/src/index.ts:86:38)
      at parser (node_modules/@babel/core/src/parser/index.ts:29:19)
          at parser.next (<anonymous>)
      at normalizeFile (node_modules/@babel/core/src/transformation/normalize-file.ts:50:24)
          at normalizeFile.next (<anonymous>)
      at run (node_modules/@babel/core/src/transformation/index.ts:41:36)
          at run.next (<anonymous>)
      at transform (node_modules/@babel/core/src/transform.ts:29:20)
          at transform.next (<anonymous>)
      at evaluateSync (node_modules/gensync/index.js:251:28)
      at sync (node_modules/gensync/index.js:89:14)
      at fn (node_modules/@babel/core/src/errors/rewrite-stack-trace.ts:99:14)
      at transformSync (node_modules/@babel/core/src/transform.ts:66:52)
      at ScriptTransformer.transformSource (node_modules/@jest/transform/build/index.js:422:31)
      at ScriptTransformer._transformAndBuildScript (node_modules/@jest/transform/build/index.js:519:40)
      at ScriptTransformer.transform (node_modules/@jest/transform/build/index.js:558:19)
      at Object.require (tests/performance/WorldClock.perf.test.js:1:1)

FAIL tests/performance/GeneticsSystem.perf.test.js
  ● Test suite failed to run

    Jest encountered an unexpected token

    Jest failed to parse a file. This happens e.g. when your code or its dependencies use non-standard JavaScript syntax, or when Jest is not configured to support such syntax.

    Out of the box Jest supports Babel, which will be used to transform your files into valid JS based on your Babel configuration.

    By default "node_modules" folder is ignored by transformers.

    Here's what you can do:
     • If you are trying to use ECMAScript Modules, see https://jestjs.io/docs/ecmascript-modules for how to enable it.
     • If you are trying to use TypeScript, see https://jestjs.io/docs/getting-started#using-typescript
     • To have some of your "node_modules" files transformed, you can specify a custom "transformIgnorePatterns" in your config.
     • If you need a custom transformation, specify a "transform" option in your config.
     • If you simply want to mock your non-JS modules (e.g. binary assets) you can stub them out with the "moduleNameMapper" config option.

    You'll find more details and examples of these config options in the docs:
    https://jestjs.io/docs/configuration
    For information about custom transformations, see:
    https://jestjs.io/docs/code-transformation

    Details:

    SyntaxError: /workspaces/Nadagotchi/js/Config.js: Unexpected token (43:0)

      41 |     },
      42 |
    > 43 | <<<<<<< HEAD
         | ^
      44 |     // Minigame Settings
      45 |     MINIGAMES: {
      46 |         LOGIC_PUZZLE: {

       5 |
       6 | import { SeededRandom } from './utils/SeededRandom.js';
    >  7 | import { Config } from './Config.js';
         | ^
       8 | import { CryptoUtils } from './utils/CryptoUtils.js';
       9 |
      10 | import { toBase64, fromBase64 } from './utils/Encoding.js';

      at constructor (node_modules/@babel/parser/src/parse-error.ts:95:45)
      at Parser.toParseError [as raise] (node_modules/@babel/parser/src/tokenizer/index.ts:1507:19)
      at Parser.raise [as unexpected] (node_modules/@babel/parser/src/tokenizer/index.ts:1547:16)
      at Parser.unexpected [as parsePropertyName] (node_modules/@babel/parser/src/parser/expression.ts:2451:18)
      at Parser.parsePropertyName [as parsePropertyDefinition] (node_modules/@babel/parser/src/parser/expression.ts:2198:10)
      at Parser.parsePropertyDefinition [as parseObjectLike] (node_modules/@babel/parser/src/parser/expression.ts:2095:21)
      at Parser.parseObjectLike [as parseExprAtom] (node_modules/@babel/parser/src/parser/expression.ts:1181:21)
      at Parser.parseExprAtom [as parseExprSubscripts] (node_modules/@babel/parser/src/parser/expression.ts:742:23)
      at Parser.parseExprSubscripts [as parseUpdate] (node_modules/@babel/parser/src/parser/expression.ts:721:21)
      at Parser.parseUpdate [as parseMaybeUnary] (node_modules/@babel/parser/src/parser/expression.ts:683:23)
      at Parser.parseMaybeUnary [as parseMaybeUnaryOrPrivate] (node_modules/@babel/parser/src/parser/expression.ts:417:14)
      at Parser.parseMaybeUnaryOrPrivate [as parseExprOps] (node_modules/@babel/parser/src/parser/expression.ts:429:23)
      at Parser.parseExprOps [as parseMaybeConditional] (node_modules/@babel/parser/src/parser/expression.ts:384:23)
      at Parser.parseMaybeConditional [as parseMaybeAssign] (node_modules/@babel/parser/src/parser/expression.ts:301:21)
      at parseMaybeAssign (node_modules/@babel/parser/src/parser/expression.ts:257:12)
      at Parser.callback [as allowInAnd] (node_modules/@babel/parser/src/parser/expression.ts:3197:16)
      at Parser.allowInAnd [as parseMaybeAssignAllowIn] (node_modules/@babel/parser/src/parser/expression.ts:256:17)
      at Parser.parseMaybeAssignAllowIn [as parseVar] (node_modules/@babel/parser/src/parser/statement.ts:1587:18)
      at Parser.parseVar [as parseVarStatement] (node_modules/@babel/parser/src/parser/statement.ts:1251:10)
      at Parser.parseVarStatement [as parseStatementContent] (node_modules/@babel/parser/src/parser/statement.ts:612:21)
      at Parser.parseStatementContent [as parseStatementLike] (node_modules/@babel/parser/src/parser/statement.ts:482:17)
      at Parser.parseStatementLike [as parseStatementListItem] (node_modules/@babel/parser/src/parser/statement.ts:431:17)
      at Parser.parseStatementListItem (node_modules/@babel/parser/src/parser/statement.ts:2635:17)
      at Parser.parseExportDeclaration [as maybeParseExportDeclaration] (node_modules/@babel/parser/src/parser/statement.ts:2551:31)
      at Parser.maybeParseExportDeclaration [as parseExport] (node_modules/@babel/parser/src/parser/statement.ts:2432:29)
      at Parser.parseExport [as parseStatementContent] (node_modules/@babel/parser/src/parser/statement.ts:649:25)
      at Parser.parseStatementContent [as parseStatementLike] (node_modules/@babel/parser/src/parser/statement.ts:482:17)
      at Parser.parseStatementLike [as parseModuleItem] (node_modules/@babel/parser/src/parser/statement.ts:419:17)
      at Parser.parseModuleItem [as parseBlockOrModuleBlockBody] (node_modules/@babel/parser/src/parser/statement.ts:1443:16)
      at Parser.parseBlockOrModuleBlockBody [as parseBlockBody] (node_modules/@babel/parser/src/parser/statement.ts:1417:10)
      at Parser.parseBlockBody [as parseProgram] (node_modules/@babel/parser/src/parser/statement.ts:229:10)
      at Parser.parseProgram [as parseTopLevel] (node_modules/@babel/parser/src/parser/statement.ts:203:25)
      at Parser.parseTopLevel [as parse] (node_modules/@babel/parser/src/parser/index.ts:88:25)
      at parse (node_modules/@babel/parser/src/index.ts:86:38)
      at parser (node_modules/@babel/core/src/parser/index.ts:29:19)
          at parser.next (<anonymous>)
      at normalizeFile (node_modules/@babel/core/src/transformation/normalize-file.ts:50:24)
          at normalizeFile.next (<anonymous>)
      at run (node_modules/@babel/core/src/transformation/index.ts:41:36)
          at run.next (<anonymous>)
      at transform (node_modules/@babel/core/src/transform.ts:29:20)
          at transform.next (<anonymous>)
      at evaluateSync (node_modules/gensync/index.js:251:28)
      at sync (node_modules/gensync/index.js:89:14)
      at fn (node_modules/@babel/core/src/errors/rewrite-stack-trace.ts:99:14)
      at transformSync (node_modules/@babel/core/src/transform.ts:66:52)
      at ScriptTransformer.transformSource (node_modules/@jest/transform/build/index.js:422:31)
      at ScriptTransformer._transformAndBuildScript (node_modules/@jest/transform/build/index.js:519:40)
      at ScriptTransformer.transform (node_modules/@jest/transform/build/index.js:558:19)
      at Object.require (js/GeneticsSystem.js:7:1)
      at Object.require (tests/performance/GeneticsSystem.perf.test.js:1:1)

PASS tests/GhostSystem.test.js
FAIL tests/InteractExploit.test.js
  ● Test suite failed to run

    Jest encountered an unexpected token

    Jest failed to parse a file. This happens e.g. when your code or its dependencies use non-standard JavaScript syntax, or when Jest is not configured to support such syntax.

    Out of the box Jest supports Babel, which will be used to transform your files into valid JS based on your Babel configuration.

    By default "node_modules" folder is ignored by transformers.

    Here's what you can do:
     • If you are trying to use ECMAScript Modules, see https://jestjs.io/docs/ecmascript-modules for how to enable it.
     • If you are trying to use TypeScript, see https://jestjs.io/docs/getting-started#using-typescript
     • To have some of your "node_modules" files transformed, you can specify a custom "transformIgnorePatterns" in your config.
     • If you need a custom transformation, specify a "transform" option in your config.
     • If you simply want to mock your non-JS modules (e.g. binary assets) you can stub them out with the "moduleNameMapper" config option.

    You'll find more details and examples of these config options in the docs:
    https://jestjs.io/docs/configuration
    For information about custom transformations, see:
    https://jestjs.io/docs/code-transformation

    Details:

    SyntaxError: /workspaces/Nadagotchi/js/Nadagotchi.js: Unexpected token (32:0)

      30 |      */
      31 |     constructor(initialArchetype, loadedData = null) {
    > 32 | <<<<<<< HEAD
         | ^
      33 |         /** @type {boolean} Indicates if the asynchronous initialization is complete. */
      34 |         this.isInitialized = false;
      35 |

    > 1 | import { Nadagotchi } from '../js/Nadagotchi';
        | ^
      2 | import { Config } from '../js/Config';
      3 |
      4 | // Mock localStorage

      at constructor (node_modules/@babel/parser/src/parse-error.ts:95:45)
      at Parser.toParseError [as raise] (node_modules/@babel/parser/src/tokenizer/index.ts:1507:19)
      at Parser.raise [as unexpected] (node_modules/@babel/parser/src/tokenizer/index.ts:1547:16)
      at Parser.unexpected [as parseExprAtom] (node_modules/@babel/parser/src/parser/expression.ts:1355:22)
      at Parser.parseExprAtom [as parseExprSubscripts] (node_modules/@babel/parser/src/parser/expression.ts:742:23)
      at Parser.parseExprSubscripts [as parseUpdate] (node_modules/@babel/parser/src/parser/expression.ts:721:21)
      at Parser.parseUpdate [as parseMaybeUnary] (node_modules/@babel/parser/src/parser/expression.ts:683:23)
      at Parser.parseMaybeUnary [as parseMaybeUnaryOrPrivate] (node_modules/@babel/parser/src/parser/expression.ts:417:14)
      at Parser.parseMaybeUnaryOrPrivate [as parseExprOps] (node_modules/@babel/parser/src/parser/expression.ts:429:23)
      at Parser.parseExprOps [as parseMaybeConditional] (node_modules/@babel/parser/src/parser/expression.ts:384:23)
      at Parser.parseMaybeConditional [as parseMaybeAssign] (node_modules/@babel/parser/src/parser/expression.ts:301:21)
      at Parser.parseMaybeAssign [as parseExpressionBase] (node_modules/@babel/parser/src/parser/expression.ts:226:23)
      at parseExpressionBase (node_modules/@babel/parser/src/parser/expression.ts:217:39)
      at Parser.callback [as allowInAnd] (node_modules/@babel/parser/src/parser/expression.ts:3197:16)
      at Parser.allowInAnd [as parseExpression] (node_modules/@babel/parser/src/parser/expression.ts:217:17)
      at Parser.parseExpression [as parseStatementContent] (node_modules/@babel/parser/src/parser/statement.ts:688:23)
      at Parser.parseStatementContent [as parseStatementLike] (node_modules/@babel/parser/src/parser/statement.ts:482:17)
      at Parser.parseStatementLike [as parseStatementListItem] (node_modules/@babel/parser/src/parser/statement.ts:431:17)
      at Parser.parseStatementListItem [as parseBlockOrModuleBlockBody] (node_modules/@babel/parser/src/parser/statement.ts:1444:16)
      at Parser.parseBlockOrModuleBlockBody [as parseBlockBody] (node_modules/@babel/parser/src/parser/statement.ts:1417:10)
      at Parser.parseBlockBody [as parseBlock] (node_modules/@babel/parser/src/parser/statement.ts:1385:10)
      at Parser.parseBlock [as parseFunctionBody] (node_modules/@babel/parser/src/parser/expression.ts:2626:24)
      at Parser.parseFunctionBody [as parseFunctionBodyAndFinish] (node_modules/@babel/parser/src/parser/expression.ts:2595:10)
      at Parser.parseFunctionBodyAndFinish [as parseMethod] (node_modules/@babel/parser/src/parser/expression.ts:2492:31)
      at Parser.parseMethod [as pushClassMethod] (node_modules/@babel/parser/src/parser/statement.ts:2244:12)
      at Parser.pushClassMethod [as parseClassMemberWithIsStatic] (node_modules/@babel/parser/src/parser/statement.ts:2023:12)
      at Parser.parseClassMemberWithIsStatic [as parseClassMember] (node_modules/@babel/parser/src/parser/statement.ts:1938:10)
      at parseClassMember (node_modules/@babel/parser/src/parser/statement.ts:1851:14)
      at Parser.callback [as withSmartMixTopicForbiddingContext] (node_modules/@babel/parser/src/parser/expression.ts:3176:14)
      at Parser.withSmartMixTopicForbiddingContext [as parseClassBody] (node_modules/@babel/parser/src/parser/statement.ts:1823:10)
      at Parser.parseClassBody [as parseClass] (node_modules/@babel/parser/src/parser/statement.ts:1774:22)
      at Parser.parseClass [as parseExportDeclaration] (node_modules/@babel/parser/src/parser/statement.ts:2628:25)
      at Parser.parseExportDeclaration [as maybeParseExportDeclaration] (node_modules/@babel/parser/src/parser/statement.ts:2551:31)
      at Parser.maybeParseExportDeclaration [as parseExport] (node_modules/@babel/parser/src/parser/statement.ts:2432:29)
      at Parser.parseExport [as parseStatementContent] (node_modules/@babel/parser/src/parser/statement.ts:649:25)
      at Parser.parseStatementContent [as parseStatementLike] (node_modules/@babel/parser/src/parser/statement.ts:482:17)
      at Parser.parseStatementLike [as parseModuleItem] (node_modules/@babel/parser/src/parser/statement.ts:419:17)
      at Parser.parseModuleItem [as parseBlockOrModuleBlockBody] (node_modules/@babel/parser/src/parser/statement.ts:1443:16)
      at Parser.parseBlockOrModuleBlockBody [as parseBlockBody] (node_modules/@babel/parser/src/parser/statement.ts:1417:10)
      at Parser.parseBlockBody [as parseProgram] (node_modules/@babel/parser/src/parser/statement.ts:229:10)
      at Parser.parseProgram [as parseTopLevel] (node_modules/@babel/parser/src/parser/statement.ts:203:25)
      at Parser.parseTopLevel [as parse] (node_modules/@babel/parser/src/parser/index.ts:88:25)
      at parse (node_modules/@babel/parser/src/index.ts:86:38)
      at parser (node_modules/@babel/core/src/parser/index.ts:29:19)
          at parser.next (<anonymous>)
      at normalizeFile (node_modules/@babel/core/src/transformation/normalize-file.ts:50:24)
          at normalizeFile.next (<anonymous>)
      at run (node_modules/@babel/core/src/transformation/index.ts:41:36)
          at run.next (<anonymous>)
      at transform (node_modules/@babel/core/src/transform.ts:29:20)
          at transform.next (<anonymous>)
      at evaluateSync (node_modules/gensync/index.js:251:28)
      at sync (node_modules/gensync/index.js:89:14)
      at fn (node_modules/@babel/core/src/errors/rewrite-stack-trace.ts:99:14)
      at transformSync (node_modules/@babel/core/src/transform.ts:66:52)
      at ScriptTransformer.transformSource (node_modules/@jest/transform/build/index.js:422:31)
      at ScriptTransformer._transformAndBuildScript (node_modules/@jest/transform/build/index.js:519:40)
      at ScriptTransformer.transform (node_modules/@jest/transform/build/index.js:558:19)
      at Object.require (tests/InteractExploit.test.js:1:1)

FAIL tests/DeterministicImport.test.js
  ● Test suite failed to run

    Jest encountered an unexpected token

    Jest failed to parse a file. This happens e.g. when your code or its dependencies use non-standard JavaScript syntax, or when Jest is not configured to support such syntax.

    Out of the box Jest supports Babel, which will be used to transform your files into valid JS based on your Babel configuration.

    By default "node_modules" folder is ignored by transformers.

    Here's what you can do:
     • If you are trying to use ECMAScript Modules, see https://jestjs.io/docs/ecmascript-modules for how to enable it.
     • If you are trying to use TypeScript, see https://jestjs.io/docs/getting-started#using-typescript
     • To have some of your "node_modules" files transformed, you can specify a custom "transformIgnorePatterns" in your config.
     • If you need a custom transformation, specify a "transform" option in your config.
     • If you simply want to mock your non-JS modules (e.g. binary assets) you can stub them out with the "moduleNameMapper" config option.

    You'll find more details and examples of these config options in the docs:
    https://jestjs.io/docs/configuration
    For information about custom transformations, see:
    https://jestjs.io/docs/code-transformation

    Details:

    SyntaxError: /workspaces/Nadagotchi/js/Nadagotchi.js: Unexpected token (32:0)

      30 |      */
      31 |     constructor(initialArchetype, loadedData = null) {
    > 32 | <<<<<<< HEAD
         | ^
      33 |         /** @type {boolean} Indicates if the asynchronous initialization is complete. */
      34 |         this.isInitialized = false;
      35 |

      1 |
    > 2 | import { Nadagotchi } from '../js/Nadagotchi.js';
        | ^
      3 | import { GeneticsSystem, Genome } from '../js/GeneticsSystem.js';
      4 | import { Config } from '../js/Config.js';
      5 |

      at constructor (node_modules/@babel/parser/src/parse-error.ts:95:45)
      at Parser.toParseError [as raise] (node_modules/@babel/parser/src/tokenizer/index.ts:1507:19)
      at Parser.raise [as unexpected] (node_modules/@babel/parser/src/tokenizer/index.ts:1547:16)
      at Parser.unexpected [as parseExprAtom] (node_modules/@babel/parser/src/parser/expression.ts:1355:22)
      at Parser.parseExprAtom [as parseExprSubscripts] (node_modules/@babel/parser/src/parser/expression.ts:742:23)
      at Parser.parseExprSubscripts [as parseUpdate] (node_modules/@babel/parser/src/parser/expression.ts:721:21)
      at Parser.parseUpdate [as parseMaybeUnary] (node_modules/@babel/parser/src/parser/expression.ts:683:23)
      at Parser.parseMaybeUnary [as parseMaybeUnaryOrPrivate] (node_modules/@babel/parser/src/parser/expression.ts:417:14)
      at Parser.parseMaybeUnaryOrPrivate [as parseExprOps] (node_modules/@babel/parser/src/parser/expression.ts:429:23)
      at Parser.parseExprOps [as parseMaybeConditional] (node_modules/@babel/parser/src/parser/expression.ts:384:23)
      at Parser.parseMaybeConditional [as parseMaybeAssign] (node_modules/@babel/parser/src/parser/expression.ts:301:21)
      at Parser.parseMaybeAssign [as parseExpressionBase] (node_modules/@babel/parser/src/parser/expression.ts:226:23)
      at parseExpressionBase (node_modules/@babel/parser/src/parser/expression.ts:217:39)
      at Parser.callback [as allowInAnd] (node_modules/@babel/parser/src/parser/expression.ts:3197:16)
      at Parser.allowInAnd [as parseExpression] (node_modules/@babel/parser/src/parser/expression.ts:217:17)
      at Parser.parseExpression [as parseStatementContent] (node_modules/@babel/parser/src/parser/statement.ts:688:23)
      at Parser.parseStatementContent [as parseStatementLike] (node_modules/@babel/parser/src/parser/statement.ts:482:17)
      at Parser.parseStatementLike [as parseStatementListItem] (node_modules/@babel/parser/src/parser/statement.ts:431:17)
      at Parser.parseStatementListItem [as parseBlockOrModuleBlockBody] (node_modules/@babel/parser/src/parser/statement.ts:1444:16)
      at Parser.parseBlockOrModuleBlockBody [as parseBlockBody] (node_modules/@babel/parser/src/parser/statement.ts:1417:10)
      at Parser.parseBlockBody [as parseBlock] (node_modules/@babel/parser/src/parser/statement.ts:1385:10)
      at Parser.parseBlock [as parseFunctionBody] (node_modules/@babel/parser/src/parser/expression.ts:2626:24)
      at Parser.parseFunctionBody [as parseFunctionBodyAndFinish] (node_modules/@babel/parser/src/parser/expression.ts:2595:10)
      at Parser.parseFunctionBodyAndFinish [as parseMethod] (node_modules/@babel/parser/src/parser/expression.ts:2492:31)
      at Parser.parseMethod [as pushClassMethod] (node_modules/@babel/parser/src/parser/statement.ts:2244:12)
      at Parser.pushClassMethod [as parseClassMemberWithIsStatic] (node_modules/@babel/parser/src/parser/statement.ts:2023:12)
      at Parser.parseClassMemberWithIsStatic [as parseClassMember] (node_modules/@babel/parser/src/parser/statement.ts:1938:10)
      at parseClassMember (node_modules/@babel/parser/src/parser/statement.ts:1851:14)
      at Parser.callback [as withSmartMixTopicForbiddingContext] (node_modules/@babel/parser/src/parser/expression.ts:3176:14)
      at Parser.withSmartMixTopicForbiddingContext [as parseClassBody] (node_modules/@babel/parser/src/parser/statement.ts:1823:10)
      at Parser.parseClassBody [as parseClass] (node_modules/@babel/parser/src/parser/statement.ts:1774:22)
      at Parser.parseClass [as parseExportDeclaration] (node_modules/@babel/parser/src/parser/statement.ts:2628:25)
      at Parser.parseExportDeclaration [as maybeParseExportDeclaration] (node_modules/@babel/parser/src/parser/statement.ts:2551:31)
      at Parser.maybeParseExportDeclaration [as parseExport] (node_modules/@babel/parser/src/parser/statement.ts:2432:29)
      at Parser.parseExport [as parseStatementContent] (node_modules/@babel/parser/src/parser/statement.ts:649:25)
      at Parser.parseStatementContent [as parseStatementLike] (node_modules/@babel/parser/src/parser/statement.ts:482:17)
      at Parser.parseStatementLike [as parseModuleItem] (node_modules/@babel/parser/src/parser/statement.ts:419:17)
      at Parser.parseModuleItem [as parseBlockOrModuleBlockBody] (node_modules/@babel/parser/src/parser/statement.ts:1443:16)
      at Parser.parseBlockOrModuleBlockBody [as parseBlockBody] (node_modules/@babel/parser/src/parser/statement.ts:1417:10)
      at Parser.parseBlockBody [as parseProgram] (node_modules/@babel/parser/src/parser/statement.ts:229:10)
      at Parser.parseProgram [as parseTopLevel] (node_modules/@babel/parser/src/parser/statement.ts:203:25)
      at Parser.parseTopLevel [as parse] (node_modules/@babel/parser/src/parser/index.ts:88:25)
      at parse (node_modules/@babel/parser/src/index.ts:86:38)
      at parser (node_modules/@babel/core/src/parser/index.ts:29:19)
          at parser.next (<anonymous>)
      at normalizeFile (node_modules/@babel/core/src/transformation/normalize-file.ts:50:24)
          at normalizeFile.next (<anonymous>)
      at run (node_modules/@babel/core/src/transformation/index.ts:41:36)
          at run.next (<anonymous>)
      at transform (node_modules/@babel/core/src/transform.ts:29:20)
          at transform.next (<anonymous>)
      at evaluateSync (node_modules/gensync/index.js:251:28)
      at sync (node_modules/gensync/index.js:89:14)
      at fn (node_modules/@babel/core/src/errors/rewrite-stack-trace.ts:99:14)
      at transformSync (node_modules/@babel/core/src/transform.ts:66:52)
      at ScriptTransformer.transformSource (node_modules/@jest/transform/build/index.js:422:31)
      at ScriptTransformer._transformAndBuildScript (node_modules/@jest/transform/build/index.js:519:40)
      at ScriptTransformer.transform (node_modules/@jest/transform/build/index.js:558:19)
      at Object.require (tests/DeterministicImport.test.js:2:1)

PASS tests/Calendar.test.js
PASS tests/CryptoUtils.test.js
Failed to collect coverage from /workspaces/Nadagotchi/js/Config.js
ERROR: /workspaces/Nadagotchi/js/Config.js: Unexpected token (43:0)

  41 |     },
  42 |
> 43 | <<<<<<< HEAD
     | ^
  44 |     // Minigame Settings
  45 |     MINIGAMES: {
  46 |         LOGIC_PUZZLE: {
STACK: SyntaxError: /workspaces/Nadagotchi/js/Config.js: Unexpected token (43:0)

  41 |     },
  42 |
> 43 | <<<<<<< HEAD
     | ^
  44 |     // Minigame Settings
  45 |     MINIGAMES: {
  46 |         LOGIC_PUZZLE: {
    at constructor (/workspaces/Nadagotchi/node_modules/@babel/parser/src/parse-error.ts:95:45)
    at Parser.toParseError [as raise] (/workspaces/Nadagotchi/node_modules/@babel/parser/src/tokenizer/index.ts:1507:19)
    at Parser.raise [as unexpected] (/workspaces/Nadagotchi/node_modules/@babel/parser/src/tokenizer/index.ts:1547:16)
    at Parser.unexpected [as parsePropertyName] (/workspaces/Nadagotchi/node_modules/@babel/parser/src/parser/expression.ts:2451:18)
    at Parser.parsePropertyName [as parsePropertyDefinition] (/workspaces/Nadagotchi/node_modules/@babel/parser/src/parser/expression.ts:2198:10)
    at Parser.parsePropertyDefinition [as parseObjectLike] (/workspaces/Nadagotchi/node_modules/@babel/parser/src/parser/expression.ts:2095:21)
    at Parser.parseObjectLike [as parseExprAtom] (/workspaces/Nadagotchi/node_modules/@babel/parser/src/parser/expression.ts:1181:21)
    at Parser.parseExprAtom [as parseExprSubscripts] (/workspaces/Nadagotchi/node_modules/@babel/parser/src/parser/expression.ts:742:23)
    at Parser.parseExprSubscripts [as parseUpdate] (/workspaces/Nadagotchi/node_modules/@babel/parser/src/parser/expression.ts:721:21)
    at Parser.parseUpdate [as parseMaybeUnary] (/workspaces/Nadagotchi/node_modules/@babel/parser/src/parser/expression.ts:683:23)
    at Parser.parseMaybeUnary [as parseMaybeUnaryOrPrivate] (/workspaces/Nadagotchi/node_modules/@babel/parser/src/parser/expression.ts:417:14)
    at Parser.parseMaybeUnaryOrPrivate [as parseExprOps] (/workspaces/Nadagotchi/node_modules/@babel/parser/src/parser/expression.ts:429:23)
    at Parser.parseExprOps [as parseMaybeConditional] (/workspaces/Nadagotchi/node_modules/@babel/parser/src/parser/expression.ts:384:23)
    at Parser.parseMaybeConditional [as parseMaybeAssign] (/workspaces/Nadagotchi/node_modules/@babel/parser/src/parser/expression.ts:301:21)
    at parseMaybeAssign (/workspaces/Nadagotchi/node_modules/@babel/parser/src/parser/expression.ts:257:12)
    at Parser.callback [as allowInAnd] (/workspaces/Nadagotchi/node_modules/@babel/parser/src/parser/expression.ts:3197:16)
    at Parser.allowInAnd [as parseMaybeAssignAllowIn] (/workspaces/Nadagotchi/node_modules/@babel/parser/src/parser/expression.ts:256:17)
    at Parser.parseMaybeAssignAllowIn [as parseVar] (/workspaces/Nadagotchi/node_modules/@babel/parser/src/parser/statement.ts:1587:18)
    at Parser.parseVar [as parseVarStatement] (/workspaces/Nadagotchi/node_modules/@babel/parser/src/parser/statement.ts:1251:10)
    at Parser.parseVarStatement [as parseStatementContent] (/workspaces/Nadagotchi/node_modules/@babel/parser/src/parser/statement.ts:612:21)
    at Parser.parseStatementContent [as parseStatementLike] (/workspaces/Nadagotchi/node_modules/@babel/parser/src/parser/statement.ts:482:17)
    at Parser.parseStatementLike [as parseStatementListItem] (/workspaces/Nadagotchi/node_modules/@babel/parser/src/parser/statement.ts:431:17)
    at Parser.parseStatementListItem (/workspaces/Nadagotchi/node_modules/@babel/parser/src/parser/statement.ts:2635:17)
    at Parser.parseExportDeclaration [as maybeParseExportDeclaration] (/workspaces/Nadagotchi/node_modules/@babel/parser/src/parser/statement.ts:2551:31)
    at Parser.maybeParseExportDeclaration [as parseExport] (/workspaces/Nadagotchi/node_modules/@babel/parser/src/parser/statement.ts:2432:29)
    at Parser.parseExport [as parseStatementContent] (/workspaces/Nadagotchi/node_modules/@babel/parser/src/parser/statement.ts:649:25)
    at Parser.parseStatementContent [as parseStatementLike] (/workspaces/Nadagotchi/node_modules/@babel/parser/src/parser/statement.ts:482:17)
    at Parser.parseStatementLike [as parseModuleItem] (/workspaces/Nadagotchi/node_modules/@babel/parser/src/parser/statement.ts:419:17)
    at Parser.parseModuleItem [as parseBlockOrModuleBlockBody] (/workspaces/Nadagotchi/node_modules/@babel/parser/src/parser/statement.ts:1443:16)
    at Parser.parseBlockOrModuleBlockBody [as parseBlockBody] (/workspaces/Nadagotchi/node_modules/@babel/parser/src/parser/statement.ts:1417:10)
    at Parser.parseBlockBody [as parseProgram] (/workspaces/Nadagotchi/node_modules/@babel/parser/src/parser/statement.ts:229:10)
    at Parser.parseProgram [as parseTopLevel] (/workspaces/Nadagotchi/node_modules/@babel/parser/src/parser/statement.ts:203:25)
    at Parser.parseTopLevel [as parse] (/workspaces/Nadagotchi/node_modules/@babel/parser/src/parser/index.ts:88:25)
    at parse (/workspaces/Nadagotchi/node_modules/@babel/parser/src/index.ts:86:38)
    at parser (/workspaces/Nadagotchi/node_modules/@babel/core/src/parser/index.ts:29:19)
    at parser.next (<anonymous>)
    at normalizeFile (/workspaces/Nadagotchi/node_modules/@babel/core/src/transformation/normalize-file.ts:50:24)
    at normalizeFile.next (<anonymous>)
    at run (/workspaces/Nadagotchi/node_modules/@babel/core/src/transformation/index.ts:41:36)
    at run.next (<anonymous>)
    at transform (/workspaces/Nadagotchi/node_modules/@babel/core/src/transform.ts:29:20)
    at transform.next (<anonymous>)
    at step (/workspaces/Nadagotchi/node_modules/gensync/index.js:261:32)
    at /workspaces/Nadagotchi/node_modules/gensync/index.js:273:13
    at async.call.result.err.err (/workspaces/Nadagotchi/node_modules/gensync/index.js:223:11)
Failed to collect coverage from /workspaces/Nadagotchi/js/DebugConsole.js
ERROR: /workspaces/Nadagotchi/js/DebugConsole.js: Unexpected token (85:0)

  83 |             { label: "Clear Inventory", action: () => this.clearInventory() },
  84 |             { label: "Unlock All Careers", action: () => { this.scene.nadagotchi.unlockAllCareers(); this.refreshGame(); } },
> 85 | <<<<<<< HEAD
     | ^
  86 |             { label: "+1000 Coins (Placeholder)", action: () => { this.showToast("Not Implemented", "No currency system yet!", "💰"); console.log("Currency system pending implementation."); } }
  87 | =======
  88 | { label: "+1000 Coins (Placeholder)", action: () => { console.warn("No currency system yet!"); } }
STACK: SyntaxError: /workspaces/Nadagotchi/js/DebugConsole.js: Unexpected token (85:0)

  83 |             { label: "Clear Inventory", action: () => this.clearInventory() },
  84 |             { label: "Unlock All Careers", action: () => { this.scene.nadagotchi.unlockAllCareers(); this.refreshGame(); } },
> 85 | <<<<<<< HEAD
     | ^
  86 |             { label: "+1000 Coins (Placeholder)", action: () => { this.showToast("Not Implemented", "No currency system yet!", "💰"); console.log("Currency system pending implementation."); } }
  87 | =======
  88 | { label: "+1000 Coins (Placeholder)", action: () => { console.warn("No currency system yet!"); } }
    at constructor (/workspaces/Nadagotchi/node_modules/@babel/parser/src/parse-error.ts:95:45)
    at Parser.toParseError [as raise] (/workspaces/Nadagotchi/node_modules/@babel/parser/src/tokenizer/index.ts:1507:19)
    at Parser.raise [as unexpected] (/workspaces/Nadagotchi/node_modules/@babel/parser/src/tokenizer/index.ts:1547:16)
    at Parser.unexpected [as parseExprAtom] (/workspaces/Nadagotchi/node_modules/@babel/parser/src/parser/expression.ts:1355:22)
    at Parser.parseExprAtom [as parseExprSubscripts] (/workspaces/Nadagotchi/node_modules/@babel/parser/src/parser/expression.ts:742:23)
    at Parser.parseExprSubscripts [as parseUpdate] (/workspaces/Nadagotchi/node_modules/@babel/parser/src/parser/expression.ts:721:21)
    at Parser.parseUpdate [as parseMaybeUnary] (/workspaces/Nadagotchi/node_modules/@babel/parser/src/parser/expression.ts:683:23)
    at Parser.parseMaybeUnary [as parseMaybeUnaryOrPrivate] (/workspaces/Nadagotchi/node_modules/@babel/parser/src/parser/expression.ts:417:14)
    at Parser.parseMaybeUnaryOrPrivate [as parseExprOps] (/workspaces/Nadagotchi/node_modules/@babel/parser/src/parser/expression.ts:429:23)
    at Parser.parseExprOps [as parseMaybeConditional] (/workspaces/Nadagotchi/node_modules/@babel/parser/src/parser/expression.ts:384:23)
    at Parser.parseMaybeConditional [as parseMaybeAssign] (/workspaces/Nadagotchi/node_modules/@babel/parser/src/parser/expression.ts:301:21)
    at parseMaybeAssign (/workspaces/Nadagotchi/node_modules/@babel/parser/src/parser/expression.ts:257:12)
    at Parser.callback [as allowInAnd] (/workspaces/Nadagotchi/node_modules/@babel/parser/src/parser/expression.ts:3202:12)
    at Parser.allowInAnd [as parseMaybeAssignAllowIn] (/workspaces/Nadagotchi/node_modules/@babel/parser/src/parser/expression.ts:256:17)
    at Parser.parseMaybeAssignAllowIn [as parseMaybeAssignAllowInOrVoidPattern] (/workspaces/Nadagotchi/node_modules/@babel/parser/src/parser/expression.ts:3316:17)
    at Parser.parseMaybeAssignAllowInOrVoidPattern [as parseExprListItem] (/workspaces/Nadagotchi/node_modules/@babel/parser/src/parser/expression.ts:2798:18)
    at Parser.parseExprListItem [as parseExprList] (/workspaces/Nadagotchi/node_modules/@babel/parser/src/parser/expression.ts:2742:22)
    at Parser.parseExprList [as parseArrayLike] (/workspaces/Nadagotchi/node_modules/@babel/parser/src/parser/expression.ts:2515:26)
    at Parser.parseArrayLike [as parseExprAtom] (/workspaces/Nadagotchi/node_modules/@babel/parser/src/parser/expression.ts:1174:21)
    at Parser.parseExprAtom [as parseExprSubscripts] (/workspaces/Nadagotchi/node_modules/@babel/parser/src/parser/expression.ts:742:23)
    at Parser.parseExprSubscripts [as parseUpdate] (/workspaces/Nadagotchi/node_modules/@babel/parser/src/parser/expression.ts:721:21)
    at Parser.parseUpdate [as parseMaybeUnary] (/workspaces/Nadagotchi/node_modules/@babel/parser/src/parser/expression.ts:683:23)
    at Parser.parseMaybeUnary [as parseMaybeUnaryOrPrivate] (/workspaces/Nadagotchi/node_modules/@babel/parser/src/parser/expression.ts:417:14)
    at Parser.parseMaybeUnaryOrPrivate [as parseExprOps] (/workspaces/Nadagotchi/node_modules/@babel/parser/src/parser/expression.ts:429:23)
    at Parser.parseExprOps [as parseMaybeConditional] (/workspaces/Nadagotchi/node_modules/@babel/parser/src/parser/expression.ts:384:23)
    at Parser.parseMaybeConditional [as parseMaybeAssign] (/workspaces/Nadagotchi/node_modules/@babel/parser/src/parser/expression.ts:301:21)
    at parseMaybeAssign (/workspaces/Nadagotchi/node_modules/@babel/parser/src/parser/expression.ts:257:12)
    at Parser.callback [as allowInAnd] (/workspaces/Nadagotchi/node_modules/@babel/parser/src/parser/expression.ts:3202:12)
    at Parser.allowInAnd [as parseMaybeAssignAllowIn] (/workspaces/Nadagotchi/node_modules/@babel/parser/src/parser/expression.ts:256:17)
    at Parser.parseMaybeAssignAllowIn [as parseMaybeAssignAllowInOrVoidPattern] (/workspaces/Nadagotchi/node_modules/@babel/parser/src/parser/expression.ts:3316:17)
    at Parser.parseMaybeAssignAllowInOrVoidPattern [as parseExprListItem] (/workspaces/Nadagotchi/node_modules/@babel/parser/src/parser/expression.ts:2798:18)
    at Parser.parseExprListItem [as parseCallExpressionArguments] (/workspaces/Nadagotchi/node_modules/@babel/parser/src/parser/expression.ts:1042:14)
    at Parser.parseCallExpressionArguments [as parseCoverCallAndAsyncArrowHead] (/workspaces/Nadagotchi/node_modules/@babel/parser/src/parser/expression.ts:922:29)
    at Parser.parseCoverCallAndAsyncArrowHead [as parseSubscript] (/workspaces/Nadagotchi/node_modules/@babel/parser/src/parser/expression.ts:804:19)
    at Parser.parseSubscript [as parseSubscripts] (/workspaces/Nadagotchi/node_modules/@babel/parser/src/parser/expression.ts:763:19)
    at Parser.parseSubscripts [as parseExprSubscripts] (/workspaces/Nadagotchi/node_modules/@babel/parser/src/parser/expression.ts:748:17)
    at Parser.parseExprSubscripts [as parseUpdate] (/workspaces/Nadagotchi/node_modules/@babel/parser/src/parser/expression.ts:721:21)
    at Parser.parseUpdate [as parseMaybeUnary] (/workspaces/Nadagotchi/node_modules/@babel/parser/src/parser/expression.ts:683:23)
    at Parser.parseMaybeUnary [as parseMaybeUnaryOrPrivate] (/workspaces/Nadagotchi/node_modules/@babel/parser/src/parser/expression.ts:417:14)
    at Parser.parseMaybeUnaryOrPrivate [as parseExprOps] (/workspaces/Nadagotchi/node_modules/@babel/parser/src/parser/expression.ts:429:23)
    at Parser.parseExprOps [as parseMaybeConditional] (/workspaces/Nadagotchi/node_modules/@babel/parser/src/parser/expression.ts:384:23)
    at Parser.parseMaybeConditional [as parseMaybeAssign] (/workspaces/Nadagotchi/node_modules/@babel/parser/src/parser/expression.ts:301:21)
    at Parser.parseMaybeAssign [as parseExpressionBase] (/workspaces/Nadagotchi/node_modules/@babel/parser/src/parser/expression.ts:226:23)
    at parseExpressionBase (/workspaces/Nadagotchi/node_modules/@babel/parser/src/parser/expression.ts:217:39)
    at Parser.callback [as allowInAnd] (/workspaces/Nadagotchi/node_modules/@babel/parser/src/parser/expression.ts:3197:16)
    at Parser.allowInAnd [as parseExpression] (/workspaces/Nadagotchi/node_modules/@babel/parser/src/parser/expression.ts:217:17)
    at Parser.parseExpression [as parseStatementContent] (/workspaces/Nadagotchi/node_modules/@babel/parser/src/parser/statement.ts:688:23)
    at Parser.parseStatementContent [as parseStatementLike] (/workspaces/Nadagotchi/node_modules/@babel/parser/src/parser/statement.ts:482:17)
    at Parser.parseStatementLike [as parseStatementListItem] (/workspaces/Nadagotchi/node_modules/@babel/parser/src/parser/statement.ts:431:17)
    at Parser.parseStatementListItem [as parseBlockOrModuleBlockBody] (/workspaces/Nadagotchi/node_modules/@babel/parser/src/parser/statement.ts:1444:16)
    at Parser.parseBlockOrModuleBlockBody [as parseBlockBody] (/workspaces/Nadagotchi/node_modules/@babel/parser/src/parser/statement.ts:1417:10)
    at Parser.parseBlockBody [as parseBlock] (/workspaces/Nadagotchi/node_modules/@babel/parser/src/parser/statement.ts:1385:10)
    at Parser.parseBlock [as parseFunctionBody] (/workspaces/Nadagotchi/node_modules/@babel/parser/src/parser/expression.ts:2626:24)
    at Parser.parseFunctionBody [as parseFunctionBodyAndFinish] (/workspaces/Nadagotchi/node_modules/@babel/parser/src/parser/expression.ts:2595:10)
    at Parser.parseFunctionBodyAndFinish [as parseMethod] (/workspaces/Nadagotchi/node_modules/@babel/parser/src/parser/expression.ts:2492:31)
    at Parser.parseMethod [as pushClassMethod] (/workspaces/Nadagotchi/node_modules/@babel/parser/src/parser/statement.ts:2244:12)
    at Parser.pushClassMethod [as parseClassMemberWithIsStatic] (/workspaces/Nadagotchi/node_modules/@babel/parser/src/parser/statement.ts:2023:12)
    at Parser.parseClassMemberWithIsStatic [as parseClassMember] (/workspaces/Nadagotchi/node_modules/@babel/parser/src/parser/statement.ts:1938:10)
    at parseClassMember (/workspaces/Nadagotchi/node_modules/@babel/parser/src/parser/statement.ts:1851:14)
    at Parser.callback [as withSmartMixTopicForbiddingContext] (/workspaces/Nadagotchi/node_modules/@babel/parser/src/parser/expression.ts:3176:14)
    at Parser.withSmartMixTopicForbiddingContext [as parseClassBody] (/workspaces/Nadagotchi/node_modules/@babel/parser/src/parser/statement.ts:1823:10)
    at Parser.parseClassBody [as parseClass] (/workspaces/Nadagotchi/node_modules/@babel/parser/src/parser/statement.ts:1774:22)
    at Parser.parseClass [as parseExportDeclaration] (/workspaces/Nadagotchi/node_modules/@babel/parser/src/parser/statement.ts:2628:25)
    at Parser.parseExportDeclaration [as maybeParseExportDeclaration] (/workspaces/Nadagotchi/node_modules/@babel/parser/src/parser/statement.ts:2551:31)
    at Parser.maybeParseExportDeclaration [as parseExport] (/workspaces/Nadagotchi/node_modules/@babel/parser/src/parser/statement.ts:2432:29)
    at Parser.parseExport [as parseStatementContent] (/workspaces/Nadagotchi/node_modules/@babel/parser/src/parser/statement.ts:649:25)
    at Parser.parseStatementContent [as parseStatementLike] (/workspaces/Nadagotchi/node_modules/@babel/parser/src/parser/statement.ts:482:17)
    at Parser.parseStatementLike [as parseModuleItem] (/workspaces/Nadagotchi/node_modules/@babel/parser/src/parser/statement.ts:419:17)
    at Parser.parseModuleItem [as parseBlockOrModuleBlockBody] (/workspaces/Nadagotchi/node_modules/@babel/parser/src/parser/statement.ts:1443:16)
    at Parser.parseBlockOrModuleBlockBody [as parseBlockBody] (/workspaces/Nadagotchi/node_modules/@babel/parser/src/parser/statement.ts:1417:10)
    at Parser.parseBlockBody [as parseProgram] (/workspaces/Nadagotchi/node_modules/@babel/parser/src/parser/statement.ts:229:10)
    at Parser.parseProgram [as parseTopLevel] (/workspaces/Nadagotchi/node_modules/@babel/parser/src/parser/statement.ts:203:25)
    at Parser.parseTopLevel [as parse] (/workspaces/Nadagotchi/node_modules/@babel/parser/src/parser/index.ts:88:25)
    at parse (/workspaces/Nadagotchi/node_modules/@babel/parser/src/index.ts:86:38)
    at parser (/workspaces/Nadagotchi/node_modules/@babel/core/src/parser/index.ts:29:19)
    at parser.next (<anonymous>)
    at normalizeFile (/workspaces/Nadagotchi/node_modules/@babel/core/src/transformation/normalize-file.ts:50:24)
    at normalizeFile.next (<anonymous>)
    at run (/workspaces/Nadagotchi/node_modules/@babel/core/src/transformation/index.ts:41:36)
    at run.next (<anonymous>)
    at transform (/workspaces/Nadagotchi/node_modules/@babel/core/src/transform.ts:29:20)
    at transform.next (<anonymous>)
    at step (/workspaces/Nadagotchi/node_modules/gensync/index.js:261:32)
    at /workspaces/Nadagotchi/node_modules/gensync/index.js:273:13
    at async.call.result.err.err (/workspaces/Nadagotchi/node_modules/gensync/index.js:223:11)
Failed to collect coverage from /workspaces/Nadagotchi/js/LightingManager.js
ERROR: /workspaces/Nadagotchi/js/LightingManager.js: Unexpected token (27:0)

  25 |         this.scene = scene;
  26 |
> 27 | <<<<<<< HEAD
     | ^
  28 |         // Configuration
  29 |         this.scaleRatio = 0.5; // Render at 50% resolution
  30 |         this.movementThreshold = 0.1; // Ignore movements smaller than 0.1px
STACK: SyntaxError: /workspaces/Nadagotchi/js/LightingManager.js: Unexpected token (27:0)

  25 |         this.scene = scene;
  26 |
> 27 | <<<<<<< HEAD
     | ^
  28 |         // Configuration
  29 |         this.scaleRatio = 0.5; // Render at 50% resolution
  30 |         this.movementThreshold = 0.1; // Ignore movements smaller than 0.1px
    at constructor (/workspaces/Nadagotchi/node_modules/@babel/parser/src/parse-error.ts:95:45)
    at Parser.toParseError [as raise] (/workspaces/Nadagotchi/node_modules/@babel/parser/src/tokenizer/index.ts:1507:19)
    at Parser.raise [as unexpected] (/workspaces/Nadagotchi/node_modules/@babel/parser/src/tokenizer/index.ts:1547:16)
    at Parser.unexpected [as parseExprAtom] (/workspaces/Nadagotchi/node_modules/@babel/parser/src/parser/expression.ts:1355:22)
    at Parser.parseExprAtom [as parseExprSubscripts] (/workspaces/Nadagotchi/node_modules/@babel/parser/src/parser/expression.ts:742:23)
    at Parser.parseExprSubscripts [as parseUpdate] (/workspaces/Nadagotchi/node_modules/@babel/parser/src/parser/expression.ts:721:21)
    at Parser.parseUpdate [as parseMaybeUnary] (/workspaces/Nadagotchi/node_modules/@babel/parser/src/parser/expression.ts:683:23)
    at Parser.parseMaybeUnary [as parseMaybeUnaryOrPrivate] (/workspaces/Nadagotchi/node_modules/@babel/parser/src/parser/expression.ts:417:14)
    at Parser.parseMaybeUnaryOrPrivate [as parseExprOps] (/workspaces/Nadagotchi/node_modules/@babel/parser/src/parser/expression.ts:429:23)
    at Parser.parseExprOps [as parseMaybeConditional] (/workspaces/Nadagotchi/node_modules/@babel/parser/src/parser/expression.ts:384:23)
    at Parser.parseMaybeConditional [as parseMaybeAssign] (/workspaces/Nadagotchi/node_modules/@babel/parser/src/parser/expression.ts:301:21)
    at Parser.parseMaybeAssign [as parseExpressionBase] (/workspaces/Nadagotchi/node_modules/@babel/parser/src/parser/expression.ts:226:23)
    at parseExpressionBase (/workspaces/Nadagotchi/node_modules/@babel/parser/src/parser/expression.ts:217:39)
    at Parser.callback [as allowInAnd] (/workspaces/Nadagotchi/node_modules/@babel/parser/src/parser/expression.ts:3197:16)
    at Parser.allowInAnd [as parseExpression] (/workspaces/Nadagotchi/node_modules/@babel/parser/src/parser/expression.ts:217:17)
    at Parser.parseExpression [as parseStatementContent] (/workspaces/Nadagotchi/node_modules/@babel/parser/src/parser/statement.ts:688:23)
    at Parser.parseStatementContent [as parseStatementLike] (/workspaces/Nadagotchi/node_modules/@babel/parser/src/parser/statement.ts:482:17)
    at Parser.parseStatementLike [as parseStatementListItem] (/workspaces/Nadagotchi/node_modules/@babel/parser/src/parser/statement.ts:431:17)
    at Parser.parseStatementListItem [as parseBlockOrModuleBlockBody] (/workspaces/Nadagotchi/node_modules/@babel/parser/src/parser/statement.ts:1444:16)
    at Parser.parseBlockOrModuleBlockBody [as parseBlockBody] (/workspaces/Nadagotchi/node_modules/@babel/parser/src/parser/statement.ts:1417:10)
    at Parser.parseBlockBody [as parseBlock] (/workspaces/Nadagotchi/node_modules/@babel/parser/src/parser/statement.ts:1385:10)
    at Parser.parseBlock [as parseFunctionBody] (/workspaces/Nadagotchi/node_modules/@babel/parser/src/parser/expression.ts:2626:24)
    at Parser.parseFunctionBody [as parseFunctionBodyAndFinish] (/workspaces/Nadagotchi/node_modules/@babel/parser/src/parser/expression.ts:2595:10)
    at Parser.parseFunctionBodyAndFinish [as parseMethod] (/workspaces/Nadagotchi/node_modules/@babel/parser/src/parser/expression.ts:2492:31)
    at Parser.parseMethod [as pushClassMethod] (/workspaces/Nadagotchi/node_modules/@babel/parser/src/parser/statement.ts:2244:12)
    at Parser.pushClassMethod [as parseClassMemberWithIsStatic] (/workspaces/Nadagotchi/node_modules/@babel/parser/src/parser/statement.ts:2023:12)
    at Parser.parseClassMemberWithIsStatic [as parseClassMember] (/workspaces/Nadagotchi/node_modules/@babel/parser/src/parser/statement.ts:1938:10)
    at parseClassMember (/workspaces/Nadagotchi/node_modules/@babel/parser/src/parser/statement.ts:1851:14)
    at Parser.callback [as withSmartMixTopicForbiddingContext] (/workspaces/Nadagotchi/node_modules/@babel/parser/src/parser/expression.ts:3176:14)
    at Parser.withSmartMixTopicForbiddingContext [as parseClassBody] (/workspaces/Nadagotchi/node_modules/@babel/parser/src/parser/statement.ts:1823:10)
    at Parser.parseClassBody [as parseClass] (/workspaces/Nadagotchi/node_modules/@babel/parser/src/parser/statement.ts:1774:22)
    at Parser.parseClass [as parseExportDeclaration] (/workspaces/Nadagotchi/node_modules/@babel/parser/src/parser/statement.ts:2628:25)
    at Parser.parseExportDeclaration [as maybeParseExportDeclaration] (/workspaces/Nadagotchi/node_modules/@babel/parser/src/parser/statement.ts:2551:31)
    at Parser.maybeParseExportDeclaration [as parseExport] (/workspaces/Nadagotchi/node_modules/@babel/parser/src/parser/statement.ts:2432:29)
    at Parser.parseExport [as parseStatementContent] (/workspaces/Nadagotchi/node_modules/@babel/parser/src/parser/statement.ts:649:25)
    at Parser.parseStatementContent [as parseStatementLike] (/workspaces/Nadagotchi/node_modules/@babel/parser/src/parser/statement.ts:482:17)
    at Parser.parseStatementLike [as parseModuleItem] (/workspaces/Nadagotchi/node_modules/@babel/parser/src/parser/statement.ts:419:17)
    at Parser.parseModuleItem [as parseBlockOrModuleBlockBody] (/workspaces/Nadagotchi/node_modules/@babel/parser/src/parser/statement.ts:1443:16)
    at Parser.parseBlockOrModuleBlockBody [as parseBlockBody] (/workspaces/Nadagotchi/node_modules/@babel/parser/src/parser/statement.ts:1417:10)
    at Parser.parseBlockBody [as parseProgram] (/workspaces/Nadagotchi/node_modules/@babel/parser/src/parser/statement.ts:229:10)
    at Parser.parseProgram [as parseTopLevel] (/workspaces/Nadagotchi/node_modules/@babel/parser/src/parser/statement.ts:203:25)
    at Parser.parseTopLevel [as parse] (/workspaces/Nadagotchi/node_modules/@babel/parser/src/parser/index.ts:88:25)
    at parse (/workspaces/Nadagotchi/node_modules/@babel/parser/src/index.ts:86:38)
    at parser (/workspaces/Nadagotchi/node_modules/@babel/core/src/parser/index.ts:29:19)
    at parser.next (<anonymous>)
    at normalizeFile (/workspaces/Nadagotchi/node_modules/@babel/core/src/transformation/normalize-file.ts:50:24)
    at normalizeFile.next (<anonymous>)
    at run (/workspaces/Nadagotchi/node_modules/@babel/core/src/transformation/index.ts:41:36)
    at run.next (<anonymous>)
    at transform (/workspaces/Nadagotchi/node_modules/@babel/core/src/transform.ts:29:20)
    at transform.next (<anonymous>)
    at step (/workspaces/Nadagotchi/node_modules/gensync/index.js:261:32)
    at /workspaces/Nadagotchi/node_modules/gensync/index.js:273:13
    at async.call.result.err.err (/workspaces/Nadagotchi/node_modules/gensync/index.js:223:11)
Failed to collect coverage from /workspaces/Nadagotchi/js/LogicPuzzleScene.js
ERROR: /workspaces/Nadagotchi/js/LogicPuzzleScene.js: Unexpected token (2:0)

  1 | import { EventKeys } from './EventKeys.js';
> 2 | <<<<<<< HEAD
    | ^
  3 | import { Config } from './Config.js';
  4 | =======
  5 | >>>>>>> 74fdaab (Update js/DebugConsole.js)
STACK: SyntaxError: /workspaces/Nadagotchi/js/LogicPuzzleScene.js: Unexpected token (2:0)

  1 | import { EventKeys } from './EventKeys.js';
> 2 | <<<<<<< HEAD
    | ^
  3 | import { Config } from './Config.js';
  4 | =======
  5 | >>>>>>> 74fdaab (Update js/DebugConsole.js)
    at constructor (/workspaces/Nadagotchi/node_modules/@babel/parser/src/parse-error.ts:95:45)
    at Parser.toParseError [as raise] (/workspaces/Nadagotchi/node_modules/@babel/parser/src/tokenizer/index.ts:1507:19)
    at Parser.raise [as unexpected] (/workspaces/Nadagotchi/node_modules/@babel/parser/src/tokenizer/index.ts:1547:16)
    at Parser.unexpected [as parseExprAtom] (/workspaces/Nadagotchi/node_modules/@babel/parser/src/parser/expression.ts:1355:22)
    at Parser.parseExprAtom [as parseExprSubscripts] (/workspaces/Nadagotchi/node_modules/@babel/parser/src/parser/expression.ts:742:23)
    at Parser.parseExprSubscripts [as parseUpdate] (/workspaces/Nadagotchi/node_modules/@babel/parser/src/parser/expression.ts:721:21)
    at Parser.parseUpdate [as parseMaybeUnary] (/workspaces/Nadagotchi/node_modules/@babel/parser/src/parser/expression.ts:683:23)
    at Parser.parseMaybeUnary [as parseMaybeUnaryOrPrivate] (/workspaces/Nadagotchi/node_modules/@babel/parser/src/parser/expression.ts:417:14)
    at Parser.parseMaybeUnaryOrPrivate [as parseExprOps] (/workspaces/Nadagotchi/node_modules/@babel/parser/src/parser/expression.ts:429:23)
    at Parser.parseExprOps [as parseMaybeConditional] (/workspaces/Nadagotchi/node_modules/@babel/parser/src/parser/expression.ts:384:23)
    at Parser.parseMaybeConditional [as parseMaybeAssign] (/workspaces/Nadagotchi/node_modules/@babel/parser/src/parser/expression.ts:301:21)
    at Parser.parseMaybeAssign [as parseExpressionBase] (/workspaces/Nadagotchi/node_modules/@babel/parser/src/parser/expression.ts:226:23)
    at parseExpressionBase (/workspaces/Nadagotchi/node_modules/@babel/parser/src/parser/expression.ts:217:39)
    at Parser.callback [as allowInAnd] (/workspaces/Nadagotchi/node_modules/@babel/parser/src/parser/expression.ts:3197:16)
    at Parser.allowInAnd [as parseExpression] (/workspaces/Nadagotchi/node_modules/@babel/parser/src/parser/expression.ts:217:17)
    at Parser.parseExpression [as parseStatementContent] (/workspaces/Nadagotchi/node_modules/@babel/parser/src/parser/statement.ts:688:23)
    at Parser.parseStatementContent [as parseStatementLike] (/workspaces/Nadagotchi/node_modules/@babel/parser/src/parser/statement.ts:482:17)
    at Parser.parseStatementLike [as parseModuleItem] (/workspaces/Nadagotchi/node_modules/@babel/parser/src/parser/statement.ts:419:17)
    at Parser.parseModuleItem [as parseBlockOrModuleBlockBody] (/workspaces/Nadagotchi/node_modules/@babel/parser/src/parser/statement.ts:1443:16)
    at Parser.parseBlockOrModuleBlockBody [as parseBlockBody] (/workspaces/Nadagotchi/node_modules/@babel/parser/src/parser/statement.ts:1417:10)
    at Parser.parseBlockBody [as parseProgram] (/workspaces/Nadagotchi/node_modules/@babel/parser/src/parser/statement.ts:229:10)
    at Parser.parseProgram [as parseTopLevel] (/workspaces/Nadagotchi/node_modules/@babel/parser/src/parser/statement.ts:203:25)
    at Parser.parseTopLevel [as parse] (/workspaces/Nadagotchi/node_modules/@babel/parser/src/parser/index.ts:88:25)
    at parse (/workspaces/Nadagotchi/node_modules/@babel/parser/src/index.ts:86:38)
    at parser (/workspaces/Nadagotchi/node_modules/@babel/core/src/parser/index.ts:29:19)
    at parser.next (<anonymous>)
    at normalizeFile (/workspaces/Nadagotchi/node_modules/@babel/core/src/transformation/normalize-file.ts:50:24)
    at normalizeFile.next (<anonymous>)
    at run (/workspaces/Nadagotchi/node_modules/@babel/core/src/transformation/index.ts:41:36)
    at run.next (<anonymous>)
    at transform (/workspaces/Nadagotchi/node_modules/@babel/core/src/transform.ts:29:20)
    at transform.next (<anonymous>)
    at step (/workspaces/Nadagotchi/node_modules/gensync/index.js:261:32)
    at /workspaces/Nadagotchi/node_modules/gensync/index.js:273:13
    at async.call.result.err.err (/workspaces/Nadagotchi/node_modules/gensync/index.js:223:11)
Failed to collect coverage from /workspaces/Nadagotchi/js/MainScene.js
ERROR: /workspaces/Nadagotchi/js/MainScene.js: Unexpected token (66:0)

  64 |         /** @type {number} Timestamp for the next autonomous move. */
  65 |         this.nextMoveTime = 0;
> 66 | <<<<<<< HEAD
     | ^
  67 |
  68 |         /** @type {boolean} Flag indicating if async initialization is complete. */
  69 |         this.isReady = false;
STACK: SyntaxError: /workspaces/Nadagotchi/js/MainScene.js: Unexpected token (66:0)

  64 |         /** @type {number} Timestamp for the next autonomous move. */
  65 |         this.nextMoveTime = 0;
> 66 | <<<<<<< HEAD
     | ^
  67 |
  68 |         /** @type {boolean} Flag indicating if async initialization is complete. */
  69 |         this.isReady = false;
    at constructor (/workspaces/Nadagotchi/node_modules/@babel/parser/src/parse-error.ts:95:45)
    at Parser.toParseError [as raise] (/workspaces/Nadagotchi/node_modules/@babel/parser/src/tokenizer/index.ts:1507:19)
    at Parser.raise [as unexpected] (/workspaces/Nadagotchi/node_modules/@babel/parser/src/tokenizer/index.ts:1547:16)
    at Parser.unexpected [as parseExprAtom] (/workspaces/Nadagotchi/node_modules/@babel/parser/src/parser/expression.ts:1355:22)
    at Parser.parseExprAtom [as parseExprSubscripts] (/workspaces/Nadagotchi/node_modules/@babel/parser/src/parser/expression.ts:742:23)
    at Parser.parseExprSubscripts [as parseUpdate] (/workspaces/Nadagotchi/node_modules/@babel/parser/src/parser/expression.ts:721:21)
    at Parser.parseUpdate [as parseMaybeUnary] (/workspaces/Nadagotchi/node_modules/@babel/parser/src/parser/expression.ts:683:23)
    at Parser.parseMaybeUnary [as parseMaybeUnaryOrPrivate] (/workspaces/Nadagotchi/node_modules/@babel/parser/src/parser/expression.ts:417:14)
    at Parser.parseMaybeUnaryOrPrivate [as parseExprOps] (/workspaces/Nadagotchi/node_modules/@babel/parser/src/parser/expression.ts:429:23)
    at Parser.parseExprOps [as parseMaybeConditional] (/workspaces/Nadagotchi/node_modules/@babel/parser/src/parser/expression.ts:384:23)
    at Parser.parseMaybeConditional [as parseMaybeAssign] (/workspaces/Nadagotchi/node_modules/@babel/parser/src/parser/expression.ts:301:21)
    at Parser.parseMaybeAssign [as parseExpressionBase] (/workspaces/Nadagotchi/node_modules/@babel/parser/src/parser/expression.ts:226:23)
    at parseExpressionBase (/workspaces/Nadagotchi/node_modules/@babel/parser/src/parser/expression.ts:217:39)
    at Parser.callback [as allowInAnd] (/workspaces/Nadagotchi/node_modules/@babel/parser/src/parser/expression.ts:3197:16)
    at Parser.allowInAnd [as parseExpression] (/workspaces/Nadagotchi/node_modules/@babel/parser/src/parser/expression.ts:217:17)
    at Parser.parseExpression [as parseStatementContent] (/workspaces/Nadagotchi/node_modules/@babel/parser/src/parser/statement.ts:688:23)
    at Parser.parseStatementContent [as parseStatementLike] (/workspaces/Nadagotchi/node_modules/@babel/parser/src/parser/statement.ts:482:17)
    at Parser.parseStatementLike [as parseStatementListItem] (/workspaces/Nadagotchi/node_modules/@babel/parser/src/parser/statement.ts:431:17)
    at Parser.parseStatementListItem [as parseBlockOrModuleBlockBody] (/workspaces/Nadagotchi/node_modules/@babel/parser/src/parser/statement.ts:1444:16)
    at Parser.parseBlockOrModuleBlockBody [as parseBlockBody] (/workspaces/Nadagotchi/node_modules/@babel/parser/src/parser/statement.ts:1417:10)
    at Parser.parseBlockBody [as parseBlock] (/workspaces/Nadagotchi/node_modules/@babel/parser/src/parser/statement.ts:1385:10)
    at Parser.parseBlock [as parseFunctionBody] (/workspaces/Nadagotchi/node_modules/@babel/parser/src/parser/expression.ts:2626:24)
    at Parser.parseFunctionBody [as parseFunctionBodyAndFinish] (/workspaces/Nadagotchi/node_modules/@babel/parser/src/parser/expression.ts:2595:10)
    at Parser.parseFunctionBodyAndFinish [as parseMethod] (/workspaces/Nadagotchi/node_modules/@babel/parser/src/parser/expression.ts:2492:31)
    at Parser.parseMethod [as pushClassMethod] (/workspaces/Nadagotchi/node_modules/@babel/parser/src/parser/statement.ts:2244:12)
    at Parser.pushClassMethod [as parseClassMemberWithIsStatic] (/workspaces/Nadagotchi/node_modules/@babel/parser/src/parser/statement.ts:2023:12)
    at Parser.parseClassMemberWithIsStatic [as parseClassMember] (/workspaces/Nadagotchi/node_modules/@babel/parser/src/parser/statement.ts:1938:10)
    at parseClassMember (/workspaces/Nadagotchi/node_modules/@babel/parser/src/parser/statement.ts:1851:14)
    at Parser.callback [as withSmartMixTopicForbiddingContext] (/workspaces/Nadagotchi/node_modules/@babel/parser/src/parser/expression.ts:3176:14)
    at Parser.withSmartMixTopicForbiddingContext [as parseClassBody] (/workspaces/Nadagotchi/node_modules/@babel/parser/src/parser/statement.ts:1823:10)
    at Parser.parseClassBody [as parseClass] (/workspaces/Nadagotchi/node_modules/@babel/parser/src/parser/statement.ts:1774:22)
    at Parser.parseClass [as parseExportDeclaration] (/workspaces/Nadagotchi/node_modules/@babel/parser/src/parser/statement.ts:2628:25)
    at Parser.parseExportDeclaration [as maybeParseExportDeclaration] (/workspaces/Nadagotchi/node_modules/@babel/parser/src/parser/statement.ts:2551:31)
    at Parser.maybeParseExportDeclaration [as parseExport] (/workspaces/Nadagotchi/node_modules/@babel/parser/src/parser/statement.ts:2432:29)
    at Parser.parseExport [as parseStatementContent] (/workspaces/Nadagotchi/node_modules/@babel/parser/src/parser/statement.ts:649:25)
    at Parser.parseStatementContent [as parseStatementLike] (/workspaces/Nadagotchi/node_modules/@babel/parser/src/parser/statement.ts:482:17)
    at Parser.parseStatementLike [as parseModuleItem] (/workspaces/Nadagotchi/node_modules/@babel/parser/src/parser/statement.ts:419:17)
    at Parser.parseModuleItem [as parseBlockOrModuleBlockBody] (/workspaces/Nadagotchi/node_modules/@babel/parser/src/parser/statement.ts:1443:16)
    at Parser.parseBlockOrModuleBlockBody [as parseBlockBody] (/workspaces/Nadagotchi/node_modules/@babel/parser/src/parser/statement.ts:1417:10)
    at Parser.parseBlockBody [as parseProgram] (/workspaces/Nadagotchi/node_modules/@babel/parser/src/parser/statement.ts:229:10)
    at Parser.parseProgram [as parseTopLevel] (/workspaces/Nadagotchi/node_modules/@babel/parser/src/parser/statement.ts:203:25)
    at Parser.parseTopLevel [as parse] (/workspaces/Nadagotchi/node_modules/@babel/parser/src/parser/index.ts:88:25)
    at parse (/workspaces/Nadagotchi/node_modules/@babel/parser/src/index.ts:86:38)
    at parser (/workspaces/Nadagotchi/node_modules/@babel/core/src/parser/index.ts:29:19)
    at parser.next (<anonymous>)
    at normalizeFile (/workspaces/Nadagotchi/node_modules/@babel/core/src/transformation/normalize-file.ts:50:24)
    at normalizeFile.next (<anonymous>)
    at run (/workspaces/Nadagotchi/node_modules/@babel/core/src/transformation/index.ts:41:36)
    at run.next (<anonymous>)
    at transform (/workspaces/Nadagotchi/node_modules/@babel/core/src/transform.ts:29:20)
    at transform.next (<anonymous>)
    at step (/workspaces/Nadagotchi/node_modules/gensync/index.js:261:32)
    at /workspaces/Nadagotchi/node_modules/gensync/index.js:273:13
    at async.call.result.err.err (/workspaces/Nadagotchi/node_modules/gensync/index.js:223:11)
Failed to collect coverage from /workspaces/Nadagotchi/js/Nadagotchi.js
ERROR: /workspaces/Nadagotchi/js/Nadagotchi.js: Unexpected token (32:0)

  30 |      */
  31 |     constructor(initialArchetype, loadedData = null) {
> 32 | <<<<<<< HEAD
     | ^
  33 |         /** @type {boolean} Indicates if the asynchronous initialization is complete. */
  34 |         this.isInitialized = false;
  35 |
STACK: SyntaxError: /workspaces/Nadagotchi/js/Nadagotchi.js: Unexpected token (32:0)

  30 |      */
  31 |     constructor(initialArchetype, loadedData = null) {
> 32 | <<<<<<< HEAD
     | ^
  33 |         /** @type {boolean} Indicates if the asynchronous initialization is complete. */
  34 |         this.isInitialized = false;
  35 |
    at constructor (/workspaces/Nadagotchi/node_modules/@babel/parser/src/parse-error.ts:95:45)
    at Parser.toParseError [as raise] (/workspaces/Nadagotchi/node_modules/@babel/parser/src/tokenizer/index.ts:1507:19)
    at Parser.raise [as unexpected] (/workspaces/Nadagotchi/node_modules/@babel/parser/src/tokenizer/index.ts:1547:16)
    at Parser.unexpected [as parseExprAtom] (/workspaces/Nadagotchi/node_modules/@babel/parser/src/parser/expression.ts:1355:22)
    at Parser.parseExprAtom [as parseExprSubscripts] (/workspaces/Nadagotchi/node_modules/@babel/parser/src/parser/expression.ts:742:23)
    at Parser.parseExprSubscripts [as parseUpdate] (/workspaces/Nadagotchi/node_modules/@babel/parser/src/parser/expression.ts:721:21)
    at Parser.parseUpdate [as parseMaybeUnary] (/workspaces/Nadagotchi/node_modules/@babel/parser/src/parser/expression.ts:683:23)
    at Parser.parseMaybeUnary [as parseMaybeUnaryOrPrivate] (/workspaces/Nadagotchi/node_modules/@babel/parser/src/parser/expression.ts:417:14)
    at Parser.parseMaybeUnaryOrPrivate [as parseExprOps] (/workspaces/Nadagotchi/node_modules/@babel/parser/src/parser/expression.ts:429:23)
    at Parser.parseExprOps [as parseMaybeConditional] (/workspaces/Nadagotchi/node_modules/@babel/parser/src/parser/expression.ts:384:23)
    at Parser.parseMaybeConditional [as parseMaybeAssign] (/workspaces/Nadagotchi/node_modules/@babel/parser/src/parser/expression.ts:301:21)
    at Parser.parseMaybeAssign [as parseExpressionBase] (/workspaces/Nadagotchi/node_modules/@babel/parser/src/parser/expression.ts:226:23)
    at parseExpressionBase (/workspaces/Nadagotchi/node_modules/@babel/parser/src/parser/expression.ts:217:39)
    at Parser.callback [as allowInAnd] (/workspaces/Nadagotchi/node_modules/@babel/parser/src/parser/expression.ts:3197:16)
    at Parser.allowInAnd [as parseExpression] (/workspaces/Nadagotchi/node_modules/@babel/parser/src/parser/expression.ts:217:17)
    at Parser.parseExpression [as parseStatementContent] (/workspaces/Nadagotchi/node_modules/@babel/parser/src/parser/statement.ts:688:23)
    at Parser.parseStatementContent [as parseStatementLike] (/workspaces/Nadagotchi/node_modules/@babel/parser/src/parser/statement.ts:482:17)
    at Parser.parseStatementLike [as parseStatementListItem] (/workspaces/Nadagotchi/node_modules/@babel/parser/src/parser/statement.ts:431:17)
    at Parser.parseStatementListItem [as parseBlockOrModuleBlockBody] (/workspaces/Nadagotchi/node_modules/@babel/parser/src/parser/statement.ts:1444:16)
    at Parser.parseBlockOrModuleBlockBody [as parseBlockBody] (/workspaces/Nadagotchi/node_modules/@babel/parser/src/parser/statement.ts:1417:10)
    at Parser.parseBlockBody [as parseBlock] (/workspaces/Nadagotchi/node_modules/@babel/parser/src/parser/statement.ts:1385:10)
    at Parser.parseBlock [as parseFunctionBody] (/workspaces/Nadagotchi/node_modules/@babel/parser/src/parser/expression.ts:2626:24)
    at Parser.parseFunctionBody [as parseFunctionBodyAndFinish] (/workspaces/Nadagotchi/node_modules/@babel/parser/src/parser/expression.ts:2595:10)
    at Parser.parseFunctionBodyAndFinish [as parseMethod] (/workspaces/Nadagotchi/node_modules/@babel/parser/src/parser/expression.ts:2492:31)
    at Parser.parseMethod [as pushClassMethod] (/workspaces/Nadagotchi/node_modules/@babel/parser/src/parser/statement.ts:2244:12)
    at Parser.pushClassMethod [as parseClassMemberWithIsStatic] (/workspaces/Nadagotchi/node_modules/@babel/parser/src/parser/statement.ts:2023:12)
    at Parser.parseClassMemberWithIsStatic [as parseClassMember] (/workspaces/Nadagotchi/node_modules/@babel/parser/src/parser/statement.ts:1938:10)
    at parseClassMember (/workspaces/Nadagotchi/node_modules/@babel/parser/src/parser/statement.ts:1851:14)
    at Parser.callback [as withSmartMixTopicForbiddingContext] (/workspaces/Nadagotchi/node_modules/@babel/parser/src/parser/expression.ts:3176:14)
    at Parser.withSmartMixTopicForbiddingContext [as parseClassBody] (/workspaces/Nadagotchi/node_modules/@babel/parser/src/parser/statement.ts:1823:10)
    at Parser.parseClassBody [as parseClass] (/workspaces/Nadagotchi/node_modules/@babel/parser/src/parser/statement.ts:1774:22)
    at Parser.parseClass [as parseExportDeclaration] (/workspaces/Nadagotchi/node_modules/@babel/parser/src/parser/statement.ts:2628:25)
    at Parser.parseExportDeclaration [as maybeParseExportDeclaration] (/workspaces/Nadagotchi/node_modules/@babel/parser/src/parser/statement.ts:2551:31)
    at Parser.maybeParseExportDeclaration [as parseExport] (/workspaces/Nadagotchi/node_modules/@babel/parser/src/parser/statement.ts:2432:29)
    at Parser.parseExport [as parseStatementContent] (/workspaces/Nadagotchi/node_modules/@babel/parser/src/parser/statement.ts:649:25)
    at Parser.parseStatementContent [as parseStatementLike] (/workspaces/Nadagotchi/node_modules/@babel/parser/src/parser/statement.ts:482:17)
    at Parser.parseStatementLike [as parseModuleItem] (/workspaces/Nadagotchi/node_modules/@babel/parser/src/parser/statement.ts:419:17)
    at Parser.parseModuleItem [as parseBlockOrModuleBlockBody] (/workspaces/Nadagotchi/node_modules/@babel/parser/src/parser/statement.ts:1443:16)
    at Parser.parseBlockOrModuleBlockBody [as parseBlockBody] (/workspaces/Nadagotchi/node_modules/@babel/parser/src/parser/statement.ts:1417:10)
    at Parser.parseBlockBody [as parseProgram] (/workspaces/Nadagotchi/node_modules/@babel/parser/src/parser/statement.ts:229:10)
    at Parser.parseProgram [as parseTopLevel] (/workspaces/Nadagotchi/node_modules/@babel/parser/src/parser/statement.ts:203:25)
    at Parser.parseTopLevel [as parse] (/workspaces/Nadagotchi/node_modules/@babel/parser/src/parser/index.ts:88:25)
    at parse (/workspaces/Nadagotchi/node_modules/@babel/parser/src/index.ts:86:38)
    at parser (/workspaces/Nadagotchi/node_modules/@babel/core/src/parser/index.ts:29:19)
    at parser.next (<anonymous>)
    at normalizeFile (/workspaces/Nadagotchi/node_modules/@babel/core/src/transformation/normalize-file.ts:50:24)
    at normalizeFile.next (<anonymous>)
    at run (/workspaces/Nadagotchi/node_modules/@babel/core/src/transformation/index.ts:41:36)
    at run.next (<anonymous>)
    at transform (/workspaces/Nadagotchi/node_modules/@babel/core/src/transform.ts:29:20)
    at transform.next (<anonymous>)
    at step (/workspaces/Nadagotchi/node_modules/gensync/index.js:261:32)
    at /workspaces/Nadagotchi/node_modules/gensync/index.js:273:13
    at async.call.result.err.err (/workspaces/Nadagotchi/node_modules/gensync/index.js:223:11)
Failed to collect coverage from /workspaces/Nadagotchi/js/PersistenceManager.js
ERROR: /workspaces/Nadagotchi/js/PersistenceManager.js: Unexpected token (7:0)

   5 |
   6 | import { toBase64, fromBase64 } from './utils/Encoding.js';
>  7 | <<<<<<< HEAD
     | ^
   8 | import { CryptoUtils } from './utils/CryptoUtils.js';
   9 | =======
  10 | >>>>>>> 74fdaab (Update js/DebugConsole.js)
STACK: SyntaxError: /workspaces/Nadagotchi/js/PersistenceManager.js: Unexpected token (7:0)

   5 |
   6 | import { toBase64, fromBase64 } from './utils/Encoding.js';
>  7 | <<<<<<< HEAD
     | ^
   8 | import { CryptoUtils } from './utils/CryptoUtils.js';
   9 | =======
  10 | >>>>>>> 74fdaab (Update js/DebugConsole.js)
    at constructor (/workspaces/Nadagotchi/node_modules/@babel/parser/src/parse-error.ts:95:45)
    at Parser.toParseError [as raise] (/workspaces/Nadagotchi/node_modules/@babel/parser/src/tokenizer/index.ts:1507:19)
    at Parser.raise [as unexpected] (/workspaces/Nadagotchi/node_modules/@babel/parser/src/tokenizer/index.ts:1547:16)
    at Parser.unexpected [as parseExprAtom] (/workspaces/Nadagotchi/node_modules/@babel/parser/src/parser/expression.ts:1355:22)
    at Parser.parseExprAtom [as parseExprSubscripts] (/workspaces/Nadagotchi/node_modules/@babel/parser/src/parser/expression.ts:742:23)
    at Parser.parseExprSubscripts [as parseUpdate] (/workspaces/Nadagotchi/node_modules/@babel/parser/src/parser/expression.ts:721:21)
    at Parser.parseUpdate [as parseMaybeUnary] (/workspaces/Nadagotchi/node_modules/@babel/parser/src/parser/expression.ts:683:23)
    at Parser.parseMaybeUnary [as parseMaybeUnaryOrPrivate] (/workspaces/Nadagotchi/node_modules/@babel/parser/src/parser/expression.ts:417:14)
    at Parser.parseMaybeUnaryOrPrivate [as parseExprOps] (/workspaces/Nadagotchi/node_modules/@babel/parser/src/parser/expression.ts:429:23)
    at Parser.parseExprOps [as parseMaybeConditional] (/workspaces/Nadagotchi/node_modules/@babel/parser/src/parser/expression.ts:384:23)
    at Parser.parseMaybeConditional [as parseMaybeAssign] (/workspaces/Nadagotchi/node_modules/@babel/parser/src/parser/expression.ts:301:21)
    at Parser.parseMaybeAssign [as parseExpressionBase] (/workspaces/Nadagotchi/node_modules/@babel/parser/src/parser/expression.ts:226:23)
    at parseExpressionBase (/workspaces/Nadagotchi/node_modules/@babel/parser/src/parser/expression.ts:217:39)
    at Parser.callback [as allowInAnd] (/workspaces/Nadagotchi/node_modules/@babel/parser/src/parser/expression.ts:3197:16)
    at Parser.allowInAnd [as parseExpression] (/workspaces/Nadagotchi/node_modules/@babel/parser/src/parser/expression.ts:217:17)
    at Parser.parseExpression [as parseStatementContent] (/workspaces/Nadagotchi/node_modules/@babel/parser/src/parser/statement.ts:688:23)
    at Parser.parseStatementContent [as parseStatementLike] (/workspaces/Nadagotchi/node_modules/@babel/parser/src/parser/statement.ts:482:17)
    at Parser.parseStatementLike [as parseModuleItem] (/workspaces/Nadagotchi/node_modules/@babel/parser/src/parser/statement.ts:419:17)
    at Parser.parseModuleItem [as parseBlockOrModuleBlockBody] (/workspaces/Nadagotchi/node_modules/@babel/parser/src/parser/statement.ts:1443:16)
    at Parser.parseBlockOrModuleBlockBody [as parseBlockBody] (/workspaces/Nadagotchi/node_modules/@babel/parser/src/parser/statement.ts:1417:10)
    at Parser.parseBlockBody [as parseProgram] (/workspaces/Nadagotchi/node_modules/@babel/parser/src/parser/statement.ts:229:10)
    at Parser.parseProgram [as parseTopLevel] (/workspaces/Nadagotchi/node_modules/@babel/parser/src/parser/statement.ts:203:25)
    at Parser.parseTopLevel [as parse] (/workspaces/Nadagotchi/node_modules/@babel/parser/src/parser/index.ts:88:25)
    at parse (/workspaces/Nadagotchi/node_modules/@babel/parser/src/index.ts:86:38)
    at parser (/workspaces/Nadagotchi/node_modules/@babel/core/src/parser/index.ts:29:19)
    at parser.next (<anonymous>)
    at normalizeFile (/workspaces/Nadagotchi/node_modules/@babel/core/src/transformation/normalize-file.ts:50:24)
    at normalizeFile.next (<anonymous>)
    at run (/workspaces/Nadagotchi/node_modules/@babel/core/src/transformation/index.ts:41:36)
    at run.next (<anonymous>)
    at transform (/workspaces/Nadagotchi/node_modules/@babel/core/src/transform.ts:29:20)
    at transform.next (<anonymous>)
    at step (/workspaces/Nadagotchi/node_modules/gensync/index.js:261:32)
    at /workspaces/Nadagotchi/node_modules/gensync/index.js:273:13
    at async.call.result.err.err (/workspaces/Nadagotchi/node_modules/gensync/index.js:223:11)
Failed to collect coverage from /workspaces/Nadagotchi/js/ScoutMinigameScene.js
ERROR: /workspaces/Nadagotchi/js/ScoutMinigameScene.js: Unexpected token (80:0)

  78 |             } else {
  79 |                 // Not a match, flip them back after a delay
> 80 | <<<<<<< HEAD
     | ^
  81 |                 // Pass current selections as arguments to closure to ensure we flip the correct cards
  82 |                 // even if global state shifts (though input is blocked).
  83 |                 this.time.delayedCall(1000, (card1, card2) => {
STACK: SyntaxError: /workspaces/Nadagotchi/js/ScoutMinigameScene.js: Unexpected token (80:0)

  78 |             } else {
  79 |                 // Not a match, flip them back after a delay
> 80 | <<<<<<< HEAD
     | ^
  81 |                 // Pass current selections as arguments to closure to ensure we flip the correct cards
  82 |                 // even if global state shifts (though input is blocked).
  83 |                 this.time.delayedCall(1000, (card1, card2) => {
    at constructor (/workspaces/Nadagotchi/node_modules/@babel/parser/src/parse-error.ts:95:45)
    at Parser.toParseError [as raise] (/workspaces/Nadagotchi/node_modules/@babel/parser/src/tokenizer/index.ts:1507:19)
    at Parser.raise [as unexpected] (/workspaces/Nadagotchi/node_modules/@babel/parser/src/tokenizer/index.ts:1547:16)
    at Parser.unexpected [as parseExprAtom] (/workspaces/Nadagotchi/node_modules/@babel/parser/src/parser/expression.ts:1355:22)
    at Parser.parseExprAtom [as parseExprSubscripts] (/workspaces/Nadagotchi/node_modules/@babel/parser/src/parser/expression.ts:742:23)
    at Parser.parseExprSubscripts [as parseUpdate] (/workspaces/Nadagotchi/node_modules/@babel/parser/src/parser/expression.ts:721:21)
    at Parser.parseUpdate [as parseMaybeUnary] (/workspaces/Nadagotchi/node_modules/@babel/parser/src/parser/expression.ts:683:23)
    at Parser.parseMaybeUnary [as parseMaybeUnaryOrPrivate] (/workspaces/Nadagotchi/node_modules/@babel/parser/src/parser/expression.ts:417:14)
    at Parser.parseMaybeUnaryOrPrivate [as parseExprOps] (/workspaces/Nadagotchi/node_modules/@babel/parser/src/parser/expression.ts:429:23)
    at Parser.parseExprOps [as parseMaybeConditional] (/workspaces/Nadagotchi/node_modules/@babel/parser/src/parser/expression.ts:384:23)
    at Parser.parseMaybeConditional [as parseMaybeAssign] (/workspaces/Nadagotchi/node_modules/@babel/parser/src/parser/expression.ts:301:21)
    at Parser.parseMaybeAssign [as parseExpressionBase] (/workspaces/Nadagotchi/node_modules/@babel/parser/src/parser/expression.ts:226:23)
    at parseExpressionBase (/workspaces/Nadagotchi/node_modules/@babel/parser/src/parser/expression.ts:217:39)
    at Parser.callback [as allowInAnd] (/workspaces/Nadagotchi/node_modules/@babel/parser/src/parser/expression.ts:3197:16)
    at Parser.allowInAnd [as parseExpression] (/workspaces/Nadagotchi/node_modules/@babel/parser/src/parser/expression.ts:217:17)
    at Parser.parseExpression [as parseStatementContent] (/workspaces/Nadagotchi/node_modules/@babel/parser/src/parser/statement.ts:688:23)
    at Parser.parseStatementContent [as parseStatementLike] (/workspaces/Nadagotchi/node_modules/@babel/parser/src/parser/statement.ts:482:17)
    at Parser.parseStatementLike [as parseStatementListItem] (/workspaces/Nadagotchi/node_modules/@babel/parser/src/parser/statement.ts:431:17)
    at Parser.parseStatementListItem [as parseBlockOrModuleBlockBody] (/workspaces/Nadagotchi/node_modules/@babel/parser/src/parser/statement.ts:1444:16)
    at Parser.parseBlockOrModuleBlockBody [as parseBlockBody] (/workspaces/Nadagotchi/node_modules/@babel/parser/src/parser/statement.ts:1417:10)
    at Parser.parseBlockBody [as parseBlock] (/workspaces/Nadagotchi/node_modules/@babel/parser/src/parser/statement.ts:1385:10)
    at Parser.parseBlock [as parseStatementContent] (/workspaces/Nadagotchi/node_modules/@babel/parser/src/parser/statement.ts:622:21)
    at Parser.parseStatementContent [as parseStatementLike] (/workspaces/Nadagotchi/node_modules/@babel/parser/src/parser/statement.ts:482:17)
    at Parser.parseStatementLike [as parseStatementOrSloppyAnnexBFunctionDeclaration] (/workspaces/Nadagotchi/node_modules/@babel/parser/src/parser/statement.ts:451:17)
    at Parser.parseStatementOrSloppyAnnexBFunctionDeclaration [as parseIfStatement] (/workspaces/Nadagotchi/node_modules/@babel/parser/src/parser/statement.ts:1096:14)
    at Parser.parseIfStatement [as parseStatementContent] (/workspaces/Nadagotchi/node_modules/@babel/parser/src/parser/statement.ts:541:21)
    at Parser.parseStatementContent [as parseStatementLike] (/workspaces/Nadagotchi/node_modules/@babel/parser/src/parser/statement.ts:482:17)
    at Parser.parseStatementLike [as parseStatementListItem] (/workspaces/Nadagotchi/node_modules/@babel/parser/src/parser/statement.ts:431:17)
    at Parser.parseStatementListItem [as parseBlockOrModuleBlockBody] (/workspaces/Nadagotchi/node_modules/@babel/parser/src/parser/statement.ts:1444:16)
    at Parser.parseBlockOrModuleBlockBody [as parseBlockBody] (/workspaces/Nadagotchi/node_modules/@babel/parser/src/parser/statement.ts:1417:10)
    at Parser.parseBlockBody [as parseBlock] (/workspaces/Nadagotchi/node_modules/@babel/parser/src/parser/statement.ts:1385:10)
    at Parser.parseBlock [as parseFunctionBody] (/workspaces/Nadagotchi/node_modules/@babel/parser/src/parser/expression.ts:2626:24)
    at Parser.parseFunctionBody [as parseArrowExpression] (/workspaces/Nadagotchi/node_modules/@babel/parser/src/parser/expression.ts:2563:10)
    at Parser.parseArrowExpression [as parseParenAndDistinguishExpression] (/workspaces/Nadagotchi/node_modules/@babel/parser/src/parser/expression.ts:1847:12)
    at Parser.parseParenAndDistinguishExpression [as parseExprAtom] (/workspaces/Nadagotchi/node_modules/@babel/parser/src/parser/expression.ts:1170:21)
    at Parser.parseExprAtom [as parseExprSubscripts] (/workspaces/Nadagotchi/node_modules/@babel/parser/src/parser/expression.ts:742:23)
    at Parser.parseExprSubscripts [as parseUpdate] (/workspaces/Nadagotchi/node_modules/@babel/parser/src/parser/expression.ts:721:21)
    at Parser.parseUpdate [as parseMaybeUnary] (/workspaces/Nadagotchi/node_modules/@babel/parser/src/parser/expression.ts:683:23)
    at Parser.parseMaybeUnary [as parseMaybeUnaryOrPrivate] (/workspaces/Nadagotchi/node_modules/@babel/parser/src/parser/expression.ts:417:14)
    at Parser.parseMaybeUnaryOrPrivate [as parseExprOps] (/workspaces/Nadagotchi/node_modules/@babel/parser/src/parser/expression.ts:429:23)
    at Parser.parseExprOps [as parseMaybeConditional] (/workspaces/Nadagotchi/node_modules/@babel/parser/src/parser/expression.ts:384:23)
    at Parser.parseMaybeConditional [as parseMaybeAssign] (/workspaces/Nadagotchi/node_modules/@babel/parser/src/parser/expression.ts:301:21)
    at parseMaybeAssign (/workspaces/Nadagotchi/node_modules/@babel/parser/src/parser/expression.ts:257:12)
    at Parser.callback [as allowInAnd] (/workspaces/Nadagotchi/node_modules/@babel/parser/src/parser/expression.ts:3197:16)
    at Parser.allowInAnd [as parseMaybeAssignAllowIn] (/workspaces/Nadagotchi/node_modules/@babel/parser/src/parser/expression.ts:256:17)
    at Parser.parseMaybeAssignAllowIn [as parseVar] (/workspaces/Nadagotchi/node_modules/@babel/parser/src/parser/statement.ts:1587:18)
    at Parser.parseVar [as parseVarStatement] (/workspaces/Nadagotchi/node_modules/@babel/parser/src/parser/statement.ts:1251:10)
    at Parser.parseVarStatement [as parseStatementContent] (/workspaces/Nadagotchi/node_modules/@babel/parser/src/parser/statement.ts:612:21)
    at Parser.parseStatementContent [as parseStatementLike] (/workspaces/Nadagotchi/node_modules/@babel/parser/src/parser/statement.ts:482:17)
    at Parser.parseStatementLike [as parseStatementListItem] (/workspaces/Nadagotchi/node_modules/@babel/parser/src/parser/statement.ts:431:17)
    at Parser.parseStatementListItem [as parseBlockOrModuleBlockBody] (/workspaces/Nadagotchi/node_modules/@babel/parser/src/parser/statement.ts:1444:16)
    at Parser.parseBlockOrModuleBlockBody [as parseBlockBody] (/workspaces/Nadagotchi/node_modules/@babel/parser/src/parser/statement.ts:1417:10)
    at Parser.parseBlockBody [as parseBlock] (/workspaces/Nadagotchi/node_modules/@babel/parser/src/parser/statement.ts:1385:10)
    at Parser.parseBlock [as parseFunctionBody] (/workspaces/Nadagotchi/node_modules/@babel/parser/src/parser/expression.ts:2626:24)
    at Parser.parseFunctionBody [as parseFunctionBodyAndFinish] (/workspaces/Nadagotchi/node_modules/@babel/parser/src/parser/expression.ts:2595:10)
    at Parser.parseFunctionBodyAndFinish [as parseMethod] (/workspaces/Nadagotchi/node_modules/@babel/parser/src/parser/expression.ts:2492:31)
    at Parser.parseMethod [as pushClassMethod] (/workspaces/Nadagotchi/node_modules/@babel/parser/src/parser/statement.ts:2244:12)
    at Parser.pushClassMethod [as parseClassMemberWithIsStatic] (/workspaces/Nadagotchi/node_modules/@babel/parser/src/parser/statement.ts:2023:12)
    at Parser.parseClassMemberWithIsStatic [as parseClassMember] (/workspaces/Nadagotchi/node_modules/@babel/parser/src/parser/statement.ts:1938:10)
    at parseClassMember (/workspaces/Nadagotchi/node_modules/@babel/parser/src/parser/statement.ts:1851:14)
    at Parser.callback [as withSmartMixTopicForbiddingContext] (/workspaces/Nadagotchi/node_modules/@babel/parser/src/parser/expression.ts:3176:14)
    at Parser.withSmartMixTopicForbiddingContext [as parseClassBody] (/workspaces/Nadagotchi/node_modules/@babel/parser/src/parser/statement.ts:1823:10)
    at Parser.parseClassBody [as parseClass] (/workspaces/Nadagotchi/node_modules/@babel/parser/src/parser/statement.ts:1774:22)
    at Parser.parseClass [as parseExportDeclaration] (/workspaces/Nadagotchi/node_modules/@babel/parser/src/parser/statement.ts:2628:25)
    at Parser.parseExportDeclaration [as maybeParseExportDeclaration] (/workspaces/Nadagotchi/node_modules/@babel/parser/src/parser/statement.ts:2551:31)
    at Parser.maybeParseExportDeclaration [as parseExport] (/workspaces/Nadagotchi/node_modules/@babel/parser/src/parser/statement.ts:2432:29)
    at Parser.parseExport [as parseStatementContent] (/workspaces/Nadagotchi/node_modules/@babel/parser/src/parser/statement.ts:649:25)
    at Parser.parseStatementContent [as parseStatementLike] (/workspaces/Nadagotchi/node_modules/@babel/parser/src/parser/statement.ts:482:17)
    at Parser.parseStatementLike [as parseModuleItem] (/workspaces/Nadagotchi/node_modules/@babel/parser/src/parser/statement.ts:419:17)
    at Parser.parseModuleItem [as parseBlockOrModuleBlockBody] (/workspaces/Nadagotchi/node_modules/@babel/parser/src/parser/statement.ts:1443:16)
    at Parser.parseBlockOrModuleBlockBody [as parseBlockBody] (/workspaces/Nadagotchi/node_modules/@babel/parser/src/parser/statement.ts:1417:10)
    at Parser.parseBlockBody [as parseProgram] (/workspaces/Nadagotchi/node_modules/@babel/parser/src/parser/statement.ts:229:10)
    at Parser.parseProgram [as parseTopLevel] (/workspaces/Nadagotchi/node_modules/@babel/parser/src/parser/statement.ts:203:25)
    at Parser.parseTopLevel [as parse] (/workspaces/Nadagotchi/node_modules/@babel/parser/src/parser/index.ts:88:25)
    at parse (/workspaces/Nadagotchi/node_modules/@babel/parser/src/index.ts:86:38)
    at parser (/workspaces/Nadagotchi/node_modules/@babel/core/src/parser/index.ts:29:19)
    at parser.next (<anonymous>)
    at normalizeFile (/workspaces/Nadagotchi/node_modules/@babel/core/src/transformation/normalize-file.ts:50:24)
    at normalizeFile.next (<anonymous>)
    at run (/workspaces/Nadagotchi/node_modules/@babel/core/src/transformation/index.ts:41:36)
    at run.next (<anonymous>)
    at transform (/workspaces/Nadagotchi/node_modules/@babel/core/src/transform.ts:29:20)
    at transform.next (<anonymous>)
    at step (/workspaces/Nadagotchi/node_modules/gensync/index.js:261:32)
    at /workspaces/Nadagotchi/node_modules/gensync/index.js:273:13
    at async.call.result.err.err (/workspaces/Nadagotchi/node_modules/gensync/index.js:223:11)
Failed to collect coverage from /workspaces/Nadagotchi/js/ShowcaseScene.js
ERROR: /workspaces/Nadagotchi/js/ShowcaseScene.js: Unexpected token (3:0)

  1 | import { ButtonFactory } from './ButtonFactory.js';
  2 | import { EventKeys } from './EventKeys.js';
> 3 | <<<<<<< HEAD
    | ^
  4 | import { Config } from './Config.js';
  5 | import { ToastManager } from './systems/ToastManager.js';
  6 | =======
STACK: SyntaxError: /workspaces/Nadagotchi/js/ShowcaseScene.js: Unexpected token (3:0)

  1 | import { ButtonFactory } from './ButtonFactory.js';
  2 | import { EventKeys } from './EventKeys.js';
> 3 | <<<<<<< HEAD
    | ^
  4 | import { Config } from './Config.js';
  5 | import { ToastManager } from './systems/ToastManager.js';
  6 | =======
    at constructor (/workspaces/Nadagotchi/node_modules/@babel/parser/src/parse-error.ts:95:45)
    at Parser.toParseError [as raise] (/workspaces/Nadagotchi/node_modules/@babel/parser/src/tokenizer/index.ts:1507:19)
    at Parser.raise [as unexpected] (/workspaces/Nadagotchi/node_modules/@babel/parser/src/tokenizer/index.ts:1547:16)
    at Parser.unexpected [as parseExprAtom] (/workspaces/Nadagotchi/node_modules/@babel/parser/src/parser/expression.ts:1355:22)
    at Parser.parseExprAtom [as parseExprSubscripts] (/workspaces/Nadagotchi/node_modules/@babel/parser/src/parser/expression.ts:742:23)
    at Parser.parseExprSubscripts [as parseUpdate] (/workspaces/Nadagotchi/node_modules/@babel/parser/src/parser/expression.ts:721:21)
    at Parser.parseUpdate [as parseMaybeUnary] (/workspaces/Nadagotchi/node_modules/@babel/parser/src/parser/expression.ts:683:23)
    at Parser.parseMaybeUnary [as parseMaybeUnaryOrPrivate] (/workspaces/Nadagotchi/node_modules/@babel/parser/src/parser/expression.ts:417:14)
    at Parser.parseMaybeUnaryOrPrivate [as parseExprOps] (/workspaces/Nadagotchi/node_modules/@babel/parser/src/parser/expression.ts:429:23)
    at Parser.parseExprOps [as parseMaybeConditional] (/workspaces/Nadagotchi/node_modules/@babel/parser/src/parser/expression.ts:384:23)
    at Parser.parseMaybeConditional [as parseMaybeAssign] (/workspaces/Nadagotchi/node_modules/@babel/parser/src/parser/expression.ts:301:21)
    at Parser.parseMaybeAssign [as parseExpressionBase] (/workspaces/Nadagotchi/node_modules/@babel/parser/src/parser/expression.ts:226:23)
    at parseExpressionBase (/workspaces/Nadagotchi/node_modules/@babel/parser/src/parser/expression.ts:217:39)
    at Parser.callback [as allowInAnd] (/workspaces/Nadagotchi/node_modules/@babel/parser/src/parser/expression.ts:3197:16)
    at Parser.allowInAnd [as parseExpression] (/workspaces/Nadagotchi/node_modules/@babel/parser/src/parser/expression.ts:217:17)
    at Parser.parseExpression [as parseStatementContent] (/workspaces/Nadagotchi/node_modules/@babel/parser/src/parser/statement.ts:688:23)
    at Parser.parseStatementContent [as parseStatementLike] (/workspaces/Nadagotchi/node_modules/@babel/parser/src/parser/statement.ts:482:17)
    at Parser.parseStatementLike [as parseModuleItem] (/workspaces/Nadagotchi/node_modules/@babel/parser/src/parser/statement.ts:419:17)
    at Parser.parseModuleItem [as parseBlockOrModuleBlockBody] (/workspaces/Nadagotchi/node_modules/@babel/parser/src/parser/statement.ts:1443:16)
    at Parser.parseBlockOrModuleBlockBody [as parseBlockBody] (/workspaces/Nadagotchi/node_modules/@babel/parser/src/parser/statement.ts:1417:10)
    at Parser.parseBlockBody [as parseProgram] (/workspaces/Nadagotchi/node_modules/@babel/parser/src/parser/statement.ts:229:10)
    at Parser.parseProgram [as parseTopLevel] (/workspaces/Nadagotchi/node_modules/@babel/parser/src/parser/statement.ts:203:25)
    at Parser.parseTopLevel [as parse] (/workspaces/Nadagotchi/node_modules/@babel/parser/src/parser/index.ts:88:25)
    at parse (/workspaces/Nadagotchi/node_modules/@babel/parser/src/index.ts:86:38)
    at parser (/workspaces/Nadagotchi/node_modules/@babel/core/src/parser/index.ts:29:19)
    at parser.next (<anonymous>)
    at normalizeFile (/workspaces/Nadagotchi/node_modules/@babel/core/src/transformation/normalize-file.ts:50:24)
    at normalizeFile.next (<anonymous>)
    at run (/workspaces/Nadagotchi/node_modules/@babel/core/src/transformation/index.ts:41:36)
    at run.next (<anonymous>)
    at transform (/workspaces/Nadagotchi/node_modules/@babel/core/src/transform.ts:29:20)
    at transform.next (<anonymous>)
    at step (/workspaces/Nadagotchi/node_modules/gensync/index.js:261:32)
    at /workspaces/Nadagotchi/node_modules/gensync/index.js:273:13
    at async.call.result.err.err (/workspaces/Nadagotchi/node_modules/gensync/index.js:223:11)
Failed to collect coverage from /workspaces/Nadagotchi/js/StartScene.js
ERROR: /workspaces/Nadagotchi/js/StartScene.js: Unexpected token (25:0)

  23 |         // --- Persistence Check ---
  24 |         this.persistence = new PersistenceManager();
> 25 | <<<<<<< HEAD
     | ^
  26 | =======
  27 |         const existingPet = this.persistence.loadPet();
  28 | >>>>>>> 74fdaab (Update js/DebugConsole.js)
STACK: SyntaxError: /workspaces/Nadagotchi/js/StartScene.js: Unexpected token (25:0)

  23 |         // --- Persistence Check ---
  24 |         this.persistence = new PersistenceManager();
> 25 | <<<<<<< HEAD
     | ^
  26 | =======
  27 |         const existingPet = this.persistence.loadPet();
  28 | >>>>>>> 74fdaab (Update js/DebugConsole.js)
    at constructor (/workspaces/Nadagotchi/node_modules/@babel/parser/src/parse-error.ts:95:45)
    at Parser.toParseError [as raise] (/workspaces/Nadagotchi/node_modules/@babel/parser/src/tokenizer/index.ts:1507:19)
    at Parser.raise [as unexpected] (/workspaces/Nadagotchi/node_modules/@babel/parser/src/tokenizer/index.ts:1547:16)
    at Parser.unexpected [as parseExprAtom] (/workspaces/Nadagotchi/node_modules/@babel/parser/src/parser/expression.ts:1355:22)
    at Parser.parseExprAtom [as parseExprSubscripts] (/workspaces/Nadagotchi/node_modules/@babel/parser/src/parser/expression.ts:742:23)
    at Parser.parseExprSubscripts [as parseUpdate] (/workspaces/Nadagotchi/node_modules/@babel/parser/src/parser/expression.ts:721:21)
    at Parser.parseUpdate [as parseMaybeUnary] (/workspaces/Nadagotchi/node_modules/@babel/parser/src/parser/expression.ts:683:23)
    at Parser.parseMaybeUnary [as parseMaybeUnaryOrPrivate] (/workspaces/Nadagotchi/node_modules/@babel/parser/src/parser/expression.ts:417:14)
    at Parser.parseMaybeUnaryOrPrivate [as parseExprOps] (/workspaces/Nadagotchi/node_modules/@babel/parser/src/parser/expression.ts:429:23)
    at Parser.parseExprOps [as parseMaybeConditional] (/workspaces/Nadagotchi/node_modules/@babel/parser/src/parser/expression.ts:384:23)
    at Parser.parseMaybeConditional [as parseMaybeAssign] (/workspaces/Nadagotchi/node_modules/@babel/parser/src/parser/expression.ts:301:21)
    at Parser.parseMaybeAssign [as parseExpressionBase] (/workspaces/Nadagotchi/node_modules/@babel/parser/src/parser/expression.ts:226:23)
    at parseExpressionBase (/workspaces/Nadagotchi/node_modules/@babel/parser/src/parser/expression.ts:217:39)
    at Parser.callback [as allowInAnd] (/workspaces/Nadagotchi/node_modules/@babel/parser/src/parser/expression.ts:3197:16)
    at Parser.allowInAnd [as parseExpression] (/workspaces/Nadagotchi/node_modules/@babel/parser/src/parser/expression.ts:217:17)
    at Parser.parseExpression [as parseStatementContent] (/workspaces/Nadagotchi/node_modules/@babel/parser/src/parser/statement.ts:688:23)
    at Parser.parseStatementContent [as parseStatementLike] (/workspaces/Nadagotchi/node_modules/@babel/parser/src/parser/statement.ts:482:17)
    at Parser.parseStatementLike [as parseStatementListItem] (/workspaces/Nadagotchi/node_modules/@babel/parser/src/parser/statement.ts:431:17)
    at Parser.parseStatementListItem [as parseBlockOrModuleBlockBody] (/workspaces/Nadagotchi/node_modules/@babel/parser/src/parser/statement.ts:1444:16)
    at Parser.parseBlockOrModuleBlockBody [as parseBlockBody] (/workspaces/Nadagotchi/node_modules/@babel/parser/src/parser/statement.ts:1417:10)
    at Parser.parseBlockBody [as parseBlock] (/workspaces/Nadagotchi/node_modules/@babel/parser/src/parser/statement.ts:1385:10)
    at Parser.parseBlock [as parseFunctionBody] (/workspaces/Nadagotchi/node_modules/@babel/parser/src/parser/expression.ts:2626:24)
    at Parser.parseFunctionBody [as parseFunctionBodyAndFinish] (/workspaces/Nadagotchi/node_modules/@babel/parser/src/parser/expression.ts:2595:10)
    at Parser.parseFunctionBodyAndFinish [as parseMethod] (/workspaces/Nadagotchi/node_modules/@babel/parser/src/parser/expression.ts:2492:31)
    at Parser.parseMethod [as pushClassMethod] (/workspaces/Nadagotchi/node_modules/@babel/parser/src/parser/statement.ts:2244:12)
    at Parser.pushClassMethod [as parseClassMemberWithIsStatic] (/workspaces/Nadagotchi/node_modules/@babel/parser/src/parser/statement.ts:2023:12)
    at Parser.parseClassMemberWithIsStatic [as parseClassMember] (/workspaces/Nadagotchi/node_modules/@babel/parser/src/parser/statement.ts:1938:10)
    at parseClassMember (/workspaces/Nadagotchi/node_modules/@babel/parser/src/parser/statement.ts:1851:14)
    at Parser.callback [as withSmartMixTopicForbiddingContext] (/workspaces/Nadagotchi/node_modules/@babel/parser/src/parser/expression.ts:3176:14)
    at Parser.withSmartMixTopicForbiddingContext [as parseClassBody] (/workspaces/Nadagotchi/node_modules/@babel/parser/src/parser/statement.ts:1823:10)
    at Parser.parseClassBody [as parseClass] (/workspaces/Nadagotchi/node_modules/@babel/parser/src/parser/statement.ts:1774:22)
    at Parser.parseClass [as parseExportDeclaration] (/workspaces/Nadagotchi/node_modules/@babel/parser/src/parser/statement.ts:2628:25)
    at Parser.parseExportDeclaration [as maybeParseExportDeclaration] (/workspaces/Nadagotchi/node_modules/@babel/parser/src/parser/statement.ts:2551:31)
    at Parser.maybeParseExportDeclaration [as parseExport] (/workspaces/Nadagotchi/node_modules/@babel/parser/src/parser/statement.ts:2432:29)
    at Parser.parseExport [as parseStatementContent] (/workspaces/Nadagotchi/node_modules/@babel/parser/src/parser/statement.ts:649:25)
    at Parser.parseStatementContent [as parseStatementLike] (/workspaces/Nadagotchi/node_modules/@babel/parser/src/parser/statement.ts:482:17)
    at Parser.parseStatementLike [as parseModuleItem] (/workspaces/Nadagotchi/node_modules/@babel/parser/src/parser/statement.ts:419:17)
    at Parser.parseModuleItem [as parseBlockOrModuleBlockBody] (/workspaces/Nadagotchi/node_modules/@babel/parser/src/parser/statement.ts:1443:16)
    at Parser.parseBlockOrModuleBlockBody [as parseBlockBody] (/workspaces/Nadagotchi/node_modules/@babel/parser/src/parser/statement.ts:1417:10)
    at Parser.parseBlockBody [as parseProgram] (/workspaces/Nadagotchi/node_modules/@babel/parser/src/parser/statement.ts:229:10)
    at Parser.parseProgram [as parseTopLevel] (/workspaces/Nadagotchi/node_modules/@babel/parser/src/parser/statement.ts:203:25)
    at Parser.parseTopLevel [as parse] (/workspaces/Nadagotchi/node_modules/@babel/parser/src/parser/index.ts:88:25)
    at parse (/workspaces/Nadagotchi/node_modules/@babel/parser/src/index.ts:86:38)
    at parser (/workspaces/Nadagotchi/node_modules/@babel/core/src/parser/index.ts:29:19)
    at parser.next (<anonymous>)
    at normalizeFile (/workspaces/Nadagotchi/node_modules/@babel/core/src/transformation/normalize-file.ts:50:24)
    at normalizeFile.next (<anonymous>)
    at run (/workspaces/Nadagotchi/node_modules/@babel/core/src/transformation/index.ts:41:36)
    at run.next (<anonymous>)
    at transform (/workspaces/Nadagotchi/node_modules/@babel/core/src/transform.ts:29:20)
    at transform.next (<anonymous>)
    at step (/workspaces/Nadagotchi/node_modules/gensync/index.js:261:32)
    at /workspaces/Nadagotchi/node_modules/gensync/index.js:273:13
    at async.call.result.err.err (/workspaces/Nadagotchi/node_modules/gensync/index.js:223:11)
Failed to collect coverage from /workspaces/Nadagotchi/js/UIScene.js
ERROR: /workspaces/Nadagotchi/js/UIScene.js: Unexpected token (1:0)

> 1 | <<<<<<< HEAD
    | ^
  2 | import { ToastManager } from './systems/ToastManager.js';
  3 | =======
  4 | >>>>>>> 74fdaab (Update js/DebugConsole.js)
STACK: SyntaxError: /workspaces/Nadagotchi/js/UIScene.js: Unexpected token (1:0)

> 1 | <<<<<<< HEAD
    | ^
  2 | import { ToastManager } from './systems/ToastManager.js';
  3 | =======
  4 | >>>>>>> 74fdaab (Update js/DebugConsole.js)
    at constructor (/workspaces/Nadagotchi/node_modules/@babel/parser/src/parse-error.ts:95:45)
    at Parser.toParseError [as raise] (/workspaces/Nadagotchi/node_modules/@babel/parser/src/tokenizer/index.ts:1507:19)
    at Parser.raise [as unexpected] (/workspaces/Nadagotchi/node_modules/@babel/parser/src/tokenizer/index.ts:1547:16)
    at Parser.unexpected [as parseExprAtom] (/workspaces/Nadagotchi/node_modules/@babel/parser/src/parser/expression.ts:1355:22)
    at Parser.parseExprAtom [as parseExprSubscripts] (/workspaces/Nadagotchi/node_modules/@babel/parser/src/parser/expression.ts:742:23)
    at Parser.parseExprSubscripts [as parseUpdate] (/workspaces/Nadagotchi/node_modules/@babel/parser/src/parser/expression.ts:721:21)
    at Parser.parseUpdate [as parseMaybeUnary] (/workspaces/Nadagotchi/node_modules/@babel/parser/src/parser/expression.ts:683:23)
    at Parser.parseMaybeUnary [as parseMaybeUnaryOrPrivate] (/workspaces/Nadagotchi/node_modules/@babel/parser/src/parser/expression.ts:417:14)
    at Parser.parseMaybeUnaryOrPrivate [as parseExprOps] (/workspaces/Nadagotchi/node_modules/@babel/parser/src/parser/expression.ts:429:23)
    at Parser.parseExprOps [as parseMaybeConditional] (/workspaces/Nadagotchi/node_modules/@babel/parser/src/parser/expression.ts:384:23)
    at Parser.parseMaybeConditional [as parseMaybeAssign] (/workspaces/Nadagotchi/node_modules/@babel/parser/src/parser/expression.ts:301:21)
    at Parser.parseMaybeAssign [as parseExpressionBase] (/workspaces/Nadagotchi/node_modules/@babel/parser/src/parser/expression.ts:226:23)
    at parseExpressionBase (/workspaces/Nadagotchi/node_modules/@babel/parser/src/parser/expression.ts:217:39)
    at Parser.callback [as allowInAnd] (/workspaces/Nadagotchi/node_modules/@babel/parser/src/parser/expression.ts:3197:16)
    at Parser.allowInAnd [as parseExpression] (/workspaces/Nadagotchi/node_modules/@babel/parser/src/parser/expression.ts:217:17)
    at Parser.parseExpression [as parseStatementContent] (/workspaces/Nadagotchi/node_modules/@babel/parser/src/parser/statement.ts:688:23)
    at Parser.parseStatementContent [as parseStatementLike] (/workspaces/Nadagotchi/node_modules/@babel/parser/src/parser/statement.ts:482:17)
    at Parser.parseStatementLike [as parseModuleItem] (/workspaces/Nadagotchi/node_modules/@babel/parser/src/parser/statement.ts:419:17)
    at Parser.parseModuleItem [as parseBlockOrModuleBlockBody] (/workspaces/Nadagotchi/node_modules/@babel/parser/src/parser/statement.ts:1443:16)
    at Parser.parseBlockOrModuleBlockBody [as parseBlockBody] (/workspaces/Nadagotchi/node_modules/@babel/parser/src/parser/statement.ts:1417:10)
    at Parser.parseBlockBody [as parseProgram] (/workspaces/Nadagotchi/node_modules/@babel/parser/src/parser/statement.ts:229:10)
    at Parser.parseProgram [as parseTopLevel] (/workspaces/Nadagotchi/node_modules/@babel/parser/src/parser/statement.ts:203:25)
    at Parser.parseTopLevel [as parse] (/workspaces/Nadagotchi/node_modules/@babel/parser/src/parser/index.ts:88:25)
    at parse (/workspaces/Nadagotchi/node_modules/@babel/parser/src/index.ts:86:38)
    at parser (/workspaces/Nadagotchi/node_modules/@babel/core/src/parser/index.ts:29:19)
    at parser.next (<anonymous>)
    at normalizeFile (/workspaces/Nadagotchi/node_modules/@babel/core/src/transformation/normalize-file.ts:50:24)
    at normalizeFile.next (<anonymous>)
    at run (/workspaces/Nadagotchi/node_modules/@babel/core/src/transformation/index.ts:41:36)
    at run.next (<anonymous>)
    at transform (/workspaces/Nadagotchi/node_modules/@babel/core/src/transform.ts:29:20)
    at transform.next (<anonymous>)
    at step (/workspaces/Nadagotchi/node_modules/gensync/index.js:261:32)
    at /workspaces/Nadagotchi/node_modules/gensync/index.js:273:13
    at async.call.result.err.err (/workspaces/Nadagotchi/node_modules/gensync/index.js:223:11)
Failed to collect coverage from /workspaces/Nadagotchi/js/WeatherParticleManager.js
ERROR: /workspaces/Nadagotchi/js/WeatherParticleManager.js: Unexpected token (99:0)

   97 |         Object.values(this.emitters).forEach(e => {
   98 |             e.setPosition(0, -10); // Reset origin
>  99 | <<<<<<< HEAD
      | ^
  100 |             e.setEmitZone({
  101 |                 source: new Phaser.Geom.Rectangle(0, -10, width, 1),
  102 |                 type: 'random',
STACK: SyntaxError: /workspaces/Nadagotchi/js/WeatherParticleManager.js: Unexpected token (99:0)

   97 |         Object.values(this.emitters).forEach(e => {
   98 |             e.setPosition(0, -10); // Reset origin
>  99 | <<<<<<< HEAD
      | ^
  100 |             e.setEmitZone({
  101 |                 source: new Phaser.Geom.Rectangle(0, -10, width, 1),
  102 |                 type: 'random',
    at constructor (/workspaces/Nadagotchi/node_modules/@babel/parser/src/parse-error.ts:95:45)
    at Parser.toParseError [as raise] (/workspaces/Nadagotchi/node_modules/@babel/parser/src/tokenizer/index.ts:1507:19)
    at Parser.raise [as unexpected] (/workspaces/Nadagotchi/node_modules/@babel/parser/src/tokenizer/index.ts:1547:16)
    at Parser.unexpected [as parseExprAtom] (/workspaces/Nadagotchi/node_modules/@babel/parser/src/parser/expression.ts:1355:22)
    at Parser.parseExprAtom [as parseExprSubscripts] (/workspaces/Nadagotchi/node_modules/@babel/parser/src/parser/expression.ts:742:23)
    at Parser.parseExprSubscripts [as parseUpdate] (/workspaces/Nadagotchi/node_modules/@babel/parser/src/parser/expression.ts:721:21)
    at Parser.parseUpdate [as parseMaybeUnary] (/workspaces/Nadagotchi/node_modules/@babel/parser/src/parser/expression.ts:683:23)
    at Parser.parseMaybeUnary [as parseMaybeUnaryOrPrivate] (/workspaces/Nadagotchi/node_modules/@babel/parser/src/parser/expression.ts:417:14)
    at Parser.parseMaybeUnaryOrPrivate [as parseExprOps] (/workspaces/Nadagotchi/node_modules/@babel/parser/src/parser/expression.ts:429:23)
    at Parser.parseExprOps [as parseMaybeConditional] (/workspaces/Nadagotchi/node_modules/@babel/parser/src/parser/expression.ts:384:23)
    at Parser.parseMaybeConditional [as parseMaybeAssign] (/workspaces/Nadagotchi/node_modules/@babel/parser/src/parser/expression.ts:301:21)
    at Parser.parseMaybeAssign [as parseExpressionBase] (/workspaces/Nadagotchi/node_modules/@babel/parser/src/parser/expression.ts:226:23)
    at parseExpressionBase (/workspaces/Nadagotchi/node_modules/@babel/parser/src/parser/expression.ts:217:39)
    at Parser.callback [as allowInAnd] (/workspaces/Nadagotchi/node_modules/@babel/parser/src/parser/expression.ts:3197:16)
    at Parser.allowInAnd [as parseExpression] (/workspaces/Nadagotchi/node_modules/@babel/parser/src/parser/expression.ts:217:17)
    at Parser.parseExpression [as parseStatementContent] (/workspaces/Nadagotchi/node_modules/@babel/parser/src/parser/statement.ts:688:23)
    at Parser.parseStatementContent [as parseStatementLike] (/workspaces/Nadagotchi/node_modules/@babel/parser/src/parser/statement.ts:482:17)
    at Parser.parseStatementLike [as parseStatementListItem] (/workspaces/Nadagotchi/node_modules/@babel/parser/src/parser/statement.ts:431:17)
    at Parser.parseStatementListItem [as parseBlockOrModuleBlockBody] (/workspaces/Nadagotchi/node_modules/@babel/parser/src/parser/statement.ts:1444:16)
    at Parser.parseBlockOrModuleBlockBody [as parseBlockBody] (/workspaces/Nadagotchi/node_modules/@babel/parser/src/parser/statement.ts:1417:10)
    at Parser.parseBlockBody [as parseBlock] (/workspaces/Nadagotchi/node_modules/@babel/parser/src/parser/statement.ts:1385:10)
    at Parser.parseBlock [as parseFunctionBody] (/workspaces/Nadagotchi/node_modules/@babel/parser/src/parser/expression.ts:2626:24)
    at Parser.parseFunctionBody [as parseArrowExpression] (/workspaces/Nadagotchi/node_modules/@babel/parser/src/parser/expression.ts:2563:10)
    at Parser.parseArrowExpression [as parseExprAtom] (/workspaces/Nadagotchi/node_modules/@babel/parser/src/parser/expression.ts:1346:25)
    at Parser.parseExprAtom [as parseExprSubscripts] (/workspaces/Nadagotchi/node_modules/@babel/parser/src/parser/expression.ts:742:23)
    at Parser.parseExprSubscripts [as parseUpdate] (/workspaces/Nadagotchi/node_modules/@babel/parser/src/parser/expression.ts:721:21)
    at Parser.parseUpdate [as parseMaybeUnary] (/workspaces/Nadagotchi/node_modules/@babel/parser/src/parser/expression.ts:683:23)
    at Parser.parseMaybeUnary [as parseMaybeUnaryOrPrivate] (/workspaces/Nadagotchi/node_modules/@babel/parser/src/parser/expression.ts:417:14)
    at Parser.parseMaybeUnaryOrPrivate [as parseExprOps] (/workspaces/Nadagotchi/node_modules/@babel/parser/src/parser/expression.ts:429:23)
    at Parser.parseExprOps [as parseMaybeConditional] (/workspaces/Nadagotchi/node_modules/@babel/parser/src/parser/expression.ts:384:23)
    at Parser.parseMaybeConditional [as parseMaybeAssign] (/workspaces/Nadagotchi/node_modules/@babel/parser/src/parser/expression.ts:301:21)
    at parseMaybeAssign (/workspaces/Nadagotchi/node_modules/@babel/parser/src/parser/expression.ts:257:12)
    at Parser.callback [as allowInAnd] (/workspaces/Nadagotchi/node_modules/@babel/parser/src/parser/expression.ts:3202:12)
    at Parser.allowInAnd [as parseMaybeAssignAllowIn] (/workspaces/Nadagotchi/node_modules/@babel/parser/src/parser/expression.ts:256:17)
    at Parser.parseMaybeAssignAllowIn [as parseMaybeAssignAllowInOrVoidPattern] (/workspaces/Nadagotchi/node_modules/@babel/parser/src/parser/expression.ts:3316:17)
    at Parser.parseMaybeAssignAllowInOrVoidPattern [as parseExprListItem] (/workspaces/Nadagotchi/node_modules/@babel/parser/src/parser/expression.ts:2798:18)
    at Parser.parseExprListItem [as parseCallExpressionArguments] (/workspaces/Nadagotchi/node_modules/@babel/parser/src/parser/expression.ts:1042:14)
    at Parser.parseCallExpressionArguments [as parseCoverCallAndAsyncArrowHead] (/workspaces/Nadagotchi/node_modules/@babel/parser/src/parser/expression.ts:922:29)
    at Parser.parseCoverCallAndAsyncArrowHead [as parseSubscript] (/workspaces/Nadagotchi/node_modules/@babel/parser/src/parser/expression.ts:804:19)
    at Parser.parseSubscript [as parseSubscripts] (/workspaces/Nadagotchi/node_modules/@babel/parser/src/parser/expression.ts:763:19)
    at Parser.parseSubscripts [as parseExprSubscripts] (/workspaces/Nadagotchi/node_modules/@babel/parser/src/parser/expression.ts:748:17)
    at Parser.parseExprSubscripts [as parseUpdate] (/workspaces/Nadagotchi/node_modules/@babel/parser/src/parser/expression.ts:721:21)
    at Parser.parseUpdate [as parseMaybeUnary] (/workspaces/Nadagotchi/node_modules/@babel/parser/src/parser/expression.ts:683:23)
    at Parser.parseMaybeUnary [as parseMaybeUnaryOrPrivate] (/workspaces/Nadagotchi/node_modules/@babel/parser/src/parser/expression.ts:417:14)
    at Parser.parseMaybeUnaryOrPrivate [as parseExprOps] (/workspaces/Nadagotchi/node_modules/@babel/parser/src/parser/expression.ts:429:23)
    at Parser.parseExprOps [as parseMaybeConditional] (/workspaces/Nadagotchi/node_modules/@babel/parser/src/parser/expression.ts:384:23)
    at Parser.parseMaybeConditional [as parseMaybeAssign] (/workspaces/Nadagotchi/node_modules/@babel/parser/src/parser/expression.ts:301:21)
    at Parser.parseMaybeAssign [as parseExpressionBase] (/workspaces/Nadagotchi/node_modules/@babel/parser/src/parser/expression.ts:226:23)
    at parseExpressionBase (/workspaces/Nadagotchi/node_modules/@babel/parser/src/parser/expression.ts:217:39)
    at Parser.callback [as allowInAnd] (/workspaces/Nadagotchi/node_modules/@babel/parser/src/parser/expression.ts:3197:16)
    at Parser.allowInAnd [as parseExpression] (/workspaces/Nadagotchi/node_modules/@babel/parser/src/parser/expression.ts:217:17)
    at Parser.parseExpression [as parseStatementContent] (/workspaces/Nadagotchi/node_modules/@babel/parser/src/parser/statement.ts:688:23)
    at Parser.parseStatementContent [as parseStatementLike] (/workspaces/Nadagotchi/node_modules/@babel/parser/src/parser/statement.ts:482:17)
    at Parser.parseStatementLike [as parseStatementListItem] (/workspaces/Nadagotchi/node_modules/@babel/parser/src/parser/statement.ts:431:17)
    at Parser.parseStatementListItem [as parseBlockOrModuleBlockBody] (/workspaces/Nadagotchi/node_modules/@babel/parser/src/parser/statement.ts:1444:16)
    at Parser.parseBlockOrModuleBlockBody [as parseBlockBody] (/workspaces/Nadagotchi/node_modules/@babel/parser/src/parser/statement.ts:1417:10)
    at Parser.parseBlockBody [as parseBlock] (/workspaces/Nadagotchi/node_modules/@babel/parser/src/parser/statement.ts:1385:10)
    at Parser.parseBlock [as parseFunctionBody] (/workspaces/Nadagotchi/node_modules/@babel/parser/src/parser/expression.ts:2626:24)
    at Parser.parseFunctionBody [as parseFunctionBodyAndFinish] (/workspaces/Nadagotchi/node_modules/@babel/parser/src/parser/expression.ts:2595:10)
    at Parser.parseFunctionBodyAndFinish [as parseMethod] (/workspaces/Nadagotchi/node_modules/@babel/parser/src/parser/expression.ts:2492:31)
    at Parser.parseMethod [as pushClassMethod] (/workspaces/Nadagotchi/node_modules/@babel/parser/src/parser/statement.ts:2244:12)
    at Parser.pushClassMethod [as parseClassMemberWithIsStatic] (/workspaces/Nadagotchi/node_modules/@babel/parser/src/parser/statement.ts:2023:12)
    at Parser.parseClassMemberWithIsStatic [as parseClassMember] (/workspaces/Nadagotchi/node_modules/@babel/parser/src/parser/statement.ts:1938:10)
    at parseClassMember (/workspaces/Nadagotchi/node_modules/@babel/parser/src/parser/statement.ts:1851:14)
    at Parser.callback [as withSmartMixTopicForbiddingContext] (/workspaces/Nadagotchi/node_modules/@babel/parser/src/parser/expression.ts:3176:14)
    at Parser.withSmartMixTopicForbiddingContext [as parseClassBody] (/workspaces/Nadagotchi/node_modules/@babel/parser/src/parser/statement.ts:1823:10)
    at Parser.parseClassBody [as parseClass] (/workspaces/Nadagotchi/node_modules/@babel/parser/src/parser/statement.ts:1774:22)
    at Parser.parseClass [as parseExportDeclaration] (/workspaces/Nadagotchi/node_modules/@babel/parser/src/parser/statement.ts:2628:25)
    at Parser.parseExportDeclaration [as maybeParseExportDeclaration] (/workspaces/Nadagotchi/node_modules/@babel/parser/src/parser/statement.ts:2551:31)
    at Parser.maybeParseExportDeclaration [as parseExport] (/workspaces/Nadagotchi/node_modules/@babel/parser/src/parser/statement.ts:2432:29)
    at Parser.parseExport [as parseStatementContent] (/workspaces/Nadagotchi/node_modules/@babel/parser/src/parser/statement.ts:649:25)
    at Parser.parseStatementContent [as parseStatementLike] (/workspaces/Nadagotchi/node_modules/@babel/parser/src/parser/statement.ts:482:17)
    at Parser.parseStatementLike [as parseModuleItem] (/workspaces/Nadagotchi/node_modules/@babel/parser/src/parser/statement.ts:419:17)
    at Parser.parseModuleItem [as parseBlockOrModuleBlockBody] (/workspaces/Nadagotchi/node_modules/@babel/parser/src/parser/statement.ts:1443:16)
    at Parser.parseBlockOrModuleBlockBody [as parseBlockBody] (/workspaces/Nadagotchi/node_modules/@babel/parser/src/parser/statement.ts:1417:10)
    at Parser.parseBlockBody [as parseProgram] (/workspaces/Nadagotchi/node_modules/@babel/parser/src/parser/statement.ts:229:10)
    at Parser.parseProgram [as parseTopLevel] (/workspaces/Nadagotchi/node_modules/@babel/parser/src/parser/statement.ts:203:25)
    at Parser.parseTopLevel [as parse] (/workspaces/Nadagotchi/node_modules/@babel/parser/src/parser/index.ts:88:25)
    at parse (/workspaces/Nadagotchi/node_modules/@babel/parser/src/index.ts:86:38)
    at parser (/workspaces/Nadagotchi/node_modules/@babel/core/src/parser/index.ts:29:19)
    at parser.next (<anonymous>)
    at normalizeFile (/workspaces/Nadagotchi/node_modules/@babel/core/src/transformation/normalize-file.ts:50:24)
    at normalizeFile.next (<anonymous>)
    at run (/workspaces/Nadagotchi/node_modules/@babel/core/src/transformation/index.ts:41:36)
    at run.next (<anonymous>)
    at transform (/workspaces/Nadagotchi/node_modules/@babel/core/src/transform.ts:29:20)
    at transform.next (<anonymous>)
    at step (/workspaces/Nadagotchi/node_modules/gensync/index.js:261:32)
    at /workspaces/Nadagotchi/node_modules/gensync/index.js:273:13
    at async.call.result.err.err (/workspaces/Nadagotchi/node_modules/gensync/index.js:223:11)
Failed to collect coverage from /workspaces/Nadagotchi/js/WorldClock.js
ERROR: /workspaces/Nadagotchi/js/WorldClock.js: Unexpected token (37:0)

  35 |         };
  36 |
> 37 | <<<<<<< HEAD
     | ^
  38 |         /** @type {?{start: number, end: number, name: string}} Cached reference to the current period object. */
  39 |         /** @type {?{start: number, end: number, name: string}} Cache for the current period to avoid redundant lookups. */
  40 |         this._cachedPeriod = null;
STACK: SyntaxError: /workspaces/Nadagotchi/js/WorldClock.js: Unexpected token (37:0)

  35 |         };
  36 |
> 37 | <<<<<<< HEAD
     | ^
  38 |         /** @type {?{start: number, end: number, name: string}} Cached reference to the current period object. */
  39 |         /** @type {?{start: number, end: number, name: string}} Cache for the current period to avoid redundant lookups. */
  40 |         this._cachedPeriod = null;
    at constructor (/workspaces/Nadagotchi/node_modules/@babel/parser/src/parse-error.ts:95:45)
    at Parser.toParseError [as raise] (/workspaces/Nadagotchi/node_modules/@babel/parser/src/tokenizer/index.ts:1507:19)
    at Parser.raise [as unexpected] (/workspaces/Nadagotchi/node_modules/@babel/parser/src/tokenizer/index.ts:1547:16)
    at Parser.unexpected [as parseExprAtom] (/workspaces/Nadagotchi/node_modules/@babel/parser/src/parser/expression.ts:1355:22)
    at Parser.parseExprAtom [as parseExprSubscripts] (/workspaces/Nadagotchi/node_modules/@babel/parser/src/parser/expression.ts:742:23)
    at Parser.parseExprSubscripts [as parseUpdate] (/workspaces/Nadagotchi/node_modules/@babel/parser/src/parser/expression.ts:721:21)
    at Parser.parseUpdate [as parseMaybeUnary] (/workspaces/Nadagotchi/node_modules/@babel/parser/src/parser/expression.ts:683:23)
    at Parser.parseMaybeUnary [as parseMaybeUnaryOrPrivate] (/workspaces/Nadagotchi/node_modules/@babel/parser/src/parser/expression.ts:417:14)
    at Parser.parseMaybeUnaryOrPrivate [as parseExprOps] (/workspaces/Nadagotchi/node_modules/@babel/parser/src/parser/expression.ts:429:23)
    at Parser.parseExprOps [as parseMaybeConditional] (/workspaces/Nadagotchi/node_modules/@babel/parser/src/parser/expression.ts:384:23)
    at Parser.parseMaybeConditional [as parseMaybeAssign] (/workspaces/Nadagotchi/node_modules/@babel/parser/src/parser/expression.ts:301:21)
    at Parser.parseMaybeAssign [as parseExpressionBase] (/workspaces/Nadagotchi/node_modules/@babel/parser/src/parser/expression.ts:226:23)
    at parseExpressionBase (/workspaces/Nadagotchi/node_modules/@babel/parser/src/parser/expression.ts:217:39)
    at Parser.callback [as allowInAnd] (/workspaces/Nadagotchi/node_modules/@babel/parser/src/parser/expression.ts:3197:16)
    at Parser.allowInAnd [as parseExpression] (/workspaces/Nadagotchi/node_modules/@babel/parser/src/parser/expression.ts:217:17)
    at Parser.parseExpression [as parseStatementContent] (/workspaces/Nadagotchi/node_modules/@babel/parser/src/parser/statement.ts:688:23)
    at Parser.parseStatementContent [as parseStatementLike] (/workspaces/Nadagotchi/node_modules/@babel/parser/src/parser/statement.ts:482:17)
    at Parser.parseStatementLike [as parseStatementListItem] (/workspaces/Nadagotchi/node_modules/@babel/parser/src/parser/statement.ts:431:17)
    at Parser.parseStatementListItem [as parseBlockOrModuleBlockBody] (/workspaces/Nadagotchi/node_modules/@babel/parser/src/parser/statement.ts:1444:16)
    at Parser.parseBlockOrModuleBlockBody [as parseBlockBody] (/workspaces/Nadagotchi/node_modules/@babel/parser/src/parser/statement.ts:1417:10)
    at Parser.parseBlockBody [as parseBlock] (/workspaces/Nadagotchi/node_modules/@babel/parser/src/parser/statement.ts:1385:10)
    at Parser.parseBlock [as parseFunctionBody] (/workspaces/Nadagotchi/node_modules/@babel/parser/src/parser/expression.ts:2626:24)
    at Parser.parseFunctionBody [as parseFunctionBodyAndFinish] (/workspaces/Nadagotchi/node_modules/@babel/parser/src/parser/expression.ts:2595:10)
    at Parser.parseFunctionBodyAndFinish [as parseMethod] (/workspaces/Nadagotchi/node_modules/@babel/parser/src/parser/expression.ts:2492:31)
    at Parser.parseMethod [as pushClassMethod] (/workspaces/Nadagotchi/node_modules/@babel/parser/src/parser/statement.ts:2244:12)
    at Parser.pushClassMethod [as parseClassMemberWithIsStatic] (/workspaces/Nadagotchi/node_modules/@babel/parser/src/parser/statement.ts:2023:12)
    at Parser.parseClassMemberWithIsStatic [as parseClassMember] (/workspaces/Nadagotchi/node_modules/@babel/parser/src/parser/statement.ts:1938:10)
    at parseClassMember (/workspaces/Nadagotchi/node_modules/@babel/parser/src/parser/statement.ts:1851:14)
    at Parser.callback [as withSmartMixTopicForbiddingContext] (/workspaces/Nadagotchi/node_modules/@babel/parser/src/parser/expression.ts:3176:14)
    at Parser.withSmartMixTopicForbiddingContext [as parseClassBody] (/workspaces/Nadagotchi/node_modules/@babel/parser/src/parser/statement.ts:1823:10)
    at Parser.parseClassBody [as parseClass] (/workspaces/Nadagotchi/node_modules/@babel/parser/src/parser/statement.ts:1774:22)
    at Parser.parseClass [as parseExportDeclaration] (/workspaces/Nadagotchi/node_modules/@babel/parser/src/parser/statement.ts:2628:25)
    at Parser.parseExportDeclaration [as maybeParseExportDeclaration] (/workspaces/Nadagotchi/node_modules/@babel/parser/src/parser/statement.ts:2551:31)
    at Parser.maybeParseExportDeclaration [as parseExport] (/workspaces/Nadagotchi/node_modules/@babel/parser/src/parser/statement.ts:2432:29)
    at Parser.parseExport [as parseStatementContent] (/workspaces/Nadagotchi/node_modules/@babel/parser/src/parser/statement.ts:649:25)
    at Parser.parseStatementContent [as parseStatementLike] (/workspaces/Nadagotchi/node_modules/@babel/parser/src/parser/statement.ts:482:17)
    at Parser.parseStatementLike [as parseModuleItem] (/workspaces/Nadagotchi/node_modules/@babel/parser/src/parser/statement.ts:419:17)
    at Parser.parseModuleItem [as parseBlockOrModuleBlockBody] (/workspaces/Nadagotchi/node_modules/@babel/parser/src/parser/statement.ts:1443:16)
    at Parser.parseBlockOrModuleBlockBody [as parseBlockBody] (/workspaces/Nadagotchi/node_modules/@babel/parser/src/parser/statement.ts:1417:10)
    at Parser.parseBlockBody [as parseProgram] (/workspaces/Nadagotchi/node_modules/@babel/parser/src/parser/statement.ts:229:10)
    at Parser.parseProgram [as parseTopLevel] (/workspaces/Nadagotchi/node_modules/@babel/parser/src/parser/statement.ts:203:25)
    at Parser.parseTopLevel [as parse] (/workspaces/Nadagotchi/node_modules/@babel/parser/src/parser/index.ts:88:25)
    at parse (/workspaces/Nadagotchi/node_modules/@babel/parser/src/index.ts:86:38)
    at parser (/workspaces/Nadagotchi/node_modules/@babel/core/src/parser/index.ts:29:19)
    at parser.next (<anonymous>)
    at normalizeFile (/workspaces/Nadagotchi/node_modules/@babel/core/src/transformation/normalize-file.ts:50:24)
    at normalizeFile.next (<anonymous>)
    at run (/workspaces/Nadagotchi/node_modules/@babel/core/src/transformation/index.ts:41:36)
    at run.next (<anonymous>)
    at transform (/workspaces/Nadagotchi/node_modules/@babel/core/src/transform.ts:29:20)
    at transform.next (<anonymous>)
    at step (/workspaces/Nadagotchi/node_modules/gensync/index.js:261:32)
    at /workspaces/Nadagotchi/node_modules/gensync/index.js:273:13
    at async.call.result.err.err (/workspaces/Nadagotchi/node_modules/gensync/index.js:223:11)
Failed to collect coverage from /workspaces/Nadagotchi/js/systems/DebrisSystem.js
ERROR: /workspaces/Nadagotchi/js/systems/DebrisSystem.js: Unexpected token (46:0)

  44 |             id: this.pet.generateUUID(),
  45 |             type: type,
> 46 | <<<<<<< HEAD
     | ^
  47 |             location: 'GARDEN',
  48 | =======
  49 | >>>>>>> 74fdaab (Update js/DebugConsole.js)
STACK: SyntaxError: /workspaces/Nadagotchi/js/systems/DebrisSystem.js: Unexpected token (46:0)

  44 |             id: this.pet.generateUUID(),
  45 |             type: type,
> 46 | <<<<<<< HEAD
     | ^
  47 |             location: 'GARDEN',
  48 | =======
  49 | >>>>>>> 74fdaab (Update js/DebugConsole.js)
    at constructor (/workspaces/Nadagotchi/node_modules/@babel/parser/src/parse-error.ts:95:45)
    at Parser.toParseError [as raise] (/workspaces/Nadagotchi/node_modules/@babel/parser/src/tokenizer/index.ts:1507:19)
    at Parser.raise [as unexpected] (/workspaces/Nadagotchi/node_modules/@babel/parser/src/tokenizer/index.ts:1547:16)
    at Parser.unexpected [as parsePropertyName] (/workspaces/Nadagotchi/node_modules/@babel/parser/src/parser/expression.ts:2451:18)
    at Parser.parsePropertyName [as parsePropertyDefinition] (/workspaces/Nadagotchi/node_modules/@babel/parser/src/parser/expression.ts:2198:10)
    at Parser.parsePropertyDefinition [as parseObjectLike] (/workspaces/Nadagotchi/node_modules/@babel/parser/src/parser/expression.ts:2095:21)
    at Parser.parseObjectLike [as parseExprAtom] (/workspaces/Nadagotchi/node_modules/@babel/parser/src/parser/expression.ts:1181:21)
    at Parser.parseExprAtom [as parseExprSubscripts] (/workspaces/Nadagotchi/node_modules/@babel/parser/src/parser/expression.ts:742:23)
    at Parser.parseExprSubscripts [as parseUpdate] (/workspaces/Nadagotchi/node_modules/@babel/parser/src/parser/expression.ts:721:21)
    at Parser.parseUpdate [as parseMaybeUnary] (/workspaces/Nadagotchi/node_modules/@babel/parser/src/parser/expression.ts:683:23)
    at Parser.parseMaybeUnary [as parseMaybeUnaryOrPrivate] (/workspaces/Nadagotchi/node_modules/@babel/parser/src/parser/expression.ts:417:14)
    at Parser.parseMaybeUnaryOrPrivate [as parseExprOps] (/workspaces/Nadagotchi/node_modules/@babel/parser/src/parser/expression.ts:429:23)
    at Parser.parseExprOps [as parseMaybeConditional] (/workspaces/Nadagotchi/node_modules/@babel/parser/src/parser/expression.ts:384:23)
    at Parser.parseMaybeConditional [as parseMaybeAssign] (/workspaces/Nadagotchi/node_modules/@babel/parser/src/parser/expression.ts:301:21)
    at parseMaybeAssign (/workspaces/Nadagotchi/node_modules/@babel/parser/src/parser/expression.ts:257:12)
    at Parser.callback [as allowInAnd] (/workspaces/Nadagotchi/node_modules/@babel/parser/src/parser/expression.ts:3197:16)
    at Parser.allowInAnd [as parseMaybeAssignAllowIn] (/workspaces/Nadagotchi/node_modules/@babel/parser/src/parser/expression.ts:256:17)
    at Parser.parseMaybeAssignAllowIn [as parseVar] (/workspaces/Nadagotchi/node_modules/@babel/parser/src/parser/statement.ts:1587:18)
    at Parser.parseVar [as parseVarStatement] (/workspaces/Nadagotchi/node_modules/@babel/parser/src/parser/statement.ts:1251:10)
    at Parser.parseVarStatement [as parseStatementContent] (/workspaces/Nadagotchi/node_modules/@babel/parser/src/parser/statement.ts:612:21)
    at Parser.parseStatementContent [as parseStatementLike] (/workspaces/Nadagotchi/node_modules/@babel/parser/src/parser/statement.ts:482:17)
    at Parser.parseStatementLike [as parseStatementListItem] (/workspaces/Nadagotchi/node_modules/@babel/parser/src/parser/statement.ts:431:17)
    at Parser.parseStatementListItem [as parseBlockOrModuleBlockBody] (/workspaces/Nadagotchi/node_modules/@babel/parser/src/parser/statement.ts:1444:16)
    at Parser.parseBlockOrModuleBlockBody [as parseBlockBody] (/workspaces/Nadagotchi/node_modules/@babel/parser/src/parser/statement.ts:1417:10)
    at Parser.parseBlockBody [as parseBlock] (/workspaces/Nadagotchi/node_modules/@babel/parser/src/parser/statement.ts:1385:10)
    at Parser.parseBlock [as parseFunctionBody] (/workspaces/Nadagotchi/node_modules/@babel/parser/src/parser/expression.ts:2626:24)
    at Parser.parseFunctionBody [as parseFunctionBodyAndFinish] (/workspaces/Nadagotchi/node_modules/@babel/parser/src/parser/expression.ts:2595:10)
    at Parser.parseFunctionBodyAndFinish [as parseMethod] (/workspaces/Nadagotchi/node_modules/@babel/parser/src/parser/expression.ts:2492:31)
    at Parser.parseMethod [as pushClassMethod] (/workspaces/Nadagotchi/node_modules/@babel/parser/src/parser/statement.ts:2244:12)
    at Parser.pushClassMethod [as parseClassMemberWithIsStatic] (/workspaces/Nadagotchi/node_modules/@babel/parser/src/parser/statement.ts:2023:12)
    at Parser.parseClassMemberWithIsStatic [as parseClassMember] (/workspaces/Nadagotchi/node_modules/@babel/parser/src/parser/statement.ts:1938:10)
    at parseClassMember (/workspaces/Nadagotchi/node_modules/@babel/parser/src/parser/statement.ts:1851:14)
    at Parser.callback [as withSmartMixTopicForbiddingContext] (/workspaces/Nadagotchi/node_modules/@babel/parser/src/parser/expression.ts:3176:14)
    at Parser.withSmartMixTopicForbiddingContext [as parseClassBody] (/workspaces/Nadagotchi/node_modules/@babel/parser/src/parser/statement.ts:1823:10)
    at Parser.parseClassBody [as parseClass] (/workspaces/Nadagotchi/node_modules/@babel/parser/src/parser/statement.ts:1774:22)
    at Parser.parseClass [as parseExportDeclaration] (/workspaces/Nadagotchi/node_modules/@babel/parser/src/parser/statement.ts:2628:25)
    at Parser.parseExportDeclaration [as maybeParseExportDeclaration] (/workspaces/Nadagotchi/node_modules/@babel/parser/src/parser/statement.ts:2551:31)
    at Parser.maybeParseExportDeclaration [as parseExport] (/workspaces/Nadagotchi/node_modules/@babel/parser/src/parser/statement.ts:2432:29)
    at Parser.parseExport [as parseStatementContent] (/workspaces/Nadagotchi/node_modules/@babel/parser/src/parser/statement.ts:649:25)
    at Parser.parseStatementContent [as parseStatementLike] (/workspaces/Nadagotchi/node_modules/@babel/parser/src/parser/statement.ts:482:17)
    at Parser.parseStatementLike [as parseModuleItem] (/workspaces/Nadagotchi/node_modules/@babel/parser/src/parser/statement.ts:419:17)
    at Parser.parseModuleItem [as parseBlockOrModuleBlockBody] (/workspaces/Nadagotchi/node_modules/@babel/parser/src/parser/statement.ts:1443:16)
    at Parser.parseBlockOrModuleBlockBody [as parseBlockBody] (/workspaces/Nadagotchi/node_modules/@babel/parser/src/parser/statement.ts:1417:10)
    at Parser.parseBlockBody [as parseProgram] (/workspaces/Nadagotchi/node_modules/@babel/parser/src/parser/statement.ts:229:10)
    at Parser.parseProgram [as parseTopLevel] (/workspaces/Nadagotchi/node_modules/@babel/parser/src/parser/statement.ts:203:25)
    at Parser.parseTopLevel [as parse] (/workspaces/Nadagotchi/node_modules/@babel/parser/src/parser/index.ts:88:25)
    at parse (/workspaces/Nadagotchi/node_modules/@babel/parser/src/index.ts:86:38)
    at parser (/workspaces/Nadagotchi/node_modules/@babel/core/src/parser/index.ts:29:19)
    at parser.next (<anonymous>)
    at normalizeFile (/workspaces/Nadagotchi/node_modules/@babel/core/src/transformation/normalize-file.ts:50:24)
    at normalizeFile.next (<anonymous>)
    at run (/workspaces/Nadagotchi/node_modules/@babel/core/src/transformation/index.ts:41:36)
    at run.next (<anonymous>)
    at transform (/workspaces/Nadagotchi/node_modules/@babel/core/src/transform.ts:29:20)
    at transform.next (<anonymous>)
    at step (/workspaces/Nadagotchi/node_modules/gensync/index.js:261:32)
    at /workspaces/Nadagotchi/node_modules/gensync/index.js:273:13
    at async.call.result.err.err (/workspaces/Nadagotchi/node_modules/gensync/index.js:223:11)
---------------------------|---------|----------|---------|---------|----------------------------------------
File                       | % Stmts | % Branch | % Funcs | % Lines | Uncovered Line #s                      
---------------------------|---------|----------|---------|---------|----------------------------------------
All files                  |   16.07 |    14.43 |   19.85 |   17.42 |                                        
 js                        |   11.18 |      7.1 |   17.73 |   12.07 |                                        
  AchievementData.js       |       0 |      100 |       0 |       0 | 6-33                                   
  AchievementManager.js    |       0 |        0 |       0 |       0 | 15-126                                 
  ArtisanMinigameScene.js  |       0 |        0 |       0 |       0 | 20-124                                 
  BreedingScene.js         |   89.58 |       80 |   77.27 |   93.18 | 108-110,162-164                        
  ButtonFactory.js         |       0 |        0 |       0 |       0 | 32-137                                 
  Calendar.js              |     100 |      100 |     100 |     100 |                                        
  CareerDefinitions.js     |       0 |      100 |     100 |       0 | 5                                      
  DanceMinigameScene.js    |       0 |        0 |       0 |       0 | 14-222                                 
  DialogueDefinitions.js   |       0 |      100 |     100 |       0 | 1                                      
  EventKeys.js             |     100 |      100 |     100 |     100 |                                        
  EventManager.js          |     100 |    78.57 |     100 |     100 | 36-46                                  
  ExpeditionDefinitions.js |       0 |      100 |     100 |       0 | 7                                      
  ExpeditionScene.js       |       0 |        0 |       0 |       0 | 15-378                                 
  GeneticsSystem.js        |       0 |        0 |       0 |       0 | 15-319                                 
  GhostScene.js            |     100 |      100 |     100 |     100 |                                        
  HealerMinigameScene.js   |       0 |        0 |       0 |       0 | 23-179                                 
  ItemData.js              |     100 |      100 |     100 |     100 |                                        
  NarrativeSystem.js       |       0 |        0 |       0 |       0 | 22-91                                  
  PreloaderScene.js        |       0 |        0 |       0 |       0 | 20-434                                 
  QuestDefinitions.js      |       0 |      100 |     100 |       0 | 6-53                                   
  RoomDefinitions.js       |     100 |      100 |     100 |     100 |                                        
  SkyManager.js            |       0 |        0 |       0 |       0 | 19-117                                 
  StudyMinigameScene.js    |       0 |        0 |       0 |       0 | 14-190                                 
  WeatherSystem.js         |     100 |      100 |     100 |     100 |                                        
  game.js                  |       0 |      100 |     100 |       0 | 23-55                                  
 js/systems                |   30.41 |    21.76 |   34.04 |   32.32 |                                        
  ExpeditionSystem.js      |       0 |        0 |       0 |       0 | 13-109                                 
  GhostSystem.js           |     100 |      100 |     100 |     100 |                                        
  InventorySystem.js       |    8.88 |     6.36 |      20 |    9.35 | 22-130,145-167,176-192,200-370,393-399 
  QuestSystem.js           |       0 |        0 |       0 |       0 | 12-270                                 
  RelationshipSystem.js    |   95.65 |       80 |   85.71 |    96.7 | 160,174-175                            
  ToastManager.js          |   93.33 |      100 |   66.66 |   93.33 | 76,111                                 
 js/utils                  |   14.28 |    29.41 |   11.11 |   16.07 |                                        
  CryptoUtils.js           |   33.33 |    63.63 |      25 |    37.5 | 19-28,40-45                            
  Encoding.js              |     100 |      100 |     100 |     100 |                                        
  SeededRandom.js          |       0 |        0 |       0 |       0 | 12-76                                  
  SoundSynthesizer.js      |       0 |        0 |       0 |       0 | 16-176                                 
---------------------------|---------|----------|---------|---------|----------------------------------------

Summary of all failing tests
FAIL tests/Nadagotchi.test.js
  ● Test suite failed to run

    Jest encountered an unexpected token

    Jest failed to parse a file. This happens e.g. when your code or its dependencies use non-standard JavaScript syntax, or when Jest is not configured to support such syntax.

    Out of the box Jest supports Babel, which will be used to transform your files into valid JS based on your Babel configuration.

    By default "node_modules" folder is ignored by transformers.

    Here's what you can do:
     • If you are trying to use ECMAScript Modules, see https://jestjs.io/docs/ecmascript-modules for how to enable it.
     • If you are trying to use TypeScript, see https://jestjs.io/docs/getting-started#using-typescript
     • To have some of your "node_modules" files transformed, you can specify a custom "transformIgnorePatterns" in your config.
     • If you need a custom transformation, specify a "transform" option in your config.
     • If you simply want to mock your non-JS modules (e.g. binary assets) you can stub them out with the "moduleNameMapper" config option.

    You'll find more details and examples of these config options in the docs:
    https://jestjs.io/docs/configuration
    For information about custom transformations, see:
    https://jestjs.io/docs/code-transformation

    Details:

    SyntaxError: /workspaces/Nadagotchi/tests/Nadagotchi.test.js: Unexpected token (28:0)

      26 |     let pet;
      27 |
    > 28 | <<<<<<< HEAD
         | ^
      29 |     beforeEach(async () => {
      30 | =======
      31 |     beforeEach(() => {

      at constructor (node_modules/@babel/parser/src/parse-error.ts:95:45)
      at Parser.toParseError [as raise] (node_modules/@babel/parser/src/tokenizer/index.ts:1507:19)
      at Parser.raise [as unexpected] (node_modules/@babel/parser/src/tokenizer/index.ts:1547:16)
      at Parser.unexpected [as parseExprAtom] (node_modules/@babel/parser/src/parser/expression.ts:1355:22)
      at Parser.parseExprAtom [as parseExprSubscripts] (node_modules/@babel/parser/src/parser/expression.ts:742:23)
      at Parser.parseExprSubscripts [as parseUpdate] (node_modules/@babel/parser/src/parser/expression.ts:721:21)
      at Parser.parseUpdate [as parseMaybeUnary] (node_modules/@babel/parser/src/parser/expression.ts:683:23)
      at Parser.parseMaybeUnary [as parseMaybeUnaryOrPrivate] (node_modules/@babel/parser/src/parser/expression.ts:417:14)
      at Parser.parseMaybeUnaryOrPrivate [as parseExprOps] (node_modules/@babel/parser/src/parser/expression.ts:429:23)
      at Parser.parseExprOps [as parseMaybeConditional] (node_modules/@babel/parser/src/parser/expression.ts:384:23)
      at Parser.parseMaybeConditional [as parseMaybeAssign] (node_modules/@babel/parser/src/parser/expression.ts:301:21)
      at Parser.parseMaybeAssign [as parseExpressionBase] (node_modules/@babel/parser/src/parser/expression.ts:226:23)
      at parseExpressionBase (node_modules/@babel/parser/src/parser/expression.ts:217:39)
      at Parser.callback [as allowInAnd] (node_modules/@babel/parser/src/parser/expression.ts:3197:16)
      at Parser.allowInAnd [as parseExpression] (node_modules/@babel/parser/src/parser/expression.ts:217:17)
      at Parser.parseExpression [as parseStatementContent] (node_modules/@babel/parser/src/parser/statement.ts:688:23)
      at Parser.parseStatementContent [as parseStatementLike] (node_modules/@babel/parser/src/parser/statement.ts:482:17)
      at Parser.parseStatementLike [as parseStatementListItem] (node_modules/@babel/parser/src/parser/statement.ts:431:17)
      at Parser.parseStatementListItem [as parseBlockOrModuleBlockBody] (node_modules/@babel/parser/src/parser/statement.ts:1444:16)
      at Parser.parseBlockOrModuleBlockBody [as parseBlockBody] (node_modules/@babel/parser/src/parser/statement.ts:1417:10)
      at Parser.parseBlockBody [as parseBlock] (node_modules/@babel/parser/src/parser/statement.ts:1385:10)
      at Parser.parseBlock [as parseFunctionBody] (node_modules/@babel/parser/src/parser/expression.ts:2626:24)
      at Parser.parseFunctionBody [as parseArrowExpression] (node_modules/@babel/parser/src/parser/expression.ts:2563:10)
      at Parser.parseArrowExpression [as parseParenAndDistinguishExpression] (node_modules/@babel/parser/src/parser/expression.ts:1847:12)
      at Parser.parseParenAndDistinguishExpression [as parseExprAtom] (node_modules/@babel/parser/src/parser/expression.ts:1170:21)
      at Parser.parseExprAtom [as parseExprSubscripts] (node_modules/@babel/parser/src/parser/expression.ts:742:23)
      at Parser.parseExprSubscripts [as parseUpdate] (node_modules/@babel/parser/src/parser/expression.ts:721:21)
      at Parser.parseUpdate [as parseMaybeUnary] (node_modules/@babel/parser/src/parser/expression.ts:683:23)
      at Parser.parseMaybeUnary [as parseMaybeUnaryOrPrivate] (node_modules/@babel/parser/src/parser/expression.ts:417:14)
      at Parser.parseMaybeUnaryOrPrivate [as parseExprOps] (node_modules/@babel/parser/src/parser/expression.ts:429:23)
      at Parser.parseExprOps [as parseMaybeConditional] (node_modules/@babel/parser/src/parser/expression.ts:384:23)
      at Parser.parseMaybeConditional [as parseMaybeAssign] (node_modules/@babel/parser/src/parser/expression.ts:301:21)
      at parseMaybeAssign (node_modules/@babel/parser/src/parser/expression.ts:257:12)
      at Parser.callback [as allowInAnd] (node_modules/@babel/parser/src/parser/expression.ts:3202:12)
      at Parser.allowInAnd [as parseMaybeAssignAllowIn] (node_modules/@babel/parser/src/parser/expression.ts:256:17)
      at Parser.parseMaybeAssignAllowIn [as parseMaybeAssignAllowInOrVoidPattern] (node_modules/@babel/parser/src/parser/expression.ts:3316:17)
      at Parser.parseMaybeAssignAllowInOrVoidPattern [as parseExprListItem] (node_modules/@babel/parser/src/parser/expression.ts:2798:18)
      at Parser.parseExprListItem [as parseCallExpressionArguments] (node_modules/@babel/parser/src/parser/expression.ts:1042:14)
      at Parser.parseCallExpressionArguments [as parseCoverCallAndAsyncArrowHead] (node_modules/@babel/parser/src/parser/expression.ts:922:29)
      at Parser.parseCoverCallAndAsyncArrowHead [as parseSubscript] (node_modules/@babel/parser/src/parser/expression.ts:804:19)
      at Parser.parseSubscript [as parseSubscripts] (node_modules/@babel/parser/src/parser/expression.ts:763:19)
      at Parser.parseSubscripts [as parseExprSubscripts] (node_modules/@babel/parser/src/parser/expression.ts:748:17)
      at Parser.parseExprSubscripts [as parseUpdate] (node_modules/@babel/parser/src/parser/expression.ts:721:21)
      at Parser.parseUpdate [as parseMaybeUnary] (node_modules/@babel/parser/src/parser/expression.ts:683:23)
      at Parser.parseMaybeUnary [as parseMaybeUnaryOrPrivate] (node_modules/@babel/parser/src/parser/expression.ts:417:14)
      at Parser.parseMaybeUnaryOrPrivate [as parseExprOps] (node_modules/@babel/parser/src/parser/expression.ts:429:23)
      at Parser.parseExprOps [as parseMaybeConditional] (node_modules/@babel/parser/src/parser/expression.ts:384:23)
      at Parser.parseMaybeConditional [as parseMaybeAssign] (node_modules/@babel/parser/src/parser/expression.ts:301:21)
      at Parser.parseMaybeAssign [as parseExpressionBase] (node_modules/@babel/parser/src/parser/expression.ts:226:23)
      at parseExpressionBase (node_modules/@babel/parser/src/parser/expression.ts:217:39)
      at Parser.callback [as allowInAnd] (node_modules/@babel/parser/src/parser/expression.ts:3197:16)
      at Parser.allowInAnd [as parseExpression] (node_modules/@babel/parser/src/parser/expression.ts:217:17)
      at Parser.parseExpression [as parseStatementContent] (node_modules/@babel/parser/src/parser/statement.ts:688:23)
      at Parser.parseStatementContent [as parseStatementLike] (node_modules/@babel/parser/src/parser/statement.ts:482:17)
      at Parser.parseStatementLike [as parseModuleItem] (node_modules/@babel/parser/src/parser/statement.ts:419:17)
      at Parser.parseModuleItem [as parseBlockOrModuleBlockBody] (node_modules/@babel/parser/src/parser/statement.ts:1443:16)
      at Parser.parseBlockOrModuleBlockBody [as parseBlockBody] (node_modules/@babel/parser/src/parser/statement.ts:1417:10)
      at Parser.parseBlockBody [as parseProgram] (node_modules/@babel/parser/src/parser/statement.ts:229:10)
      at Parser.parseProgram [as parseTopLevel] (node_modules/@babel/parser/src/parser/statement.ts:203:25)
      at Parser.parseTopLevel [as parse] (node_modules/@babel/parser/src/parser/index.ts:88:25)
      at parse (node_modules/@babel/parser/src/index.ts:86:38)
      at parser (node_modules/@babel/core/src/parser/index.ts:29:19)
          at parser.next (<anonymous>)
      at normalizeFile (node_modules/@babel/core/src/transformation/normalize-file.ts:50:24)
          at normalizeFile.next (<anonymous>)
      at run (node_modules/@babel/core/src/transformation/index.ts:41:36)
          at run.next (<anonymous>)
      at transform (node_modules/@babel/core/src/transform.ts:29:20)
          at transform.next (<anonymous>)
      at evaluateSync (node_modules/gensync/index.js:251:28)
      at sync (node_modules/gensync/index.js:89:14)
      at fn (node_modules/@babel/core/src/errors/rewrite-stack-trace.ts:99:14)
      at transformSync (node_modules/@babel/core/src/transform.ts:66:52)
      at ScriptTransformer.transformSource (node_modules/@jest/transform/build/index.js:422:31)
      at ScriptTransformer._transformAndBuildScript (node_modules/@jest/transform/build/index.js:519:40)
      at ScriptTransformer.transform (node_modules/@jest/transform/build/index.js:558:19)

FAIL tests/HousingSystem.test.js
  ● Test suite failed to run

    Jest encountered an unexpected token

    Jest failed to parse a file. This happens e.g. when your code or its dependencies use non-standard JavaScript syntax, or when Jest is not configured to support such syntax.

    Out of the box Jest supports Babel, which will be used to transform your files into valid JS based on your Babel configuration.

    By default "node_modules" folder is ignored by transformers.

    Here's what you can do:
     • If you are trying to use ECMAScript Modules, see https://jestjs.io/docs/ecmascript-modules for how to enable it.
     • If you are trying to use TypeScript, see https://jestjs.io/docs/getting-started#using-typescript
     • To have some of your "node_modules" files transformed, you can specify a custom "transformIgnorePatterns" in your config.
     • If you need a custom transformation, specify a "transform" option in your config.
     • If you simply want to mock your non-JS modules (e.g. binary assets) you can stub them out with the "moduleNameMapper" config option.

    You'll find more details and examples of these config options in the docs:
    https://jestjs.io/docs/configuration
    For information about custom transformations, see:
    https://jestjs.io/docs/code-transformation

    Details:

    SyntaxError: /workspaces/Nadagotchi/tests/HousingSystem.test.js: Unexpected token (168:0)

      166 |             stop: jest.fn(),
      167 |             setPosition: jest.fn(),
    > 168 | <<<<<<< HEAD
          | ^
      169 |             setDepth: jest.fn().mockReturnThis(),
      170 |             setEmitZone: jest.fn().mockReturnThis(),
      171 |             setBounds: jest.fn().mockReturnThis(),

      at constructor (node_modules/@babel/parser/src/parse-error.ts:95:45)
      at Parser.toParseError [as raise] (node_modules/@babel/parser/src/tokenizer/index.ts:1507:19)
      at Parser.raise [as unexpected] (node_modules/@babel/parser/src/tokenizer/index.ts:1547:16)
      at Parser.unexpected [as parsePropertyName] (node_modules/@babel/parser/src/parser/expression.ts:2451:18)
      at Parser.parsePropertyName [as parsePropertyDefinition] (node_modules/@babel/parser/src/parser/expression.ts:2198:10)
      at Parser.parsePropertyDefinition [as parseObjectLike] (node_modules/@babel/parser/src/parser/expression.ts:2095:21)
      at Parser.parseObjectLike [as parseExprAtom] (node_modules/@babel/parser/src/parser/expression.ts:1181:21)
      at Parser.parseExprAtom [as parseExprSubscripts] (node_modules/@babel/parser/src/parser/expression.ts:742:23)
      at Parser.parseExprSubscripts [as parseUpdate] (node_modules/@babel/parser/src/parser/expression.ts:721:21)
      at Parser.parseUpdate [as parseMaybeUnary] (node_modules/@babel/parser/src/parser/expression.ts:683:23)
      at Parser.parseMaybeUnary [as parseMaybeUnaryOrPrivate] (node_modules/@babel/parser/src/parser/expression.ts:417:14)
      at Parser.parseMaybeUnaryOrPrivate [as parseExprOps] (node_modules/@babel/parser/src/parser/expression.ts:429:23)
      at Parser.parseExprOps [as parseMaybeConditional] (node_modules/@babel/parser/src/parser/expression.ts:384:23)
      at Parser.parseMaybeConditional [as parseMaybeAssign] (node_modules/@babel/parser/src/parser/expression.ts:301:21)
      at parseMaybeAssign (node_modules/@babel/parser/src/parser/expression.ts:257:12)
      at Parser.callback [as allowInAnd] (node_modules/@babel/parser/src/parser/expression.ts:3202:12)
      at Parser.allowInAnd [as parseMaybeAssignAllowIn] (node_modules/@babel/parser/src/parser/expression.ts:256:17)
      at Parser.parseMaybeAssignAllowIn [as parseMaybeAssignAllowInOrVoidPattern] (node_modules/@babel/parser/src/parser/expression.ts:3316:17)
      at Parser.parseMaybeAssignAllowInOrVoidPattern [as parseExprListItem] (node_modules/@babel/parser/src/parser/expression.ts:2798:18)
      at Parser.parseExprListItem [as parseCallExpressionArguments] (node_modules/@babel/parser/src/parser/expression.ts:1042:14)
      at Parser.parseCallExpressionArguments [as parseCoverCallAndAsyncArrowHead] (node_modules/@babel/parser/src/parser/expression.ts:922:29)
      at Parser.parseCoverCallAndAsyncArrowHead [as parseSubscript] (node_modules/@babel/parser/src/parser/expression.ts:804:19)
      at Parser.parseSubscript [as parseSubscripts] (node_modules/@babel/parser/src/parser/expression.ts:763:19)
      at Parser.parseSubscripts [as parseExprSubscripts] (node_modules/@babel/parser/src/parser/expression.ts:748:17)
      at Parser.parseExprSubscripts [as parseUpdate] (node_modules/@babel/parser/src/parser/expression.ts:721:21)
      at Parser.parseUpdate [as parseMaybeUnary] (node_modules/@babel/parser/src/parser/expression.ts:683:23)
      at Parser.parseMaybeUnary [as parseMaybeUnaryOrPrivate] (node_modules/@babel/parser/src/parser/expression.ts:417:14)
      at Parser.parseMaybeUnaryOrPrivate [as parseExprOps] (node_modules/@babel/parser/src/parser/expression.ts:429:23)
      at Parser.parseExprOps [as parseMaybeConditional] (node_modules/@babel/parser/src/parser/expression.ts:384:23)
      at Parser.parseMaybeConditional [as parseMaybeAssign] (node_modules/@babel/parser/src/parser/expression.ts:301:21)
      at parseMaybeAssign (node_modules/@babel/parser/src/parser/expression.ts:257:12)
      at Parser.callback [as allowInAnd] (node_modules/@babel/parser/src/parser/expression.ts:3202:12)
      at Parser.allowInAnd [as parseMaybeAssignAllowIn] (node_modules/@babel/parser/src/parser/expression.ts:256:17)
      at Parser.parseMaybeAssignAllowIn [as parseMaybeAssignAllowInOrVoidPattern] (node_modules/@babel/parser/src/parser/expression.ts:3316:17)
      at Parser.parseMaybeAssignAllowInOrVoidPattern [as parseObjectProperty] (node_modules/@babel/parser/src/parser/expression.ts:2325:16)
      at Parser.parseObjectProperty [as parseObjPropValue] (node_modules/@babel/parser/src/parser/expression.ts:2388:12)
      at Parser.parseObjPropValue [as parsePropertyDefinition] (node_modules/@babel/parser/src/parser/expression.ts:2228:17)
      at Parser.parsePropertyDefinition [as parseObjectLike] (node_modules/@babel/parser/src/parser/expression.ts:2095:21)
      at Parser.parseObjectLike [as parseExprAtom] (node_modules/@babel/parser/src/parser/expression.ts:1181:21)
      at Parser.parseExprAtom [as parseExprSubscripts] (node_modules/@babel/parser/src/parser/expression.ts:742:23)
      at Parser.parseExprSubscripts [as parseUpdate] (node_modules/@babel/parser/src/parser/expression.ts:721:21)
      at Parser.parseUpdate [as parseMaybeUnary] (node_modules/@babel/parser/src/parser/expression.ts:683:23)
      at Parser.parseMaybeUnary [as parseMaybeUnaryOrPrivate] (node_modules/@babel/parser/src/parser/expression.ts:417:14)
      at Parser.parseMaybeUnaryOrPrivate [as parseExprOps] (node_modules/@babel/parser/src/parser/expression.ts:429:23)
      at Parser.parseExprOps [as parseMaybeConditional] (node_modules/@babel/parser/src/parser/expression.ts:384:23)
      at Parser.parseMaybeConditional [as parseMaybeAssign] (node_modules/@babel/parser/src/parser/expression.ts:301:21)
      at parseMaybeAssign (node_modules/@babel/parser/src/parser/expression.ts:257:12)
      at Parser.callback [as allowInAnd] (node_modules/@babel/parser/src/parser/expression.ts:3202:12)
      at Parser.allowInAnd [as parseMaybeAssignAllowIn] (node_modules/@babel/parser/src/parser/expression.ts:256:17)
      at Parser.parseMaybeAssignAllowIn [as parseMaybeAssignAllowInOrVoidPattern] (node_modules/@babel/parser/src/parser/expression.ts:3316:17)
      at Parser.parseMaybeAssignAllowInOrVoidPattern [as parseExprListItem] (node_modules/@babel/parser/src/parser/expression.ts:2798:18)
      at Parser.parseExprListItem [as parseCallExpressionArguments] (node_modules/@babel/parser/src/parser/expression.ts:1042:14)
      at Parser.parseCallExpressionArguments [as parseCoverCallAndAsyncArrowHead] (node_modules/@babel/parser/src/parser/expression.ts:922:29)
      at Parser.parseCoverCallAndAsyncArrowHead [as parseSubscript] (node_modules/@babel/parser/src/parser/expression.ts:804:19)
      at Parser.parseSubscript [as parseSubscripts] (node_modules/@babel/parser/src/parser/expression.ts:763:19)
      at Parser.parseSubscripts [as parseExprSubscripts] (node_modules/@babel/parser/src/parser/expression.ts:748:17)
      at Parser.parseExprSubscripts [as parseUpdate] (node_modules/@babel/parser/src/parser/expression.ts:721:21)
      at Parser.parseUpdate [as parseMaybeUnary] (node_modules/@babel/parser/src/parser/expression.ts:683:23)
      at Parser.parseMaybeUnary [as parseMaybeUnaryOrPrivate] (node_modules/@babel/parser/src/parser/expression.ts:417:14)
      at Parser.parseMaybeUnaryOrPrivate [as parseExprOps] (node_modules/@babel/parser/src/parser/expression.ts:429:23)
      at Parser.parseExprOps [as parseMaybeConditional] (node_modules/@babel/parser/src/parser/expression.ts:384:23)
      at Parser.parseMaybeConditional [as parseMaybeAssign] (node_modules/@babel/parser/src/parser/expression.ts:301:21)
      at parseMaybeAssign (node_modules/@babel/parser/src/parser/expression.ts:257:12)
      at Parser.callback [as allowInAnd] (node_modules/@babel/parser/src/parser/expression.ts:3202:12)
      at Parser.allowInAnd [as parseMaybeAssignAllowIn] (node_modules/@babel/parser/src/parser/expression.ts:256:17)
      at Parser.parseMaybeAssignAllowIn [as parseMaybeAssignAllowInOrVoidPattern] (node_modules/@babel/parser/src/parser/expression.ts:3316:17)
      at Parser.parseMaybeAssignAllowInOrVoidPattern [as parseObjectProperty] (node_modules/@babel/parser/src/parser/expression.ts:2325:16)
      at Parser.parseObjectProperty [as parseObjPropValue] (node_modules/@babel/parser/src/parser/expression.ts:2388:12)
      at Parser.parseObjPropValue [as parsePropertyDefinition] (node_modules/@babel/parser/src/parser/expression.ts:2228:17)
      at Parser.parsePropertyDefinition [as parseObjectLike] (node_modules/@babel/parser/src/parser/expression.ts:2095:21)
      at Parser.parseObjectLike [as parseExprAtom] (node_modules/@babel/parser/src/parser/expression.ts:1181:21)
      at Parser.parseExprAtom [as parseExprSubscripts] (node_modules/@babel/parser/src/parser/expression.ts:742:23)
      at Parser.parseExprSubscripts [as parseUpdate] (node_modules/@babel/parser/src/parser/expression.ts:721:21)
      at Parser.parseUpdate [as parseMaybeUnary] (node_modules/@babel/parser/src/parser/expression.ts:683:23)
      at Parser.parseMaybeUnary [as parseMaybeUnaryOrPrivate] (node_modules/@babel/parser/src/parser/expression.ts:417:14)
      at Parser.parseMaybeUnaryOrPrivate [as parseExprOps] (node_modules/@babel/parser/src/parser/expression.ts:429:23)
      at Parser.parseExprOps [as parseMaybeConditional] (node_modules/@babel/parser/src/parser/expression.ts:384:23)
      at Parser.parseMaybeConditional [as parseMaybeAssign] (node_modules/@babel/parser/src/parser/expression.ts:301:21)
      at parseMaybeAssign (node_modules/@babel/parser/src/parser/expression.ts:257:12)
      at Parser.callback [as allowInAnd] (node_modules/@babel/parser/src/parser/expression.ts:3197:16)
      at Parser.allowInAnd [as parseMaybeAssignAllowIn] (node_modules/@babel/parser/src/parser/expression.ts:256:17)
      at Parser.parseMaybeAssignAllowIn [as parseVar] (node_modules/@babel/parser/src/parser/statement.ts:1587:18)
      at Parser.parseVar [as parseVarStatement] (node_modules/@babel/parser/src/parser/statement.ts:1251:10)
      at Parser.parseVarStatement [as parseStatementContent] (node_modules/@babel/parser/src/parser/statement.ts:612:21)
      at Parser.parseStatementContent [as parseStatementLike] (node_modules/@babel/parser/src/parser/statement.ts:482:17)
      at Parser.parseStatementLike [as parseModuleItem] (node_modules/@babel/parser/src/parser/statement.ts:419:17)
      at Parser.parseModuleItem [as parseBlockOrModuleBlockBody] (node_modules/@babel/parser/src/parser/statement.ts:1443:16)
      at Parser.parseBlockOrModuleBlockBody [as parseBlockBody] (node_modules/@babel/parser/src/parser/statement.ts:1417:10)
      at Parser.parseBlockBody [as parseProgram] (node_modules/@babel/parser/src/parser/statement.ts:229:10)
      at Parser.parseProgram [as parseTopLevel] (node_modules/@babel/parser/src/parser/statement.ts:203:25)
      at Parser.parseTopLevel [as parse] (node_modules/@babel/parser/src/parser/index.ts:88:25)
      at parse (node_modules/@babel/parser/src/index.ts:86:38)
      at parser (node_modules/@babel/core/src/parser/index.ts:29:19)
          at parser.next (<anonymous>)
      at normalizeFile (node_modules/@babel/core/src/transformation/normalize-file.ts:50:24)
          at normalizeFile.next (<anonymous>)
      at run (node_modules/@babel/core/src/transformation/index.ts:41:36)
          at run.next (<anonymous>)
      at transform (node_modules/@babel/core/src/transform.ts:29:20)
          at transform.next (<anonymous>)

FAIL tests/Minigames.test.js
  ● Test suite failed to run

    Jest encountered an unexpected token

    Jest failed to parse a file. This happens e.g. when your code or its dependencies use non-standard JavaScript syntax, or when Jest is not configured to support such syntax.

    Out of the box Jest supports Babel, which will be used to transform your files into valid JS based on your Babel configuration.

    By default "node_modules" folder is ignored by transformers.

    Here's what you can do:
     • If you are trying to use ECMAScript Modules, see https://jestjs.io/docs/ecmascript-modules for how to enable it.
     • If you are trying to use TypeScript, see https://jestjs.io/docs/getting-started#using-typescript
     • To have some of your "node_modules" files transformed, you can specify a custom "transformIgnorePatterns" in your config.
     • If you need a custom transformation, specify a "transform" option in your config.
     • If you simply want to mock your non-JS modules (e.g. binary assets) you can stub them out with the "moduleNameMapper" config option.

    You'll find more details and examples of these config options in the docs:
    https://jestjs.io/docs/configuration
    For information about custom transformations, see:
    https://jestjs.io/docs/code-transformation

    Details:

    SyntaxError: /workspaces/Nadagotchi/tests/Minigames.test.js: Unexpected token (7:0)

       5 | const createMockGameObject = () => {
       6 |     const handlers = {};
    >  7 | <<<<<<< HEAD
         | ^
       8 |     return { scene: {},
       9 | =======
      10 |     return {

      at constructor (node_modules/@babel/parser/src/parse-error.ts:95:45)
      at Parser.toParseError [as raise] (node_modules/@babel/parser/src/tokenizer/index.ts:1507:19)
      at Parser.raise [as unexpected] (node_modules/@babel/parser/src/tokenizer/index.ts:1547:16)
      at Parser.unexpected [as parseExprAtom] (node_modules/@babel/parser/src/parser/expression.ts:1355:22)
      at Parser.parseExprAtom [as parseExprSubscripts] (node_modules/@babel/parser/src/parser/expression.ts:742:23)
      at Parser.parseExprSubscripts [as parseUpdate] (node_modules/@babel/parser/src/parser/expression.ts:721:21)
      at Parser.parseUpdate [as parseMaybeUnary] (node_modules/@babel/parser/src/parser/expression.ts:683:23)
      at Parser.parseMaybeUnary [as parseMaybeUnaryOrPrivate] (node_modules/@babel/parser/src/parser/expression.ts:417:14)
      at Parser.parseMaybeUnaryOrPrivate [as parseExprOps] (node_modules/@babel/parser/src/parser/expression.ts:429:23)
      at Parser.parseExprOps [as parseMaybeConditional] (node_modules/@babel/parser/src/parser/expression.ts:384:23)
      at Parser.parseMaybeConditional [as parseMaybeAssign] (node_modules/@babel/parser/src/parser/expression.ts:301:21)
      at Parser.parseMaybeAssign [as parseExpressionBase] (node_modules/@babel/parser/src/parser/expression.ts:226:23)
      at parseExpressionBase (node_modules/@babel/parser/src/parser/expression.ts:217:39)
      at Parser.callback [as allowInAnd] (node_modules/@babel/parser/src/parser/expression.ts:3197:16)
      at Parser.allowInAnd [as parseExpression] (node_modules/@babel/parser/src/parser/expression.ts:217:17)
      at Parser.parseExpression [as parseStatementContent] (node_modules/@babel/parser/src/parser/statement.ts:688:23)
      at Parser.parseStatementContent [as parseStatementLike] (node_modules/@babel/parser/src/parser/statement.ts:482:17)
      at Parser.parseStatementLike [as parseStatementListItem] (node_modules/@babel/parser/src/parser/statement.ts:431:17)
      at Parser.parseStatementListItem [as parseBlockOrModuleBlockBody] (node_modules/@babel/parser/src/parser/statement.ts:1444:16)
      at Parser.parseBlockOrModuleBlockBody [as parseBlockBody] (node_modules/@babel/parser/src/parser/statement.ts:1417:10)
      at Parser.parseBlockBody [as parseBlock] (node_modules/@babel/parser/src/parser/statement.ts:1385:10)
      at Parser.parseBlock [as parseFunctionBody] (node_modules/@babel/parser/src/parser/expression.ts:2626:24)
      at Parser.parseFunctionBody [as parseArrowExpression] (node_modules/@babel/parser/src/parser/expression.ts:2563:10)
      at Parser.parseArrowExpression [as parseParenAndDistinguishExpression] (node_modules/@babel/parser/src/parser/expression.ts:1847:12)
      at Parser.parseParenAndDistinguishExpression [as parseExprAtom] (node_modules/@babel/parser/src/parser/expression.ts:1170:21)
      at Parser.parseExprAtom [as parseExprSubscripts] (node_modules/@babel/parser/src/parser/expression.ts:742:23)
      at Parser.parseExprSubscripts [as parseUpdate] (node_modules/@babel/parser/src/parser/expression.ts:721:21)
      at Parser.parseUpdate [as parseMaybeUnary] (node_modules/@babel/parser/src/parser/expression.ts:683:23)
      at Parser.parseMaybeUnary [as parseMaybeUnaryOrPrivate] (node_modules/@babel/parser/src/parser/expression.ts:417:14)
      at Parser.parseMaybeUnaryOrPrivate [as parseExprOps] (node_modules/@babel/parser/src/parser/expression.ts:429:23)
      at Parser.parseExprOps [as parseMaybeConditional] (node_modules/@babel/parser/src/parser/expression.ts:384:23)
      at Parser.parseMaybeConditional [as parseMaybeAssign] (node_modules/@babel/parser/src/parser/expression.ts:301:21)
      at parseMaybeAssign (node_modules/@babel/parser/src/parser/expression.ts:257:12)
      at Parser.callback [as allowInAnd] (node_modules/@babel/parser/src/parser/expression.ts:3197:16)
      at Parser.allowInAnd [as parseMaybeAssignAllowIn] (node_modules/@babel/parser/src/parser/expression.ts:256:17)
      at Parser.parseMaybeAssignAllowIn [as parseVar] (node_modules/@babel/parser/src/parser/statement.ts:1587:18)
      at Parser.parseVar [as parseVarStatement] (node_modules/@babel/parser/src/parser/statement.ts:1251:10)
      at Parser.parseVarStatement [as parseStatementContent] (node_modules/@babel/parser/src/parser/statement.ts:612:21)
      at Parser.parseStatementContent [as parseStatementLike] (node_modules/@babel/parser/src/parser/statement.ts:482:17)
      at Parser.parseStatementLike [as parseModuleItem] (node_modules/@babel/parser/src/parser/statement.ts:419:17)
      at Parser.parseModuleItem [as parseBlockOrModuleBlockBody] (node_modules/@babel/parser/src/parser/statement.ts:1443:16)
      at Parser.parseBlockOrModuleBlockBody [as parseBlockBody] (node_modules/@babel/parser/src/parser/statement.ts:1417:10)
      at Parser.parseBlockBody [as parseProgram] (node_modules/@babel/parser/src/parser/statement.ts:229:10)
      at Parser.parseProgram [as parseTopLevel] (node_modules/@babel/parser/src/parser/statement.ts:203:25)
      at Parser.parseTopLevel [as parse] (node_modules/@babel/parser/src/parser/index.ts:88:25)
      at parse (node_modules/@babel/parser/src/index.ts:86:38)
      at parser (node_modules/@babel/core/src/parser/index.ts:29:19)
          at parser.next (<anonymous>)
      at normalizeFile (node_modules/@babel/core/src/transformation/normalize-file.ts:50:24)
          at normalizeFile.next (<anonymous>)
      at run (node_modules/@babel/core/src/transformation/index.ts:41:36)
          at run.next (<anonymous>)
      at transform (node_modules/@babel/core/src/transform.ts:29:20)
          at transform.next (<anonymous>)
      at evaluateSync (node_modules/gensync/index.js:251:28)
      at sync (node_modules/gensync/index.js:89:14)
      at fn (node_modules/@babel/core/src/errors/rewrite-stack-trace.ts:99:14)
      at transformSync (node_modules/@babel/core/src/transform.ts:66:52)
      at ScriptTransformer.transformSource (node_modules/@jest/transform/build/index.js:422:31)
      at ScriptTransformer._transformAndBuildScript (node_modules/@jest/transform/build/index.js:519:40)
      at ScriptTransformer.transform (node_modules/@jest/transform/build/index.js:558:19)

FAIL tests/StartScene.test.js
  ● Test suite failed to run

    Jest encountered an unexpected token

    Jest failed to parse a file. This happens e.g. when your code or its dependencies use non-standard JavaScript syntax, or when Jest is not configured to support such syntax.

    Out of the box Jest supports Babel, which will be used to transform your files into valid JS based on your Babel configuration.

    By default "node_modules" folder is ignored by transformers.

    Here's what you can do:
     • If you are trying to use ECMAScript Modules, see https://jestjs.io/docs/ecmascript-modules for how to enable it.
     • If you are trying to use TypeScript, see https://jestjs.io/docs/getting-started#using-typescript
     • To have some of your "node_modules" files transformed, you can specify a custom "transformIgnorePatterns" in your config.
     • If you need a custom transformation, specify a "transform" option in your config.
     • If you simply want to mock your non-JS modules (e.g. binary assets) you can stub them out with the "moduleNameMapper" config option.

    You'll find more details and examples of these config options in the docs:
    https://jestjs.io/docs/configuration
    For information about custom transformations, see:
    https://jestjs.io/docs/code-transformation

    Details:

    SyntaxError: /workspaces/Nadagotchi/tests/helpers/mockPhaser.js: Unexpected token (1:0)

    > 1 | <<<<<<< HEAD
        | ^
      2 | =======
      3 |
      4 | >>>>>>> 74fdaab (Update js/DebugConsole.js)

      1 | // tests/StartScene.test.js
      2 | import { jest } from '@jest/globals';
    > 3 | import { setupPhaserMock, createMockAdd, mockGameObject } from './helpers/mockPhaser.js';
        | ^
      4 |
      5 | // Setup Phaser mock before requiring the scene
      6 | setupPhaserMock();

      at constructor (node_modules/@babel/parser/src/parse-error.ts:95:45)
      at Parser.toParseError [as raise] (node_modules/@babel/parser/src/tokenizer/index.ts:1507:19)
      at Parser.raise [as unexpected] (node_modules/@babel/parser/src/tokenizer/index.ts:1547:16)
      at Parser.unexpected [as parseExprAtom] (node_modules/@babel/parser/src/parser/expression.ts:1355:22)
      at Parser.parseExprAtom [as parseExprSubscripts] (node_modules/@babel/parser/src/parser/expression.ts:742:23)
      at Parser.parseExprSubscripts [as parseUpdate] (node_modules/@babel/parser/src/parser/expression.ts:721:21)
      at Parser.parseUpdate [as parseMaybeUnary] (node_modules/@babel/parser/src/parser/expression.ts:683:23)
      at Parser.parseMaybeUnary [as parseMaybeUnaryOrPrivate] (node_modules/@babel/parser/src/parser/expression.ts:417:14)
      at Parser.parseMaybeUnaryOrPrivate [as parseExprOps] (node_modules/@babel/parser/src/parser/expression.ts:429:23)
      at Parser.parseExprOps [as parseMaybeConditional] (node_modules/@babel/parser/src/parser/expression.ts:384:23)
      at Parser.parseMaybeConditional [as parseMaybeAssign] (node_modules/@babel/parser/src/parser/expression.ts:301:21)
      at Parser.parseMaybeAssign [as parseExpressionBase] (node_modules/@babel/parser/src/parser/expression.ts:226:23)
      at parseExpressionBase (node_modules/@babel/parser/src/parser/expression.ts:217:39)
      at Parser.callback [as allowInAnd] (node_modules/@babel/parser/src/parser/expression.ts:3197:16)
      at Parser.allowInAnd [as parseExpression] (node_modules/@babel/parser/src/parser/expression.ts:217:17)
      at Parser.parseExpression [as parseStatementContent] (node_modules/@babel/parser/src/parser/statement.ts:688:23)
      at Parser.parseStatementContent [as parseStatementLike] (node_modules/@babel/parser/src/parser/statement.ts:482:17)
      at Parser.parseStatementLike [as parseModuleItem] (node_modules/@babel/parser/src/parser/statement.ts:419:17)
      at Parser.parseModuleItem [as parseBlockOrModuleBlockBody] (node_modules/@babel/parser/src/parser/statement.ts:1443:16)
      at Parser.parseBlockOrModuleBlockBody [as parseBlockBody] (node_modules/@babel/parser/src/parser/statement.ts:1417:10)
      at Parser.parseBlockBody [as parseProgram] (node_modules/@babel/parser/src/parser/statement.ts:229:10)
      at Parser.parseProgram [as parseTopLevel] (node_modules/@babel/parser/src/parser/statement.ts:203:25)
      at Parser.parseTopLevel [as parse] (node_modules/@babel/parser/src/parser/index.ts:88:25)
      at parse (node_modules/@babel/parser/src/index.ts:86:38)
      at parser (node_modules/@babel/core/src/parser/index.ts:29:19)
          at parser.next (<anonymous>)
      at normalizeFile (node_modules/@babel/core/src/transformation/normalize-file.ts:50:24)
          at normalizeFile.next (<anonymous>)
      at run (node_modules/@babel/core/src/transformation/index.ts:41:36)
          at run.next (<anonymous>)
      at transform (node_modules/@babel/core/src/transform.ts:29:20)
          at transform.next (<anonymous>)
      at evaluateSync (node_modules/gensync/index.js:251:28)
      at sync (node_modules/gensync/index.js:89:14)
      at fn (node_modules/@babel/core/src/errors/rewrite-stack-trace.ts:99:14)
      at transformSync (node_modules/@babel/core/src/transform.ts:66:52)
      at ScriptTransformer.transformSource (node_modules/@jest/transform/build/index.js:422:31)
      at ScriptTransformer._transformAndBuildScript (node_modules/@jest/transform/build/index.js:519:40)
      at ScriptTransformer.transform (node_modules/@jest/transform/build/index.js:558:19)
      at Object.require (tests/StartScene.test.js:3:1)

FAIL tests/UIScene.test.js
  ● Test suite failed to run

    Jest encountered an unexpected token

    Jest failed to parse a file. This happens e.g. when your code or its dependencies use non-standard JavaScript syntax, or when Jest is not configured to support such syntax.

    Out of the box Jest supports Babel, which will be used to transform your files into valid JS based on your Babel configuration.

    By default "node_modules" folder is ignored by transformers.

    Here's what you can do:
     • If you are trying to use ECMAScript Modules, see https://jestjs.io/docs/ecmascript-modules for how to enable it.
     • If you are trying to use TypeScript, see https://jestjs.io/docs/getting-started#using-typescript
     • To have some of your "node_modules" files transformed, you can specify a custom "transformIgnorePatterns" in your config.
     • If you need a custom transformation, specify a "transform" option in your config.
     • If you simply want to mock your non-JS modules (e.g. binary assets) you can stub them out with the "moduleNameMapper" config option.

    You'll find more details and examples of these config options in the docs:
    https://jestjs.io/docs/configuration
    For information about custom transformations, see:
    https://jestjs.io/docs/code-transformation

    Details:

    SyntaxError: /workspaces/Nadagotchi/tests/helpers/mockPhaser.js: Unexpected token (1:0)

    > 1 | <<<<<<< HEAD
        | ^
      2 | =======
      3 |
      4 | >>>>>>> 74fdaab (Update js/DebugConsole.js)

      1 | import { jest } from '@jest/globals';
    > 2 | import { setupPhaserMock, createMockAdd, mockGameObject } from './helpers/mockPhaser';
        | ^
      3 |
      4 | setupPhaserMock();
      5 |

      at constructor (node_modules/@babel/parser/src/parse-error.ts:95:45)
      at Parser.toParseError [as raise] (node_modules/@babel/parser/src/tokenizer/index.ts:1507:19)
      at Parser.raise [as unexpected] (node_modules/@babel/parser/src/tokenizer/index.ts:1547:16)
      at Parser.unexpected [as parseExprAtom] (node_modules/@babel/parser/src/parser/expression.ts:1355:22)
      at Parser.parseExprAtom [as parseExprSubscripts] (node_modules/@babel/parser/src/parser/expression.ts:742:23)
      at Parser.parseExprSubscripts [as parseUpdate] (node_modules/@babel/parser/src/parser/expression.ts:721:21)
      at Parser.parseUpdate [as parseMaybeUnary] (node_modules/@babel/parser/src/parser/expression.ts:683:23)
      at Parser.parseMaybeUnary [as parseMaybeUnaryOrPrivate] (node_modules/@babel/parser/src/parser/expression.ts:417:14)
      at Parser.parseMaybeUnaryOrPrivate [as parseExprOps] (node_modules/@babel/parser/src/parser/expression.ts:429:23)
      at Parser.parseExprOps [as parseMaybeConditional] (node_modules/@babel/parser/src/parser/expression.ts:384:23)
      at Parser.parseMaybeConditional [as parseMaybeAssign] (node_modules/@babel/parser/src/parser/expression.ts:301:21)
      at Parser.parseMaybeAssign [as parseExpressionBase] (node_modules/@babel/parser/src/parser/expression.ts:226:23)
      at parseExpressionBase (node_modules/@babel/parser/src/parser/expression.ts:217:39)
      at Parser.callback [as allowInAnd] (node_modules/@babel/parser/src/parser/expression.ts:3197:16)
      at Parser.allowInAnd [as parseExpression] (node_modules/@babel/parser/src/parser/expression.ts:217:17)
      at Parser.parseExpression [as parseStatementContent] (node_modules/@babel/parser/src/parser/statement.ts:688:23)
      at Parser.parseStatementContent [as parseStatementLike] (node_modules/@babel/parser/src/parser/statement.ts:482:17)
      at Parser.parseStatementLike [as parseModuleItem] (node_modules/@babel/parser/src/parser/statement.ts:419:17)
      at Parser.parseModuleItem [as parseBlockOrModuleBlockBody] (node_modules/@babel/parser/src/parser/statement.ts:1443:16)
      at Parser.parseBlockOrModuleBlockBody [as parseBlockBody] (node_modules/@babel/parser/src/parser/statement.ts:1417:10)
      at Parser.parseBlockBody [as parseProgram] (node_modules/@babel/parser/src/parser/statement.ts:229:10)
      at Parser.parseProgram [as parseTopLevel] (node_modules/@babel/parser/src/parser/statement.ts:203:25)
      at Parser.parseTopLevel [as parse] (node_modules/@babel/parser/src/parser/index.ts:88:25)
      at parse (node_modules/@babel/parser/src/index.ts:86:38)
      at parser (node_modules/@babel/core/src/parser/index.ts:29:19)
          at parser.next (<anonymous>)
      at normalizeFile (node_modules/@babel/core/src/transformation/normalize-file.ts:50:24)
          at normalizeFile.next (<anonymous>)
      at run (node_modules/@babel/core/src/transformation/index.ts:41:36)
          at run.next (<anonymous>)
      at transform (node_modules/@babel/core/src/transform.ts:29:20)
          at transform.next (<anonymous>)
      at evaluateSync (node_modules/gensync/index.js:251:28)
      at sync (node_modules/gensync/index.js:89:14)
      at fn (node_modules/@babel/core/src/errors/rewrite-stack-trace.ts:99:14)
      at transformSync (node_modules/@babel/core/src/transform.ts:66:52)
      at ScriptTransformer.transformSource (node_modules/@jest/transform/build/index.js:422:31)
      at ScriptTransformer._transformAndBuildScript (node_modules/@jest/transform/build/index.js:519:40)
      at ScriptTransformer.transform (node_modules/@jest/transform/build/index.js:558:19)
      at Object.require (tests/UIScene.test.js:2:1)

FAIL tests/MainSceneCoverage.test.js
  ● Test suite failed to run

    Jest encountered an unexpected token

    Jest failed to parse a file. This happens e.g. when your code or its dependencies use non-standard JavaScript syntax, or when Jest is not configured to support such syntax.

    Out of the box Jest supports Babel, which will be used to transform your files into valid JS based on your Babel configuration.

    By default "node_modules" folder is ignored by transformers.

    Here's what you can do:
     • If you are trying to use ECMAScript Modules, see https://jestjs.io/docs/ecmascript-modules for how to enable it.
     • If you are trying to use TypeScript, see https://jestjs.io/docs/getting-started#using-typescript
     • To have some of your "node_modules" files transformed, you can specify a custom "transformIgnorePatterns" in your config.
     • If you need a custom transformation, specify a "transform" option in your config.
     • If you simply want to mock your non-JS modules (e.g. binary assets) you can stub them out with the "moduleNameMapper" config option.

    You'll find more details and examples of these config options in the docs:
    https://jestjs.io/docs/configuration
    For information about custom transformations, see:
    https://jestjs.io/docs/code-transformation

    Details:

    SyntaxError: /workspaces/Nadagotchi/tests/MainSceneCoverage.test.js: Unexpected token (1:0)

    > 1 | <<<<<<< HEAD
        | ^
      2 | =======
      3 |
      4 | >>>>>>> 74fdaab (Update js/DebugConsole.js)

      at constructor (node_modules/@babel/parser/src/parse-error.ts:95:45)
      at Parser.toParseError [as raise] (node_modules/@babel/parser/src/tokenizer/index.ts:1507:19)
      at Parser.raise [as unexpected] (node_modules/@babel/parser/src/tokenizer/index.ts:1547:16)
      at Parser.unexpected [as parseExprAtom] (node_modules/@babel/parser/src/parser/expression.ts:1355:22)
      at Parser.parseExprAtom [as parseExprSubscripts] (node_modules/@babel/parser/src/parser/expression.ts:742:23)
      at Parser.parseExprSubscripts [as parseUpdate] (node_modules/@babel/parser/src/parser/expression.ts:721:21)
      at Parser.parseUpdate [as parseMaybeUnary] (node_modules/@babel/parser/src/parser/expression.ts:683:23)
      at Parser.parseMaybeUnary [as parseMaybeUnaryOrPrivate] (node_modules/@babel/parser/src/parser/expression.ts:417:14)
      at Parser.parseMaybeUnaryOrPrivate [as parseExprOps] (node_modules/@babel/parser/src/parser/expression.ts:429:23)
      at Parser.parseExprOps [as parseMaybeConditional] (node_modules/@babel/parser/src/parser/expression.ts:384:23)
      at Parser.parseMaybeConditional [as parseMaybeAssign] (node_modules/@babel/parser/src/parser/expression.ts:301:21)
      at Parser.parseMaybeAssign [as parseExpressionBase] (node_modules/@babel/parser/src/parser/expression.ts:226:23)
      at parseExpressionBase (node_modules/@babel/parser/src/parser/expression.ts:217:39)
      at Parser.callback [as allowInAnd] (node_modules/@babel/parser/src/parser/expression.ts:3197:16)
      at Parser.allowInAnd [as parseExpression] (node_modules/@babel/parser/src/parser/expression.ts:217:17)
      at Parser.parseExpression [as parseStatementContent] (node_modules/@babel/parser/src/parser/statement.ts:688:23)
      at Parser.parseStatementContent [as parseStatementLike] (node_modules/@babel/parser/src/parser/statement.ts:482:17)
      at Parser.parseStatementLike [as parseModuleItem] (node_modules/@babel/parser/src/parser/statement.ts:419:17)
      at Parser.parseModuleItem [as parseBlockOrModuleBlockBody] (node_modules/@babel/parser/src/parser/statement.ts:1443:16)
      at Parser.parseBlockOrModuleBlockBody [as parseBlockBody] (node_modules/@babel/parser/src/parser/statement.ts:1417:10)
      at Parser.parseBlockBody [as parseProgram] (node_modules/@babel/parser/src/parser/statement.ts:229:10)
      at Parser.parseProgram [as parseTopLevel] (node_modules/@babel/parser/src/parser/statement.ts:203:25)
      at Parser.parseTopLevel [as parse] (node_modules/@babel/parser/src/parser/index.ts:88:25)
      at parse (node_modules/@babel/parser/src/index.ts:86:38)
      at parser (node_modules/@babel/core/src/parser/index.ts:29:19)
          at parser.next (<anonymous>)
      at normalizeFile (node_modules/@babel/core/src/transformation/normalize-file.ts:50:24)
          at normalizeFile.next (<anonymous>)
      at run (node_modules/@babel/core/src/transformation/index.ts:41:36)
          at run.next (<anonymous>)
      at transform (node_modules/@babel/core/src/transform.ts:29:20)
          at transform.next (<anonymous>)
      at evaluateSync (node_modules/gensync/index.js:251:28)
      at sync (node_modules/gensync/index.js:89:14)
      at fn (node_modules/@babel/core/src/errors/rewrite-stack-trace.ts:99:14)
      at transformSync (node_modules/@babel/core/src/transform.ts:66:52)
      at ScriptTransformer.transformSource (node_modules/@jest/transform/build/index.js:422:31)
      at ScriptTransformer._transformAndBuildScript (node_modules/@jest/transform/build/index.js:519:40)
      at ScriptTransformer.transform (node_modules/@jest/transform/build/index.js:558:19)

FAIL tests/legacy.test.js
  ● Test suite failed to run

    Jest encountered an unexpected token

    Jest failed to parse a file. This happens e.g. when your code or its dependencies use non-standard JavaScript syntax, or when Jest is not configured to support such syntax.

    Out of the box Jest supports Babel, which will be used to transform your files into valid JS based on your Babel configuration.

    By default "node_modules" folder is ignored by transformers.

    Here's what you can do:
     • If you are trying to use ECMAScript Modules, see https://jestjs.io/docs/ecmascript-modules for how to enable it.
     • If you are trying to use TypeScript, see https://jestjs.io/docs/getting-started#using-typescript
     • To have some of your "node_modules" files transformed, you can specify a custom "transformIgnorePatterns" in your config.
     • If you need a custom transformation, specify a "transform" option in your config.
     • If you simply want to mock your non-JS modules (e.g. binary assets) you can stub them out with the "moduleNameMapper" config option.

    You'll find more details and examples of these config options in the docs:
    https://jestjs.io/docs/configuration
    For information about custom transformations, see:
    https://jestjs.io/docs/code-transformation

    Details:

    SyntaxError: /workspaces/Nadagotchi/js/Nadagotchi.js: Unexpected token (32:0)

      30 |      */
      31 |     constructor(initialArchetype, loadedData = null) {
    > 32 | <<<<<<< HEAD
         | ^
      33 |         /** @type {boolean} Indicates if the asynchronous initialization is complete. */
      34 |         this.isInitialized = false;
      35 |

      131 | // Since the JS files are not modules, we require a transform to make them testable.
      132 | // This is handled by jest.config.js, so we can use require here.
    > 133 | const { Nadagotchi } = require('../js/Nadagotchi.js');
          |                        ^
      134 | const { MainScene } = require('../js/MainScene.js');
      135 | const { UIScene } = require('../js/UIScene.js');
      136 | const { PersistenceManager } = require('../js/PersistenceManager.js');

      at constructor (node_modules/@babel/parser/src/parse-error.ts:95:45)
      at Parser.toParseError [as raise] (node_modules/@babel/parser/src/tokenizer/index.ts:1507:19)
      at Parser.raise [as unexpected] (node_modules/@babel/parser/src/tokenizer/index.ts:1547:16)
      at Parser.unexpected [as parseExprAtom] (node_modules/@babel/parser/src/parser/expression.ts:1355:22)
      at Parser.parseExprAtom [as parseExprSubscripts] (node_modules/@babel/parser/src/parser/expression.ts:742:23)
      at Parser.parseExprSubscripts [as parseUpdate] (node_modules/@babel/parser/src/parser/expression.ts:721:21)
      at Parser.parseUpdate [as parseMaybeUnary] (node_modules/@babel/parser/src/parser/expression.ts:683:23)
      at Parser.parseMaybeUnary [as parseMaybeUnaryOrPrivate] (node_modules/@babel/parser/src/parser/expression.ts:417:14)
      at Parser.parseMaybeUnaryOrPrivate [as parseExprOps] (node_modules/@babel/parser/src/parser/expression.ts:429:23)
      at Parser.parseExprOps [as parseMaybeConditional] (node_modules/@babel/parser/src/parser/expression.ts:384:23)
      at Parser.parseMaybeConditional [as parseMaybeAssign] (node_modules/@babel/parser/src/parser/expression.ts:301:21)
      at Parser.parseMaybeAssign [as parseExpressionBase] (node_modules/@babel/parser/src/parser/expression.ts:226:23)
      at parseExpressionBase (node_modules/@babel/parser/src/parser/expression.ts:217:39)
      at Parser.callback [as allowInAnd] (node_modules/@babel/parser/src/parser/expression.ts:3197:16)
      at Parser.allowInAnd [as parseExpression] (node_modules/@babel/parser/src/parser/expression.ts:217:17)
      at Parser.parseExpression [as parseStatementContent] (node_modules/@babel/parser/src/parser/statement.ts:688:23)
      at Parser.parseStatementContent [as parseStatementLike] (node_modules/@babel/parser/src/parser/statement.ts:482:17)
      at Parser.parseStatementLike [as parseStatementListItem] (node_modules/@babel/parser/src/parser/statement.ts:431:17)
      at Parser.parseStatementListItem [as parseBlockOrModuleBlockBody] (node_modules/@babel/parser/src/parser/statement.ts:1444:16)
      at Parser.parseBlockOrModuleBlockBody [as parseBlockBody] (node_modules/@babel/parser/src/parser/statement.ts:1417:10)
      at Parser.parseBlockBody [as parseBlock] (node_modules/@babel/parser/src/parser/statement.ts:1385:10)
      at Parser.parseBlock [as parseFunctionBody] (node_modules/@babel/parser/src/parser/expression.ts:2626:24)
      at Parser.parseFunctionBody [as parseFunctionBodyAndFinish] (node_modules/@babel/parser/src/parser/expression.ts:2595:10)
      at Parser.parseFunctionBodyAndFinish [as parseMethod] (node_modules/@babel/parser/src/parser/expression.ts:2492:31)
      at Parser.parseMethod [as pushClassMethod] (node_modules/@babel/parser/src/parser/statement.ts:2244:12)
      at Parser.pushClassMethod [as parseClassMemberWithIsStatic] (node_modules/@babel/parser/src/parser/statement.ts:2023:12)
      at Parser.parseClassMemberWithIsStatic [as parseClassMember] (node_modules/@babel/parser/src/parser/statement.ts:1938:10)
      at parseClassMember (node_modules/@babel/parser/src/parser/statement.ts:1851:14)
      at Parser.callback [as withSmartMixTopicForbiddingContext] (node_modules/@babel/parser/src/parser/expression.ts:3176:14)
      at Parser.withSmartMixTopicForbiddingContext [as parseClassBody] (node_modules/@babel/parser/src/parser/statement.ts:1823:10)
      at Parser.parseClassBody [as parseClass] (node_modules/@babel/parser/src/parser/statement.ts:1774:22)
      at Parser.parseClass [as parseExportDeclaration] (node_modules/@babel/parser/src/parser/statement.ts:2628:25)
      at Parser.parseExportDeclaration [as maybeParseExportDeclaration] (node_modules/@babel/parser/src/parser/statement.ts:2551:31)
      at Parser.maybeParseExportDeclaration [as parseExport] (node_modules/@babel/parser/src/parser/statement.ts:2432:29)
      at Parser.parseExport [as parseStatementContent] (node_modules/@babel/parser/src/parser/statement.ts:649:25)
      at Parser.parseStatementContent [as parseStatementLike] (node_modules/@babel/parser/src/parser/statement.ts:482:17)
      at Parser.parseStatementLike [as parseModuleItem] (node_modules/@babel/parser/src/parser/statement.ts:419:17)
      at Parser.parseModuleItem [as parseBlockOrModuleBlockBody] (node_modules/@babel/parser/src/parser/statement.ts:1443:16)
      at Parser.parseBlockOrModuleBlockBody [as parseBlockBody] (node_modules/@babel/parser/src/parser/statement.ts:1417:10)
      at Parser.parseBlockBody [as parseProgram] (node_modules/@babel/parser/src/parser/statement.ts:229:10)
      at Parser.parseProgram [as parseTopLevel] (node_modules/@babel/parser/src/parser/statement.ts:203:25)
      at Parser.parseTopLevel [as parse] (node_modules/@babel/parser/src/parser/index.ts:88:25)
      at parse (node_modules/@babel/parser/src/index.ts:86:38)
      at parser (node_modules/@babel/core/src/parser/index.ts:29:19)
          at parser.next (<anonymous>)
      at normalizeFile (node_modules/@babel/core/src/transformation/normalize-file.ts:50:24)
          at normalizeFile.next (<anonymous>)
      at run (node_modules/@babel/core/src/transformation/index.ts:41:36)
          at run.next (<anonymous>)
      at transform (node_modules/@babel/core/src/transform.ts:29:20)
          at transform.next (<anonymous>)
      at evaluateSync (node_modules/gensync/index.js:251:28)
      at sync (node_modules/gensync/index.js:89:14)
      at fn (node_modules/@babel/core/src/errors/rewrite-stack-trace.ts:99:14)
      at transformSync (node_modules/@babel/core/src/transform.ts:66:52)
      at ScriptTransformer.transformSource (node_modules/@jest/transform/build/index.js:422:31)
      at ScriptTransformer._transformAndBuildScript (node_modules/@jest/transform/build/index.js:519:40)
      at ScriptTransformer.transform (node_modules/@jest/transform/build/index.js:558:19)
      at Object.require (tests/legacy.test.js:133:24)

FAIL tests/FurnitureRegression.test.js
  ● Test suite failed to run

    Jest encountered an unexpected token

    Jest failed to parse a file. This happens e.g. when your code or its dependencies use non-standard JavaScript syntax, or when Jest is not configured to support such syntax.

    Out of the box Jest supports Babel, which will be used to transform your files into valid JS based on your Babel configuration.

    By default "node_modules" folder is ignored by transformers.

    Here's what you can do:
     • If you are trying to use ECMAScript Modules, see https://jestjs.io/docs/ecmascript-modules for how to enable it.
     • If you are trying to use TypeScript, see https://jestjs.io/docs/getting-started#using-typescript
     • To have some of your "node_modules" files transformed, you can specify a custom "transformIgnorePatterns" in your config.
     • If you need a custom transformation, specify a "transform" option in your config.
     • If you simply want to mock your non-JS modules (e.g. binary assets) you can stub them out with the "moduleNameMapper" config option.

    You'll find more details and examples of these config options in the docs:
    https://jestjs.io/docs/configuration
    For information about custom transformations, see:
    https://jestjs.io/docs/code-transformation

    Details:

    SyntaxError: /workspaces/Nadagotchi/tests/FurnitureRegression.test.js: Unexpected token (1:0)

    > 1 | <<<<<<< HEAD
        | ^
      2 | // tests/FurnitureRegression.test.js
      3 | import { setupPhaserMock, createMockAdd } from './helpers/mockPhaser';
      4 |

      at constructor (node_modules/@babel/parser/src/parse-error.ts:95:45)
      at Parser.toParseError [as raise] (node_modules/@babel/parser/src/tokenizer/index.ts:1507:19)
      at Parser.raise [as unexpected] (node_modules/@babel/parser/src/tokenizer/index.ts:1547:16)
      at Parser.unexpected [as parseExprAtom] (node_modules/@babel/parser/src/parser/expression.ts:1355:22)
      at Parser.parseExprAtom [as parseExprSubscripts] (node_modules/@babel/parser/src/parser/expression.ts:742:23)
      at Parser.parseExprSubscripts [as parseUpdate] (node_modules/@babel/parser/src/parser/expression.ts:721:21)
      at Parser.parseUpdate [as parseMaybeUnary] (node_modules/@babel/parser/src/parser/expression.ts:683:23)
      at Parser.parseMaybeUnary [as parseMaybeUnaryOrPrivate] (node_modules/@babel/parser/src/parser/expression.ts:417:14)
      at Parser.parseMaybeUnaryOrPrivate [as parseExprOps] (node_modules/@babel/parser/src/parser/expression.ts:429:23)
      at Parser.parseExprOps [as parseMaybeConditional] (node_modules/@babel/parser/src/parser/expression.ts:384:23)
      at Parser.parseMaybeConditional [as parseMaybeAssign] (node_modules/@babel/parser/src/parser/expression.ts:301:21)
      at Parser.parseMaybeAssign [as parseExpressionBase] (node_modules/@babel/parser/src/parser/expression.ts:226:23)
      at parseExpressionBase (node_modules/@babel/parser/src/parser/expression.ts:217:39)
      at Parser.callback [as allowInAnd] (node_modules/@babel/parser/src/parser/expression.ts:3197:16)
      at Parser.allowInAnd [as parseExpression] (node_modules/@babel/parser/src/parser/expression.ts:217:17)
      at Parser.parseExpression [as parseStatementContent] (node_modules/@babel/parser/src/parser/statement.ts:688:23)
      at Parser.parseStatementContent [as parseStatementLike] (node_modules/@babel/parser/src/parser/statement.ts:482:17)
      at Parser.parseStatementLike [as parseModuleItem] (node_modules/@babel/parser/src/parser/statement.ts:419:17)
      at Parser.parseModuleItem [as parseBlockOrModuleBlockBody] (node_modules/@babel/parser/src/parser/statement.ts:1443:16)
      at Parser.parseBlockOrModuleBlockBody [as parseBlockBody] (node_modules/@babel/parser/src/parser/statement.ts:1417:10)
      at Parser.parseBlockBody [as parseProgram] (node_modules/@babel/parser/src/parser/statement.ts:229:10)
      at Parser.parseProgram [as parseTopLevel] (node_modules/@babel/parser/src/parser/statement.ts:203:25)
      at Parser.parseTopLevel [as parse] (node_modules/@babel/parser/src/parser/index.ts:88:25)
      at parse (node_modules/@babel/parser/src/index.ts:86:38)
      at parser (node_modules/@babel/core/src/parser/index.ts:29:19)
          at parser.next (<anonymous>)
      at normalizeFile (node_modules/@babel/core/src/transformation/normalize-file.ts:50:24)
          at normalizeFile.next (<anonymous>)
      at run (node_modules/@babel/core/src/transformation/index.ts:41:36)
          at run.next (<anonymous>)
      at transform (node_modules/@babel/core/src/transform.ts:29:20)
          at transform.next (<anonymous>)
      at evaluateSync (node_modules/gensync/index.js:251:28)
      at sync (node_modules/gensync/index.js:89:14)
      at fn (node_modules/@babel/core/src/errors/rewrite-stack-trace.ts:99:14)
      at transformSync (node_modules/@babel/core/src/transform.ts:66:52)
      at ScriptTransformer.transformSource (node_modules/@jest/transform/build/index.js:422:31)
      at ScriptTransformer._transformAndBuildScript (node_modules/@jest/transform/build/index.js:519:40)
      at ScriptTransformer.transform (node_modules/@jest/transform/build/index.js:558:19)

FAIL tests/Security.test.js
  ● Test suite failed to run

    Jest encountered an unexpected token

    Jest failed to parse a file. This happens e.g. when your code or its dependencies use non-standard JavaScript syntax, or when Jest is not configured to support such syntax.

    Out of the box Jest supports Babel, which will be used to transform your files into valid JS based on your Babel configuration.

    By default "node_modules" folder is ignored by transformers.

    Here's what you can do:
     • If you are trying to use ECMAScript Modules, see https://jestjs.io/docs/ecmascript-modules for how to enable it.
     • If you are trying to use TypeScript, see https://jestjs.io/docs/getting-started#using-typescript
     • To have some of your "node_modules" files transformed, you can specify a custom "transformIgnorePatterns" in your config.
     • If you need a custom transformation, specify a "transform" option in your config.
     • If you simply want to mock your non-JS modules (e.g. binary assets) you can stub them out with the "moduleNameMapper" config option.

    You'll find more details and examples of these config options in the docs:
    https://jestjs.io/docs/configuration
    For information about custom transformations, see:
    https://jestjs.io/docs/code-transformation

    Details:

    SyntaxError: /workspaces/Nadagotchi/tests/Security.test.js: Unexpected token (1:0)

    > 1 | <<<<<<< HEAD
        | ^
      2 | =======
      3 |
      4 | >>>>>>> 74fdaab (Update js/DebugConsole.js)

      at constructor (node_modules/@babel/parser/src/parse-error.ts:95:45)
      at Parser.toParseError [as raise] (node_modules/@babel/parser/src/tokenizer/index.ts:1507:19)
      at Parser.raise [as unexpected] (node_modules/@babel/parser/src/tokenizer/index.ts:1547:16)
      at Parser.unexpected [as parseExprAtom] (node_modules/@babel/parser/src/parser/expression.ts:1355:22)
      at Parser.parseExprAtom [as parseExprSubscripts] (node_modules/@babel/parser/src/parser/expression.ts:742:23)
      at Parser.parseExprSubscripts [as parseUpdate] (node_modules/@babel/parser/src/parser/expression.ts:721:21)
      at Parser.parseUpdate [as parseMaybeUnary] (node_modules/@babel/parser/src/parser/expression.ts:683:23)
      at Parser.parseMaybeUnary [as parseMaybeUnaryOrPrivate] (node_modules/@babel/parser/src/parser/expression.ts:417:14)
      at Parser.parseMaybeUnaryOrPrivate [as parseExprOps] (node_modules/@babel/parser/src/parser/expression.ts:429:23)
      at Parser.parseExprOps [as parseMaybeConditional] (node_modules/@babel/parser/src/parser/expression.ts:384:23)
      at Parser.parseMaybeConditional [as parseMaybeAssign] (node_modules/@babel/parser/src/parser/expression.ts:301:21)
      at Parser.parseMaybeAssign [as parseExpressionBase] (node_modules/@babel/parser/src/parser/expression.ts:226:23)
      at parseExpressionBase (node_modules/@babel/parser/src/parser/expression.ts:217:39)
      at Parser.callback [as allowInAnd] (node_modules/@babel/parser/src/parser/expression.ts:3197:16)
      at Parser.allowInAnd [as parseExpression] (node_modules/@babel/parser/src/parser/expression.ts:217:17)
      at Parser.parseExpression [as parseStatementContent] (node_modules/@babel/parser/src/parser/statement.ts:688:23)
      at Parser.parseStatementContent [as parseStatementLike] (node_modules/@babel/parser/src/parser/statement.ts:482:17)
      at Parser.parseStatementLike [as parseModuleItem] (node_modules/@babel/parser/src/parser/statement.ts:419:17)
      at Parser.parseModuleItem [as parseBlockOrModuleBlockBody] (node_modules/@babel/parser/src/parser/statement.ts:1443:16)
      at Parser.parseBlockOrModuleBlockBody [as parseBlockBody] (node_modules/@babel/parser/src/parser/statement.ts:1417:10)
      at Parser.parseBlockBody [as parseProgram] (node_modules/@babel/parser/src/parser/statement.ts:229:10)
      at Parser.parseProgram [as parseTopLevel] (node_modules/@babel/parser/src/parser/statement.ts:203:25)
      at Parser.parseTopLevel [as parse] (node_modules/@babel/parser/src/parser/index.ts:88:25)
      at parse (node_modules/@babel/parser/src/index.ts:86:38)
      at parser (node_modules/@babel/core/src/parser/index.ts:29:19)
          at parser.next (<anonymous>)
      at normalizeFile (node_modules/@babel/core/src/transformation/normalize-file.ts:50:24)
          at normalizeFile.next (<anonymous>)
      at run (node_modules/@babel/core/src/transformation/index.ts:41:36)
          at run.next (<anonymous>)
      at transform (node_modules/@babel/core/src/transform.ts:29:20)
          at transform.next (<anonymous>)
      at evaluateSync (node_modules/gensync/index.js:251:28)
      at sync (node_modules/gensync/index.js:89:14)
      at fn (node_modules/@babel/core/src/errors/rewrite-stack-trace.ts:99:14)
      at transformSync (node_modules/@babel/core/src/transform.ts:66:52)
      at ScriptTransformer.transformSource (node_modules/@jest/transform/build/index.js:422:31)
      at ScriptTransformer._transformAndBuildScript (node_modules/@jest/transform/build/index.js:519:40)
      at ScriptTransformer.transform (node_modules/@jest/transform/build/index.js:558:19)

FAIL tests/Performance_UIScene_Render.test.js
  ● Test suite failed to run

    Jest encountered an unexpected token

    Jest failed to parse a file. This happens e.g. when your code or its dependencies use non-standard JavaScript syntax, or when Jest is not configured to support such syntax.

    Out of the box Jest supports Babel, which will be used to transform your files into valid JS based on your Babel configuration.

    By default "node_modules" folder is ignored by transformers.

    Here's what you can do:
     • If you are trying to use ECMAScript Modules, see https://jestjs.io/docs/ecmascript-modules for how to enable it.
     • If you are trying to use TypeScript, see https://jestjs.io/docs/getting-started#using-typescript
     • To have some of your "node_modules" files transformed, you can specify a custom "transformIgnorePatterns" in your config.
     • If you need a custom transformation, specify a "transform" option in your config.
     • If you simply want to mock your non-JS modules (e.g. binary assets) you can stub them out with the "moduleNameMapper" config option.

    You'll find more details and examples of these config options in the docs:
    https://jestjs.io/docs/configuration
    For information about custom transformations, see:
    https://jestjs.io/docs/code-transformation

    Details:

    SyntaxError: /workspaces/Nadagotchi/js/UIScene.js: Unexpected token (1:0)

    > 1 | <<<<<<< HEAD
        | ^
      2 | import { ToastManager } from './systems/ToastManager.js';
      3 | =======
      4 | >>>>>>> 74fdaab (Update js/DebugConsole.js)

      123 | }));
      124 |
    > 125 | const { UIScene } = require('../js/UIScene');
          |                     ^
      126 | const { EventKeys } = require('../js/EventKeys');
      127 |
      128 | describe('Performance: UIScene Render Throttling', () => {

      at constructor (node_modules/@babel/parser/src/parse-error.ts:95:45)
      at Parser.toParseError [as raise] (node_modules/@babel/parser/src/tokenizer/index.ts:1507:19)
      at Parser.raise [as unexpected] (node_modules/@babel/parser/src/tokenizer/index.ts:1547:16)
      at Parser.unexpected [as parseExprAtom] (node_modules/@babel/parser/src/parser/expression.ts:1355:22)
      at Parser.parseExprAtom [as parseExprSubscripts] (node_modules/@babel/parser/src/parser/expression.ts:742:23)
      at Parser.parseExprSubscripts [as parseUpdate] (node_modules/@babel/parser/src/parser/expression.ts:721:21)
      at Parser.parseUpdate [as parseMaybeUnary] (node_modules/@babel/parser/src/parser/expression.ts:683:23)
      at Parser.parseMaybeUnary [as parseMaybeUnaryOrPrivate] (node_modules/@babel/parser/src/parser/expression.ts:417:14)
      at Parser.parseMaybeUnaryOrPrivate [as parseExprOps] (node_modules/@babel/parser/src/parser/expression.ts:429:23)
      at Parser.parseExprOps [as parseMaybeConditional] (node_modules/@babel/parser/src/parser/expression.ts:384:23)
      at Parser.parseMaybeConditional [as parseMaybeAssign] (node_modules/@babel/parser/src/parser/expression.ts:301:21)
      at Parser.parseMaybeAssign [as parseExpressionBase] (node_modules/@babel/parser/src/parser/expression.ts:226:23)
      at parseExpressionBase (node_modules/@babel/parser/src/parser/expression.ts:217:39)
      at Parser.callback [as allowInAnd] (node_modules/@babel/parser/src/parser/expression.ts:3197:16)
      at Parser.allowInAnd [as parseExpression] (node_modules/@babel/parser/src/parser/expression.ts:217:17)
      at Parser.parseExpression [as parseStatementContent] (node_modules/@babel/parser/src/parser/statement.ts:688:23)
      at Parser.parseStatementContent [as parseStatementLike] (node_modules/@babel/parser/src/parser/statement.ts:482:17)
      at Parser.parseStatementLike [as parseModuleItem] (node_modules/@babel/parser/src/parser/statement.ts:419:17)
      at Parser.parseModuleItem [as parseBlockOrModuleBlockBody] (node_modules/@babel/parser/src/parser/statement.ts:1443:16)
      at Parser.parseBlockOrModuleBlockBody [as parseBlockBody] (node_modules/@babel/parser/src/parser/statement.ts:1417:10)
      at Parser.parseBlockBody [as parseProgram] (node_modules/@babel/parser/src/parser/statement.ts:229:10)
      at Parser.parseProgram [as parseTopLevel] (node_modules/@babel/parser/src/parser/statement.ts:203:25)
      at Parser.parseTopLevel [as parse] (node_modules/@babel/parser/src/parser/index.ts:88:25)
      at parse (node_modules/@babel/parser/src/index.ts:86:38)
      at parser (node_modules/@babel/core/src/parser/index.ts:29:19)
          at parser.next (<anonymous>)
      at normalizeFile (node_modules/@babel/core/src/transformation/normalize-file.ts:50:24)
          at normalizeFile.next (<anonymous>)
      at run (node_modules/@babel/core/src/transformation/index.ts:41:36)
          at run.next (<anonymous>)
      at transform (node_modules/@babel/core/src/transform.ts:29:20)
          at transform.next (<anonymous>)
      at evaluateSync (node_modules/gensync/index.js:251:28)
      at sync (node_modules/gensync/index.js:89:14)
      at fn (node_modules/@babel/core/src/errors/rewrite-stack-trace.ts:99:14)
      at transformSync (node_modules/@babel/core/src/transform.ts:66:52)
      at ScriptTransformer.transformSource (node_modules/@jest/transform/build/index.js:422:31)
      at ScriptTransformer._transformAndBuildScript (node_modules/@jest/transform/build/index.js:519:40)
      at ScriptTransformer.transform (node_modules/@jest/transform/build/index.js:558:19)
      at Object.require (tests/Performance_UIScene_Render.test.js:125:21)

FAIL tests/FurniturePlacement.test.js
  ● Test suite failed to run

    Jest encountered an unexpected token

    Jest failed to parse a file. This happens e.g. when your code or its dependencies use non-standard JavaScript syntax, or when Jest is not configured to support such syntax.

    Out of the box Jest supports Babel, which will be used to transform your files into valid JS based on your Babel configuration.

    By default "node_modules" folder is ignored by transformers.

    Here's what you can do:
     • If you are trying to use ECMAScript Modules, see https://jestjs.io/docs/ecmascript-modules for how to enable it.
     • If you are trying to use TypeScript, see https://jestjs.io/docs/getting-started#using-typescript
     • To have some of your "node_modules" files transformed, you can specify a custom "transformIgnorePatterns" in your config.
     • If you need a custom transformation, specify a "transform" option in your config.
     • If you simply want to mock your non-JS modules (e.g. binary assets) you can stub them out with the "moduleNameMapper" config option.

    You'll find more details and examples of these config options in the docs:
    https://jestjs.io/docs/configuration
    For information about custom transformations, see:
    https://jestjs.io/docs/code-transformation

    Details:

    SyntaxError: /workspaces/Nadagotchi/tests/FurniturePlacement.test.js: Unexpected token (156:0)

      154 |             stop: jest.fn(),
      155 |             setPosition: jest.fn(),
    > 156 | <<<<<<< HEAD
          | ^
      157 |             setDepth: jest.fn().mockReturnThis(),
      158 |             setEmitZone: jest.fn().mockReturnThis(),
      159 |             setBounds: jest.fn().mockReturnThis(),

      at constructor (node_modules/@babel/parser/src/parse-error.ts:95:45)
      at Parser.toParseError [as raise] (node_modules/@babel/parser/src/tokenizer/index.ts:1507:19)
      at Parser.raise [as unexpected] (node_modules/@babel/parser/src/tokenizer/index.ts:1547:16)
      at Parser.unexpected [as parsePropertyName] (node_modules/@babel/parser/src/parser/expression.ts:2451:18)
      at Parser.parsePropertyName [as parsePropertyDefinition] (node_modules/@babel/parser/src/parser/expression.ts:2198:10)
      at Parser.parsePropertyDefinition [as parseObjectLike] (node_modules/@babel/parser/src/parser/expression.ts:2095:21)
      at Parser.parseObjectLike [as parseExprAtom] (node_modules/@babel/parser/src/parser/expression.ts:1181:21)
      at Parser.parseExprAtom [as parseExprSubscripts] (node_modules/@babel/parser/src/parser/expression.ts:742:23)
      at Parser.parseExprSubscripts [as parseUpdate] (node_modules/@babel/parser/src/parser/expression.ts:721:21)
      at Parser.parseUpdate [as parseMaybeUnary] (node_modules/@babel/parser/src/parser/expression.ts:683:23)
      at Parser.parseMaybeUnary [as parseMaybeUnaryOrPrivate] (node_modules/@babel/parser/src/parser/expression.ts:417:14)
      at Parser.parseMaybeUnaryOrPrivate [as parseExprOps] (node_modules/@babel/parser/src/parser/expression.ts:429:23)
      at Parser.parseExprOps [as parseMaybeConditional] (node_modules/@babel/parser/src/parser/expression.ts:384:23)
      at Parser.parseMaybeConditional [as parseMaybeAssign] (node_modules/@babel/parser/src/parser/expression.ts:301:21)
      at parseMaybeAssign (node_modules/@babel/parser/src/parser/expression.ts:257:12)
      at Parser.callback [as allowInAnd] (node_modules/@babel/parser/src/parser/expression.ts:3202:12)
      at Parser.allowInAnd [as parseMaybeAssignAllowIn] (node_modules/@babel/parser/src/parser/expression.ts:256:17)
      at Parser.parseMaybeAssignAllowIn [as parseMaybeAssignAllowInOrVoidPattern] (node_modules/@babel/parser/src/parser/expression.ts:3316:17)
      at Parser.parseMaybeAssignAllowInOrVoidPattern [as parseExprListItem] (node_modules/@babel/parser/src/parser/expression.ts:2798:18)
      at Parser.parseExprListItem [as parseCallExpressionArguments] (node_modules/@babel/parser/src/parser/expression.ts:1042:14)
      at Parser.parseCallExpressionArguments [as parseCoverCallAndAsyncArrowHead] (node_modules/@babel/parser/src/parser/expression.ts:922:29)
      at Parser.parseCoverCallAndAsyncArrowHead [as parseSubscript] (node_modules/@babel/parser/src/parser/expression.ts:804:19)
      at Parser.parseSubscript [as parseSubscripts] (node_modules/@babel/parser/src/parser/expression.ts:763:19)
      at Parser.parseSubscripts [as parseExprSubscripts] (node_modules/@babel/parser/src/parser/expression.ts:748:17)
      at Parser.parseExprSubscripts [as parseUpdate] (node_modules/@babel/parser/src/parser/expression.ts:721:21)
      at Parser.parseUpdate [as parseMaybeUnary] (node_modules/@babel/parser/src/parser/expression.ts:683:23)
      at Parser.parseMaybeUnary [as parseMaybeUnaryOrPrivate] (node_modules/@babel/parser/src/parser/expression.ts:417:14)
      at Parser.parseMaybeUnaryOrPrivate [as parseExprOps] (node_modules/@babel/parser/src/parser/expression.ts:429:23)
      at Parser.parseExprOps [as parseMaybeConditional] (node_modules/@babel/parser/src/parser/expression.ts:384:23)
      at Parser.parseMaybeConditional [as parseMaybeAssign] (node_modules/@babel/parser/src/parser/expression.ts:301:21)
      at parseMaybeAssign (node_modules/@babel/parser/src/parser/expression.ts:257:12)
      at Parser.callback [as allowInAnd] (node_modules/@babel/parser/src/parser/expression.ts:3202:12)
      at Parser.allowInAnd [as parseMaybeAssignAllowIn] (node_modules/@babel/parser/src/parser/expression.ts:256:17)
      at Parser.parseMaybeAssignAllowIn [as parseMaybeAssignAllowInOrVoidPattern] (node_modules/@babel/parser/src/parser/expression.ts:3316:17)
      at Parser.parseMaybeAssignAllowInOrVoidPattern [as parseObjectProperty] (node_modules/@babel/parser/src/parser/expression.ts:2325:16)
      at Parser.parseObjectProperty [as parseObjPropValue] (node_modules/@babel/parser/src/parser/expression.ts:2388:12)
      at Parser.parseObjPropValue [as parsePropertyDefinition] (node_modules/@babel/parser/src/parser/expression.ts:2228:17)
      at Parser.parsePropertyDefinition [as parseObjectLike] (node_modules/@babel/parser/src/parser/expression.ts:2095:21)
      at Parser.parseObjectLike [as parseExprAtom] (node_modules/@babel/parser/src/parser/expression.ts:1181:21)
      at Parser.parseExprAtom [as parseExprSubscripts] (node_modules/@babel/parser/src/parser/expression.ts:742:23)
      at Parser.parseExprSubscripts [as parseUpdate] (node_modules/@babel/parser/src/parser/expression.ts:721:21)
      at Parser.parseUpdate [as parseMaybeUnary] (node_modules/@babel/parser/src/parser/expression.ts:683:23)
      at Parser.parseMaybeUnary [as parseMaybeUnaryOrPrivate] (node_modules/@babel/parser/src/parser/expression.ts:417:14)
      at Parser.parseMaybeUnaryOrPrivate [as parseExprOps] (node_modules/@babel/parser/src/parser/expression.ts:429:23)
      at Parser.parseExprOps [as parseMaybeConditional] (node_modules/@babel/parser/src/parser/expression.ts:384:23)
      at Parser.parseMaybeConditional [as parseMaybeAssign] (node_modules/@babel/parser/src/parser/expression.ts:301:21)
      at parseMaybeAssign (node_modules/@babel/parser/src/parser/expression.ts:257:12)
      at Parser.callback [as allowInAnd] (node_modules/@babel/parser/src/parser/expression.ts:3202:12)
      at Parser.allowInAnd [as parseMaybeAssignAllowIn] (node_modules/@babel/parser/src/parser/expression.ts:256:17)
      at Parser.parseMaybeAssignAllowIn [as parseMaybeAssignAllowInOrVoidPattern] (node_modules/@babel/parser/src/parser/expression.ts:3316:17)
      at Parser.parseMaybeAssignAllowInOrVoidPattern [as parseExprListItem] (node_modules/@babel/parser/src/parser/expression.ts:2798:18)
      at Parser.parseExprListItem [as parseCallExpressionArguments] (node_modules/@babel/parser/src/parser/expression.ts:1042:14)
      at Parser.parseCallExpressionArguments [as parseCoverCallAndAsyncArrowHead] (node_modules/@babel/parser/src/parser/expression.ts:922:29)
      at Parser.parseCoverCallAndAsyncArrowHead [as parseSubscript] (node_modules/@babel/parser/src/parser/expression.ts:804:19)
      at Parser.parseSubscript [as parseSubscripts] (node_modules/@babel/parser/src/parser/expression.ts:763:19)
      at Parser.parseSubscripts [as parseExprSubscripts] (node_modules/@babel/parser/src/parser/expression.ts:748:17)
      at Parser.parseExprSubscripts [as parseUpdate] (node_modules/@babel/parser/src/parser/expression.ts:721:21)
      at Parser.parseUpdate [as parseMaybeUnary] (node_modules/@babel/parser/src/parser/expression.ts:683:23)
      at Parser.parseMaybeUnary [as parseMaybeUnaryOrPrivate] (node_modules/@babel/parser/src/parser/expression.ts:417:14)
      at Parser.parseMaybeUnaryOrPrivate [as parseExprOps] (node_modules/@babel/parser/src/parser/expression.ts:429:23)
      at Parser.parseExprOps [as parseMaybeConditional] (node_modules/@babel/parser/src/parser/expression.ts:384:23)
      at Parser.parseMaybeConditional [as parseMaybeAssign] (node_modules/@babel/parser/src/parser/expression.ts:301:21)
      at parseMaybeAssign (node_modules/@babel/parser/src/parser/expression.ts:257:12)
      at Parser.callback [as allowInAnd] (node_modules/@babel/parser/src/parser/expression.ts:3202:12)
      at Parser.allowInAnd [as parseMaybeAssignAllowIn] (node_modules/@babel/parser/src/parser/expression.ts:256:17)
      at Parser.parseMaybeAssignAllowIn [as parseMaybeAssignAllowInOrVoidPattern] (node_modules/@babel/parser/src/parser/expression.ts:3316:17)
      at Parser.parseMaybeAssignAllowInOrVoidPattern [as parseObjectProperty] (node_modules/@babel/parser/src/parser/expression.ts:2325:16)
      at Parser.parseObjectProperty [as parseObjPropValue] (node_modules/@babel/parser/src/parser/expression.ts:2388:12)
      at Parser.parseObjPropValue [as parsePropertyDefinition] (node_modules/@babel/parser/src/parser/expression.ts:2228:17)
      at Parser.parsePropertyDefinition [as parseObjectLike] (node_modules/@babel/parser/src/parser/expression.ts:2095:21)
      at Parser.parseObjectLike [as parseExprAtom] (node_modules/@babel/parser/src/parser/expression.ts:1181:21)
      at Parser.parseExprAtom [as parseExprSubscripts] (node_modules/@babel/parser/src/parser/expression.ts:742:23)
      at Parser.parseExprSubscripts [as parseUpdate] (node_modules/@babel/parser/src/parser/expression.ts:721:21)
      at Parser.parseUpdate [as parseMaybeUnary] (node_modules/@babel/parser/src/parser/expression.ts:683:23)
      at Parser.parseMaybeUnary [as parseMaybeUnaryOrPrivate] (node_modules/@babel/parser/src/parser/expression.ts:417:14)
      at Parser.parseMaybeUnaryOrPrivate [as parseExprOps] (node_modules/@babel/parser/src/parser/expression.ts:429:23)
      at Parser.parseExprOps [as parseMaybeConditional] (node_modules/@babel/parser/src/parser/expression.ts:384:23)
      at Parser.parseMaybeConditional [as parseMaybeAssign] (node_modules/@babel/parser/src/parser/expression.ts:301:21)
      at parseMaybeAssign (node_modules/@babel/parser/src/parser/expression.ts:257:12)
      at Parser.callback [as allowInAnd] (node_modules/@babel/parser/src/parser/expression.ts:3197:16)
      at Parser.allowInAnd [as parseMaybeAssignAllowIn] (node_modules/@babel/parser/src/parser/expression.ts:256:17)
      at Parser.parseMaybeAssignAllowIn [as parseVar] (node_modules/@babel/parser/src/parser/statement.ts:1587:18)
      at Parser.parseVar [as parseVarStatement] (node_modules/@babel/parser/src/parser/statement.ts:1251:10)
      at Parser.parseVarStatement [as parseStatementContent] (node_modules/@babel/parser/src/parser/statement.ts:612:21)
      at Parser.parseStatementContent [as parseStatementLike] (node_modules/@babel/parser/src/parser/statement.ts:482:17)
      at Parser.parseStatementLike [as parseModuleItem] (node_modules/@babel/parser/src/parser/statement.ts:419:17)
      at Parser.parseModuleItem [as parseBlockOrModuleBlockBody] (node_modules/@babel/parser/src/parser/statement.ts:1443:16)
      at Parser.parseBlockOrModuleBlockBody [as parseBlockBody] (node_modules/@babel/parser/src/parser/statement.ts:1417:10)
      at Parser.parseBlockBody [as parseProgram] (node_modules/@babel/parser/src/parser/statement.ts:229:10)
      at Parser.parseProgram [as parseTopLevel] (node_modules/@babel/parser/src/parser/statement.ts:203:25)
      at Parser.parseTopLevel [as parse] (node_modules/@babel/parser/src/parser/index.ts:88:25)
      at parse (node_modules/@babel/parser/src/index.ts:86:38)
      at parser (node_modules/@babel/core/src/parser/index.ts:29:19)
          at parser.next (<anonymous>)
      at normalizeFile (node_modules/@babel/core/src/transformation/normalize-file.ts:50:24)
          at normalizeFile.next (<anonymous>)
      at run (node_modules/@babel/core/src/transformation/index.ts:41:36)
          at run.next (<anonymous>)
      at transform (node_modules/@babel/core/src/transform.ts:29:20)
          at transform.next (<anonymous>)

FAIL tests/FeatureEnhancements.test.js
  ● Test suite failed to run

    Jest encountered an unexpected token

    Jest failed to parse a file. This happens e.g. when your code or its dependencies use non-standard JavaScript syntax, or when Jest is not configured to support such syntax.

    Out of the box Jest supports Babel, which will be used to transform your files into valid JS based on your Babel configuration.

    By default "node_modules" folder is ignored by transformers.

    Here's what you can do:
     • If you are trying to use ECMAScript Modules, see https://jestjs.io/docs/ecmascript-modules for how to enable it.
     • If you are trying to use TypeScript, see https://jestjs.io/docs/getting-started#using-typescript
     • To have some of your "node_modules" files transformed, you can specify a custom "transformIgnorePatterns" in your config.
     • If you need a custom transformation, specify a "transform" option in your config.
     • If you simply want to mock your non-JS modules (e.g. binary assets) you can stub them out with the "moduleNameMapper" config option.

    You'll find more details and examples of these config options in the docs:
    https://jestjs.io/docs/configuration
    For information about custom transformations, see:
    https://jestjs.io/docs/code-transformation

    Details:

    SyntaxError: /workspaces/Nadagotchi/tests/FeatureEnhancements.test.js: Unexpected token (1:0)

    > 1 | <<<<<<< HEAD
        | ^
      2 | =======
      3 |
      4 | >>>>>>> 74fdaab (Update js/DebugConsole.js)

      at constructor (node_modules/@babel/parser/src/parse-error.ts:95:45)
      at Parser.toParseError [as raise] (node_modules/@babel/parser/src/tokenizer/index.ts:1507:19)
      at Parser.raise [as unexpected] (node_modules/@babel/parser/src/tokenizer/index.ts:1547:16)
      at Parser.unexpected [as parseExprAtom] (node_modules/@babel/parser/src/parser/expression.ts:1355:22)
      at Parser.parseExprAtom [as parseExprSubscripts] (node_modules/@babel/parser/src/parser/expression.ts:742:23)
      at Parser.parseExprSubscripts [as parseUpdate] (node_modules/@babel/parser/src/parser/expression.ts:721:21)
      at Parser.parseUpdate [as parseMaybeUnary] (node_modules/@babel/parser/src/parser/expression.ts:683:23)
      at Parser.parseMaybeUnary [as parseMaybeUnaryOrPrivate] (node_modules/@babel/parser/src/parser/expression.ts:417:14)
      at Parser.parseMaybeUnaryOrPrivate [as parseExprOps] (node_modules/@babel/parser/src/parser/expression.ts:429:23)
      at Parser.parseExprOps [as parseMaybeConditional] (node_modules/@babel/parser/src/parser/expression.ts:384:23)
      at Parser.parseMaybeConditional [as parseMaybeAssign] (node_modules/@babel/parser/src/parser/expression.ts:301:21)
      at Parser.parseMaybeAssign [as parseExpressionBase] (node_modules/@babel/parser/src/parser/expression.ts:226:23)
      at parseExpressionBase (node_modules/@babel/parser/src/parser/expression.ts:217:39)
      at Parser.callback [as allowInAnd] (node_modules/@babel/parser/src/parser/expression.ts:3197:16)
      at Parser.allowInAnd [as parseExpression] (node_modules/@babel/parser/src/parser/expression.ts:217:17)
      at Parser.parseExpression [as parseStatementContent] (node_modules/@babel/parser/src/parser/statement.ts:688:23)
      at Parser.parseStatementContent [as parseStatementLike] (node_modules/@babel/parser/src/parser/statement.ts:482:17)
      at Parser.parseStatementLike [as parseModuleItem] (node_modules/@babel/parser/src/parser/statement.ts:419:17)
      at Parser.parseModuleItem [as parseBlockOrModuleBlockBody] (node_modules/@babel/parser/src/parser/statement.ts:1443:16)
      at Parser.parseBlockOrModuleBlockBody [as parseBlockBody] (node_modules/@babel/parser/src/parser/statement.ts:1417:10)
      at Parser.parseBlockBody [as parseProgram] (node_modules/@babel/parser/src/parser/statement.ts:229:10)
      at Parser.parseProgram [as parseTopLevel] (node_modules/@babel/parser/src/parser/statement.ts:203:25)
      at Parser.parseTopLevel [as parse] (node_modules/@babel/parser/src/parser/index.ts:88:25)
      at parse (node_modules/@babel/parser/src/index.ts:86:38)
      at parser (node_modules/@babel/core/src/parser/index.ts:29:19)
          at parser.next (<anonymous>)
      at normalizeFile (node_modules/@babel/core/src/transformation/normalize-file.ts:50:24)
          at normalizeFile.next (<anonymous>)
      at run (node_modules/@babel/core/src/transformation/index.ts:41:36)
          at run.next (<anonymous>)
      at transform (node_modules/@babel/core/src/transform.ts:29:20)
          at transform.next (<anonymous>)
      at evaluateSync (node_modules/gensync/index.js:251:28)
      at sync (node_modules/gensync/index.js:89:14)
      at fn (node_modules/@babel/core/src/errors/rewrite-stack-trace.ts:99:14)
      at transformSync (node_modules/@babel/core/src/transform.ts:66:52)
      at ScriptTransformer.transformSource (node_modules/@jest/transform/build/index.js:422:31)
      at ScriptTransformer._transformAndBuildScript (node_modules/@jest/transform/build/index.js:519:40)
      at ScriptTransformer.transform (node_modules/@jest/transform/build/index.js:558:19)

FAIL tests/Ancestors.test.js
  ● Test suite failed to run

    Jest encountered an unexpected token

    Jest failed to parse a file. This happens e.g. when your code or its dependencies use non-standard JavaScript syntax, or when Jest is not configured to support such syntax.

    Out of the box Jest supports Babel, which will be used to transform your files into valid JS based on your Babel configuration.

    By default "node_modules" folder is ignored by transformers.

    Here's what you can do:
     • If you are trying to use ECMAScript Modules, see https://jestjs.io/docs/ecmascript-modules for how to enable it.
     • If you are trying to use TypeScript, see https://jestjs.io/docs/getting-started#using-typescript
     • To have some of your "node_modules" files transformed, you can specify a custom "transformIgnorePatterns" in your config.
     • If you need a custom transformation, specify a "transform" option in your config.
     • If you simply want to mock your non-JS modules (e.g. binary assets) you can stub them out with the "moduleNameMapper" config option.

    You'll find more details and examples of these config options in the docs:
    https://jestjs.io/docs/configuration
    For information about custom transformations, see:
    https://jestjs.io/docs/code-transformation

    Details:

    SyntaxError: /workspaces/Nadagotchi/tests/Ancestors.test.js: Unexpected token (1:0)

    > 1 | <<<<<<< HEAD
        | ^
      2 | // tests/Ancestors.test.js
      3 | import { jest } from '@jest/globals';
      4 | import { EventKeys } from '../js/EventKeys.js';

      at constructor (node_modules/@babel/parser/src/parse-error.ts:95:45)
      at Parser.toParseError [as raise] (node_modules/@babel/parser/src/tokenizer/index.ts:1507:19)
      at Parser.raise [as unexpected] (node_modules/@babel/parser/src/tokenizer/index.ts:1547:16)
      at Parser.unexpected [as parseExprAtom] (node_modules/@babel/parser/src/parser/expression.ts:1355:22)
      at Parser.parseExprAtom [as parseExprSubscripts] (node_modules/@babel/parser/src/parser/expression.ts:742:23)
      at Parser.parseExprSubscripts [as parseUpdate] (node_modules/@babel/parser/src/parser/expression.ts:721:21)
      at Parser.parseUpdate [as parseMaybeUnary] (node_modules/@babel/parser/src/parser/expression.ts:683:23)
      at Parser.parseMaybeUnary [as parseMaybeUnaryOrPrivate] (node_modules/@babel/parser/src/parser/expression.ts:417:14)
      at Parser.parseMaybeUnaryOrPrivate [as parseExprOps] (node_modules/@babel/parser/src/parser/expression.ts:429:23)
      at Parser.parseExprOps [as parseMaybeConditional] (node_modules/@babel/parser/src/parser/expression.ts:384:23)
      at Parser.parseMaybeConditional [as parseMaybeAssign] (node_modules/@babel/parser/src/parser/expression.ts:301:21)
      at Parser.parseMaybeAssign [as parseExpressionBase] (node_modules/@babel/parser/src/parser/expression.ts:226:23)
      at parseExpressionBase (node_modules/@babel/parser/src/parser/expression.ts:217:39)
      at Parser.callback [as allowInAnd] (node_modules/@babel/parser/src/parser/expression.ts:3197:16)
      at Parser.allowInAnd [as parseExpression] (node_modules/@babel/parser/src/parser/expression.ts:217:17)
      at Parser.parseExpression [as parseStatementContent] (node_modules/@babel/parser/src/parser/statement.ts:688:23)
      at Parser.parseStatementContent [as parseStatementLike] (node_modules/@babel/parser/src/parser/statement.ts:482:17)
      at Parser.parseStatementLike [as parseModuleItem] (node_modules/@babel/parser/src/parser/statement.ts:419:17)
      at Parser.parseModuleItem [as parseBlockOrModuleBlockBody] (node_modules/@babel/parser/src/parser/statement.ts:1443:16)
      at Parser.parseBlockOrModuleBlockBody [as parseBlockBody] (node_modules/@babel/parser/src/parser/statement.ts:1417:10)
      at Parser.parseBlockBody [as parseProgram] (node_modules/@babel/parser/src/parser/statement.ts:229:10)
      at Parser.parseProgram [as parseTopLevel] (node_modules/@babel/parser/src/parser/statement.ts:203:25)
      at Parser.parseTopLevel [as parse] (node_modules/@babel/parser/src/parser/index.ts:88:25)
      at parse (node_modules/@babel/parser/src/index.ts:86:38)
      at parser (node_modules/@babel/core/src/parser/index.ts:29:19)
          at parser.next (<anonymous>)
      at normalizeFile (node_modules/@babel/core/src/transformation/normalize-file.ts:50:24)
          at normalizeFile.next (<anonymous>)
      at run (node_modules/@babel/core/src/transformation/index.ts:41:36)
          at run.next (<anonymous>)
      at transform (node_modules/@babel/core/src/transform.ts:29:20)
          at transform.next (<anonymous>)
      at evaluateSync (node_modules/gensync/index.js:251:28)
      at sync (node_modules/gensync/index.js:89:14)
      at fn (node_modules/@babel/core/src/errors/rewrite-stack-trace.ts:99:14)
      at transformSync (node_modules/@babel/core/src/transform.ts:66:52)
      at ScriptTransformer.transformSource (node_modules/@jest/transform/build/index.js:422:31)
      at ScriptTransformer._transformAndBuildScript (node_modules/@jest/transform/build/index.js:519:40)
      at ScriptTransformer.transform (node_modules/@jest/transform/build/index.js:558:19)

FAIL tests/UISceneActionButtons.test.js
  ● Test suite failed to run

    Jest encountered an unexpected token

    Jest failed to parse a file. This happens e.g. when your code or its dependencies use non-standard JavaScript syntax, or when Jest is not configured to support such syntax.

    Out of the box Jest supports Babel, which will be used to transform your files into valid JS based on your Babel configuration.

    By default "node_modules" folder is ignored by transformers.

    Here's what you can do:
     • If you are trying to use ECMAScript Modules, see https://jestjs.io/docs/ecmascript-modules for how to enable it.
     • If you are trying to use TypeScript, see https://jestjs.io/docs/getting-started#using-typescript
     • To have some of your "node_modules" files transformed, you can specify a custom "transformIgnorePatterns" in your config.
     • If you need a custom transformation, specify a "transform" option in your config.
     • If you simply want to mock your non-JS modules (e.g. binary assets) you can stub them out with the "moduleNameMapper" config option.

    You'll find more details and examples of these config options in the docs:
    https://jestjs.io/docs/configuration
    For information about custom transformations, see:
    https://jestjs.io/docs/code-transformation

    Details:

    SyntaxError: /workspaces/Nadagotchi/tests/helpers/mockPhaser.js: Unexpected token (1:0)

    > 1 | <<<<<<< HEAD
        | ^
      2 | =======
      3 |
      4 | >>>>>>> 74fdaab (Update js/DebugConsole.js)

      1 | import { jest } from '@jest/globals';
    > 2 | import { setupPhaserMock, createMockAdd, mockGameObject } from './helpers/mockPhaser';
        | ^
      3 |
      4 | // Setup global Phaser mock BEFORE imports that rely on it
      5 | setupPhaserMock();

      at constructor (node_modules/@babel/parser/src/parse-error.ts:95:45)
      at Parser.toParseError [as raise] (node_modules/@babel/parser/src/tokenizer/index.ts:1507:19)
      at Parser.raise [as unexpected] (node_modules/@babel/parser/src/tokenizer/index.ts:1547:16)
      at Parser.unexpected [as parseExprAtom] (node_modules/@babel/parser/src/parser/expression.ts:1355:22)
      at Parser.parseExprAtom [as parseExprSubscripts] (node_modules/@babel/parser/src/parser/expression.ts:742:23)
      at Parser.parseExprSubscripts [as parseUpdate] (node_modules/@babel/parser/src/parser/expression.ts:721:21)
      at Parser.parseUpdate [as parseMaybeUnary] (node_modules/@babel/parser/src/parser/expression.ts:683:23)
      at Parser.parseMaybeUnary [as parseMaybeUnaryOrPrivate] (node_modules/@babel/parser/src/parser/expression.ts:417:14)
      at Parser.parseMaybeUnaryOrPrivate [as parseExprOps] (node_modules/@babel/parser/src/parser/expression.ts:429:23)
      at Parser.parseExprOps [as parseMaybeConditional] (node_modules/@babel/parser/src/parser/expression.ts:384:23)
      at Parser.parseMaybeConditional [as parseMaybeAssign] (node_modules/@babel/parser/src/parser/expression.ts:301:21)
      at Parser.parseMaybeAssign [as parseExpressionBase] (node_modules/@babel/parser/src/parser/expression.ts:226:23)
      at parseExpressionBase (node_modules/@babel/parser/src/parser/expression.ts:217:39)
      at Parser.callback [as allowInAnd] (node_modules/@babel/parser/src/parser/expression.ts:3197:16)
      at Parser.allowInAnd [as parseExpression] (node_modules/@babel/parser/src/parser/expression.ts:217:17)
      at Parser.parseExpression [as parseStatementContent] (node_modules/@babel/parser/src/parser/statement.ts:688:23)
      at Parser.parseStatementContent [as parseStatementLike] (node_modules/@babel/parser/src/parser/statement.ts:482:17)
      at Parser.parseStatementLike [as parseModuleItem] (node_modules/@babel/parser/src/parser/statement.ts:419:17)
      at Parser.parseModuleItem [as parseBlockOrModuleBlockBody] (node_modules/@babel/parser/src/parser/statement.ts:1443:16)
      at Parser.parseBlockOrModuleBlockBody [as parseBlockBody] (node_modules/@babel/parser/src/parser/statement.ts:1417:10)
      at Parser.parseBlockBody [as parseProgram] (node_modules/@babel/parser/src/parser/statement.ts:229:10)
      at Parser.parseProgram [as parseTopLevel] (node_modules/@babel/parser/src/parser/statement.ts:203:25)
      at Parser.parseTopLevel [as parse] (node_modules/@babel/parser/src/parser/index.ts:88:25)
      at parse (node_modules/@babel/parser/src/index.ts:86:38)
      at parser (node_modules/@babel/core/src/parser/index.ts:29:19)
          at parser.next (<anonymous>)
      at normalizeFile (node_modules/@babel/core/src/transformation/normalize-file.ts:50:24)
          at normalizeFile.next (<anonymous>)
      at run (node_modules/@babel/core/src/transformation/index.ts:41:36)
          at run.next (<anonymous>)
      at transform (node_modules/@babel/core/src/transform.ts:29:20)
          at transform.next (<anonymous>)
      at evaluateSync (node_modules/gensync/index.js:251:28)
      at sync (node_modules/gensync/index.js:89:14)
      at fn (node_modules/@babel/core/src/errors/rewrite-stack-trace.ts:99:14)
      at transformSync (node_modules/@babel/core/src/transform.ts:66:52)
      at ScriptTransformer.transformSource (node_modules/@jest/transform/build/index.js:422:31)
      at ScriptTransformer._transformAndBuildScript (node_modules/@jest/transform/build/index.js:519:40)
      at ScriptTransformer.transform (node_modules/@jest/transform/build/index.js:558:19)
      at Object.require (tests/UISceneActionButtons.test.js:2:1)

FAIL tests/DebrisSystem.test.js
  ● Test suite failed to run

    Jest encountered an unexpected token

    Jest failed to parse a file. This happens e.g. when your code or its dependencies use non-standard JavaScript syntax, or when Jest is not configured to support such syntax.

    Out of the box Jest supports Babel, which will be used to transform your files into valid JS based on your Babel configuration.

    By default "node_modules" folder is ignored by transformers.

    Here's what you can do:
     • If you are trying to use ECMAScript Modules, see https://jestjs.io/docs/ecmascript-modules for how to enable it.
     • If you are trying to use TypeScript, see https://jestjs.io/docs/getting-started#using-typescript
     • To have some of your "node_modules" files transformed, you can specify a custom "transformIgnorePatterns" in your config.
     • If you need a custom transformation, specify a "transform" option in your config.
     • If you simply want to mock your non-JS modules (e.g. binary assets) you can stub them out with the "moduleNameMapper" config option.

    You'll find more details and examples of these config options in the docs:
    https://jestjs.io/docs/configuration
    For information about custom transformations, see:
    https://jestjs.io/docs/code-transformation

    Details:

    SyntaxError: /workspaces/Nadagotchi/tests/DebrisSystem.test.js: Unexpected token (22:0)

      20 |         this.addJournalEntry = jest.fn();
      21 |         this.generateUUID = () => 'test-id';
    > 22 | <<<<<<< HEAD
         | ^
      23 |         this.recalculateCleanlinessPenalty = jest.fn();
      24 | =======
      25 | >>>>>>> 74fdaab (Update js/DebugConsole.js)

      at constructor (node_modules/@babel/parser/src/parse-error.ts:95:45)
      at Parser.toParseError [as raise] (node_modules/@babel/parser/src/tokenizer/index.ts:1507:19)
      at Parser.raise [as unexpected] (node_modules/@babel/parser/src/tokenizer/index.ts:1547:16)
      at Parser.unexpected [as parseExprAtom] (node_modules/@babel/parser/src/parser/expression.ts:1355:22)
      at Parser.parseExprAtom [as parseExprSubscripts] (node_modules/@babel/parser/src/parser/expression.ts:742:23)
      at Parser.parseExprSubscripts [as parseUpdate] (node_modules/@babel/parser/src/parser/expression.ts:721:21)
      at Parser.parseUpdate [as parseMaybeUnary] (node_modules/@babel/parser/src/parser/expression.ts:683:23)
      at Parser.parseMaybeUnary [as parseMaybeUnaryOrPrivate] (node_modules/@babel/parser/src/parser/expression.ts:417:14)
      at Parser.parseMaybeUnaryOrPrivate [as parseExprOps] (node_modules/@babel/parser/src/parser/expression.ts:429:23)
      at Parser.parseExprOps [as parseMaybeConditional] (node_modules/@babel/parser/src/parser/expression.ts:384:23)
      at Parser.parseMaybeConditional [as parseMaybeAssign] (node_modules/@babel/parser/src/parser/expression.ts:301:21)
      at Parser.parseMaybeAssign [as parseExpressionBase] (node_modules/@babel/parser/src/parser/expression.ts:226:23)
      at parseExpressionBase (node_modules/@babel/parser/src/parser/expression.ts:217:39)
      at Parser.callback [as allowInAnd] (node_modules/@babel/parser/src/parser/expression.ts:3197:16)
      at Parser.allowInAnd [as parseExpression] (node_modules/@babel/parser/src/parser/expression.ts:217:17)
      at Parser.parseExpression [as parseStatementContent] (node_modules/@babel/parser/src/parser/statement.ts:688:23)
      at Parser.parseStatementContent [as parseStatementLike] (node_modules/@babel/parser/src/parser/statement.ts:482:17)
      at Parser.parseStatementLike [as parseStatementListItem] (node_modules/@babel/parser/src/parser/statement.ts:431:17)
      at Parser.parseStatementListItem [as parseBlockOrModuleBlockBody] (node_modules/@babel/parser/src/parser/statement.ts:1444:16)
      at Parser.parseBlockOrModuleBlockBody [as parseBlockBody] (node_modules/@babel/parser/src/parser/statement.ts:1417:10)
      at Parser.parseBlockBody [as parseBlock] (node_modules/@babel/parser/src/parser/statement.ts:1385:10)
      at Parser.parseBlock [as parseFunctionBody] (node_modules/@babel/parser/src/parser/expression.ts:2626:24)
      at Parser.parseFunctionBody [as parseFunctionBodyAndFinish] (node_modules/@babel/parser/src/parser/expression.ts:2595:10)
      at Parser.parseFunctionBodyAndFinish [as parseMethod] (node_modules/@babel/parser/src/parser/expression.ts:2492:31)
      at Parser.parseMethod [as pushClassMethod] (node_modules/@babel/parser/src/parser/statement.ts:2244:12)
      at Parser.pushClassMethod [as parseClassMemberWithIsStatic] (node_modules/@babel/parser/src/parser/statement.ts:2023:12)
      at Parser.parseClassMemberWithIsStatic [as parseClassMember] (node_modules/@babel/parser/src/parser/statement.ts:1938:10)
      at parseClassMember (node_modules/@babel/parser/src/parser/statement.ts:1851:14)
      at Parser.callback [as withSmartMixTopicForbiddingContext] (node_modules/@babel/parser/src/parser/expression.ts:3176:14)
      at Parser.withSmartMixTopicForbiddingContext [as parseClassBody] (node_modules/@babel/parser/src/parser/statement.ts:1823:10)
      at Parser.parseClassBody [as parseClass] (node_modules/@babel/parser/src/parser/statement.ts:1774:22)
      at Parser.parseClass [as parseStatementContent] (node_modules/@babel/parser/src/parser/statement.ts:532:21)
      at Parser.parseStatementContent [as parseStatementLike] (node_modules/@babel/parser/src/parser/statement.ts:482:17)
      at Parser.parseStatementLike [as parseModuleItem] (node_modules/@babel/parser/src/parser/statement.ts:419:17)
      at Parser.parseModuleItem [as parseBlockOrModuleBlockBody] (node_modules/@babel/parser/src/parser/statement.ts:1443:16)
      at Parser.parseBlockOrModuleBlockBody [as parseBlockBody] (node_modules/@babel/parser/src/parser/statement.ts:1417:10)
      at Parser.parseBlockBody [as parseProgram] (node_modules/@babel/parser/src/parser/statement.ts:229:10)
      at Parser.parseProgram [as parseTopLevel] (node_modules/@babel/parser/src/parser/statement.ts:203:25)
      at Parser.parseTopLevel [as parse] (node_modules/@babel/parser/src/parser/index.ts:88:25)
      at parse (node_modules/@babel/parser/src/index.ts:86:38)
      at parser (node_modules/@babel/core/src/parser/index.ts:29:19)
          at parser.next (<anonymous>)
      at normalizeFile (node_modules/@babel/core/src/transformation/normalize-file.ts:50:24)
          at normalizeFile.next (<anonymous>)
      at run (node_modules/@babel/core/src/transformation/index.ts:41:36)
          at run.next (<anonymous>)
      at transform (node_modules/@babel/core/src/transform.ts:29:20)
          at transform.next (<anonymous>)
      at evaluateSync (node_modules/gensync/index.js:251:28)
      at sync (node_modules/gensync/index.js:89:14)
      at fn (node_modules/@babel/core/src/errors/rewrite-stack-trace.ts:99:14)
      at transformSync (node_modules/@babel/core/src/transform.ts:66:52)
      at ScriptTransformer.transformSource (node_modules/@jest/transform/build/index.js:422:31)
      at ScriptTransformer._transformAndBuildScript (node_modules/@jest/transform/build/index.js:519:40)
      at ScriptTransformer.transform (node_modules/@jest/transform/build/index.js:558:19)

FAIL tests/LightingManager.test.js
  ● Test suite failed to run

    Jest encountered an unexpected token

    Jest failed to parse a file. This happens e.g. when your code or its dependencies use non-standard JavaScript syntax, or when Jest is not configured to support such syntax.

    Out of the box Jest supports Babel, which will be used to transform your files into valid JS based on your Babel configuration.

    By default "node_modules" folder is ignored by transformers.

    Here's what you can do:
     • If you are trying to use ECMAScript Modules, see https://jestjs.io/docs/ecmascript-modules for how to enable it.
     • If you are trying to use TypeScript, see https://jestjs.io/docs/getting-started#using-typescript
     • To have some of your "node_modules" files transformed, you can specify a custom "transformIgnorePatterns" in your config.
     • If you need a custom transformation, specify a "transform" option in your config.
     • If you simply want to mock your non-JS modules (e.g. binary assets) you can stub them out with the "moduleNameMapper" config option.

    You'll find more details and examples of these config options in the docs:
    https://jestjs.io/docs/configuration
    For information about custom transformations, see:
    https://jestjs.io/docs/code-transformation

    Details:

    SyntaxError: /workspaces/Nadagotchi/tests/LightingManager.test.js: Unexpected token (1:0)

    > 1 | <<<<<<< HEAD
        | ^
      2 | import { jest } from '@jest/globals';
      3 | =======
      4 |

      at constructor (node_modules/@babel/parser/src/parse-error.ts:95:45)
      at Parser.toParseError [as raise] (node_modules/@babel/parser/src/tokenizer/index.ts:1507:19)
      at Parser.raise [as unexpected] (node_modules/@babel/parser/src/tokenizer/index.ts:1547:16)
      at Parser.unexpected [as parseExprAtom] (node_modules/@babel/parser/src/parser/expression.ts:1355:22)
      at Parser.parseExprAtom [as parseExprSubscripts] (node_modules/@babel/parser/src/parser/expression.ts:742:23)
      at Parser.parseExprSubscripts [as parseUpdate] (node_modules/@babel/parser/src/parser/expression.ts:721:21)
      at Parser.parseUpdate [as parseMaybeUnary] (node_modules/@babel/parser/src/parser/expression.ts:683:23)
      at Parser.parseMaybeUnary [as parseMaybeUnaryOrPrivate] (node_modules/@babel/parser/src/parser/expression.ts:417:14)
      at Parser.parseMaybeUnaryOrPrivate [as parseExprOps] (node_modules/@babel/parser/src/parser/expression.ts:429:23)
      at Parser.parseExprOps [as parseMaybeConditional] (node_modules/@babel/parser/src/parser/expression.ts:384:23)
      at Parser.parseMaybeConditional [as parseMaybeAssign] (node_modules/@babel/parser/src/parser/expression.ts:301:21)
      at Parser.parseMaybeAssign [as parseExpressionBase] (node_modules/@babel/parser/src/parser/expression.ts:226:23)
      at parseExpressionBase (node_modules/@babel/parser/src/parser/expression.ts:217:39)
      at Parser.callback [as allowInAnd] (node_modules/@babel/parser/src/parser/expression.ts:3197:16)
      at Parser.allowInAnd [as parseExpression] (node_modules/@babel/parser/src/parser/expression.ts:217:17)
      at Parser.parseExpression [as parseStatementContent] (node_modules/@babel/parser/src/parser/statement.ts:688:23)
      at Parser.parseStatementContent [as parseStatementLike] (node_modules/@babel/parser/src/parser/statement.ts:482:17)
      at Parser.parseStatementLike [as parseModuleItem] (node_modules/@babel/parser/src/parser/statement.ts:419:17)
      at Parser.parseModuleItem [as parseBlockOrModuleBlockBody] (node_modules/@babel/parser/src/parser/statement.ts:1443:16)
      at Parser.parseBlockOrModuleBlockBody [as parseBlockBody] (node_modules/@babel/parser/src/parser/statement.ts:1417:10)
      at Parser.parseBlockBody [as parseProgram] (node_modules/@babel/parser/src/parser/statement.ts:229:10)
      at Parser.parseProgram [as parseTopLevel] (node_modules/@babel/parser/src/parser/statement.ts:203:25)
      at Parser.parseTopLevel [as parse] (node_modules/@babel/parser/src/parser/index.ts:88:25)
      at parse (node_modules/@babel/parser/src/index.ts:86:38)
      at parser (node_modules/@babel/core/src/parser/index.ts:29:19)
          at parser.next (<anonymous>)
      at normalizeFile (node_modules/@babel/core/src/transformation/normalize-file.ts:50:24)
          at normalizeFile.next (<anonymous>)
      at run (node_modules/@babel/core/src/transformation/index.ts:41:36)
          at run.next (<anonymous>)
      at transform (node_modules/@babel/core/src/transform.ts:29:20)
          at transform.next (<anonymous>)
      at evaluateSync (node_modules/gensync/index.js:251:28)
      at sync (node_modules/gensync/index.js:89:14)
      at fn (node_modules/@babel/core/src/errors/rewrite-stack-trace.ts:99:14)
      at transformSync (node_modules/@babel/core/src/transform.ts:66:52)
      at ScriptTransformer.transformSource (node_modules/@jest/transform/build/index.js:422:31)
      at ScriptTransformer._transformAndBuildScript (node_modules/@jest/transform/build/index.js:519:40)
      at ScriptTransformer.transform (node_modules/@jest/transform/build/index.js:558:19)

FAIL tests/UISceneModalManagement.test.js
  ● Test suite failed to run

    Jest encountered an unexpected token

    Jest failed to parse a file. This happens e.g. when your code or its dependencies use non-standard JavaScript syntax, or when Jest is not configured to support such syntax.

    Out of the box Jest supports Babel, which will be used to transform your files into valid JS based on your Babel configuration.

    By default "node_modules" folder is ignored by transformers.

    Here's what you can do:
     • If you are trying to use ECMAScript Modules, see https://jestjs.io/docs/ecmascript-modules for how to enable it.
     • If you are trying to use TypeScript, see https://jestjs.io/docs/getting-started#using-typescript
     • To have some of your "node_modules" files transformed, you can specify a custom "transformIgnorePatterns" in your config.
     • If you need a custom transformation, specify a "transform" option in your config.
     • If you simply want to mock your non-JS modules (e.g. binary assets) you can stub them out with the "moduleNameMapper" config option.

    You'll find more details and examples of these config options in the docs:
    https://jestjs.io/docs/configuration
    For information about custom transformations, see:
    https://jestjs.io/docs/code-transformation

    Details:

    SyntaxError: /workspaces/Nadagotchi/js/UIScene.js: Unexpected token (1:0)

    > 1 | <<<<<<< HEAD
        | ^
      2 | import { ToastManager } from './systems/ToastManager.js';
      3 | =======
      4 | >>>>>>> 74fdaab (Update js/DebugConsole.js)

      115 | });
      116 |
    > 117 | const { UIScene } = require('../js/UIScene');
          |                     ^
      118 | const { EventKeys } = require('../js/EventKeys');
      119 |
      120 | describe('UIScene Modal Management', () => {

      at constructor (node_modules/@babel/parser/src/parse-error.ts:95:45)
      at Parser.toParseError [as raise] (node_modules/@babel/parser/src/tokenizer/index.ts:1507:19)
      at Parser.raise [as unexpected] (node_modules/@babel/parser/src/tokenizer/index.ts:1547:16)
      at Parser.unexpected [as parseExprAtom] (node_modules/@babel/parser/src/parser/expression.ts:1355:22)
      at Parser.parseExprAtom [as parseExprSubscripts] (node_modules/@babel/parser/src/parser/expression.ts:742:23)
      at Parser.parseExprSubscripts [as parseUpdate] (node_modules/@babel/parser/src/parser/expression.ts:721:21)
      at Parser.parseUpdate [as parseMaybeUnary] (node_modules/@babel/parser/src/parser/expression.ts:683:23)
      at Parser.parseMaybeUnary [as parseMaybeUnaryOrPrivate] (node_modules/@babel/parser/src/parser/expression.ts:417:14)
      at Parser.parseMaybeUnaryOrPrivate [as parseExprOps] (node_modules/@babel/parser/src/parser/expression.ts:429:23)
      at Parser.parseExprOps [as parseMaybeConditional] (node_modules/@babel/parser/src/parser/expression.ts:384:23)
      at Parser.parseMaybeConditional [as parseMaybeAssign] (node_modules/@babel/parser/src/parser/expression.ts:301:21)
      at Parser.parseMaybeAssign [as parseExpressionBase] (node_modules/@babel/parser/src/parser/expression.ts:226:23)
      at parseExpressionBase (node_modules/@babel/parser/src/parser/expression.ts:217:39)
      at Parser.callback [as allowInAnd] (node_modules/@babel/parser/src/parser/expression.ts:3197:16)
      at Parser.allowInAnd [as parseExpression] (node_modules/@babel/parser/src/parser/expression.ts:217:17)
      at Parser.parseExpression [as parseStatementContent] (node_modules/@babel/parser/src/parser/statement.ts:688:23)
      at Parser.parseStatementContent [as parseStatementLike] (node_modules/@babel/parser/src/parser/statement.ts:482:17)
      at Parser.parseStatementLike [as parseModuleItem] (node_modules/@babel/parser/src/parser/statement.ts:419:17)
      at Parser.parseModuleItem [as parseBlockOrModuleBlockBody] (node_modules/@babel/parser/src/parser/statement.ts:1443:16)
      at Parser.parseBlockOrModuleBlockBody [as parseBlockBody] (node_modules/@babel/parser/src/parser/statement.ts:1417:10)
      at Parser.parseBlockBody [as parseProgram] (node_modules/@babel/parser/src/parser/statement.ts:229:10)
      at Parser.parseProgram [as parseTopLevel] (node_modules/@babel/parser/src/parser/statement.ts:203:25)
      at Parser.parseTopLevel [as parse] (node_modules/@babel/parser/src/parser/index.ts:88:25)
      at parse (node_modules/@babel/parser/src/index.ts:86:38)
      at parser (node_modules/@babel/core/src/parser/index.ts:29:19)
          at parser.next (<anonymous>)
      at normalizeFile (node_modules/@babel/core/src/transformation/normalize-file.ts:50:24)
          at normalizeFile.next (<anonymous>)
      at run (node_modules/@babel/core/src/transformation/index.ts:41:36)
          at run.next (<anonymous>)
      at transform (node_modules/@babel/core/src/transform.ts:29:20)
          at transform.next (<anonymous>)
      at evaluateSync (node_modules/gensync/index.js:251:28)
      at sync (node_modules/gensync/index.js:89:14)
      at fn (node_modules/@babel/core/src/errors/rewrite-stack-trace.ts:99:14)
      at transformSync (node_modules/@babel/core/src/transform.ts:66:52)
      at ScriptTransformer.transformSource (node_modules/@jest/transform/build/index.js:422:31)
      at ScriptTransformer._transformAndBuildScript (node_modules/@jest/transform/build/index.js:519:40)
      at ScriptTransformer.transform (node_modules/@jest/transform/build/index.js:558:19)
      at Object.require (tests/UISceneModalManagement.test.js:117:21)

FAIL tests/HousingSystemII.test.js
  ● Test suite failed to run

    Jest encountered an unexpected token

    Jest failed to parse a file. This happens e.g. when your code or its dependencies use non-standard JavaScript syntax, or when Jest is not configured to support such syntax.

    Out of the box Jest supports Babel, which will be used to transform your files into valid JS based on your Babel configuration.

    By default "node_modules" folder is ignored by transformers.

    Here's what you can do:
     • If you are trying to use ECMAScript Modules, see https://jestjs.io/docs/ecmascript-modules for how to enable it.
     • If you are trying to use TypeScript, see https://jestjs.io/docs/getting-started#using-typescript
     • To have some of your "node_modules" files transformed, you can specify a custom "transformIgnorePatterns" in your config.
     • If you need a custom transformation, specify a "transform" option in your config.
     • If you simply want to mock your non-JS modules (e.g. binary assets) you can stub them out with the "moduleNameMapper" config option.

    You'll find more details and examples of these config options in the docs:
    https://jestjs.io/docs/configuration
    For information about custom transformations, see:
    https://jestjs.io/docs/code-transformation

    Details:

    SyntaxError: /workspaces/Nadagotchi/tests/HousingSystemII.test.js: Unexpected token (1:0)

    > 1 | <<<<<<< HEAD
        | ^
      2 | // tests/HousingSystemII.test.js
      3 | import { PersistenceManager } from '../js/PersistenceManager.js';
      4 | import { setupLocalStorageMock } from './helpers/mockLocalStorage.js';

      at constructor (node_modules/@babel/parser/src/parse-error.ts:95:45)
      at Parser.toParseError [as raise] (node_modules/@babel/parser/src/tokenizer/index.ts:1507:19)
      at Parser.raise [as unexpected] (node_modules/@babel/parser/src/tokenizer/index.ts:1547:16)
      at Parser.unexpected [as parseExprAtom] (node_modules/@babel/parser/src/parser/expression.ts:1355:22)
      at Parser.parseExprAtom [as parseExprSubscripts] (node_modules/@babel/parser/src/parser/expression.ts:742:23)
      at Parser.parseExprSubscripts [as parseUpdate] (node_modules/@babel/parser/src/parser/expression.ts:721:21)
      at Parser.parseUpdate [as parseMaybeUnary] (node_modules/@babel/parser/src/parser/expression.ts:683:23)
      at Parser.parseMaybeUnary [as parseMaybeUnaryOrPrivate] (node_modules/@babel/parser/src/parser/expression.ts:417:14)
      at Parser.parseMaybeUnaryOrPrivate [as parseExprOps] (node_modules/@babel/parser/src/parser/expression.ts:429:23)
      at Parser.parseExprOps [as parseMaybeConditional] (node_modules/@babel/parser/src/parser/expression.ts:384:23)
      at Parser.parseMaybeConditional [as parseMaybeAssign] (node_modules/@babel/parser/src/parser/expression.ts:301:21)
      at Parser.parseMaybeAssign [as parseExpressionBase] (node_modules/@babel/parser/src/parser/expression.ts:226:23)
      at parseExpressionBase (node_modules/@babel/parser/src/parser/expression.ts:217:39)
      at Parser.callback [as allowInAnd] (node_modules/@babel/parser/src/parser/expression.ts:3197:16)
      at Parser.allowInAnd [as parseExpression] (node_modules/@babel/parser/src/parser/expression.ts:217:17)
      at Parser.parseExpression [as parseStatementContent] (node_modules/@babel/parser/src/parser/statement.ts:688:23)
      at Parser.parseStatementContent [as parseStatementLike] (node_modules/@babel/parser/src/parser/statement.ts:482:17)
      at Parser.parseStatementLike [as parseModuleItem] (node_modules/@babel/parser/src/parser/statement.ts:419:17)
      at Parser.parseModuleItem [as parseBlockOrModuleBlockBody] (node_modules/@babel/parser/src/parser/statement.ts:1443:16)
      at Parser.parseBlockOrModuleBlockBody [as parseBlockBody] (node_modules/@babel/parser/src/parser/statement.ts:1417:10)
      at Parser.parseBlockBody [as parseProgram] (node_modules/@babel/parser/src/parser/statement.ts:229:10)
      at Parser.parseProgram [as parseTopLevel] (node_modules/@babel/parser/src/parser/statement.ts:203:25)
      at Parser.parseTopLevel [as parse] (node_modules/@babel/parser/src/parser/index.ts:88:25)
      at parse (node_modules/@babel/parser/src/index.ts:86:38)
      at parser (node_modules/@babel/core/src/parser/index.ts:29:19)
          at parser.next (<anonymous>)
      at normalizeFile (node_modules/@babel/core/src/transformation/normalize-file.ts:50:24)
          at normalizeFile.next (<anonymous>)
      at run (node_modules/@babel/core/src/transformation/index.ts:41:36)
          at run.next (<anonymous>)
      at transform (node_modules/@babel/core/src/transform.ts:29:20)
          at transform.next (<anonymous>)
      at evaluateSync (node_modules/gensync/index.js:251:28)
      at sync (node_modules/gensync/index.js:89:14)
      at fn (node_modules/@babel/core/src/errors/rewrite-stack-trace.ts:99:14)
      at transformSync (node_modules/@babel/core/src/transform.ts:66:52)
      at ScriptTransformer.transformSource (node_modules/@jest/transform/build/index.js:422:31)
      at ScriptTransformer._transformAndBuildScript (node_modules/@jest/transform/build/index.js:519:40)
      at ScriptTransformer.transform (node_modules/@jest/transform/build/index.js:558:19)

FAIL tests/PersistenceManager.test.js
  ● Test suite failed to run

    Jest encountered an unexpected token

    Jest failed to parse a file. This happens e.g. when your code or its dependencies use non-standard JavaScript syntax, or when Jest is not configured to support such syntax.

    Out of the box Jest supports Babel, which will be used to transform your files into valid JS based on your Babel configuration.

    By default "node_modules" folder is ignored by transformers.

    Here's what you can do:
     • If you are trying to use ECMAScript Modules, see https://jestjs.io/docs/ecmascript-modules for how to enable it.
     • If you are trying to use TypeScript, see https://jestjs.io/docs/getting-started#using-typescript
     • To have some of your "node_modules" files transformed, you can specify a custom "transformIgnorePatterns" in your config.
     • If you need a custom transformation, specify a "transform" option in your config.
     • If you simply want to mock your non-JS modules (e.g. binary assets) you can stub them out with the "moduleNameMapper" config option.

    You'll find more details and examples of these config options in the docs:
    https://jestjs.io/docs/configuration
    For information about custom transformations, see:
    https://jestjs.io/docs/code-transformation

    Details:

    SyntaxError: /workspaces/Nadagotchi/tests/PersistenceManager.test.js: Unexpected token (1:0)

    > 1 | <<<<<<< HEAD
        | ^
      2 | import { PersistenceManager } from '../js/PersistenceManager.js';
      3 | import { setupLocalStorageMock } from './helpers/mockLocalStorage.js';
      4 | =======

      at constructor (node_modules/@babel/parser/src/parse-error.ts:95:45)
      at Parser.toParseError [as raise] (node_modules/@babel/parser/src/tokenizer/index.ts:1507:19)
      at Parser.raise [as unexpected] (node_modules/@babel/parser/src/tokenizer/index.ts:1547:16)
      at Parser.unexpected [as parseExprAtom] (node_modules/@babel/parser/src/parser/expression.ts:1355:22)
      at Parser.parseExprAtom [as parseExprSubscripts] (node_modules/@babel/parser/src/parser/expression.ts:742:23)
      at Parser.parseExprSubscripts [as parseUpdate] (node_modules/@babel/parser/src/parser/expression.ts:721:21)
      at Parser.parseUpdate [as parseMaybeUnary] (node_modules/@babel/parser/src/parser/expression.ts:683:23)
      at Parser.parseMaybeUnary [as parseMaybeUnaryOrPrivate] (node_modules/@babel/parser/src/parser/expression.ts:417:14)
      at Parser.parseMaybeUnaryOrPrivate [as parseExprOps] (node_modules/@babel/parser/src/parser/expression.ts:429:23)
      at Parser.parseExprOps [as parseMaybeConditional] (node_modules/@babel/parser/src/parser/expression.ts:384:23)
      at Parser.parseMaybeConditional [as parseMaybeAssign] (node_modules/@babel/parser/src/parser/expression.ts:301:21)
      at Parser.parseMaybeAssign [as parseExpressionBase] (node_modules/@babel/parser/src/parser/expression.ts:226:23)
      at parseExpressionBase (node_modules/@babel/parser/src/parser/expression.ts:217:39)
      at Parser.callback [as allowInAnd] (node_modules/@babel/parser/src/parser/expression.ts:3197:16)
      at Parser.allowInAnd [as parseExpression] (node_modules/@babel/parser/src/parser/expression.ts:217:17)
      at Parser.parseExpression [as parseStatementContent] (node_modules/@babel/parser/src/parser/statement.ts:688:23)
      at Parser.parseStatementContent [as parseStatementLike] (node_modules/@babel/parser/src/parser/statement.ts:482:17)
      at Parser.parseStatementLike [as parseModuleItem] (node_modules/@babel/parser/src/parser/statement.ts:419:17)
      at Parser.parseModuleItem [as parseBlockOrModuleBlockBody] (node_modules/@babel/parser/src/parser/statement.ts:1443:16)
      at Parser.parseBlockOrModuleBlockBody [as parseBlockBody] (node_modules/@babel/parser/src/parser/statement.ts:1417:10)
      at Parser.parseBlockBody [as parseProgram] (node_modules/@babel/parser/src/parser/statement.ts:229:10)
      at Parser.parseProgram [as parseTopLevel] (node_modules/@babel/parser/src/parser/statement.ts:203:25)
      at Parser.parseTopLevel [as parse] (node_modules/@babel/parser/src/parser/index.ts:88:25)
      at parse (node_modules/@babel/parser/src/index.ts:86:38)
      at parser (node_modules/@babel/core/src/parser/index.ts:29:19)
          at parser.next (<anonymous>)
      at normalizeFile (node_modules/@babel/core/src/transformation/normalize-file.ts:50:24)
          at normalizeFile.next (<anonymous>)
      at run (node_modules/@babel/core/src/transformation/index.ts:41:36)
          at run.next (<anonymous>)
      at transform (node_modules/@babel/core/src/transform.ts:29:20)
          at transform.next (<anonymous>)
      at evaluateSync (node_modules/gensync/index.js:251:28)
      at sync (node_modules/gensync/index.js:89:14)
      at fn (node_modules/@babel/core/src/errors/rewrite-stack-trace.ts:99:14)
      at transformSync (node_modules/@babel/core/src/transform.ts:66:52)
      at ScriptTransformer.transformSource (node_modules/@jest/transform/build/index.js:422:31)
      at ScriptTransformer._transformAndBuildScript (node_modules/@jest/transform/build/index.js:519:40)
      at ScriptTransformer.transform (node_modules/@jest/transform/build/index.js:558:19)

FAIL tests/UISceneRebuild.test.js
  ● Test suite failed to run

    Jest encountered an unexpected token

    Jest failed to parse a file. This happens e.g. when your code or its dependencies use non-standard JavaScript syntax, or when Jest is not configured to support such syntax.

    Out of the box Jest supports Babel, which will be used to transform your files into valid JS based on your Babel configuration.

    By default "node_modules" folder is ignored by transformers.

    Here's what you can do:
     • If you are trying to use ECMAScript Modules, see https://jestjs.io/docs/ecmascript-modules for how to enable it.
     • If you are trying to use TypeScript, see https://jestjs.io/docs/getting-started#using-typescript
     • To have some of your "node_modules" files transformed, you can specify a custom "transformIgnorePatterns" in your config.
     • If you need a custom transformation, specify a "transform" option in your config.
     • If you simply want to mock your non-JS modules (e.g. binary assets) you can stub them out with the "moduleNameMapper" config option.

    You'll find more details and examples of these config options in the docs:
    https://jestjs.io/docs/configuration
    For information about custom transformations, see:
    https://jestjs.io/docs/code-transformation

    Details:

    SyntaxError: /workspaces/Nadagotchi/js/UIScene.js: Unexpected token (1:0)

    > 1 | <<<<<<< HEAD
        | ^
      2 | import { ToastManager } from './systems/ToastManager.js';
      3 | =======
      4 | >>>>>>> 74fdaab (Update js/DebugConsole.js)

      127 | }));
      128 |
    > 129 | const { UIScene } = require('../js/UIScene');
          |                     ^
      130 | const { EventKeys } = require('../js/EventKeys');
      131 |
      132 | describe('UIScene Rebuild Logic', () => {

      at constructor (node_modules/@babel/parser/src/parse-error.ts:95:45)
      at Parser.toParseError [as raise] (node_modules/@babel/parser/src/tokenizer/index.ts:1507:19)
      at Parser.raise [as unexpected] (node_modules/@babel/parser/src/tokenizer/index.ts:1547:16)
      at Parser.unexpected [as parseExprAtom] (node_modules/@babel/parser/src/parser/expression.ts:1355:22)
      at Parser.parseExprAtom [as parseExprSubscripts] (node_modules/@babel/parser/src/parser/expression.ts:742:23)
      at Parser.parseExprSubscripts [as parseUpdate] (node_modules/@babel/parser/src/parser/expression.ts:721:21)
      at Parser.parseUpdate [as parseMaybeUnary] (node_modules/@babel/parser/src/parser/expression.ts:683:23)
      at Parser.parseMaybeUnary [as parseMaybeUnaryOrPrivate] (node_modules/@babel/parser/src/parser/expression.ts:417:14)
      at Parser.parseMaybeUnaryOrPrivate [as parseExprOps] (node_modules/@babel/parser/src/parser/expression.ts:429:23)
      at Parser.parseExprOps [as parseMaybeConditional] (node_modules/@babel/parser/src/parser/expression.ts:384:23)
      at Parser.parseMaybeConditional [as parseMaybeAssign] (node_modules/@babel/parser/src/parser/expression.ts:301:21)
      at Parser.parseMaybeAssign [as parseExpressionBase] (node_modules/@babel/parser/src/parser/expression.ts:226:23)
      at parseExpressionBase (node_modules/@babel/parser/src/parser/expression.ts:217:39)
      at Parser.callback [as allowInAnd] (node_modules/@babel/parser/src/parser/expression.ts:3197:16)
      at Parser.allowInAnd [as parseExpression] (node_modules/@babel/parser/src/parser/expression.ts:217:17)
      at Parser.parseExpression [as parseStatementContent] (node_modules/@babel/parser/src/parser/statement.ts:688:23)
      at Parser.parseStatementContent [as parseStatementLike] (node_modules/@babel/parser/src/parser/statement.ts:482:17)
      at Parser.parseStatementLike [as parseModuleItem] (node_modules/@babel/parser/src/parser/statement.ts:419:17)
      at Parser.parseModuleItem [as parseBlockOrModuleBlockBody] (node_modules/@babel/parser/src/parser/statement.ts:1443:16)
      at Parser.parseBlockOrModuleBlockBody [as parseBlockBody] (node_modules/@babel/parser/src/parser/statement.ts:1417:10)
      at Parser.parseBlockBody [as parseProgram] (node_modules/@babel/parser/src/parser/statement.ts:229:10)
      at Parser.parseProgram [as parseTopLevel] (node_modules/@babel/parser/src/parser/statement.ts:203:25)
      at Parser.parseTopLevel [as parse] (node_modules/@babel/parser/src/parser/index.ts:88:25)
      at parse (node_modules/@babel/parser/src/index.ts:86:38)
      at parser (node_modules/@babel/core/src/parser/index.ts:29:19)
          at parser.next (<anonymous>)
      at normalizeFile (node_modules/@babel/core/src/transformation/normalize-file.ts:50:24)
          at normalizeFile.next (<anonymous>)
      at run (node_modules/@babel/core/src/transformation/index.ts:41:36)
          at run.next (<anonymous>)
      at transform (node_modules/@babel/core/src/transform.ts:29:20)
          at transform.next (<anonymous>)
      at evaluateSync (node_modules/gensync/index.js:251:28)
      at sync (node_modules/gensync/index.js:89:14)
      at fn (node_modules/@babel/core/src/errors/rewrite-stack-trace.ts:99:14)
      at transformSync (node_modules/@babel/core/src/transform.ts:66:52)
      at ScriptTransformer.transformSource (node_modules/@jest/transform/build/index.js:422:31)
      at ScriptTransformer._transformAndBuildScript (node_modules/@jest/transform/build/index.js:519:40)
      at ScriptTransformer.transform (node_modules/@jest/transform/build/index.js:558:19)
      at Object.require (tests/UISceneRebuild.test.js:129:21)

FAIL tests/PetMovement.test.js
  ● Test suite failed to run

    Jest encountered an unexpected token

    Jest failed to parse a file. This happens e.g. when your code or its dependencies use non-standard JavaScript syntax, or when Jest is not configured to support such syntax.

    Out of the box Jest supports Babel, which will be used to transform your files into valid JS based on your Babel configuration.

    By default "node_modules" folder is ignored by transformers.

    Here's what you can do:
     • If you are trying to use ECMAScript Modules, see https://jestjs.io/docs/ecmascript-modules for how to enable it.
     • If you are trying to use TypeScript, see https://jestjs.io/docs/getting-started#using-typescript
     • To have some of your "node_modules" files transformed, you can specify a custom "transformIgnorePatterns" in your config.
     • If you need a custom transformation, specify a "transform" option in your config.
     • If you simply want to mock your non-JS modules (e.g. binary assets) you can stub them out with the "moduleNameMapper" config option.

    You'll find more details and examples of these config options in the docs:
    https://jestjs.io/docs/configuration
    For information about custom transformations, see:
    https://jestjs.io/docs/code-transformation

    Details:

    SyntaxError: /workspaces/Nadagotchi/js/MainScene.js: Unexpected token (66:0)

      64 |         /** @type {number} Timestamp for the next autonomous move. */
      65 |         this.nextMoveTime = 0;
    > 66 | <<<<<<< HEAD
         | ^
      67 |
      68 |         /** @type {boolean} Flag indicating if async initialization is complete. */
      69 |         this.isReady = false;

      83 | }));
      84 |
    > 85 | const { MainScene } = require('../js/MainScene.js');
         |                       ^
      86 |
      87 | describe('MainScene Pet Movement', () => {
      88 |     let scene;

      at constructor (node_modules/@babel/parser/src/parse-error.ts:95:45)
      at Parser.toParseError [as raise] (node_modules/@babel/parser/src/tokenizer/index.ts:1507:19)
      at Parser.raise [as unexpected] (node_modules/@babel/parser/src/tokenizer/index.ts:1547:16)
      at Parser.unexpected [as parseExprAtom] (node_modules/@babel/parser/src/parser/expression.ts:1355:22)
      at Parser.parseExprAtom [as parseExprSubscripts] (node_modules/@babel/parser/src/parser/expression.ts:742:23)
      at Parser.parseExprSubscripts [as parseUpdate] (node_modules/@babel/parser/src/parser/expression.ts:721:21)
      at Parser.parseUpdate [as parseMaybeUnary] (node_modules/@babel/parser/src/parser/expression.ts:683:23)
      at Parser.parseMaybeUnary [as parseMaybeUnaryOrPrivate] (node_modules/@babel/parser/src/parser/expression.ts:417:14)
      at Parser.parseMaybeUnaryOrPrivate [as parseExprOps] (node_modules/@babel/parser/src/parser/expression.ts:429:23)
      at Parser.parseExprOps [as parseMaybeConditional] (node_modules/@babel/parser/src/parser/expression.ts:384:23)
      at Parser.parseMaybeConditional [as parseMaybeAssign] (node_modules/@babel/parser/src/parser/expression.ts:301:21)
      at Parser.parseMaybeAssign [as parseExpressionBase] (node_modules/@babel/parser/src/parser/expression.ts:226:23)
      at parseExpressionBase (node_modules/@babel/parser/src/parser/expression.ts:217:39)
      at Parser.callback [as allowInAnd] (node_modules/@babel/parser/src/parser/expression.ts:3197:16)
      at Parser.allowInAnd [as parseExpression] (node_modules/@babel/parser/src/parser/expression.ts:217:17)
      at Parser.parseExpression [as parseStatementContent] (node_modules/@babel/parser/src/parser/statement.ts:688:23)
      at Parser.parseStatementContent [as parseStatementLike] (node_modules/@babel/parser/src/parser/statement.ts:482:17)
      at Parser.parseStatementLike [as parseStatementListItem] (node_modules/@babel/parser/src/parser/statement.ts:431:17)
      at Parser.parseStatementListItem [as parseBlockOrModuleBlockBody] (node_modules/@babel/parser/src/parser/statement.ts:1444:16)
      at Parser.parseBlockOrModuleBlockBody [as parseBlockBody] (node_modules/@babel/parser/src/parser/statement.ts:1417:10)
      at Parser.parseBlockBody [as parseBlock] (node_modules/@babel/parser/src/parser/statement.ts:1385:10)
      at Parser.parseBlock [as parseFunctionBody] (node_modules/@babel/parser/src/parser/expression.ts:2626:24)
      at Parser.parseFunctionBody [as parseFunctionBodyAndFinish] (node_modules/@babel/parser/src/parser/expression.ts:2595:10)
      at Parser.parseFunctionBodyAndFinish [as parseMethod] (node_modules/@babel/parser/src/parser/expression.ts:2492:31)
      at Parser.parseMethod [as pushClassMethod] (node_modules/@babel/parser/src/parser/statement.ts:2244:12)
      at Parser.pushClassMethod [as parseClassMemberWithIsStatic] (node_modules/@babel/parser/src/parser/statement.ts:2023:12)
      at Parser.parseClassMemberWithIsStatic [as parseClassMember] (node_modules/@babel/parser/src/parser/statement.ts:1938:10)
      at parseClassMember (node_modules/@babel/parser/src/parser/statement.ts:1851:14)
      at Parser.callback [as withSmartMixTopicForbiddingContext] (node_modules/@babel/parser/src/parser/expression.ts:3176:14)
      at Parser.withSmartMixTopicForbiddingContext [as parseClassBody] (node_modules/@babel/parser/src/parser/statement.ts:1823:10)
      at Parser.parseClassBody [as parseClass] (node_modules/@babel/parser/src/parser/statement.ts:1774:22)
      at Parser.parseClass [as parseExportDeclaration] (node_modules/@babel/parser/src/parser/statement.ts:2628:25)
      at Parser.parseExportDeclaration [as maybeParseExportDeclaration] (node_modules/@babel/parser/src/parser/statement.ts:2551:31)
      at Parser.maybeParseExportDeclaration [as parseExport] (node_modules/@babel/parser/src/parser/statement.ts:2432:29)
      at Parser.parseExport [as parseStatementContent] (node_modules/@babel/parser/src/parser/statement.ts:649:25)
      at Parser.parseStatementContent [as parseStatementLike] (node_modules/@babel/parser/src/parser/statement.ts:482:17)
      at Parser.parseStatementLike [as parseModuleItem] (node_modules/@babel/parser/src/parser/statement.ts:419:17)
      at Parser.parseModuleItem [as parseBlockOrModuleBlockBody] (node_modules/@babel/parser/src/parser/statement.ts:1443:16)
      at Parser.parseBlockOrModuleBlockBody [as parseBlockBody] (node_modules/@babel/parser/src/parser/statement.ts:1417:10)
      at Parser.parseBlockBody [as parseProgram] (node_modules/@babel/parser/src/parser/statement.ts:229:10)
      at Parser.parseProgram [as parseTopLevel] (node_modules/@babel/parser/src/parser/statement.ts:203:25)
      at Parser.parseTopLevel [as parse] (node_modules/@babel/parser/src/parser/index.ts:88:25)
      at parse (node_modules/@babel/parser/src/index.ts:86:38)
      at parser (node_modules/@babel/core/src/parser/index.ts:29:19)
          at parser.next (<anonymous>)
      at normalizeFile (node_modules/@babel/core/src/transformation/normalize-file.ts:50:24)
          at normalizeFile.next (<anonymous>)
      at run (node_modules/@babel/core/src/transformation/index.ts:41:36)
          at run.next (<anonymous>)
      at transform (node_modules/@babel/core/src/transform.ts:29:20)
          at transform.next (<anonymous>)
      at evaluateSync (node_modules/gensync/index.js:251:28)
      at sync (node_modules/gensync/index.js:89:14)
      at fn (node_modules/@babel/core/src/errors/rewrite-stack-trace.ts:99:14)
      at transformSync (node_modules/@babel/core/src/transform.ts:66:52)
      at ScriptTransformer.transformSource (node_modules/@jest/transform/build/index.js:422:31)
      at ScriptTransformer._transformAndBuildScript (node_modules/@jest/transform/build/index.js:519:40)
      at ScriptTransformer.transform (node_modules/@jest/transform/build/index.js:558:19)
      at Object.require (tests/PetMovement.test.js:85:23)

FAIL tests/HousingDecor.test.js
  ● Test suite failed to run

    Jest encountered an unexpected token

    Jest failed to parse a file. This happens e.g. when your code or its dependencies use non-standard JavaScript syntax, or when Jest is not configured to support such syntax.

    Out of the box Jest supports Babel, which will be used to transform your files into valid JS based on your Babel configuration.

    By default "node_modules" folder is ignored by transformers.

    Here's what you can do:
     • If you are trying to use ECMAScript Modules, see https://jestjs.io/docs/ecmascript-modules for how to enable it.
     • If you are trying to use TypeScript, see https://jestjs.io/docs/getting-started#using-typescript
     • To have some of your "node_modules" files transformed, you can specify a custom "transformIgnorePatterns" in your config.
     • If you need a custom transformation, specify a "transform" option in your config.
     • If you simply want to mock your non-JS modules (e.g. binary assets) you can stub them out with the "moduleNameMapper" config option.

    You'll find more details and examples of these config options in the docs:
    https://jestjs.io/docs/configuration
    For information about custom transformations, see:
    https://jestjs.io/docs/code-transformation

    Details:

    SyntaxError: /workspaces/Nadagotchi/js/Nadagotchi.js: Unexpected token (32:0)

      30 |      */
      31 |     constructor(initialArchetype, loadedData = null) {
    > 32 | <<<<<<< HEAD
         | ^
      33 |         /** @type {boolean} Indicates if the asynchronous initialization is complete. */
      34 |         this.isInitialized = false;
      35 |

      1 |
    > 2 | import { Nadagotchi } from '../js/Nadagotchi.js';
        | ^
      3 | import { InventorySystem } from '../js/systems/InventorySystem.js';
      4 | import { ItemDefinitions } from '../js/ItemData.js';
      5 | import { PersistenceManager } from '../js/PersistenceManager.js';

      at constructor (node_modules/@babel/parser/src/parse-error.ts:95:45)
      at Parser.toParseError [as raise] (node_modules/@babel/parser/src/tokenizer/index.ts:1507:19)
      at Parser.raise [as unexpected] (node_modules/@babel/parser/src/tokenizer/index.ts:1547:16)
      at Parser.unexpected [as parseExprAtom] (node_modules/@babel/parser/src/parser/expression.ts:1355:22)
      at Parser.parseExprAtom [as parseExprSubscripts] (node_modules/@babel/parser/src/parser/expression.ts:742:23)
      at Parser.parseExprSubscripts [as parseUpdate] (node_modules/@babel/parser/src/parser/expression.ts:721:21)
      at Parser.parseUpdate [as parseMaybeUnary] (node_modules/@babel/parser/src/parser/expression.ts:683:23)
      at Parser.parseMaybeUnary [as parseMaybeUnaryOrPrivate] (node_modules/@babel/parser/src/parser/expression.ts:417:14)
      at Parser.parseMaybeUnaryOrPrivate [as parseExprOps] (node_modules/@babel/parser/src/parser/expression.ts:429:23)
      at Parser.parseExprOps [as parseMaybeConditional] (node_modules/@babel/parser/src/parser/expression.ts:384:23)
      at Parser.parseMaybeConditional [as parseMaybeAssign] (node_modules/@babel/parser/src/parser/expression.ts:301:21)
      at Parser.parseMaybeAssign [as parseExpressionBase] (node_modules/@babel/parser/src/parser/expression.ts:226:23)
      at parseExpressionBase (node_modules/@babel/parser/src/parser/expression.ts:217:39)
      at Parser.callback [as allowInAnd] (node_modules/@babel/parser/src/parser/expression.ts:3197:16)
      at Parser.allowInAnd [as parseExpression] (node_modules/@babel/parser/src/parser/expression.ts:217:17)
      at Parser.parseExpression [as parseStatementContent] (node_modules/@babel/parser/src/parser/statement.ts:688:23)
      at Parser.parseStatementContent [as parseStatementLike] (node_modules/@babel/parser/src/parser/statement.ts:482:17)
      at Parser.parseStatementLike [as parseStatementListItem] (node_modules/@babel/parser/src/parser/statement.ts:431:17)
      at Parser.parseStatementListItem [as parseBlockOrModuleBlockBody] (node_modules/@babel/parser/src/parser/statement.ts:1444:16)
      at Parser.parseBlockOrModuleBlockBody [as parseBlockBody] (node_modules/@babel/parser/src/parser/statement.ts:1417:10)
      at Parser.parseBlockBody [as parseBlock] (node_modules/@babel/parser/src/parser/statement.ts:1385:10)
      at Parser.parseBlock [as parseFunctionBody] (node_modules/@babel/parser/src/parser/expression.ts:2626:24)
      at Parser.parseFunctionBody [as parseFunctionBodyAndFinish] (node_modules/@babel/parser/src/parser/expression.ts:2595:10)
      at Parser.parseFunctionBodyAndFinish [as parseMethod] (node_modules/@babel/parser/src/parser/expression.ts:2492:31)
      at Parser.parseMethod [as pushClassMethod] (node_modules/@babel/parser/src/parser/statement.ts:2244:12)
      at Parser.pushClassMethod [as parseClassMemberWithIsStatic] (node_modules/@babel/parser/src/parser/statement.ts:2023:12)
      at Parser.parseClassMemberWithIsStatic [as parseClassMember] (node_modules/@babel/parser/src/parser/statement.ts:1938:10)
      at parseClassMember (node_modules/@babel/parser/src/parser/statement.ts:1851:14)
      at Parser.callback [as withSmartMixTopicForbiddingContext] (node_modules/@babel/parser/src/parser/expression.ts:3176:14)
      at Parser.withSmartMixTopicForbiddingContext [as parseClassBody] (node_modules/@babel/parser/src/parser/statement.ts:1823:10)
      at Parser.parseClassBody [as parseClass] (node_modules/@babel/parser/src/parser/statement.ts:1774:22)
      at Parser.parseClass [as parseExportDeclaration] (node_modules/@babel/parser/src/parser/statement.ts:2628:25)
      at Parser.parseExportDeclaration [as maybeParseExportDeclaration] (node_modules/@babel/parser/src/parser/statement.ts:2551:31)
      at Parser.maybeParseExportDeclaration [as parseExport] (node_modules/@babel/parser/src/parser/statement.ts:2432:29)
      at Parser.parseExport [as parseStatementContent] (node_modules/@babel/parser/src/parser/statement.ts:649:25)
      at Parser.parseStatementContent [as parseStatementLike] (node_modules/@babel/parser/src/parser/statement.ts:482:17)
      at Parser.parseStatementLike [as parseModuleItem] (node_modules/@babel/parser/src/parser/statement.ts:419:17)
      at Parser.parseModuleItem [as parseBlockOrModuleBlockBody] (node_modules/@babel/parser/src/parser/statement.ts:1443:16)
      at Parser.parseBlockOrModuleBlockBody [as parseBlockBody] (node_modules/@babel/parser/src/parser/statement.ts:1417:10)
      at Parser.parseBlockBody [as parseProgram] (node_modules/@babel/parser/src/parser/statement.ts:229:10)
      at Parser.parseProgram [as parseTopLevel] (node_modules/@babel/parser/src/parser/statement.ts:203:25)
      at Parser.parseTopLevel [as parse] (node_modules/@babel/parser/src/parser/index.ts:88:25)
      at parse (node_modules/@babel/parser/src/index.ts:86:38)
      at parser (node_modules/@babel/core/src/parser/index.ts:29:19)
          at parser.next (<anonymous>)
      at normalizeFile (node_modules/@babel/core/src/transformation/normalize-file.ts:50:24)
          at normalizeFile.next (<anonymous>)
      at run (node_modules/@babel/core/src/transformation/index.ts:41:36)
          at run.next (<anonymous>)
      at transform (node_modules/@babel/core/src/transform.ts:29:20)
          at transform.next (<anonymous>)
      at evaluateSync (node_modules/gensync/index.js:251:28)
      at sync (node_modules/gensync/index.js:89:14)
      at fn (node_modules/@babel/core/src/errors/rewrite-stack-trace.ts:99:14)
      at transformSync (node_modules/@babel/core/src/transform.ts:66:52)
      at ScriptTransformer.transformSource (node_modules/@jest/transform/build/index.js:422:31)
      at ScriptTransformer._transformAndBuildScript (node_modules/@jest/transform/build/index.js:519:40)
      at ScriptTransformer.transform (node_modules/@jest/transform/build/index.js:558:19)
      at Object.require (tests/HousingDecor.test.js:2:1)

FAIL tests/Genetics.test.js
  ● Test suite failed to run

    Jest encountered an unexpected token

    Jest failed to parse a file. This happens e.g. when your code or its dependencies use non-standard JavaScript syntax, or when Jest is not configured to support such syntax.

    Out of the box Jest supports Babel, which will be used to transform your files into valid JS based on your Babel configuration.

    By default "node_modules" folder is ignored by transformers.

    Here's what you can do:
     • If you are trying to use ECMAScript Modules, see https://jestjs.io/docs/ecmascript-modules for how to enable it.
     • If you are trying to use TypeScript, see https://jestjs.io/docs/getting-started#using-typescript
     • To have some of your "node_modules" files transformed, you can specify a custom "transformIgnorePatterns" in your config.
     • If you need a custom transformation, specify a "transform" option in your config.
     • If you simply want to mock your non-JS modules (e.g. binary assets) you can stub them out with the "moduleNameMapper" config option.

    You'll find more details and examples of these config options in the docs:
    https://jestjs.io/docs/configuration
    For information about custom transformations, see:
    https://jestjs.io/docs/code-transformation

    Details:

    SyntaxError: /workspaces/Nadagotchi/js/Config.js: Unexpected token (43:0)

      41 |     },
      42 |
    > 43 | <<<<<<< HEAD
         | ^
      44 |     // Minigame Settings
      45 |     MINIGAMES: {
      46 |         LOGIC_PUZZLE: {

       5 |
       6 | import { SeededRandom } from './utils/SeededRandom.js';
    >  7 | import { Config } from './Config.js';
         | ^
       8 | import { CryptoUtils } from './utils/CryptoUtils.js';
       9 |
      10 | import { toBase64, fromBase64 } from './utils/Encoding.js';

      at constructor (node_modules/@babel/parser/src/parse-error.ts:95:45)
      at Parser.toParseError [as raise] (node_modules/@babel/parser/src/tokenizer/index.ts:1507:19)
      at Parser.raise [as unexpected] (node_modules/@babel/parser/src/tokenizer/index.ts:1547:16)
      at Parser.unexpected [as parsePropertyName] (node_modules/@babel/parser/src/parser/expression.ts:2451:18)
      at Parser.parsePropertyName [as parsePropertyDefinition] (node_modules/@babel/parser/src/parser/expression.ts:2198:10)
      at Parser.parsePropertyDefinition [as parseObjectLike] (node_modules/@babel/parser/src/parser/expression.ts:2095:21)
      at Parser.parseObjectLike [as parseExprAtom] (node_modules/@babel/parser/src/parser/expression.ts:1181:21)
      at Parser.parseExprAtom [as parseExprSubscripts] (node_modules/@babel/parser/src/parser/expression.ts:742:23)
      at Parser.parseExprSubscripts [as parseUpdate] (node_modules/@babel/parser/src/parser/expression.ts:721:21)
      at Parser.parseUpdate [as parseMaybeUnary] (node_modules/@babel/parser/src/parser/expression.ts:683:23)
      at Parser.parseMaybeUnary [as parseMaybeUnaryOrPrivate] (node_modules/@babel/parser/src/parser/expression.ts:417:14)
      at Parser.parseMaybeUnaryOrPrivate [as parseExprOps] (node_modules/@babel/parser/src/parser/expression.ts:429:23)
      at Parser.parseExprOps [as parseMaybeConditional] (node_modules/@babel/parser/src/parser/expression.ts:384:23)
      at Parser.parseMaybeConditional [as parseMaybeAssign] (node_modules/@babel/parser/src/parser/expression.ts:301:21)
      at parseMaybeAssign (node_modules/@babel/parser/src/parser/expression.ts:257:12)
      at Parser.callback [as allowInAnd] (node_modules/@babel/parser/src/parser/expression.ts:3197:16)
      at Parser.allowInAnd [as parseMaybeAssignAllowIn] (node_modules/@babel/parser/src/parser/expression.ts:256:17)
      at Parser.parseMaybeAssignAllowIn [as parseVar] (node_modules/@babel/parser/src/parser/statement.ts:1587:18)
      at Parser.parseVar [as parseVarStatement] (node_modules/@babel/parser/src/parser/statement.ts:1251:10)
      at Parser.parseVarStatement [as parseStatementContent] (node_modules/@babel/parser/src/parser/statement.ts:612:21)
      at Parser.parseStatementContent [as parseStatementLike] (node_modules/@babel/parser/src/parser/statement.ts:482:17)
      at Parser.parseStatementLike [as parseStatementListItem] (node_modules/@babel/parser/src/parser/statement.ts:431:17)
      at Parser.parseStatementListItem (node_modules/@babel/parser/src/parser/statement.ts:2635:17)
      at Parser.parseExportDeclaration [as maybeParseExportDeclaration] (node_modules/@babel/parser/src/parser/statement.ts:2551:31)
      at Parser.maybeParseExportDeclaration [as parseExport] (node_modules/@babel/parser/src/parser/statement.ts:2432:29)
      at Parser.parseExport [as parseStatementContent] (node_modules/@babel/parser/src/parser/statement.ts:649:25)
      at Parser.parseStatementContent [as parseStatementLike] (node_modules/@babel/parser/src/parser/statement.ts:482:17)
      at Parser.parseStatementLike [as parseModuleItem] (node_modules/@babel/parser/src/parser/statement.ts:419:17)
      at Parser.parseModuleItem [as parseBlockOrModuleBlockBody] (node_modules/@babel/parser/src/parser/statement.ts:1443:16)
      at Parser.parseBlockOrModuleBlockBody [as parseBlockBody] (node_modules/@babel/parser/src/parser/statement.ts:1417:10)
      at Parser.parseBlockBody [as parseProgram] (node_modules/@babel/parser/src/parser/statement.ts:229:10)
      at Parser.parseProgram [as parseTopLevel] (node_modules/@babel/parser/src/parser/statement.ts:203:25)
      at Parser.parseTopLevel [as parse] (node_modules/@babel/parser/src/parser/index.ts:88:25)
      at parse (node_modules/@babel/parser/src/index.ts:86:38)
      at parser (node_modules/@babel/core/src/parser/index.ts:29:19)
          at parser.next (<anonymous>)
      at normalizeFile (node_modules/@babel/core/src/transformation/normalize-file.ts:50:24)
          at normalizeFile.next (<anonymous>)
      at run (node_modules/@babel/core/src/transformation/index.ts:41:36)
          at run.next (<anonymous>)
      at transform (node_modules/@babel/core/src/transform.ts:29:20)
          at transform.next (<anonymous>)
      at evaluateSync (node_modules/gensync/index.js:251:28)
      at sync (node_modules/gensync/index.js:89:14)
      at fn (node_modules/@babel/core/src/errors/rewrite-stack-trace.ts:99:14)
      at transformSync (node_modules/@babel/core/src/transform.ts:66:52)
      at ScriptTransformer.transformSource (node_modules/@jest/transform/build/index.js:422:31)
      at ScriptTransformer._transformAndBuildScript (node_modules/@jest/transform/build/index.js:519:40)
      at ScriptTransformer.transform (node_modules/@jest/transform/build/index.js:558:19)
      at Object.require (js/GeneticsSystem.js:7:1)
      at Object.require (tests/Genetics.test.js:1:1)

FAIL tests/Performance.test.js
  ● Test suite failed to run

    Jest encountered an unexpected token

    Jest failed to parse a file. This happens e.g. when your code or its dependencies use non-standard JavaScript syntax, or when Jest is not configured to support such syntax.

    Out of the box Jest supports Babel, which will be used to transform your files into valid JS based on your Babel configuration.

    By default "node_modules" folder is ignored by transformers.

    Here's what you can do:
     • If you are trying to use ECMAScript Modules, see https://jestjs.io/docs/ecmascript-modules for how to enable it.
     • If you are trying to use TypeScript, see https://jestjs.io/docs/getting-started#using-typescript
     • To have some of your "node_modules" files transformed, you can specify a custom "transformIgnorePatterns" in your config.
     • If you need a custom transformation, specify a "transform" option in your config.
     • If you simply want to mock your non-JS modules (e.g. binary assets) you can stub them out with the "moduleNameMapper" config option.

    You'll find more details and examples of these config options in the docs:
    https://jestjs.io/docs/configuration
    For information about custom transformations, see:
    https://jestjs.io/docs/code-transformation

    Details:

    SyntaxError: /workspaces/Nadagotchi/tests/Performance.test.js: Unexpected token (120:0)

      118 |                 add: jest.fn()
      119 |             }),
    > 120 | <<<<<<< HEAD
          | ^
      121 |             createCanvas: jest.fn(() => mockGameObject()), exists: jest.fn().mockReturnValue(false)
      122 | =======
      123 |             createCanvas: jest.fn(() => mockGameObject())

      at constructor (node_modules/@babel/parser/src/parse-error.ts:95:45)
      at Parser.toParseError [as raise] (node_modules/@babel/parser/src/tokenizer/index.ts:1507:19)
      at Parser.raise [as unexpected] (node_modules/@babel/parser/src/tokenizer/index.ts:1547:16)
      at Parser.unexpected [as parsePropertyName] (node_modules/@babel/parser/src/parser/expression.ts:2451:18)
      at Parser.parsePropertyName [as parsePropertyDefinition] (node_modules/@babel/parser/src/parser/expression.ts:2198:10)
      at Parser.parsePropertyDefinition [as parseObjectLike] (node_modules/@babel/parser/src/parser/expression.ts:2095:21)
      at Parser.parseObjectLike [as parseExprAtom] (node_modules/@babel/parser/src/parser/expression.ts:1181:21)
      at Parser.parseExprAtom [as parseExprSubscripts] (node_modules/@babel/parser/src/parser/expression.ts:742:23)
      at Parser.parseExprSubscripts [as parseUpdate] (node_modules/@babel/parser/src/parser/expression.ts:721:21)
      at Parser.parseUpdate [as parseMaybeUnary] (node_modules/@babel/parser/src/parser/expression.ts:683:23)
      at Parser.parseMaybeUnary [as parseMaybeUnaryOrPrivate] (node_modules/@babel/parser/src/parser/expression.ts:417:14)
      at Parser.parseMaybeUnaryOrPrivate [as parseExprOps] (node_modules/@babel/parser/src/parser/expression.ts:429:23)
      at Parser.parseExprOps [as parseMaybeConditional] (node_modules/@babel/parser/src/parser/expression.ts:384:23)
      at Parser.parseMaybeConditional [as parseMaybeAssign] (node_modules/@babel/parser/src/parser/expression.ts:301:21)
      at Parser.parseMaybeAssign (node_modules/@babel/parser/src/parser/expression.ts:345:25)
      at Parser.parseMaybeAssign [as parseExpressionBase] (node_modules/@babel/parser/src/parser/expression.ts:226:23)
      at parseExpressionBase (node_modules/@babel/parser/src/parser/expression.ts:217:39)
      at Parser.callback [as allowInAnd] (node_modules/@babel/parser/src/parser/expression.ts:3197:16)
      at Parser.allowInAnd [as parseExpression] (node_modules/@babel/parser/src/parser/expression.ts:217:17)
      at Parser.parseExpression [as parseStatementContent] (node_modules/@babel/parser/src/parser/statement.ts:688:23)
      at Parser.parseStatementContent [as parseStatementLike] (node_modules/@babel/parser/src/parser/statement.ts:482:17)
      at Parser.parseStatementLike [as parseStatementListItem] (node_modules/@babel/parser/src/parser/statement.ts:431:17)
      at Parser.parseStatementListItem [as parseBlockOrModuleBlockBody] (node_modules/@babel/parser/src/parser/statement.ts:1444:16)
      at Parser.parseBlockOrModuleBlockBody [as parseBlockBody] (node_modules/@babel/parser/src/parser/statement.ts:1417:10)
      at Parser.parseBlockBody [as parseBlock] (node_modules/@babel/parser/src/parser/statement.ts:1385:10)
      at Parser.parseBlock [as parseFunctionBody] (node_modules/@babel/parser/src/parser/expression.ts:2626:24)
      at Parser.parseFunctionBody [as parseArrowExpression] (node_modules/@babel/parser/src/parser/expression.ts:2563:10)
      at Parser.parseArrowExpression [as parseParenAndDistinguishExpression] (node_modules/@babel/parser/src/parser/expression.ts:1847:12)
      at Parser.parseParenAndDistinguishExpression [as parseExprAtom] (node_modules/@babel/parser/src/parser/expression.ts:1170:21)
      at Parser.parseExprAtom [as parseExprSubscripts] (node_modules/@babel/parser/src/parser/expression.ts:742:23)
      at Parser.parseExprSubscripts [as parseUpdate] (node_modules/@babel/parser/src/parser/expression.ts:721:21)
      at Parser.parseUpdate [as parseMaybeUnary] (node_modules/@babel/parser/src/parser/expression.ts:683:23)
      at Parser.parseMaybeUnary [as parseMaybeUnaryOrPrivate] (node_modules/@babel/parser/src/parser/expression.ts:417:14)
      at Parser.parseMaybeUnaryOrPrivate [as parseExprOps] (node_modules/@babel/parser/src/parser/expression.ts:429:23)
      at Parser.parseExprOps [as parseMaybeConditional] (node_modules/@babel/parser/src/parser/expression.ts:384:23)
      at Parser.parseMaybeConditional [as parseMaybeAssign] (node_modules/@babel/parser/src/parser/expression.ts:301:21)
      at parseMaybeAssign (node_modules/@babel/parser/src/parser/expression.ts:257:12)
      at Parser.callback [as allowInAnd] (node_modules/@babel/parser/src/parser/expression.ts:3202:12)
      at Parser.allowInAnd [as parseMaybeAssignAllowIn] (node_modules/@babel/parser/src/parser/expression.ts:256:17)
      at Parser.parseMaybeAssignAllowIn [as parseMaybeAssignAllowInOrVoidPattern] (node_modules/@babel/parser/src/parser/expression.ts:3316:17)
      at Parser.parseMaybeAssignAllowInOrVoidPattern [as parseExprListItem] (node_modules/@babel/parser/src/parser/expression.ts:2798:18)
      at Parser.parseExprListItem [as parseCallExpressionArguments] (node_modules/@babel/parser/src/parser/expression.ts:1042:14)
      at Parser.parseCallExpressionArguments [as parseCoverCallAndAsyncArrowHead] (node_modules/@babel/parser/src/parser/expression.ts:922:29)
      at Parser.parseCoverCallAndAsyncArrowHead [as parseSubscript] (node_modules/@babel/parser/src/parser/expression.ts:804:19)
      at Parser.parseSubscript [as parseSubscripts] (node_modules/@babel/parser/src/parser/expression.ts:763:19)
      at Parser.parseSubscripts [as parseExprSubscripts] (node_modules/@babel/parser/src/parser/expression.ts:748:17)
      at Parser.parseExprSubscripts [as parseUpdate] (node_modules/@babel/parser/src/parser/expression.ts:721:21)
      at Parser.parseUpdate [as parseMaybeUnary] (node_modules/@babel/parser/src/parser/expression.ts:683:23)
      at Parser.parseMaybeUnary [as parseMaybeUnaryOrPrivate] (node_modules/@babel/parser/src/parser/expression.ts:417:14)
      at Parser.parseMaybeUnaryOrPrivate [as parseExprOps] (node_modules/@babel/parser/src/parser/expression.ts:429:23)
      at Parser.parseExprOps [as parseMaybeConditional] (node_modules/@babel/parser/src/parser/expression.ts:384:23)
      at Parser.parseMaybeConditional [as parseMaybeAssign] (node_modules/@babel/parser/src/parser/expression.ts:301:21)
      at Parser.parseMaybeAssign [as parseExpressionBase] (node_modules/@babel/parser/src/parser/expression.ts:226:23)
      at parseExpressionBase (node_modules/@babel/parser/src/parser/expression.ts:217:39)
      at Parser.callback [as allowInAnd] (node_modules/@babel/parser/src/parser/expression.ts:3197:16)
      at Parser.allowInAnd [as parseExpression] (node_modules/@babel/parser/src/parser/expression.ts:217:17)
      at Parser.parseExpression [as parseStatementContent] (node_modules/@babel/parser/src/parser/statement.ts:688:23)
      at Parser.parseStatementContent [as parseStatementLike] (node_modules/@babel/parser/src/parser/statement.ts:482:17)
      at Parser.parseStatementLike [as parseStatementListItem] (node_modules/@babel/parser/src/parser/statement.ts:431:17)
      at Parser.parseStatementListItem [as parseBlockOrModuleBlockBody] (node_modules/@babel/parser/src/parser/statement.ts:1444:16)
      at Parser.parseBlockOrModuleBlockBody [as parseBlockBody] (node_modules/@babel/parser/src/parser/statement.ts:1417:10)
      at Parser.parseBlockBody [as parseBlock] (node_modules/@babel/parser/src/parser/statement.ts:1385:10)
      at Parser.parseBlock [as parseFunctionBody] (node_modules/@babel/parser/src/parser/expression.ts:2626:24)
      at Parser.parseFunctionBody [as parseArrowExpression] (node_modules/@babel/parser/src/parser/expression.ts:2563:10)
      at Parser.parseArrowExpression [as parseParenAndDistinguishExpression] (node_modules/@babel/parser/src/parser/expression.ts:1847:12)
      at Parser.parseParenAndDistinguishExpression [as parseExprAtom] (node_modules/@babel/parser/src/parser/expression.ts:1170:21)
      at Parser.parseExprAtom [as parseExprSubscripts] (node_modules/@babel/parser/src/parser/expression.ts:742:23)
      at Parser.parseExprSubscripts [as parseUpdate] (node_modules/@babel/parser/src/parser/expression.ts:721:21)
      at Parser.parseUpdate [as parseMaybeUnary] (node_modules/@babel/parser/src/parser/expression.ts:683:23)
      at Parser.parseMaybeUnary [as parseMaybeUnaryOrPrivate] (node_modules/@babel/parser/src/parser/expression.ts:417:14)
      at Parser.parseMaybeUnaryOrPrivate [as parseExprOps] (node_modules/@babel/parser/src/parser/expression.ts:429:23)
      at Parser.parseExprOps [as parseMaybeConditional] (node_modules/@babel/parser/src/parser/expression.ts:384:23)
      at Parser.parseMaybeConditional [as parseMaybeAssign] (node_modules/@babel/parser/src/parser/expression.ts:301:21)
      at parseMaybeAssign (node_modules/@babel/parser/src/parser/expression.ts:257:12)
      at Parser.callback [as allowInAnd] (node_modules/@babel/parser/src/parser/expression.ts:3202:12)
      at Parser.allowInAnd [as parseMaybeAssignAllowIn] (node_modules/@babel/parser/src/parser/expression.ts:256:17)
      at Parser.parseMaybeAssignAllowIn [as parseMaybeAssignAllowInOrVoidPattern] (node_modules/@babel/parser/src/parser/expression.ts:3316:17)
      at Parser.parseMaybeAssignAllowInOrVoidPattern [as parseExprListItem] (node_modules/@babel/parser/src/parser/expression.ts:2798:18)
      at Parser.parseExprListItem [as parseCallExpressionArguments] (node_modules/@babel/parser/src/parser/expression.ts:1042:14)
      at Parser.parseCallExpressionArguments [as parseCoverCallAndAsyncArrowHead] (node_modules/@babel/parser/src/parser/expression.ts:922:29)
      at Parser.parseCoverCallAndAsyncArrowHead [as parseSubscript] (node_modules/@babel/parser/src/parser/expression.ts:804:19)
      at Parser.parseSubscript [as parseSubscripts] (node_modules/@babel/parser/src/parser/expression.ts:763:19)
      at Parser.parseSubscripts [as parseExprSubscripts] (node_modules/@babel/parser/src/parser/expression.ts:748:17)
      at Parser.parseExprSubscripts [as parseUpdate] (node_modules/@babel/parser/src/parser/expression.ts:721:21)
      at Parser.parseUpdate [as parseMaybeUnary] (node_modules/@babel/parser/src/parser/expression.ts:683:23)
      at Parser.parseMaybeUnary [as parseMaybeUnaryOrPrivate] (node_modules/@babel/parser/src/parser/expression.ts:417:14)
      at Parser.parseMaybeUnaryOrPrivate [as parseExprOps] (node_modules/@babel/parser/src/parser/expression.ts:429:23)
      at Parser.parseExprOps [as parseMaybeConditional] (node_modules/@babel/parser/src/parser/expression.ts:384:23)
      at Parser.parseMaybeConditional [as parseMaybeAssign] (node_modules/@babel/parser/src/parser/expression.ts:301:21)
      at Parser.parseMaybeAssign [as parseExpressionBase] (node_modules/@babel/parser/src/parser/expression.ts:226:23)
      at parseExpressionBase (node_modules/@babel/parser/src/parser/expression.ts:217:39)
      at Parser.callback [as allowInAnd] (node_modules/@babel/parser/src/parser/expression.ts:3197:16)
      at Parser.allowInAnd [as parseExpression] (node_modules/@babel/parser/src/parser/expression.ts:217:17)
      at Parser.parseExpression [as parseStatementContent] (node_modules/@babel/parser/src/parser/statement.ts:688:23)
      at Parser.parseStatementContent [as parseStatementLike] (node_modules/@babel/parser/src/parser/statement.ts:482:17)
      at Parser.parseStatementLike [as parseModuleItem] (node_modules/@babel/parser/src/parser/statement.ts:419:17)
      at Parser.parseModuleItem [as parseBlockOrModuleBlockBody] (node_modules/@babel/parser/src/parser/statement.ts:1443:16)
      at Parser.parseBlockOrModuleBlockBody [as parseBlockBody] (node_modules/@babel/parser/src/parser/statement.ts:1417:10)
      at Parser.parseBlockBody [as parseProgram] (node_modules/@babel/parser/src/parser/statement.ts:229:10)
      at Parser.parseProgram [as parseTopLevel] (node_modules/@babel/parser/src/parser/statement.ts:203:25)

FAIL tests/Inventory.test.js
  ● Test suite failed to run

    Jest encountered an unexpected token

    Jest failed to parse a file. This happens e.g. when your code or its dependencies use non-standard JavaScript syntax, or when Jest is not configured to support such syntax.

    Out of the box Jest supports Babel, which will be used to transform your files into valid JS based on your Babel configuration.

    By default "node_modules" folder is ignored by transformers.

    Here's what you can do:
     • If you are trying to use ECMAScript Modules, see https://jestjs.io/docs/ecmascript-modules for how to enable it.
     • If you are trying to use TypeScript, see https://jestjs.io/docs/getting-started#using-typescript
     • To have some of your "node_modules" files transformed, you can specify a custom "transformIgnorePatterns" in your config.
     • If you need a custom transformation, specify a "transform" option in your config.
     • If you simply want to mock your non-JS modules (e.g. binary assets) you can stub them out with the "moduleNameMapper" config option.

    You'll find more details and examples of these config options in the docs:
    https://jestjs.io/docs/configuration
    For information about custom transformations, see:
    https://jestjs.io/docs/code-transformation

    Details:

    SyntaxError: /workspaces/Nadagotchi/js/Nadagotchi.js: Unexpected token (32:0)

      30 |      */
      31 |     constructor(initialArchetype, loadedData = null) {
    > 32 | <<<<<<< HEAD
         | ^
      33 |         /** @type {boolean} Indicates if the asynchronous initialization is complete. */
      34 |         this.isInitialized = false;
      35 |

      1 |
    > 2 | import { Nadagotchi } from '../js/Nadagotchi.js';
        | ^
      3 | import { Config } from '../js/Config.js';
      4 |
      5 | // Mock ItemData.js

      at constructor (node_modules/@babel/parser/src/parse-error.ts:95:45)
      at Parser.toParseError [as raise] (node_modules/@babel/parser/src/tokenizer/index.ts:1507:19)
      at Parser.raise [as unexpected] (node_modules/@babel/parser/src/tokenizer/index.ts:1547:16)
      at Parser.unexpected [as parseExprAtom] (node_modules/@babel/parser/src/parser/expression.ts:1355:22)
      at Parser.parseExprAtom [as parseExprSubscripts] (node_modules/@babel/parser/src/parser/expression.ts:742:23)
      at Parser.parseExprSubscripts [as parseUpdate] (node_modules/@babel/parser/src/parser/expression.ts:721:21)
      at Parser.parseUpdate [as parseMaybeUnary] (node_modules/@babel/parser/src/parser/expression.ts:683:23)
      at Parser.parseMaybeUnary [as parseMaybeUnaryOrPrivate] (node_modules/@babel/parser/src/parser/expression.ts:417:14)
      at Parser.parseMaybeUnaryOrPrivate [as parseExprOps] (node_modules/@babel/parser/src/parser/expression.ts:429:23)
      at Parser.parseExprOps [as parseMaybeConditional] (node_modules/@babel/parser/src/parser/expression.ts:384:23)
      at Parser.parseMaybeConditional [as parseMaybeAssign] (node_modules/@babel/parser/src/parser/expression.ts:301:21)
      at Parser.parseMaybeAssign [as parseExpressionBase] (node_modules/@babel/parser/src/parser/expression.ts:226:23)
      at parseExpressionBase (node_modules/@babel/parser/src/parser/expression.ts:217:39)
      at Parser.callback [as allowInAnd] (node_modules/@babel/parser/src/parser/expression.ts:3197:16)
      at Parser.allowInAnd [as parseExpression] (node_modules/@babel/parser/src/parser/expression.ts:217:17)
      at Parser.parseExpression [as parseStatementContent] (node_modules/@babel/parser/src/parser/statement.ts:688:23)
      at Parser.parseStatementContent [as parseStatementLike] (node_modules/@babel/parser/src/parser/statement.ts:482:17)
      at Parser.parseStatementLike [as parseStatementListItem] (node_modules/@babel/parser/src/parser/statement.ts:431:17)
      at Parser.parseStatementListItem [as parseBlockOrModuleBlockBody] (node_modules/@babel/parser/src/parser/statement.ts:1444:16)
      at Parser.parseBlockOrModuleBlockBody [as parseBlockBody] (node_modules/@babel/parser/src/parser/statement.ts:1417:10)
      at Parser.parseBlockBody [as parseBlock] (node_modules/@babel/parser/src/parser/statement.ts:1385:10)
      at Parser.parseBlock [as parseFunctionBody] (node_modules/@babel/parser/src/parser/expression.ts:2626:24)
      at Parser.parseFunctionBody [as parseFunctionBodyAndFinish] (node_modules/@babel/parser/src/parser/expression.ts:2595:10)
      at Parser.parseFunctionBodyAndFinish [as parseMethod] (node_modules/@babel/parser/src/parser/expression.ts:2492:31)
      at Parser.parseMethod [as pushClassMethod] (node_modules/@babel/parser/src/parser/statement.ts:2244:12)
      at Parser.pushClassMethod [as parseClassMemberWithIsStatic] (node_modules/@babel/parser/src/parser/statement.ts:2023:12)
      at Parser.parseClassMemberWithIsStatic [as parseClassMember] (node_modules/@babel/parser/src/parser/statement.ts:1938:10)
      at parseClassMember (node_modules/@babel/parser/src/parser/statement.ts:1851:14)
      at Parser.callback [as withSmartMixTopicForbiddingContext] (node_modules/@babel/parser/src/parser/expression.ts:3176:14)
      at Parser.withSmartMixTopicForbiddingContext [as parseClassBody] (node_modules/@babel/parser/src/parser/statement.ts:1823:10)
      at Parser.parseClassBody [as parseClass] (node_modules/@babel/parser/src/parser/statement.ts:1774:22)
      at Parser.parseClass [as parseExportDeclaration] (node_modules/@babel/parser/src/parser/statement.ts:2628:25)
      at Parser.parseExportDeclaration [as maybeParseExportDeclaration] (node_modules/@babel/parser/src/parser/statement.ts:2551:31)
      at Parser.maybeParseExportDeclaration [as parseExport] (node_modules/@babel/parser/src/parser/statement.ts:2432:29)
      at Parser.parseExport [as parseStatementContent] (node_modules/@babel/parser/src/parser/statement.ts:649:25)
      at Parser.parseStatementContent [as parseStatementLike] (node_modules/@babel/parser/src/parser/statement.ts:482:17)
      at Parser.parseStatementLike [as parseModuleItem] (node_modules/@babel/parser/src/parser/statement.ts:419:17)
      at Parser.parseModuleItem [as parseBlockOrModuleBlockBody] (node_modules/@babel/parser/src/parser/statement.ts:1443:16)
      at Parser.parseBlockOrModuleBlockBody [as parseBlockBody] (node_modules/@babel/parser/src/parser/statement.ts:1417:10)
      at Parser.parseBlockBody [as parseProgram] (node_modules/@babel/parser/src/parser/statement.ts:229:10)
      at Parser.parseProgram [as parseTopLevel] (node_modules/@babel/parser/src/parser/statement.ts:203:25)
      at Parser.parseTopLevel [as parse] (node_modules/@babel/parser/src/parser/index.ts:88:25)
      at parse (node_modules/@babel/parser/src/index.ts:86:38)
      at parser (node_modules/@babel/core/src/parser/index.ts:29:19)
          at parser.next (<anonymous>)
      at normalizeFile (node_modules/@babel/core/src/transformation/normalize-file.ts:50:24)
          at normalizeFile.next (<anonymous>)
      at run (node_modules/@babel/core/src/transformation/index.ts:41:36)
          at run.next (<anonymous>)
      at transform (node_modules/@babel/core/src/transform.ts:29:20)
          at transform.next (<anonymous>)
      at evaluateSync (node_modules/gensync/index.js:251:28)
      at sync (node_modules/gensync/index.js:89:14)
      at fn (node_modules/@babel/core/src/errors/rewrite-stack-trace.ts:99:14)
      at transformSync (node_modules/@babel/core/src/transform.ts:66:52)
      at ScriptTransformer.transformSource (node_modules/@jest/transform/build/index.js:422:31)
      at ScriptTransformer._transformAndBuildScript (node_modules/@jest/transform/build/index.js:519:40)
      at ScriptTransformer.transform (node_modules/@jest/transform/build/index.js:558:19)
      at Object.require (tests/Inventory.test.js:2:1)

FAIL tests/DayCycle.test.js
  ● Test suite failed to run

    Jest encountered an unexpected token

    Jest failed to parse a file. This happens e.g. when your code or its dependencies use non-standard JavaScript syntax, or when Jest is not configured to support such syntax.

    Out of the box Jest supports Babel, which will be used to transform your files into valid JS based on your Babel configuration.

    By default "node_modules" folder is ignored by transformers.

    Here's what you can do:
     • If you are trying to use ECMAScript Modules, see https://jestjs.io/docs/ecmascript-modules for how to enable it.
     • If you are trying to use TypeScript, see https://jestjs.io/docs/getting-started#using-typescript
     • To have some of your "node_modules" files transformed, you can specify a custom "transformIgnorePatterns" in your config.
     • If you need a custom transformation, specify a "transform" option in your config.
     • If you simply want to mock your non-JS modules (e.g. binary assets) you can stub them out with the "moduleNameMapper" config option.

    You'll find more details and examples of these config options in the docs:
    https://jestjs.io/docs/configuration
    For information about custom transformations, see:
    https://jestjs.io/docs/code-transformation

    Details:

    SyntaxError: /workspaces/Nadagotchi/js/Nadagotchi.js: Unexpected token (32:0)

      30 |      */
      31 |     constructor(initialArchetype, loadedData = null) {
    > 32 | <<<<<<< HEAD
         | ^
      33 |         /** @type {boolean} Indicates if the asynchronous initialization is complete. */
      34 |         this.isInitialized = false;
      35 |

      1 |
      2 | import { jest } from '@jest/globals';
    > 3 | import { Nadagotchi } from '../js/Nadagotchi';
        | ^
      4 | import { Calendar } from '../js/Calendar';
      5 | import { WorldClock } from '../js/WorldClock';
      6 | import { EventManager } from '../js/EventManager';

      at constructor (node_modules/@babel/parser/src/parse-error.ts:95:45)
      at Parser.toParseError [as raise] (node_modules/@babel/parser/src/tokenizer/index.ts:1507:19)
      at Parser.raise [as unexpected] (node_modules/@babel/parser/src/tokenizer/index.ts:1547:16)
      at Parser.unexpected [as parseExprAtom] (node_modules/@babel/parser/src/parser/expression.ts:1355:22)
      at Parser.parseExprAtom [as parseExprSubscripts] (node_modules/@babel/parser/src/parser/expression.ts:742:23)
      at Parser.parseExprSubscripts [as parseUpdate] (node_modules/@babel/parser/src/parser/expression.ts:721:21)
      at Parser.parseUpdate [as parseMaybeUnary] (node_modules/@babel/parser/src/parser/expression.ts:683:23)
      at Parser.parseMaybeUnary [as parseMaybeUnaryOrPrivate] (node_modules/@babel/parser/src/parser/expression.ts:417:14)
      at Parser.parseMaybeUnaryOrPrivate [as parseExprOps] (node_modules/@babel/parser/src/parser/expression.ts:429:23)
      at Parser.parseExprOps [as parseMaybeConditional] (node_modules/@babel/parser/src/parser/expression.ts:384:23)
      at Parser.parseMaybeConditional [as parseMaybeAssign] (node_modules/@babel/parser/src/parser/expression.ts:301:21)
      at Parser.parseMaybeAssign [as parseExpressionBase] (node_modules/@babel/parser/src/parser/expression.ts:226:23)
      at parseExpressionBase (node_modules/@babel/parser/src/parser/expression.ts:217:39)
      at Parser.callback [as allowInAnd] (node_modules/@babel/parser/src/parser/expression.ts:3197:16)
      at Parser.allowInAnd [as parseExpression] (node_modules/@babel/parser/src/parser/expression.ts:217:17)
      at Parser.parseExpression [as parseStatementContent] (node_modules/@babel/parser/src/parser/statement.ts:688:23)
      at Parser.parseStatementContent [as parseStatementLike] (node_modules/@babel/parser/src/parser/statement.ts:482:17)
      at Parser.parseStatementLike [as parseStatementListItem] (node_modules/@babel/parser/src/parser/statement.ts:431:17)
      at Parser.parseStatementListItem [as parseBlockOrModuleBlockBody] (node_modules/@babel/parser/src/parser/statement.ts:1444:16)
      at Parser.parseBlockOrModuleBlockBody [as parseBlockBody] (node_modules/@babel/parser/src/parser/statement.ts:1417:10)
      at Parser.parseBlockBody [as parseBlock] (node_modules/@babel/parser/src/parser/statement.ts:1385:10)
      at Parser.parseBlock [as parseFunctionBody] (node_modules/@babel/parser/src/parser/expression.ts:2626:24)
      at Parser.parseFunctionBody [as parseFunctionBodyAndFinish] (node_modules/@babel/parser/src/parser/expression.ts:2595:10)
      at Parser.parseFunctionBodyAndFinish [as parseMethod] (node_modules/@babel/parser/src/parser/expression.ts:2492:31)
      at Parser.parseMethod [as pushClassMethod] (node_modules/@babel/parser/src/parser/statement.ts:2244:12)
      at Parser.pushClassMethod [as parseClassMemberWithIsStatic] (node_modules/@babel/parser/src/parser/statement.ts:2023:12)
      at Parser.parseClassMemberWithIsStatic [as parseClassMember] (node_modules/@babel/parser/src/parser/statement.ts:1938:10)
      at parseClassMember (node_modules/@babel/parser/src/parser/statement.ts:1851:14)
      at Parser.callback [as withSmartMixTopicForbiddingContext] (node_modules/@babel/parser/src/parser/expression.ts:3176:14)
      at Parser.withSmartMixTopicForbiddingContext [as parseClassBody] (node_modules/@babel/parser/src/parser/statement.ts:1823:10)
      at Parser.parseClassBody [as parseClass] (node_modules/@babel/parser/src/parser/statement.ts:1774:22)
      at Parser.parseClass [as parseExportDeclaration] (node_modules/@babel/parser/src/parser/statement.ts:2628:25)
      at Parser.parseExportDeclaration [as maybeParseExportDeclaration] (node_modules/@babel/parser/src/parser/statement.ts:2551:31)
      at Parser.maybeParseExportDeclaration [as parseExport] (node_modules/@babel/parser/src/parser/statement.ts:2432:29)
      at Parser.parseExport [as parseStatementContent] (node_modules/@babel/parser/src/parser/statement.ts:649:25)
      at Parser.parseStatementContent [as parseStatementLike] (node_modules/@babel/parser/src/parser/statement.ts:482:17)
      at Parser.parseStatementLike [as parseModuleItem] (node_modules/@babel/parser/src/parser/statement.ts:419:17)
      at Parser.parseModuleItem [as parseBlockOrModuleBlockBody] (node_modules/@babel/parser/src/parser/statement.ts:1443:16)
      at Parser.parseBlockOrModuleBlockBody [as parseBlockBody] (node_modules/@babel/parser/src/parser/statement.ts:1417:10)
      at Parser.parseBlockBody [as parseProgram] (node_modules/@babel/parser/src/parser/statement.ts:229:10)
      at Parser.parseProgram [as parseTopLevel] (node_modules/@babel/parser/src/parser/statement.ts:203:25)
      at Parser.parseTopLevel [as parse] (node_modules/@babel/parser/src/parser/index.ts:88:25)
      at parse (node_modules/@babel/parser/src/index.ts:86:38)
      at parser (node_modules/@babel/core/src/parser/index.ts:29:19)
          at parser.next (<anonymous>)
      at normalizeFile (node_modules/@babel/core/src/transformation/normalize-file.ts:50:24)
          at normalizeFile.next (<anonymous>)
      at run (node_modules/@babel/core/src/transformation/index.ts:41:36)
          at run.next (<anonymous>)
      at transform (node_modules/@babel/core/src/transform.ts:29:20)
          at transform.next (<anonymous>)
      at evaluateSync (node_modules/gensync/index.js:251:28)
      at sync (node_modules/gensync/index.js:89:14)
      at fn (node_modules/@babel/core/src/errors/rewrite-stack-trace.ts:99:14)
      at transformSync (node_modules/@babel/core/src/transform.ts:66:52)
      at ScriptTransformer.transformSource (node_modules/@jest/transform/build/index.js:422:31)
      at ScriptTransformer._transformAndBuildScript (node_modules/@jest/transform/build/index.js:519:40)
      at ScriptTransformer.transform (node_modules/@jest/transform/build/index.js:558:19)
      at Object.require (tests/DayCycle.test.js:3:1)

FAIL tests/Performance_UpdateStats.test.js
  ● Test suite failed to run

    Jest encountered an unexpected token

    Jest failed to parse a file. This happens e.g. when your code or its dependencies use non-standard JavaScript syntax, or when Jest is not configured to support such syntax.

    Out of the box Jest supports Babel, which will be used to transform your files into valid JS based on your Babel configuration.

    By default "node_modules" folder is ignored by transformers.

    Here's what you can do:
     • If you are trying to use ECMAScript Modules, see https://jestjs.io/docs/ecmascript-modules for how to enable it.
     • If you are trying to use TypeScript, see https://jestjs.io/docs/getting-started#using-typescript
     • To have some of your "node_modules" files transformed, you can specify a custom "transformIgnorePatterns" in your config.
     • If you need a custom transformation, specify a "transform" option in your config.
     • If you simply want to mock your non-JS modules (e.g. binary assets) you can stub them out with the "moduleNameMapper" config option.

    You'll find more details and examples of these config options in the docs:
    https://jestjs.io/docs/configuration
    For information about custom transformations, see:
    https://jestjs.io/docs/code-transformation

    Details:

    SyntaxError: /workspaces/Nadagotchi/tests/helpers/mockPhaser.js: Unexpected token (1:0)

    > 1 | <<<<<<< HEAD
        | ^
      2 | =======
      3 |
      4 | >>>>>>> 74fdaab (Update js/DebugConsole.js)

      1 |
      2 | // tests/Performance_UpdateStats.test.js
    > 3 | import { setupPhaserMock, createMockAdd, mockGameObject } from './helpers/mockPhaser';
        | ^
      4 |
      5 | // 1. Setup Phaser Mock
      6 | setupPhaserMock();

      at constructor (node_modules/@babel/parser/src/parse-error.ts:95:45)
      at Parser.toParseError [as raise] (node_modules/@babel/parser/src/tokenizer/index.ts:1507:19)
      at Parser.raise [as unexpected] (node_modules/@babel/parser/src/tokenizer/index.ts:1547:16)
      at Parser.unexpected [as parseExprAtom] (node_modules/@babel/parser/src/parser/expression.ts:1355:22)
      at Parser.parseExprAtom [as parseExprSubscripts] (node_modules/@babel/parser/src/parser/expression.ts:742:23)
      at Parser.parseExprSubscripts [as parseUpdate] (node_modules/@babel/parser/src/parser/expression.ts:721:21)
      at Parser.parseUpdate [as parseMaybeUnary] (node_modules/@babel/parser/src/parser/expression.ts:683:23)
      at Parser.parseMaybeUnary [as parseMaybeUnaryOrPrivate] (node_modules/@babel/parser/src/parser/expression.ts:417:14)
      at Parser.parseMaybeUnaryOrPrivate [as parseExprOps] (node_modules/@babel/parser/src/parser/expression.ts:429:23)
      at Parser.parseExprOps [as parseMaybeConditional] (node_modules/@babel/parser/src/parser/expression.ts:384:23)
      at Parser.parseMaybeConditional [as parseMaybeAssign] (node_modules/@babel/parser/src/parser/expression.ts:301:21)
      at Parser.parseMaybeAssign [as parseExpressionBase] (node_modules/@babel/parser/src/parser/expression.ts:226:23)
      at parseExpressionBase (node_modules/@babel/parser/src/parser/expression.ts:217:39)
      at Parser.callback [as allowInAnd] (node_modules/@babel/parser/src/parser/expression.ts:3197:16)
      at Parser.allowInAnd [as parseExpression] (node_modules/@babel/parser/src/parser/expression.ts:217:17)
      at Parser.parseExpression [as parseStatementContent] (node_modules/@babel/parser/src/parser/statement.ts:688:23)
      at Parser.parseStatementContent [as parseStatementLike] (node_modules/@babel/parser/src/parser/statement.ts:482:17)
      at Parser.parseStatementLike [as parseModuleItem] (node_modules/@babel/parser/src/parser/statement.ts:419:17)
      at Parser.parseModuleItem [as parseBlockOrModuleBlockBody] (node_modules/@babel/parser/src/parser/statement.ts:1443:16)
      at Parser.parseBlockOrModuleBlockBody [as parseBlockBody] (node_modules/@babel/parser/src/parser/statement.ts:1417:10)
      at Parser.parseBlockBody [as parseProgram] (node_modules/@babel/parser/src/parser/statement.ts:229:10)
      at Parser.parseProgram [as parseTopLevel] (node_modules/@babel/parser/src/parser/statement.ts:203:25)
      at Parser.parseTopLevel [as parse] (node_modules/@babel/parser/src/parser/index.ts:88:25)
      at parse (node_modules/@babel/parser/src/index.ts:86:38)
      at parser (node_modules/@babel/core/src/parser/index.ts:29:19)
          at parser.next (<anonymous>)
      at normalizeFile (node_modules/@babel/core/src/transformation/normalize-file.ts:50:24)
          at normalizeFile.next (<anonymous>)
      at run (node_modules/@babel/core/src/transformation/index.ts:41:36)
          at run.next (<anonymous>)
      at transform (node_modules/@babel/core/src/transform.ts:29:20)
          at transform.next (<anonymous>)
      at evaluateSync (node_modules/gensync/index.js:251:28)
      at sync (node_modules/gensync/index.js:89:14)
      at fn (node_modules/@babel/core/src/errors/rewrite-stack-trace.ts:99:14)
      at transformSync (node_modules/@babel/core/src/transform.ts:66:52)
      at ScriptTransformer.transformSource (node_modules/@jest/transform/build/index.js:422:31)
      at ScriptTransformer._transformAndBuildScript (node_modules/@jest/transform/build/index.js:519:40)
      at ScriptTransformer.transform (node_modules/@jest/transform/build/index.js:558:19)
      at Object.require (tests/Performance_UpdateStats.test.js:3:1)

FAIL tests/LogicPuzzleScene.test.js
  ● Test suite failed to run

    Jest encountered an unexpected token

    Jest failed to parse a file. This happens e.g. when your code or its dependencies use non-standard JavaScript syntax, or when Jest is not configured to support such syntax.

    Out of the box Jest supports Babel, which will be used to transform your files into valid JS based on your Babel configuration.

    By default "node_modules" folder is ignored by transformers.

    Here's what you can do:
     • If you are trying to use ECMAScript Modules, see https://jestjs.io/docs/ecmascript-modules for how to enable it.
     • If you are trying to use TypeScript, see https://jestjs.io/docs/getting-started#using-typescript
     • To have some of your "node_modules" files transformed, you can specify a custom "transformIgnorePatterns" in your config.
     • If you need a custom transformation, specify a "transform" option in your config.
     • If you simply want to mock your non-JS modules (e.g. binary assets) you can stub them out with the "moduleNameMapper" config option.

    You'll find more details and examples of these config options in the docs:
    https://jestjs.io/docs/configuration
    For information about custom transformations, see:
    https://jestjs.io/docs/code-transformation

    Details:

    SyntaxError: /workspaces/Nadagotchi/js/LogicPuzzleScene.js: Unexpected token (2:0)

      1 | import { EventKeys } from './EventKeys.js';
    > 2 | <<<<<<< HEAD
        | ^
      3 | import { Config } from './Config.js';
      4 | =======
      5 | >>>>>>> 74fdaab (Update js/DebugConsole.js)

      33 | };
      34 |
    > 35 | const { LogicPuzzleScene } = require('../js/LogicPuzzleScene');
         |                              ^
      36 |
      37 | // Re-use helper
      38 | const createMockRectangle = () => {

      at constructor (node_modules/@babel/parser/src/parse-error.ts:95:45)
      at Parser.toParseError [as raise] (node_modules/@babel/parser/src/tokenizer/index.ts:1507:19)
      at Parser.raise [as unexpected] (node_modules/@babel/parser/src/tokenizer/index.ts:1547:16)
      at Parser.unexpected [as parseExprAtom] (node_modules/@babel/parser/src/parser/expression.ts:1355:22)
      at Parser.parseExprAtom [as parseExprSubscripts] (node_modules/@babel/parser/src/parser/expression.ts:742:23)
      at Parser.parseExprSubscripts [as parseUpdate] (node_modules/@babel/parser/src/parser/expression.ts:721:21)
      at Parser.parseUpdate [as parseMaybeUnary] (node_modules/@babel/parser/src/parser/expression.ts:683:23)
      at Parser.parseMaybeUnary [as parseMaybeUnaryOrPrivate] (node_modules/@babel/parser/src/parser/expression.ts:417:14)
      at Parser.parseMaybeUnaryOrPrivate [as parseExprOps] (node_modules/@babel/parser/src/parser/expression.ts:429:23)
      at Parser.parseExprOps [as parseMaybeConditional] (node_modules/@babel/parser/src/parser/expression.ts:384:23)
      at Parser.parseMaybeConditional [as parseMaybeAssign] (node_modules/@babel/parser/src/parser/expression.ts:301:21)
      at Parser.parseMaybeAssign [as parseExpressionBase] (node_modules/@babel/parser/src/parser/expression.ts:226:23)
      at parseExpressionBase (node_modules/@babel/parser/src/parser/expression.ts:217:39)
      at Parser.callback [as allowInAnd] (node_modules/@babel/parser/src/parser/expression.ts:3197:16)
      at Parser.allowInAnd [as parseExpression] (node_modules/@babel/parser/src/parser/expression.ts:217:17)
      at Parser.parseExpression [as parseStatementContent] (node_modules/@babel/parser/src/parser/statement.ts:688:23)
      at Parser.parseStatementContent [as parseStatementLike] (node_modules/@babel/parser/src/parser/statement.ts:482:17)
      at Parser.parseStatementLike [as parseModuleItem] (node_modules/@babel/parser/src/parser/statement.ts:419:17)
      at Parser.parseModuleItem [as parseBlockOrModuleBlockBody] (node_modules/@babel/parser/src/parser/statement.ts:1443:16)
      at Parser.parseBlockOrModuleBlockBody [as parseBlockBody] (node_modules/@babel/parser/src/parser/statement.ts:1417:10)
      at Parser.parseBlockBody [as parseProgram] (node_modules/@babel/parser/src/parser/statement.ts:229:10)
      at Parser.parseProgram [as parseTopLevel] (node_modules/@babel/parser/src/parser/statement.ts:203:25)
      at Parser.parseTopLevel [as parse] (node_modules/@babel/parser/src/parser/index.ts:88:25)
      at parse (node_modules/@babel/parser/src/index.ts:86:38)
      at parser (node_modules/@babel/core/src/parser/index.ts:29:19)
          at parser.next (<anonymous>)
      at normalizeFile (node_modules/@babel/core/src/transformation/normalize-file.ts:50:24)
          at normalizeFile.next (<anonymous>)
      at run (node_modules/@babel/core/src/transformation/index.ts:41:36)
          at run.next (<anonymous>)
      at transform (node_modules/@babel/core/src/transform.ts:29:20)
          at transform.next (<anonymous>)
      at evaluateSync (node_modules/gensync/index.js:251:28)
      at sync (node_modules/gensync/index.js:89:14)
      at fn (node_modules/@babel/core/src/errors/rewrite-stack-trace.ts:99:14)
      at transformSync (node_modules/@babel/core/src/transform.ts:66:52)
      at ScriptTransformer.transformSource (node_modules/@jest/transform/build/index.js:422:31)
      at ScriptTransformer._transformAndBuildScript (node_modules/@jest/transform/build/index.js:519:40)
      at ScriptTransformer.transform (node_modules/@jest/transform/build/index.js:558:19)
      at Object.require (tests/LogicPuzzleScene.test.js:35:30)

FAIL tests/CareerAndQuests.test.js
  ● Test suite failed to run

    Jest encountered an unexpected token

    Jest failed to parse a file. This happens e.g. when your code or its dependencies use non-standard JavaScript syntax, or when Jest is not configured to support such syntax.

    Out of the box Jest supports Babel, which will be used to transform your files into valid JS based on your Babel configuration.

    By default "node_modules" folder is ignored by transformers.

    Here's what you can do:
     • If you are trying to use ECMAScript Modules, see https://jestjs.io/docs/ecmascript-modules for how to enable it.
     • If you are trying to use TypeScript, see https://jestjs.io/docs/getting-started#using-typescript
     • To have some of your "node_modules" files transformed, you can specify a custom "transformIgnorePatterns" in your config.
     • If you need a custom transformation, specify a "transform" option in your config.
     • If you simply want to mock your non-JS modules (e.g. binary assets) you can stub them out with the "moduleNameMapper" config option.

    You'll find more details and examples of these config options in the docs:
    https://jestjs.io/docs/configuration
    For information about custom transformations, see:
    https://jestjs.io/docs/code-transformation

    Details:

    SyntaxError: /workspaces/Nadagotchi/js/Nadagotchi.js: Unexpected token (32:0)

      30 |      */
      31 |     constructor(initialArchetype, loadedData = null) {
    > 32 | <<<<<<< HEAD
         | ^
      33 |         /** @type {boolean} Indicates if the asynchronous initialization is complete. */
      34 |         this.isInitialized = false;
      35 |

      33 | };
      34 |
    > 35 | const { Nadagotchi } = require('../js/Nadagotchi.js');
         |                        ^
      36 | const { QuestSystem } = require('../js/systems/QuestSystem.js');
      37 |
      38 | describe('Career and Quest Integration', () => {

      at constructor (node_modules/@babel/parser/src/parse-error.ts:95:45)
      at Parser.toParseError [as raise] (node_modules/@babel/parser/src/tokenizer/index.ts:1507:19)
      at Parser.raise [as unexpected] (node_modules/@babel/parser/src/tokenizer/index.ts:1547:16)
      at Parser.unexpected [as parseExprAtom] (node_modules/@babel/parser/src/parser/expression.ts:1355:22)
      at Parser.parseExprAtom [as parseExprSubscripts] (node_modules/@babel/parser/src/parser/expression.ts:742:23)
      at Parser.parseExprSubscripts [as parseUpdate] (node_modules/@babel/parser/src/parser/expression.ts:721:21)
      at Parser.parseUpdate [as parseMaybeUnary] (node_modules/@babel/parser/src/parser/expression.ts:683:23)
      at Parser.parseMaybeUnary [as parseMaybeUnaryOrPrivate] (node_modules/@babel/parser/src/parser/expression.ts:417:14)
      at Parser.parseMaybeUnaryOrPrivate [as parseExprOps] (node_modules/@babel/parser/src/parser/expression.ts:429:23)
      at Parser.parseExprOps [as parseMaybeConditional] (node_modules/@babel/parser/src/parser/expression.ts:384:23)
      at Parser.parseMaybeConditional [as parseMaybeAssign] (node_modules/@babel/parser/src/parser/expression.ts:301:21)
      at Parser.parseMaybeAssign [as parseExpressionBase] (node_modules/@babel/parser/src/parser/expression.ts:226:23)
      at parseExpressionBase (node_modules/@babel/parser/src/parser/expression.ts:217:39)
      at Parser.callback [as allowInAnd] (node_modules/@babel/parser/src/parser/expression.ts:3197:16)
      at Parser.allowInAnd [as parseExpression] (node_modules/@babel/parser/src/parser/expression.ts:217:17)
      at Parser.parseExpression [as parseStatementContent] (node_modules/@babel/parser/src/parser/statement.ts:688:23)
      at Parser.parseStatementContent [as parseStatementLike] (node_modules/@babel/parser/src/parser/statement.ts:482:17)
      at Parser.parseStatementLike [as parseStatementListItem] (node_modules/@babel/parser/src/parser/statement.ts:431:17)
      at Parser.parseStatementListItem [as parseBlockOrModuleBlockBody] (node_modules/@babel/parser/src/parser/statement.ts:1444:16)
      at Parser.parseBlockOrModuleBlockBody [as parseBlockBody] (node_modules/@babel/parser/src/parser/statement.ts:1417:10)
      at Parser.parseBlockBody [as parseBlock] (node_modules/@babel/parser/src/parser/statement.ts:1385:10)
      at Parser.parseBlock [as parseFunctionBody] (node_modules/@babel/parser/src/parser/expression.ts:2626:24)
      at Parser.parseFunctionBody [as parseFunctionBodyAndFinish] (node_modules/@babel/parser/src/parser/expression.ts:2595:10)
      at Parser.parseFunctionBodyAndFinish [as parseMethod] (node_modules/@babel/parser/src/parser/expression.ts:2492:31)
      at Parser.parseMethod [as pushClassMethod] (node_modules/@babel/parser/src/parser/statement.ts:2244:12)
      at Parser.pushClassMethod [as parseClassMemberWithIsStatic] (node_modules/@babel/parser/src/parser/statement.ts:2023:12)
      at Parser.parseClassMemberWithIsStatic [as parseClassMember] (node_modules/@babel/parser/src/parser/statement.ts:1938:10)
      at parseClassMember (node_modules/@babel/parser/src/parser/statement.ts:1851:14)
      at Parser.callback [as withSmartMixTopicForbiddingContext] (node_modules/@babel/parser/src/parser/expression.ts:3176:14)
      at Parser.withSmartMixTopicForbiddingContext [as parseClassBody] (node_modules/@babel/parser/src/parser/statement.ts:1823:10)
      at Parser.parseClassBody [as parseClass] (node_modules/@babel/parser/src/parser/statement.ts:1774:22)
      at Parser.parseClass [as parseExportDeclaration] (node_modules/@babel/parser/src/parser/statement.ts:2628:25)
      at Parser.parseExportDeclaration [as maybeParseExportDeclaration] (node_modules/@babel/parser/src/parser/statement.ts:2551:31)
      at Parser.maybeParseExportDeclaration [as parseExport] (node_modules/@babel/parser/src/parser/statement.ts:2432:29)
      at Parser.parseExport [as parseStatementContent] (node_modules/@babel/parser/src/parser/statement.ts:649:25)
      at Parser.parseStatementContent [as parseStatementLike] (node_modules/@babel/parser/src/parser/statement.ts:482:17)
      at Parser.parseStatementLike [as parseModuleItem] (node_modules/@babel/parser/src/parser/statement.ts:419:17)
      at Parser.parseModuleItem [as parseBlockOrModuleBlockBody] (node_modules/@babel/parser/src/parser/statement.ts:1443:16)
      at Parser.parseBlockOrModuleBlockBody [as parseBlockBody] (node_modules/@babel/parser/src/parser/statement.ts:1417:10)
      at Parser.parseBlockBody [as parseProgram] (node_modules/@babel/parser/src/parser/statement.ts:229:10)
      at Parser.parseProgram [as parseTopLevel] (node_modules/@babel/parser/src/parser/statement.ts:203:25)
      at Parser.parseTopLevel [as parse] (node_modules/@babel/parser/src/parser/index.ts:88:25)
      at parse (node_modules/@babel/parser/src/index.ts:86:38)
      at parser (node_modules/@babel/core/src/parser/index.ts:29:19)
          at parser.next (<anonymous>)
      at normalizeFile (node_modules/@babel/core/src/transformation/normalize-file.ts:50:24)
          at normalizeFile.next (<anonymous>)
      at run (node_modules/@babel/core/src/transformation/index.ts:41:36)
          at run.next (<anonymous>)
      at transform (node_modules/@babel/core/src/transform.ts:29:20)
          at transform.next (<anonymous>)
      at evaluateSync (node_modules/gensync/index.js:251:28)
      at sync (node_modules/gensync/index.js:89:14)
      at fn (node_modules/@babel/core/src/errors/rewrite-stack-trace.ts:99:14)
      at transformSync (node_modules/@babel/core/src/transform.ts:66:52)
      at ScriptTransformer.transformSource (node_modules/@jest/transform/build/index.js:422:31)
      at ScriptTransformer._transformAndBuildScript (node_modules/@jest/transform/build/index.js:519:40)
      at ScriptTransformer.transform (node_modules/@jest/transform/build/index.js:558:19)
      at Object.require (tests/CareerAndQuests.test.js:35:24)

FAIL tests/ExploitScaling.test.js
  ● Test suite failed to run

    Jest encountered an unexpected token

    Jest failed to parse a file. This happens e.g. when your code or its dependencies use non-standard JavaScript syntax, or when Jest is not configured to support such syntax.

    Out of the box Jest supports Babel, which will be used to transform your files into valid JS based on your Babel configuration.

    By default "node_modules" folder is ignored by transformers.

    Here's what you can do:
     • If you are trying to use ECMAScript Modules, see https://jestjs.io/docs/ecmascript-modules for how to enable it.
     • If you are trying to use TypeScript, see https://jestjs.io/docs/getting-started#using-typescript
     • To have some of your "node_modules" files transformed, you can specify a custom "transformIgnorePatterns" in your config.
     • If you need a custom transformation, specify a "transform" option in your config.
     • If you simply want to mock your non-JS modules (e.g. binary assets) you can stub them out with the "moduleNameMapper" config option.

    You'll find more details and examples of these config options in the docs:
    https://jestjs.io/docs/configuration
    For information about custom transformations, see:
    https://jestjs.io/docs/code-transformation

    Details:

    SyntaxError: /workspaces/Nadagotchi/js/MainScene.js: Unexpected token (66:0)

      64 |         /** @type {number} Timestamp for the next autonomous move. */
      65 |         this.nextMoveTime = 0;
    > 66 | <<<<<<< HEAD
         | ^
      67 |
      68 |         /** @type {boolean} Flag indicating if async initialization is complete. */
      69 |         this.isReady = false;

      19 | };
      20 |
    > 21 | const { MainScene } = require('../js/MainScene.js');
         |                       ^
      22 | const { Nadagotchi } = require('../js/Nadagotchi.js');
      23 |
      24 | describe('Exploit: Non-Scaling Work Rewards', () => {

      at constructor (node_modules/@babel/parser/src/parse-error.ts:95:45)
      at Parser.toParseError [as raise] (node_modules/@babel/parser/src/tokenizer/index.ts:1507:19)
      at Parser.raise [as unexpected] (node_modules/@babel/parser/src/tokenizer/index.ts:1547:16)
      at Parser.unexpected [as parseExprAtom] (node_modules/@babel/parser/src/parser/expression.ts:1355:22)
      at Parser.parseExprAtom [as parseExprSubscripts] (node_modules/@babel/parser/src/parser/expression.ts:742:23)
      at Parser.parseExprSubscripts [as parseUpdate] (node_modules/@babel/parser/src/parser/expression.ts:721:21)
      at Parser.parseUpdate [as parseMaybeUnary] (node_modules/@babel/parser/src/parser/expression.ts:683:23)
      at Parser.parseMaybeUnary [as parseMaybeUnaryOrPrivate] (node_modules/@babel/parser/src/parser/expression.ts:417:14)
      at Parser.parseMaybeUnaryOrPrivate [as parseExprOps] (node_modules/@babel/parser/src/parser/expression.ts:429:23)
      at Parser.parseExprOps [as parseMaybeConditional] (node_modules/@babel/parser/src/parser/expression.ts:384:23)
      at Parser.parseMaybeConditional [as parseMaybeAssign] (node_modules/@babel/parser/src/parser/expression.ts:301:21)
      at Parser.parseMaybeAssign [as parseExpressionBase] (node_modules/@babel/parser/src/parser/expression.ts:226:23)
      at parseExpressionBase (node_modules/@babel/parser/src/parser/expression.ts:217:39)
      at Parser.callback [as allowInAnd] (node_modules/@babel/parser/src/parser/expression.ts:3197:16)
      at Parser.allowInAnd [as parseExpression] (node_modules/@babel/parser/src/parser/expression.ts:217:17)
      at Parser.parseExpression [as parseStatementContent] (node_modules/@babel/parser/src/parser/statement.ts:688:23)
      at Parser.parseStatementContent [as parseStatementLike] (node_modules/@babel/parser/src/parser/statement.ts:482:17)
      at Parser.parseStatementLike [as parseStatementListItem] (node_modules/@babel/parser/src/parser/statement.ts:431:17)
      at Parser.parseStatementListItem [as parseBlockOrModuleBlockBody] (node_modules/@babel/parser/src/parser/statement.ts:1444:16)
      at Parser.parseBlockOrModuleBlockBody [as parseBlockBody] (node_modules/@babel/parser/src/parser/statement.ts:1417:10)
      at Parser.parseBlockBody [as parseBlock] (node_modules/@babel/parser/src/parser/statement.ts:1385:10)
      at Parser.parseBlock [as parseFunctionBody] (node_modules/@babel/parser/src/parser/expression.ts:2626:24)
      at Parser.parseFunctionBody [as parseFunctionBodyAndFinish] (node_modules/@babel/parser/src/parser/expression.ts:2595:10)
      at Parser.parseFunctionBodyAndFinish [as parseMethod] (node_modules/@babel/parser/src/parser/expression.ts:2492:31)
      at Parser.parseMethod [as pushClassMethod] (node_modules/@babel/parser/src/parser/statement.ts:2244:12)
      at Parser.pushClassMethod [as parseClassMemberWithIsStatic] (node_modules/@babel/parser/src/parser/statement.ts:2023:12)
      at Parser.parseClassMemberWithIsStatic [as parseClassMember] (node_modules/@babel/parser/src/parser/statement.ts:1938:10)
      at parseClassMember (node_modules/@babel/parser/src/parser/statement.ts:1851:14)
      at Parser.callback [as withSmartMixTopicForbiddingContext] (node_modules/@babel/parser/src/parser/expression.ts:3176:14)
      at Parser.withSmartMixTopicForbiddingContext [as parseClassBody] (node_modules/@babel/parser/src/parser/statement.ts:1823:10)
      at Parser.parseClassBody [as parseClass] (node_modules/@babel/parser/src/parser/statement.ts:1774:22)
      at Parser.parseClass [as parseExportDeclaration] (node_modules/@babel/parser/src/parser/statement.ts:2628:25)
      at Parser.parseExportDeclaration [as maybeParseExportDeclaration] (node_modules/@babel/parser/src/parser/statement.ts:2551:31)
      at Parser.maybeParseExportDeclaration [as parseExport] (node_modules/@babel/parser/src/parser/statement.ts:2432:29)
      at Parser.parseExport [as parseStatementContent] (node_modules/@babel/parser/src/parser/statement.ts:649:25)
      at Parser.parseStatementContent [as parseStatementLike] (node_modules/@babel/parser/src/parser/statement.ts:482:17)
      at Parser.parseStatementLike [as parseModuleItem] (node_modules/@babel/parser/src/parser/statement.ts:419:17)
      at Parser.parseModuleItem [as parseBlockOrModuleBlockBody] (node_modules/@babel/parser/src/parser/statement.ts:1443:16)
      at Parser.parseBlockOrModuleBlockBody [as parseBlockBody] (node_modules/@babel/parser/src/parser/statement.ts:1417:10)
      at Parser.parseBlockBody [as parseProgram] (node_modules/@babel/parser/src/parser/statement.ts:229:10)
      at Parser.parseProgram [as parseTopLevel] (node_modules/@babel/parser/src/parser/statement.ts:203:25)
      at Parser.parseTopLevel [as parse] (node_modules/@babel/parser/src/parser/index.ts:88:25)
      at parse (node_modules/@babel/parser/src/index.ts:86:38)
      at parser (node_modules/@babel/core/src/parser/index.ts:29:19)
          at parser.next (<anonymous>)
      at normalizeFile (node_modules/@babel/core/src/transformation/normalize-file.ts:50:24)
          at normalizeFile.next (<anonymous>)
      at run (node_modules/@babel/core/src/transformation/index.ts:41:36)
          at run.next (<anonymous>)
      at transform (node_modules/@babel/core/src/transform.ts:29:20)
          at transform.next (<anonymous>)
      at evaluateSync (node_modules/gensync/index.js:251:28)
      at sync (node_modules/gensync/index.js:89:14)
      at fn (node_modules/@babel/core/src/errors/rewrite-stack-trace.ts:99:14)
      at transformSync (node_modules/@babel/core/src/transform.ts:66:52)
      at ScriptTransformer.transformSource (node_modules/@jest/transform/build/index.js:422:31)
      at ScriptTransformer._transformAndBuildScript (node_modules/@jest/transform/build/index.js:519:40)
      at ScriptTransformer.transform (node_modules/@jest/transform/build/index.js:558:19)
      at Object.require (tests/ExploitScaling.test.js:21:23)

FAIL tests/performance/LightingManager.perf.test.js
  ● Test suite failed to run

    Jest encountered an unexpected token

    Jest failed to parse a file. This happens e.g. when your code or its dependencies use non-standard JavaScript syntax, or when Jest is not configured to support such syntax.

    Out of the box Jest supports Babel, which will be used to transform your files into valid JS based on your Babel configuration.

    By default "node_modules" folder is ignored by transformers.

    Here's what you can do:
     • If you are trying to use ECMAScript Modules, see https://jestjs.io/docs/ecmascript-modules for how to enable it.
     • If you are trying to use TypeScript, see https://jestjs.io/docs/getting-started#using-typescript
     • To have some of your "node_modules" files transformed, you can specify a custom "transformIgnorePatterns" in your config.
     • If you need a custom transformation, specify a "transform" option in your config.
     • If you simply want to mock your non-JS modules (e.g. binary assets) you can stub them out with the "moduleNameMapper" config option.

    You'll find more details and examples of these config options in the docs:
    https://jestjs.io/docs/configuration
    For information about custom transformations, see:
    https://jestjs.io/docs/code-transformation

    Details:

    SyntaxError: /workspaces/Nadagotchi/tests/helpers/mockPhaser.js: Unexpected token (1:0)

    > 1 | <<<<<<< HEAD
        | ^
      2 | =======
      3 |
      4 | >>>>>>> 74fdaab (Update js/DebugConsole.js)

      1 | import { jest } from '@jest/globals';
    > 2 | import { setupPhaserMock, mockGameObject } from '../helpers/mockPhaser';
        | ^
      3 |
      4 | setupPhaserMock();
      5 |

      at constructor (node_modules/@babel/parser/src/parse-error.ts:95:45)
      at Parser.toParseError [as raise] (node_modules/@babel/parser/src/tokenizer/index.ts:1507:19)
      at Parser.raise [as unexpected] (node_modules/@babel/parser/src/tokenizer/index.ts:1547:16)
      at Parser.unexpected [as parseExprAtom] (node_modules/@babel/parser/src/parser/expression.ts:1355:22)
      at Parser.parseExprAtom [as parseExprSubscripts] (node_modules/@babel/parser/src/parser/expression.ts:742:23)
      at Parser.parseExprSubscripts [as parseUpdate] (node_modules/@babel/parser/src/parser/expression.ts:721:21)
      at Parser.parseUpdate [as parseMaybeUnary] (node_modules/@babel/parser/src/parser/expression.ts:683:23)
      at Parser.parseMaybeUnary [as parseMaybeUnaryOrPrivate] (node_modules/@babel/parser/src/parser/expression.ts:417:14)
      at Parser.parseMaybeUnaryOrPrivate [as parseExprOps] (node_modules/@babel/parser/src/parser/expression.ts:429:23)
      at Parser.parseExprOps [as parseMaybeConditional] (node_modules/@babel/parser/src/parser/expression.ts:384:23)
      at Parser.parseMaybeConditional [as parseMaybeAssign] (node_modules/@babel/parser/src/parser/expression.ts:301:21)
      at Parser.parseMaybeAssign [as parseExpressionBase] (node_modules/@babel/parser/src/parser/expression.ts:226:23)
      at parseExpressionBase (node_modules/@babel/parser/src/parser/expression.ts:217:39)
      at Parser.callback [as allowInAnd] (node_modules/@babel/parser/src/parser/expression.ts:3197:16)
      at Parser.allowInAnd [as parseExpression] (node_modules/@babel/parser/src/parser/expression.ts:217:17)
      at Parser.parseExpression [as parseStatementContent] (node_modules/@babel/parser/src/parser/statement.ts:688:23)
      at Parser.parseStatementContent [as parseStatementLike] (node_modules/@babel/parser/src/parser/statement.ts:482:17)
      at Parser.parseStatementLike [as parseModuleItem] (node_modules/@babel/parser/src/parser/statement.ts:419:17)
      at Parser.parseModuleItem [as parseBlockOrModuleBlockBody] (node_modules/@babel/parser/src/parser/statement.ts:1443:16)
      at Parser.parseBlockOrModuleBlockBody [as parseBlockBody] (node_modules/@babel/parser/src/parser/statement.ts:1417:10)
      at Parser.parseBlockBody [as parseProgram] (node_modules/@babel/parser/src/parser/statement.ts:229:10)
      at Parser.parseProgram [as parseTopLevel] (node_modules/@babel/parser/src/parser/statement.ts:203:25)
      at Parser.parseTopLevel [as parse] (node_modules/@babel/parser/src/parser/index.ts:88:25)
      at parse (node_modules/@babel/parser/src/index.ts:86:38)
      at parser (node_modules/@babel/core/src/parser/index.ts:29:19)
          at parser.next (<anonymous>)
      at normalizeFile (node_modules/@babel/core/src/transformation/normalize-file.ts:50:24)
          at normalizeFile.next (<anonymous>)
      at run (node_modules/@babel/core/src/transformation/index.ts:41:36)
          at run.next (<anonymous>)
      at transform (node_modules/@babel/core/src/transform.ts:29:20)
          at transform.next (<anonymous>)
      at evaluateSync (node_modules/gensync/index.js:251:28)
      at sync (node_modules/gensync/index.js:89:14)
      at fn (node_modules/@babel/core/src/errors/rewrite-stack-trace.ts:99:14)
      at transformSync (node_modules/@babel/core/src/transform.ts:66:52)
      at ScriptTransformer.transformSource (node_modules/@jest/transform/build/index.js:422:31)
      at ScriptTransformer._transformAndBuildScript (node_modules/@jest/transform/build/index.js:519:40)
      at ScriptTransformer.transform (node_modules/@jest/transform/build/index.js:558:19)
      at Object.require (tests/performance/LightingManager.perf.test.js:2:1)

FAIL tests/SeededRNG.test.js
  ● Test suite failed to run

    Jest encountered an unexpected token

    Jest failed to parse a file. This happens e.g. when your code or its dependencies use non-standard JavaScript syntax, or when Jest is not configured to support such syntax.

    Out of the box Jest supports Babel, which will be used to transform your files into valid JS based on your Babel configuration.

    By default "node_modules" folder is ignored by transformers.

    Here's what you can do:
     • If you are trying to use ECMAScript Modules, see https://jestjs.io/docs/ecmascript-modules for how to enable it.
     • If you are trying to use TypeScript, see https://jestjs.io/docs/getting-started#using-typescript
     • To have some of your "node_modules" files transformed, you can specify a custom "transformIgnorePatterns" in your config.
     • If you need a custom transformation, specify a "transform" option in your config.
     • If you simply want to mock your non-JS modules (e.g. binary assets) you can stub them out with the "moduleNameMapper" config option.

    You'll find more details and examples of these config options in the docs:
    https://jestjs.io/docs/configuration
    For information about custom transformations, see:
    https://jestjs.io/docs/code-transformation

    Details:

    SyntaxError: /workspaces/Nadagotchi/js/Nadagotchi.js: Unexpected token (32:0)

      30 |      */
      31 |     constructor(initialArchetype, loadedData = null) {
    > 32 | <<<<<<< HEAD
         | ^
      33 |         /** @type {boolean} Indicates if the asynchronous initialization is complete. */
      34 |         this.isInitialized = false;
      35 |

      1 | import { SeededRandom } from '../js/utils/SeededRandom.js';
    > 2 | import { Nadagotchi } from '../js/Nadagotchi.js';
        | ^
      3 |
      4 | // Mock PersistenceManager
      5 | jest.mock('../js/PersistenceManager.js', () => {

      at constructor (node_modules/@babel/parser/src/parse-error.ts:95:45)
      at Parser.toParseError [as raise] (node_modules/@babel/parser/src/tokenizer/index.ts:1507:19)
      at Parser.raise [as unexpected] (node_modules/@babel/parser/src/tokenizer/index.ts:1547:16)
      at Parser.unexpected [as parseExprAtom] (node_modules/@babel/parser/src/parser/expression.ts:1355:22)
      at Parser.parseExprAtom [as parseExprSubscripts] (node_modules/@babel/parser/src/parser/expression.ts:742:23)
      at Parser.parseExprSubscripts [as parseUpdate] (node_modules/@babel/parser/src/parser/expression.ts:721:21)
      at Parser.parseUpdate [as parseMaybeUnary] (node_modules/@babel/parser/src/parser/expression.ts:683:23)
      at Parser.parseMaybeUnary [as parseMaybeUnaryOrPrivate] (node_modules/@babel/parser/src/parser/expression.ts:417:14)
      at Parser.parseMaybeUnaryOrPrivate [as parseExprOps] (node_modules/@babel/parser/src/parser/expression.ts:429:23)
      at Parser.parseExprOps [as parseMaybeConditional] (node_modules/@babel/parser/src/parser/expression.ts:384:23)
      at Parser.parseMaybeConditional [as parseMaybeAssign] (node_modules/@babel/parser/src/parser/expression.ts:301:21)
      at Parser.parseMaybeAssign [as parseExpressionBase] (node_modules/@babel/parser/src/parser/expression.ts:226:23)
      at parseExpressionBase (node_modules/@babel/parser/src/parser/expression.ts:217:39)
      at Parser.callback [as allowInAnd] (node_modules/@babel/parser/src/parser/expression.ts:3197:16)
      at Parser.allowInAnd [as parseExpression] (node_modules/@babel/parser/src/parser/expression.ts:217:17)
      at Parser.parseExpression [as parseStatementContent] (node_modules/@babel/parser/src/parser/statement.ts:688:23)
      at Parser.parseStatementContent [as parseStatementLike] (node_modules/@babel/parser/src/parser/statement.ts:482:17)
      at Parser.parseStatementLike [as parseStatementListItem] (node_modules/@babel/parser/src/parser/statement.ts:431:17)
      at Parser.parseStatementListItem [as parseBlockOrModuleBlockBody] (node_modules/@babel/parser/src/parser/statement.ts:1444:16)
      at Parser.parseBlockOrModuleBlockBody [as parseBlockBody] (node_modules/@babel/parser/src/parser/statement.ts:1417:10)
      at Parser.parseBlockBody [as parseBlock] (node_modules/@babel/parser/src/parser/statement.ts:1385:10)
      at Parser.parseBlock [as parseFunctionBody] (node_modules/@babel/parser/src/parser/expression.ts:2626:24)
      at Parser.parseFunctionBody [as parseFunctionBodyAndFinish] (node_modules/@babel/parser/src/parser/expression.ts:2595:10)
      at Parser.parseFunctionBodyAndFinish [as parseMethod] (node_modules/@babel/parser/src/parser/expression.ts:2492:31)
      at Parser.parseMethod [as pushClassMethod] (node_modules/@babel/parser/src/parser/statement.ts:2244:12)
      at Parser.pushClassMethod [as parseClassMemberWithIsStatic] (node_modules/@babel/parser/src/parser/statement.ts:2023:12)
      at Parser.parseClassMemberWithIsStatic [as parseClassMember] (node_modules/@babel/parser/src/parser/statement.ts:1938:10)
      at parseClassMember (node_modules/@babel/parser/src/parser/statement.ts:1851:14)
      at Parser.callback [as withSmartMixTopicForbiddingContext] (node_modules/@babel/parser/src/parser/expression.ts:3176:14)
      at Parser.withSmartMixTopicForbiddingContext [as parseClassBody] (node_modules/@babel/parser/src/parser/statement.ts:1823:10)
      at Parser.parseClassBody [as parseClass] (node_modules/@babel/parser/src/parser/statement.ts:1774:22)
      at Parser.parseClass [as parseExportDeclaration] (node_modules/@babel/parser/src/parser/statement.ts:2628:25)
      at Parser.parseExportDeclaration [as maybeParseExportDeclaration] (node_modules/@babel/parser/src/parser/statement.ts:2551:31)
      at Parser.maybeParseExportDeclaration [as parseExport] (node_modules/@babel/parser/src/parser/statement.ts:2432:29)
      at Parser.parseExport [as parseStatementContent] (node_modules/@babel/parser/src/parser/statement.ts:649:25)
      at Parser.parseStatementContent [as parseStatementLike] (node_modules/@babel/parser/src/parser/statement.ts:482:17)
      at Parser.parseStatementLike [as parseModuleItem] (node_modules/@babel/parser/src/parser/statement.ts:419:17)
      at Parser.parseModuleItem [as parseBlockOrModuleBlockBody] (node_modules/@babel/parser/src/parser/statement.ts:1443:16)
      at Parser.parseBlockOrModuleBlockBody [as parseBlockBody] (node_modules/@babel/parser/src/parser/statement.ts:1417:10)
      at Parser.parseBlockBody [as parseProgram] (node_modules/@babel/parser/src/parser/statement.ts:229:10)
      at Parser.parseProgram [as parseTopLevel] (node_modules/@babel/parser/src/parser/statement.ts:203:25)
      at Parser.parseTopLevel [as parse] (node_modules/@babel/parser/src/parser/index.ts:88:25)
      at parse (node_modules/@babel/parser/src/index.ts:86:38)
      at parser (node_modules/@babel/core/src/parser/index.ts:29:19)
          at parser.next (<anonymous>)
      at normalizeFile (node_modules/@babel/core/src/transformation/normalize-file.ts:50:24)
          at normalizeFile.next (<anonymous>)
      at run (node_modules/@babel/core/src/transformation/index.ts:41:36)
          at run.next (<anonymous>)
      at transform (node_modules/@babel/core/src/transform.ts:29:20)
          at transform.next (<anonymous>)
      at evaluateSync (node_modules/gensync/index.js:251:28)
      at sync (node_modules/gensync/index.js:89:14)
      at fn (node_modules/@babel/core/src/errors/rewrite-stack-trace.ts:99:14)
      at transformSync (node_modules/@babel/core/src/transform.ts:66:52)
      at ScriptTransformer.transformSource (node_modules/@jest/transform/build/index.js:422:31)
      at ScriptTransformer._transformAndBuildScript (node_modules/@jest/transform/build/index.js:519:40)
      at ScriptTransformer.transform (node_modules/@jest/transform/build/index.js:558:19)
      at Object.require (tests/SeededRNG.test.js:2:1)

FAIL tests/QuestSystem.test.js
  ● Test suite failed to run

    Jest encountered an unexpected token

    Jest failed to parse a file. This happens e.g. when your code or its dependencies use non-standard JavaScript syntax, or when Jest is not configured to support such syntax.

    Out of the box Jest supports Babel, which will be used to transform your files into valid JS based on your Babel configuration.

    By default "node_modules" folder is ignored by transformers.

    Here's what you can do:
     • If you are trying to use ECMAScript Modules, see https://jestjs.io/docs/ecmascript-modules for how to enable it.
     • If you are trying to use TypeScript, see https://jestjs.io/docs/getting-started#using-typescript
     • To have some of your "node_modules" files transformed, you can specify a custom "transformIgnorePatterns" in your config.
     • If you need a custom transformation, specify a "transform" option in your config.
     • If you simply want to mock your non-JS modules (e.g. binary assets) you can stub them out with the "moduleNameMapper" config option.

    You'll find more details and examples of these config options in the docs:
    https://jestjs.io/docs/configuration
    For information about custom transformations, see:
    https://jestjs.io/docs/code-transformation

    Details:

    SyntaxError: /workspaces/Nadagotchi/js/Config.js: Unexpected token (43:0)

      41 |     },
      42 |
    > 43 | <<<<<<< HEAD
         | ^
      44 |     // Minigame Settings
      45 |     MINIGAMES: {
      46 |         LOGIC_PUZZLE: {

      1 | import { QuestDefinitions, DailyQuestTemplates } from '../QuestDefinitions.js';
    > 2 | import { Config } from '../Config.js';
        | ^
      3 |
      4 | /**
      5 |  * @fileoverview System for managing quest progression, requirements, and rewards.

      at constructor (node_modules/@babel/parser/src/parse-error.ts:95:45)
      at Parser.toParseError [as raise] (node_modules/@babel/parser/src/tokenizer/index.ts:1507:19)
      at Parser.raise [as unexpected] (node_modules/@babel/parser/src/tokenizer/index.ts:1547:16)
      at Parser.unexpected [as parsePropertyName] (node_modules/@babel/parser/src/parser/expression.ts:2451:18)
      at Parser.parsePropertyName [as parsePropertyDefinition] (node_modules/@babel/parser/src/parser/expression.ts:2198:10)
      at Parser.parsePropertyDefinition [as parseObjectLike] (node_modules/@babel/parser/src/parser/expression.ts:2095:21)
      at Parser.parseObjectLike [as parseExprAtom] (node_modules/@babel/parser/src/parser/expression.ts:1181:21)
      at Parser.parseExprAtom [as parseExprSubscripts] (node_modules/@babel/parser/src/parser/expression.ts:742:23)
      at Parser.parseExprSubscripts [as parseUpdate] (node_modules/@babel/parser/src/parser/expression.ts:721:21)
      at Parser.parseUpdate [as parseMaybeUnary] (node_modules/@babel/parser/src/parser/expression.ts:683:23)
      at Parser.parseMaybeUnary [as parseMaybeUnaryOrPrivate] (node_modules/@babel/parser/src/parser/expression.ts:417:14)
      at Parser.parseMaybeUnaryOrPrivate [as parseExprOps] (node_modules/@babel/parser/src/parser/expression.ts:429:23)
      at Parser.parseExprOps [as parseMaybeConditional] (node_modules/@babel/parser/src/parser/expression.ts:384:23)
      at Parser.parseMaybeConditional [as parseMaybeAssign] (node_modules/@babel/parser/src/parser/expression.ts:301:21)
      at parseMaybeAssign (node_modules/@babel/parser/src/parser/expression.ts:257:12)
      at Parser.callback [as allowInAnd] (node_modules/@babel/parser/src/parser/expression.ts:3197:16)
      at Parser.allowInAnd [as parseMaybeAssignAllowIn] (node_modules/@babel/parser/src/parser/expression.ts:256:17)
      at Parser.parseMaybeAssignAllowIn [as parseVar] (node_modules/@babel/parser/src/parser/statement.ts:1587:18)
      at Parser.parseVar [as parseVarStatement] (node_modules/@babel/parser/src/parser/statement.ts:1251:10)
      at Parser.parseVarStatement [as parseStatementContent] (node_modules/@babel/parser/src/parser/statement.ts:612:21)
      at Parser.parseStatementContent [as parseStatementLike] (node_modules/@babel/parser/src/parser/statement.ts:482:17)
      at Parser.parseStatementLike [as parseStatementListItem] (node_modules/@babel/parser/src/parser/statement.ts:431:17)
      at Parser.parseStatementListItem (node_modules/@babel/parser/src/parser/statement.ts:2635:17)
      at Parser.parseExportDeclaration [as maybeParseExportDeclaration] (node_modules/@babel/parser/src/parser/statement.ts:2551:31)
      at Parser.maybeParseExportDeclaration [as parseExport] (node_modules/@babel/parser/src/parser/statement.ts:2432:29)
      at Parser.parseExport [as parseStatementContent] (node_modules/@babel/parser/src/parser/statement.ts:649:25)
      at Parser.parseStatementContent [as parseStatementLike] (node_modules/@babel/parser/src/parser/statement.ts:482:17)
      at Parser.parseStatementLike [as parseModuleItem] (node_modules/@babel/parser/src/parser/statement.ts:419:17)
      at Parser.parseModuleItem [as parseBlockOrModuleBlockBody] (node_modules/@babel/parser/src/parser/statement.ts:1443:16)
      at Parser.parseBlockOrModuleBlockBody [as parseBlockBody] (node_modules/@babel/parser/src/parser/statement.ts:1417:10)
      at Parser.parseBlockBody [as parseProgram] (node_modules/@babel/parser/src/parser/statement.ts:229:10)
      at Parser.parseProgram [as parseTopLevel] (node_modules/@babel/parser/src/parser/statement.ts:203:25)
      at Parser.parseTopLevel [as parse] (node_modules/@babel/parser/src/parser/index.ts:88:25)
      at parse (node_modules/@babel/parser/src/index.ts:86:38)
      at parser (node_modules/@babel/core/src/parser/index.ts:29:19)
          at parser.next (<anonymous>)
      at normalizeFile (node_modules/@babel/core/src/transformation/normalize-file.ts:50:24)
          at normalizeFile.next (<anonymous>)
      at run (node_modules/@babel/core/src/transformation/index.ts:41:36)
          at run.next (<anonymous>)
      at transform (node_modules/@babel/core/src/transform.ts:29:20)
          at transform.next (<anonymous>)
      at evaluateSync (node_modules/gensync/index.js:251:28)
      at sync (node_modules/gensync/index.js:89:14)
      at fn (node_modules/@babel/core/src/errors/rewrite-stack-trace.ts:99:14)
      at transformSync (node_modules/@babel/core/src/transform.ts:66:52)
      at ScriptTransformer.transformSource (node_modules/@jest/transform/build/index.js:422:31)
      at ScriptTransformer._transformAndBuildScript (node_modules/@jest/transform/build/index.js:519:40)
      at ScriptTransformer.transform (node_modules/@jest/transform/build/index.js:558:19)
      at Object.require (js/systems/QuestSystem.js:2:1)
      at Object.require (tests/QuestSystem.test.js:2:1)

FAIL tests/ExploitSaveScumming.test.js
  ● Test suite failed to run

    Jest encountered an unexpected token

    Jest failed to parse a file. This happens e.g. when your code or its dependencies use non-standard JavaScript syntax, or when Jest is not configured to support such syntax.

    Out of the box Jest supports Babel, which will be used to transform your files into valid JS based on your Babel configuration.

    By default "node_modules" folder is ignored by transformers.

    Here's what you can do:
     • If you are trying to use ECMAScript Modules, see https://jestjs.io/docs/ecmascript-modules for how to enable it.
     • If you are trying to use TypeScript, see https://jestjs.io/docs/getting-started#using-typescript
     • To have some of your "node_modules" files transformed, you can specify a custom "transformIgnorePatterns" in your config.
     • If you need a custom transformation, specify a "transform" option in your config.
     • If you simply want to mock your non-JS modules (e.g. binary assets) you can stub them out with the "moduleNameMapper" config option.

    You'll find more details and examples of these config options in the docs:
    https://jestjs.io/docs/configuration
    For information about custom transformations, see:
    https://jestjs.io/docs/code-transformation

    Details:

    SyntaxError: /workspaces/Nadagotchi/tests/ExploitSaveScumming.test.js: Unexpected token (1:0)

    > 1 | <<<<<<< HEAD
        | ^
      2 | import { Nadagotchi } from '../js/Nadagotchi.js';
      3 | import { PersistenceManager } from '../js/PersistenceManager.js';
      4 | import { Config } from '../js/Config.js';

      at constructor (node_modules/@babel/parser/src/parse-error.ts:95:45)
      at Parser.toParseError [as raise] (node_modules/@babel/parser/src/tokenizer/index.ts:1507:19)
      at Parser.raise [as unexpected] (node_modules/@babel/parser/src/tokenizer/index.ts:1547:16)
      at Parser.unexpected [as parseExprAtom] (node_modules/@babel/parser/src/parser/expression.ts:1355:22)
      at Parser.parseExprAtom [as parseExprSubscripts] (node_modules/@babel/parser/src/parser/expression.ts:742:23)
      at Parser.parseExprSubscripts [as parseUpdate] (node_modules/@babel/parser/src/parser/expression.ts:721:21)
      at Parser.parseUpdate [as parseMaybeUnary] (node_modules/@babel/parser/src/parser/expression.ts:683:23)
      at Parser.parseMaybeUnary [as parseMaybeUnaryOrPrivate] (node_modules/@babel/parser/src/parser/expression.ts:417:14)
      at Parser.parseMaybeUnaryOrPrivate [as parseExprOps] (node_modules/@babel/parser/src/parser/expression.ts:429:23)
      at Parser.parseExprOps [as parseMaybeConditional] (node_modules/@babel/parser/src/parser/expression.ts:384:23)
      at Parser.parseMaybeConditional [as parseMaybeAssign] (node_modules/@babel/parser/src/parser/expression.ts:301:21)
      at Parser.parseMaybeAssign [as parseExpressionBase] (node_modules/@babel/parser/src/parser/expression.ts:226:23)
      at parseExpressionBase (node_modules/@babel/parser/src/parser/expression.ts:217:39)
      at Parser.callback [as allowInAnd] (node_modules/@babel/parser/src/parser/expression.ts:3197:16)
      at Parser.allowInAnd [as parseExpression] (node_modules/@babel/parser/src/parser/expression.ts:217:17)
      at Parser.parseExpression [as parseStatementContent] (node_modules/@babel/parser/src/parser/statement.ts:688:23)
      at Parser.parseStatementContent [as parseStatementLike] (node_modules/@babel/parser/src/parser/statement.ts:482:17)
      at Parser.parseStatementLike [as parseModuleItem] (node_modules/@babel/parser/src/parser/statement.ts:419:17)
      at Parser.parseModuleItem [as parseBlockOrModuleBlockBody] (node_modules/@babel/parser/src/parser/statement.ts:1443:16)
      at Parser.parseBlockOrModuleBlockBody [as parseBlockBody] (node_modules/@babel/parser/src/parser/statement.ts:1417:10)
      at Parser.parseBlockBody [as parseProgram] (node_modules/@babel/parser/src/parser/statement.ts:229:10)
      at Parser.parseProgram [as parseTopLevel] (node_modules/@babel/parser/src/parser/statement.ts:203:25)
      at Parser.parseTopLevel [as parse] (node_modules/@babel/parser/src/parser/index.ts:88:25)
      at parse (node_modules/@babel/parser/src/index.ts:86:38)
      at parser (node_modules/@babel/core/src/parser/index.ts:29:19)
          at parser.next (<anonymous>)
      at normalizeFile (node_modules/@babel/core/src/transformation/normalize-file.ts:50:24)
          at normalizeFile.next (<anonymous>)
      at run (node_modules/@babel/core/src/transformation/index.ts:41:36)
          at run.next (<anonymous>)
      at transform (node_modules/@babel/core/src/transform.ts:29:20)
          at transform.next (<anonymous>)
      at evaluateSync (node_modules/gensync/index.js:251:28)
      at sync (node_modules/gensync/index.js:89:14)
      at fn (node_modules/@babel/core/src/errors/rewrite-stack-trace.ts:99:14)
      at transformSync (node_modules/@babel/core/src/transform.ts:66:52)
      at ScriptTransformer.transformSource (node_modules/@jest/transform/build/index.js:422:31)
      at ScriptTransformer._transformAndBuildScript (node_modules/@jest/transform/build/index.js:519:40)
      at ScriptTransformer.transform (node_modules/@jest/transform/build/index.js:558:19)

FAIL tests/Expedition.test.js
  ● Test suite failed to run

    Jest encountered an unexpected token

    Jest failed to parse a file. This happens e.g. when your code or its dependencies use non-standard JavaScript syntax, or when Jest is not configured to support such syntax.

    Out of the box Jest supports Babel, which will be used to transform your files into valid JS based on your Babel configuration.

    By default "node_modules" folder is ignored by transformers.

    Here's what you can do:
     • If you are trying to use ECMAScript Modules, see https://jestjs.io/docs/ecmascript-modules for how to enable it.
     • If you are trying to use TypeScript, see https://jestjs.io/docs/getting-started#using-typescript
     • To have some of your "node_modules" files transformed, you can specify a custom "transformIgnorePatterns" in your config.
     • If you need a custom transformation, specify a "transform" option in your config.
     • If you simply want to mock your non-JS modules (e.g. binary assets) you can stub them out with the "moduleNameMapper" config option.

    You'll find more details and examples of these config options in the docs:
    https://jestjs.io/docs/configuration
    For information about custom transformations, see:
    https://jestjs.io/docs/code-transformation

    Details:

    SyntaxError: /workspaces/Nadagotchi/js/Config.js: Unexpected token (43:0)

      41 |     },
      42 |
    > 43 | <<<<<<< HEAD
         | ^
      44 |     // Minigame Settings
      45 |     MINIGAMES: {
      46 |         LOGIC_PUZZLE: {

      1 | import { ExpeditionNodes } from '../ExpeditionDefinitions.js';
    > 2 | import { Config } from '../Config.js';
        | ^
      3 |
      4 | /**
      5 |  * @fileoverview System for generating procedural expeditions.

      at constructor (node_modules/@babel/parser/src/parse-error.ts:95:45)
      at Parser.toParseError [as raise] (node_modules/@babel/parser/src/tokenizer/index.ts:1507:19)
      at Parser.raise [as unexpected] (node_modules/@babel/parser/src/tokenizer/index.ts:1547:16)
      at Parser.unexpected [as parsePropertyName] (node_modules/@babel/parser/src/parser/expression.ts:2451:18)
      at Parser.parsePropertyName [as parsePropertyDefinition] (node_modules/@babel/parser/src/parser/expression.ts:2198:10)
      at Parser.parsePropertyDefinition [as parseObjectLike] (node_modules/@babel/parser/src/parser/expression.ts:2095:21)
      at Parser.parseObjectLike [as parseExprAtom] (node_modules/@babel/parser/src/parser/expression.ts:1181:21)
      at Parser.parseExprAtom [as parseExprSubscripts] (node_modules/@babel/parser/src/parser/expression.ts:742:23)
      at Parser.parseExprSubscripts [as parseUpdate] (node_modules/@babel/parser/src/parser/expression.ts:721:21)
      at Parser.parseUpdate [as parseMaybeUnary] (node_modules/@babel/parser/src/parser/expression.ts:683:23)
      at Parser.parseMaybeUnary [as parseMaybeUnaryOrPrivate] (node_modules/@babel/parser/src/parser/expression.ts:417:14)
      at Parser.parseMaybeUnaryOrPrivate [as parseExprOps] (node_modules/@babel/parser/src/parser/expression.ts:429:23)
      at Parser.parseExprOps [as parseMaybeConditional] (node_modules/@babel/parser/src/parser/expression.ts:384:23)
      at Parser.parseMaybeConditional [as parseMaybeAssign] (node_modules/@babel/parser/src/parser/expression.ts:301:21)
      at parseMaybeAssign (node_modules/@babel/parser/src/parser/expression.ts:257:12)
      at Parser.callback [as allowInAnd] (node_modules/@babel/parser/src/parser/expression.ts:3197:16)
      at Parser.allowInAnd [as parseMaybeAssignAllowIn] (node_modules/@babel/parser/src/parser/expression.ts:256:17)
      at Parser.parseMaybeAssignAllowIn [as parseVar] (node_modules/@babel/parser/src/parser/statement.ts:1587:18)
      at Parser.parseVar [as parseVarStatement] (node_modules/@babel/parser/src/parser/statement.ts:1251:10)
      at Parser.parseVarStatement [as parseStatementContent] (node_modules/@babel/parser/src/parser/statement.ts:612:21)
      at Parser.parseStatementContent [as parseStatementLike] (node_modules/@babel/parser/src/parser/statement.ts:482:17)
      at Parser.parseStatementLike [as parseStatementListItem] (node_modules/@babel/parser/src/parser/statement.ts:431:17)
      at Parser.parseStatementListItem (node_modules/@babel/parser/src/parser/statement.ts:2635:17)
      at Parser.parseExportDeclaration [as maybeParseExportDeclaration] (node_modules/@babel/parser/src/parser/statement.ts:2551:31)
      at Parser.maybeParseExportDeclaration [as parseExport] (node_modules/@babel/parser/src/parser/statement.ts:2432:29)
      at Parser.parseExport [as parseStatementContent] (node_modules/@babel/parser/src/parser/statement.ts:649:25)
      at Parser.parseStatementContent [as parseStatementLike] (node_modules/@babel/parser/src/parser/statement.ts:482:17)
      at Parser.parseStatementLike [as parseModuleItem] (node_modules/@babel/parser/src/parser/statement.ts:419:17)
      at Parser.parseModuleItem [as parseBlockOrModuleBlockBody] (node_modules/@babel/parser/src/parser/statement.ts:1443:16)
      at Parser.parseBlockOrModuleBlockBody [as parseBlockBody] (node_modules/@babel/parser/src/parser/statement.ts:1417:10)
      at Parser.parseBlockBody [as parseProgram] (node_modules/@babel/parser/src/parser/statement.ts:229:10)
      at Parser.parseProgram [as parseTopLevel] (node_modules/@babel/parser/src/parser/statement.ts:203:25)
      at Parser.parseTopLevel [as parse] (node_modules/@babel/parser/src/parser/index.ts:88:25)
      at parse (node_modules/@babel/parser/src/index.ts:86:38)
      at parser (node_modules/@babel/core/src/parser/index.ts:29:19)
          at parser.next (<anonymous>)
      at normalizeFile (node_modules/@babel/core/src/transformation/normalize-file.ts:50:24)
          at normalizeFile.next (<anonymous>)
      at run (node_modules/@babel/core/src/transformation/index.ts:41:36)
          at run.next (<anonymous>)
      at transform (node_modules/@babel/core/src/transform.ts:29:20)
          at transform.next (<anonymous>)
      at evaluateSync (node_modules/gensync/index.js:251:28)
      at sync (node_modules/gensync/index.js:89:14)
      at fn (node_modules/@babel/core/src/errors/rewrite-stack-trace.ts:99:14)
      at transformSync (node_modules/@babel/core/src/transform.ts:66:52)
      at ScriptTransformer.transformSource (node_modules/@jest/transform/build/index.js:422:31)
      at ScriptTransformer._transformAndBuildScript (node_modules/@jest/transform/build/index.js:519:40)
      at ScriptTransformer.transform (node_modules/@jest/transform/build/index.js:558:19)
      at Object.require (js/systems/ExpeditionSystem.js:2:1)
      at Object.require (tests/Expedition.test.js:2:30)

FAIL tests/QuestIntegration.test.js
  ● Test suite failed to run

    Jest encountered an unexpected token

    Jest failed to parse a file. This happens e.g. when your code or its dependencies use non-standard JavaScript syntax, or when Jest is not configured to support such syntax.

    Out of the box Jest supports Babel, which will be used to transform your files into valid JS based on your Babel configuration.

    By default "node_modules" folder is ignored by transformers.

    Here's what you can do:
     • If you are trying to use ECMAScript Modules, see https://jestjs.io/docs/ecmascript-modules for how to enable it.
     • If you are trying to use TypeScript, see https://jestjs.io/docs/getting-started#using-typescript
     • To have some of your "node_modules" files transformed, you can specify a custom "transformIgnorePatterns" in your config.
     • If you need a custom transformation, specify a "transform" option in your config.
     • If you simply want to mock your non-JS modules (e.g. binary assets) you can stub them out with the "moduleNameMapper" config option.

    You'll find more details and examples of these config options in the docs:
    https://jestjs.io/docs/configuration
    For information about custom transformations, see:
    https://jestjs.io/docs/code-transformation

    Details:

    SyntaxError: /workspaces/Nadagotchi/js/Nadagotchi.js: Unexpected token (32:0)

      30 |      */
      31 |     constructor(initialArchetype, loadedData = null) {
    > 32 | <<<<<<< HEAD
         | ^
      33 |         /** @type {boolean} Indicates if the asynchronous initialization is complete. */
      34 |         this.isInitialized = false;
      35 |

      1 | import { jest } from '@jest/globals';
    > 2 | import { Nadagotchi } from '../js/Nadagotchi.js';
        | ^
      3 |
      4 | // Mock localStorage
      5 | class LocalStorageMock {

      at constructor (node_modules/@babel/parser/src/parse-error.ts:95:45)
      at Parser.toParseError [as raise] (node_modules/@babel/parser/src/tokenizer/index.ts:1507:19)
      at Parser.raise [as unexpected] (node_modules/@babel/parser/src/tokenizer/index.ts:1547:16)
      at Parser.unexpected [as parseExprAtom] (node_modules/@babel/parser/src/parser/expression.ts:1355:22)
      at Parser.parseExprAtom [as parseExprSubscripts] (node_modules/@babel/parser/src/parser/expression.ts:742:23)
      at Parser.parseExprSubscripts [as parseUpdate] (node_modules/@babel/parser/src/parser/expression.ts:721:21)
      at Parser.parseUpdate [as parseMaybeUnary] (node_modules/@babel/parser/src/parser/expression.ts:683:23)
      at Parser.parseMaybeUnary [as parseMaybeUnaryOrPrivate] (node_modules/@babel/parser/src/parser/expression.ts:417:14)
      at Parser.parseMaybeUnaryOrPrivate [as parseExprOps] (node_modules/@babel/parser/src/parser/expression.ts:429:23)
      at Parser.parseExprOps [as parseMaybeConditional] (node_modules/@babel/parser/src/parser/expression.ts:384:23)
      at Parser.parseMaybeConditional [as parseMaybeAssign] (node_modules/@babel/parser/src/parser/expression.ts:301:21)
      at Parser.parseMaybeAssign [as parseExpressionBase] (node_modules/@babel/parser/src/parser/expression.ts:226:23)
      at parseExpressionBase (node_modules/@babel/parser/src/parser/expression.ts:217:39)
      at Parser.callback [as allowInAnd] (node_modules/@babel/parser/src/parser/expression.ts:3197:16)
      at Parser.allowInAnd [as parseExpression] (node_modules/@babel/parser/src/parser/expression.ts:217:17)
      at Parser.parseExpression [as parseStatementContent] (node_modules/@babel/parser/src/parser/statement.ts:688:23)
      at Parser.parseStatementContent [as parseStatementLike] (node_modules/@babel/parser/src/parser/statement.ts:482:17)
      at Parser.parseStatementLike [as parseStatementListItem] (node_modules/@babel/parser/src/parser/statement.ts:431:17)
      at Parser.parseStatementListItem [as parseBlockOrModuleBlockBody] (node_modules/@babel/parser/src/parser/statement.ts:1444:16)
      at Parser.parseBlockOrModuleBlockBody [as parseBlockBody] (node_modules/@babel/parser/src/parser/statement.ts:1417:10)
      at Parser.parseBlockBody [as parseBlock] (node_modules/@babel/parser/src/parser/statement.ts:1385:10)
      at Parser.parseBlock [as parseFunctionBody] (node_modules/@babel/parser/src/parser/expression.ts:2626:24)
      at Parser.parseFunctionBody [as parseFunctionBodyAndFinish] (node_modules/@babel/parser/src/parser/expression.ts:2595:10)
      at Parser.parseFunctionBodyAndFinish [as parseMethod] (node_modules/@babel/parser/src/parser/expression.ts:2492:31)
      at Parser.parseMethod [as pushClassMethod] (node_modules/@babel/parser/src/parser/statement.ts:2244:12)
      at Parser.pushClassMethod [as parseClassMemberWithIsStatic] (node_modules/@babel/parser/src/parser/statement.ts:2023:12)
      at Parser.parseClassMemberWithIsStatic [as parseClassMember] (node_modules/@babel/parser/src/parser/statement.ts:1938:10)
      at parseClassMember (node_modules/@babel/parser/src/parser/statement.ts:1851:14)
      at Parser.callback [as withSmartMixTopicForbiddingContext] (node_modules/@babel/parser/src/parser/expression.ts:3176:14)
      at Parser.withSmartMixTopicForbiddingContext [as parseClassBody] (node_modules/@babel/parser/src/parser/statement.ts:1823:10)
      at Parser.parseClassBody [as parseClass] (node_modules/@babel/parser/src/parser/statement.ts:1774:22)
      at Parser.parseClass [as parseExportDeclaration] (node_modules/@babel/parser/src/parser/statement.ts:2628:25)
      at Parser.parseExportDeclaration [as maybeParseExportDeclaration] (node_modules/@babel/parser/src/parser/statement.ts:2551:31)
      at Parser.maybeParseExportDeclaration [as parseExport] (node_modules/@babel/parser/src/parser/statement.ts:2432:29)
      at Parser.parseExport [as parseStatementContent] (node_modules/@babel/parser/src/parser/statement.ts:649:25)
      at Parser.parseStatementContent [as parseStatementLike] (node_modules/@babel/parser/src/parser/statement.ts:482:17)
      at Parser.parseStatementLike [as parseModuleItem] (node_modules/@babel/parser/src/parser/statement.ts:419:17)
      at Parser.parseModuleItem [as parseBlockOrModuleBlockBody] (node_modules/@babel/parser/src/parser/statement.ts:1443:16)
      at Parser.parseBlockOrModuleBlockBody [as parseBlockBody] (node_modules/@babel/parser/src/parser/statement.ts:1417:10)
      at Parser.parseBlockBody [as parseProgram] (node_modules/@babel/parser/src/parser/statement.ts:229:10)
      at Parser.parseProgram [as parseTopLevel] (node_modules/@babel/parser/src/parser/statement.ts:203:25)
      at Parser.parseTopLevel [as parse] (node_modules/@babel/parser/src/parser/index.ts:88:25)
      at parse (node_modules/@babel/parser/src/index.ts:86:38)
      at parser (node_modules/@babel/core/src/parser/index.ts:29:19)
          at parser.next (<anonymous>)
      at normalizeFile (node_modules/@babel/core/src/transformation/normalize-file.ts:50:24)
          at normalizeFile.next (<anonymous>)
      at run (node_modules/@babel/core/src/transformation/index.ts:41:36)
          at run.next (<anonymous>)
      at transform (node_modules/@babel/core/src/transform.ts:29:20)
          at transform.next (<anonymous>)
      at evaluateSync (node_modules/gensync/index.js:251:28)
      at sync (node_modules/gensync/index.js:89:14)
      at fn (node_modules/@babel/core/src/errors/rewrite-stack-trace.ts:99:14)
      at transformSync (node_modules/@babel/core/src/transform.ts:66:52)
      at ScriptTransformer.transformSource (node_modules/@jest/transform/build/index.js:422:31)
      at ScriptTransformer._transformAndBuildScript (node_modules/@jest/transform/build/index.js:519:40)
      at ScriptTransformer.transform (node_modules/@jest/transform/build/index.js:558:19)
      at Object.require (tests/QuestIntegration.test.js:2:1)

FAIL tests/PreloaderScene.test.js
  ● Test suite failed to run

    Jest encountered an unexpected token

    Jest failed to parse a file. This happens e.g. when your code or its dependencies use non-standard JavaScript syntax, or when Jest is not configured to support such syntax.

    Out of the box Jest supports Babel, which will be used to transform your files into valid JS based on your Babel configuration.

    By default "node_modules" folder is ignored by transformers.

    Here's what you can do:
     • If you are trying to use ECMAScript Modules, see https://jestjs.io/docs/ecmascript-modules for how to enable it.
     • If you are trying to use TypeScript, see https://jestjs.io/docs/getting-started#using-typescript
     • To have some of your "node_modules" files transformed, you can specify a custom "transformIgnorePatterns" in your config.
     • If you need a custom transformation, specify a "transform" option in your config.
     • If you simply want to mock your non-JS modules (e.g. binary assets) you can stub them out with the "moduleNameMapper" config option.

    You'll find more details and examples of these config options in the docs:
    https://jestjs.io/docs/configuration
    For information about custom transformations, see:
    https://jestjs.io/docs/code-transformation

    Details:

    SyntaxError: /workspaces/Nadagotchi/js/Config.js: Unexpected token (43:0)

      41 |     },
      42 |
    > 43 | <<<<<<< HEAD
         | ^
      44 |     // Minigame Settings
      45 |     MINIGAMES: {
      46 |         LOGIC_PUZZLE: {

    > 1 | import { Config } from '../Config.js';
        | ^
      2 |
      3 | /**
      4 |  * @class SoundSynthesizer

      at constructor (node_modules/@babel/parser/src/parse-error.ts:95:45)
      at Parser.toParseError [as raise] (node_modules/@babel/parser/src/tokenizer/index.ts:1507:19)
      at Parser.raise [as unexpected] (node_modules/@babel/parser/src/tokenizer/index.ts:1547:16)
      at Parser.unexpected [as parsePropertyName] (node_modules/@babel/parser/src/parser/expression.ts:2451:18)
      at Parser.parsePropertyName [as parsePropertyDefinition] (node_modules/@babel/parser/src/parser/expression.ts:2198:10)
      at Parser.parsePropertyDefinition [as parseObjectLike] (node_modules/@babel/parser/src/parser/expression.ts:2095:21)
      at Parser.parseObjectLike [as parseExprAtom] (node_modules/@babel/parser/src/parser/expression.ts:1181:21)
      at Parser.parseExprAtom [as parseExprSubscripts] (node_modules/@babel/parser/src/parser/expression.ts:742:23)
      at Parser.parseExprSubscripts [as parseUpdate] (node_modules/@babel/parser/src/parser/expression.ts:721:21)
      at Parser.parseUpdate [as parseMaybeUnary] (node_modules/@babel/parser/src/parser/expression.ts:683:23)
      at Parser.parseMaybeUnary [as parseMaybeUnaryOrPrivate] (node_modules/@babel/parser/src/parser/expression.ts:417:14)
      at Parser.parseMaybeUnaryOrPrivate [as parseExprOps] (node_modules/@babel/parser/src/parser/expression.ts:429:23)
      at Parser.parseExprOps [as parseMaybeConditional] (node_modules/@babel/parser/src/parser/expression.ts:384:23)
      at Parser.parseMaybeConditional [as parseMaybeAssign] (node_modules/@babel/parser/src/parser/expression.ts:301:21)
      at parseMaybeAssign (node_modules/@babel/parser/src/parser/expression.ts:257:12)
      at Parser.callback [as allowInAnd] (node_modules/@babel/parser/src/parser/expression.ts:3197:16)
      at Parser.allowInAnd [as parseMaybeAssignAllowIn] (node_modules/@babel/parser/src/parser/expression.ts:256:17)
      at Parser.parseMaybeAssignAllowIn [as parseVar] (node_modules/@babel/parser/src/parser/statement.ts:1587:18)
      at Parser.parseVar [as parseVarStatement] (node_modules/@babel/parser/src/parser/statement.ts:1251:10)
      at Parser.parseVarStatement [as parseStatementContent] (node_modules/@babel/parser/src/parser/statement.ts:612:21)
      at Parser.parseStatementContent [as parseStatementLike] (node_modules/@babel/parser/src/parser/statement.ts:482:17)
      at Parser.parseStatementLike [as parseStatementListItem] (node_modules/@babel/parser/src/parser/statement.ts:431:17)
      at Parser.parseStatementListItem (node_modules/@babel/parser/src/parser/statement.ts:2635:17)
      at Parser.parseExportDeclaration [as maybeParseExportDeclaration] (node_modules/@babel/parser/src/parser/statement.ts:2551:31)
      at Parser.maybeParseExportDeclaration [as parseExport] (node_modules/@babel/parser/src/parser/statement.ts:2432:29)
      at Parser.parseExport [as parseStatementContent] (node_modules/@babel/parser/src/parser/statement.ts:649:25)
      at Parser.parseStatementContent [as parseStatementLike] (node_modules/@babel/parser/src/parser/statement.ts:482:17)
      at Parser.parseStatementLike [as parseModuleItem] (node_modules/@babel/parser/src/parser/statement.ts:419:17)
      at Parser.parseModuleItem [as parseBlockOrModuleBlockBody] (node_modules/@babel/parser/src/parser/statement.ts:1443:16)
      at Parser.parseBlockOrModuleBlockBody [as parseBlockBody] (node_modules/@babel/parser/src/parser/statement.ts:1417:10)
      at Parser.parseBlockBody [as parseProgram] (node_modules/@babel/parser/src/parser/statement.ts:229:10)
      at Parser.parseProgram [as parseTopLevel] (node_modules/@babel/parser/src/parser/statement.ts:203:25)
      at Parser.parseTopLevel [as parse] (node_modules/@babel/parser/src/parser/index.ts:88:25)
      at parse (node_modules/@babel/parser/src/index.ts:86:38)
      at parser (node_modules/@babel/core/src/parser/index.ts:29:19)
          at parser.next (<anonymous>)
      at normalizeFile (node_modules/@babel/core/src/transformation/normalize-file.ts:50:24)
          at normalizeFile.next (<anonymous>)
      at run (node_modules/@babel/core/src/transformation/index.ts:41:36)
          at run.next (<anonymous>)
      at transform (node_modules/@babel/core/src/transform.ts:29:20)
          at transform.next (<anonymous>)
      at evaluateSync (node_modules/gensync/index.js:251:28)
      at sync (node_modules/gensync/index.js:89:14)
      at fn (node_modules/@babel/core/src/errors/rewrite-stack-trace.ts:99:14)
      at transformSync (node_modules/@babel/core/src/transform.ts:66:52)
      at ScriptTransformer.transformSource (node_modules/@jest/transform/build/index.js:422:31)
      at ScriptTransformer._transformAndBuildScript (node_modules/@jest/transform/build/index.js:519:40)
      at ScriptTransformer.transform (node_modules/@jest/transform/build/index.js:558:19)
      at Object.require (js/utils/SoundSynthesizer.js:1:1)
      at Object.require (js/PreloaderScene.js:2:1)
      at Object.require (tests/PreloaderScene.test.js:50:28)

FAIL tests/Achievement.test.js
  ● Test suite failed to run

    Jest encountered an unexpected token

    Jest failed to parse a file. This happens e.g. when your code or its dependencies use non-standard JavaScript syntax, or when Jest is not configured to support such syntax.

    Out of the box Jest supports Babel, which will be used to transform your files into valid JS based on your Babel configuration.

    By default "node_modules" folder is ignored by transformers.

    Here's what you can do:
     • If you are trying to use ECMAScript Modules, see https://jestjs.io/docs/ecmascript-modules for how to enable it.
     • If you are trying to use TypeScript, see https://jestjs.io/docs/getting-started#using-typescript
     • To have some of your "node_modules" files transformed, you can specify a custom "transformIgnorePatterns" in your config.
     • If you need a custom transformation, specify a "transform" option in your config.
     • If you simply want to mock your non-JS modules (e.g. binary assets) you can stub them out with the "moduleNameMapper" config option.

    You'll find more details and examples of these config options in the docs:
    https://jestjs.io/docs/configuration
    For information about custom transformations, see:
    https://jestjs.io/docs/code-transformation

    Details:

    SyntaxError: /workspaces/Nadagotchi/tests/Achievement.test.js: Unexpected token (65:0)

      63 |         expect(gameMock.events.emit).toHaveBeenCalledTimes(1);
      64 |     });
    > 65 | <<<<<<< HEAD
         | ^
      66 |
      67 |     describe('NPC Interactions', () => {
      68 |         it('should increment chat count for generic NPC interactions', () => {

      at constructor (node_modules/@babel/parser/src/parse-error.ts:95:45)
      at Parser.toParseError [as raise] (node_modules/@babel/parser/src/tokenizer/index.ts:1507:19)
      at Parser.raise [as unexpected] (node_modules/@babel/parser/src/tokenizer/index.ts:1547:16)
      at Parser.unexpected [as parseExprAtom] (node_modules/@babel/parser/src/parser/expression.ts:1355:22)
      at Parser.parseExprAtom [as parseExprSubscripts] (node_modules/@babel/parser/src/parser/expression.ts:742:23)
      at Parser.parseExprSubscripts [as parseUpdate] (node_modules/@babel/parser/src/parser/expression.ts:721:21)
      at Parser.parseUpdate [as parseMaybeUnary] (node_modules/@babel/parser/src/parser/expression.ts:683:23)
      at Parser.parseMaybeUnary [as parseMaybeUnaryOrPrivate] (node_modules/@babel/parser/src/parser/expression.ts:417:14)
      at Parser.parseMaybeUnaryOrPrivate [as parseExprOps] (node_modules/@babel/parser/src/parser/expression.ts:429:23)
      at Parser.parseExprOps [as parseMaybeConditional] (node_modules/@babel/parser/src/parser/expression.ts:384:23)
      at Parser.parseMaybeConditional [as parseMaybeAssign] (node_modules/@babel/parser/src/parser/expression.ts:301:21)
      at Parser.parseMaybeAssign [as parseExpressionBase] (node_modules/@babel/parser/src/parser/expression.ts:226:23)
      at parseExpressionBase (node_modules/@babel/parser/src/parser/expression.ts:217:39)
      at Parser.callback [as allowInAnd] (node_modules/@babel/parser/src/parser/expression.ts:3197:16)
      at Parser.allowInAnd [as parseExpression] (node_modules/@babel/parser/src/parser/expression.ts:217:17)
      at Parser.parseExpression [as parseStatementContent] (node_modules/@babel/parser/src/parser/statement.ts:688:23)
      at Parser.parseStatementContent [as parseStatementLike] (node_modules/@babel/parser/src/parser/statement.ts:482:17)
      at Parser.parseStatementLike [as parseStatementListItem] (node_modules/@babel/parser/src/parser/statement.ts:431:17)
      at Parser.parseStatementListItem [as parseBlockOrModuleBlockBody] (node_modules/@babel/parser/src/parser/statement.ts:1444:16)
      at Parser.parseBlockOrModuleBlockBody [as parseBlockBody] (node_modules/@babel/parser/src/parser/statement.ts:1417:10)
      at Parser.parseBlockBody [as parseBlock] (node_modules/@babel/parser/src/parser/statement.ts:1385:10)
      at Parser.parseBlock [as parseFunctionBody] (node_modules/@babel/parser/src/parser/expression.ts:2626:24)
      at Parser.parseFunctionBody [as parseArrowExpression] (node_modules/@babel/parser/src/parser/expression.ts:2563:10)
      at Parser.parseArrowExpression [as parseParenAndDistinguishExpression] (node_modules/@babel/parser/src/parser/expression.ts:1847:12)
      at Parser.parseParenAndDistinguishExpression [as parseExprAtom] (node_modules/@babel/parser/src/parser/expression.ts:1170:21)
      at Parser.parseExprAtom [as parseExprSubscripts] (node_modules/@babel/parser/src/parser/expression.ts:742:23)
      at Parser.parseExprSubscripts [as parseUpdate] (node_modules/@babel/parser/src/parser/expression.ts:721:21)
      at Parser.parseUpdate [as parseMaybeUnary] (node_modules/@babel/parser/src/parser/expression.ts:683:23)
      at Parser.parseMaybeUnary [as parseMaybeUnaryOrPrivate] (node_modules/@babel/parser/src/parser/expression.ts:417:14)
      at Parser.parseMaybeUnaryOrPrivate [as parseExprOps] (node_modules/@babel/parser/src/parser/expression.ts:429:23)
      at Parser.parseExprOps [as parseMaybeConditional] (node_modules/@babel/parser/src/parser/expression.ts:384:23)
      at Parser.parseMaybeConditional [as parseMaybeAssign] (node_modules/@babel/parser/src/parser/expression.ts:301:21)
      at parseMaybeAssign (node_modules/@babel/parser/src/parser/expression.ts:257:12)
      at Parser.callback [as allowInAnd] (node_modules/@babel/parser/src/parser/expression.ts:3202:12)
      at Parser.allowInAnd [as parseMaybeAssignAllowIn] (node_modules/@babel/parser/src/parser/expression.ts:256:17)
      at Parser.parseMaybeAssignAllowIn [as parseMaybeAssignAllowInOrVoidPattern] (node_modules/@babel/parser/src/parser/expression.ts:3316:17)
      at Parser.parseMaybeAssignAllowInOrVoidPattern [as parseExprListItem] (node_modules/@babel/parser/src/parser/expression.ts:2798:18)
      at Parser.parseExprListItem [as parseCallExpressionArguments] (node_modules/@babel/parser/src/parser/expression.ts:1042:14)
      at Parser.parseCallExpressionArguments [as parseCoverCallAndAsyncArrowHead] (node_modules/@babel/parser/src/parser/expression.ts:922:29)
      at Parser.parseCoverCallAndAsyncArrowHead [as parseSubscript] (node_modules/@babel/parser/src/parser/expression.ts:804:19)
      at Parser.parseSubscript [as parseSubscripts] (node_modules/@babel/parser/src/parser/expression.ts:763:19)
      at Parser.parseSubscripts [as parseExprSubscripts] (node_modules/@babel/parser/src/parser/expression.ts:748:17)
      at Parser.parseExprSubscripts [as parseUpdate] (node_modules/@babel/parser/src/parser/expression.ts:721:21)
      at Parser.parseUpdate [as parseMaybeUnary] (node_modules/@babel/parser/src/parser/expression.ts:683:23)
      at Parser.parseMaybeUnary [as parseMaybeUnaryOrPrivate] (node_modules/@babel/parser/src/parser/expression.ts:417:14)
      at Parser.parseMaybeUnaryOrPrivate [as parseExprOps] (node_modules/@babel/parser/src/parser/expression.ts:429:23)
      at Parser.parseExprOps [as parseMaybeConditional] (node_modules/@babel/parser/src/parser/expression.ts:384:23)
      at Parser.parseMaybeConditional [as parseMaybeAssign] (node_modules/@babel/parser/src/parser/expression.ts:301:21)
      at Parser.parseMaybeAssign [as parseExpressionBase] (node_modules/@babel/parser/src/parser/expression.ts:226:23)
      at parseExpressionBase (node_modules/@babel/parser/src/parser/expression.ts:217:39)
      at Parser.callback [as allowInAnd] (node_modules/@babel/parser/src/parser/expression.ts:3197:16)
      at Parser.allowInAnd [as parseExpression] (node_modules/@babel/parser/src/parser/expression.ts:217:17)
      at Parser.parseExpression [as parseStatementContent] (node_modules/@babel/parser/src/parser/statement.ts:688:23)
      at Parser.parseStatementContent [as parseStatementLike] (node_modules/@babel/parser/src/parser/statement.ts:482:17)
      at Parser.parseStatementLike [as parseModuleItem] (node_modules/@babel/parser/src/parser/statement.ts:419:17)
      at Parser.parseModuleItem [as parseBlockOrModuleBlockBody] (node_modules/@babel/parser/src/parser/statement.ts:1443:16)
      at Parser.parseBlockOrModuleBlockBody [as parseBlockBody] (node_modules/@babel/parser/src/parser/statement.ts:1417:10)
      at Parser.parseBlockBody [as parseProgram] (node_modules/@babel/parser/src/parser/statement.ts:229:10)
      at Parser.parseProgram [as parseTopLevel] (node_modules/@babel/parser/src/parser/statement.ts:203:25)
      at Parser.parseTopLevel [as parse] (node_modules/@babel/parser/src/parser/index.ts:88:25)
      at parse (node_modules/@babel/parser/src/index.ts:86:38)
      at parser (node_modules/@babel/core/src/parser/index.ts:29:19)
          at parser.next (<anonymous>)
      at normalizeFile (node_modules/@babel/core/src/transformation/normalize-file.ts:50:24)
          at normalizeFile.next (<anonymous>)
      at run (node_modules/@babel/core/src/transformation/index.ts:41:36)
          at run.next (<anonymous>)
      at transform (node_modules/@babel/core/src/transform.ts:29:20)
          at transform.next (<anonymous>)
      at evaluateSync (node_modules/gensync/index.js:251:28)
      at sync (node_modules/gensync/index.js:89:14)
      at fn (node_modules/@babel/core/src/errors/rewrite-stack-trace.ts:99:14)
      at transformSync (node_modules/@babel/core/src/transform.ts:66:52)
      at ScriptTransformer.transformSource (node_modules/@jest/transform/build/index.js:422:31)
      at ScriptTransformer._transformAndBuildScript (node_modules/@jest/transform/build/index.js:519:40)
      at ScriptTransformer.transform (node_modules/@jest/transform/build/index.js:558:19)

FAIL tests/MetaGame.test.js
  ● Test suite failed to run

    Jest encountered an unexpected token

    Jest failed to parse a file. This happens e.g. when your code or its dependencies use non-standard JavaScript syntax, or when Jest is not configured to support such syntax.

    Out of the box Jest supports Babel, which will be used to transform your files into valid JS based on your Babel configuration.

    By default "node_modules" folder is ignored by transformers.

    Here's what you can do:
     • If you are trying to use ECMAScript Modules, see https://jestjs.io/docs/ecmascript-modules for how to enable it.
     • If you are trying to use TypeScript, see https://jestjs.io/docs/getting-started#using-typescript
     • To have some of your "node_modules" files transformed, you can specify a custom "transformIgnorePatterns" in your config.
     • If you need a custom transformation, specify a "transform" option in your config.
     • If you simply want to mock your non-JS modules (e.g. binary assets) you can stub them out with the "moduleNameMapper" config option.

    You'll find more details and examples of these config options in the docs:
    https://jestjs.io/docs/configuration
    For information about custom transformations, see:
    https://jestjs.io/docs/code-transformation

    Details:

    SyntaxError: /workspaces/Nadagotchi/js/Nadagotchi.js: Unexpected token (32:0)

      30 |      */
      31 |     constructor(initialArchetype, loadedData = null) {
    > 32 | <<<<<<< HEAD
         | ^
      33 |         /** @type {boolean} Indicates if the asynchronous initialization is complete. */
      34 |         this.isInitialized = false;
      35 |

    > 1 | import { Nadagotchi } from '../js/Nadagotchi';
        | ^
      2 | import { NarrativeSystem } from '../js/NarrativeSystem';
      3 |
      4 | describe('Meta-Game Features', () => {

      at constructor (node_modules/@babel/parser/src/parse-error.ts:95:45)
      at Parser.toParseError [as raise] (node_modules/@babel/parser/src/tokenizer/index.ts:1507:19)
      at Parser.raise [as unexpected] (node_modules/@babel/parser/src/tokenizer/index.ts:1547:16)
      at Parser.unexpected [as parseExprAtom] (node_modules/@babel/parser/src/parser/expression.ts:1355:22)
      at Parser.parseExprAtom [as parseExprSubscripts] (node_modules/@babel/parser/src/parser/expression.ts:742:23)
      at Parser.parseExprSubscripts [as parseUpdate] (node_modules/@babel/parser/src/parser/expression.ts:721:21)
      at Parser.parseUpdate [as parseMaybeUnary] (node_modules/@babel/parser/src/parser/expression.ts:683:23)
      at Parser.parseMaybeUnary [as parseMaybeUnaryOrPrivate] (node_modules/@babel/parser/src/parser/expression.ts:417:14)
      at Parser.parseMaybeUnaryOrPrivate [as parseExprOps] (node_modules/@babel/parser/src/parser/expression.ts:429:23)
      at Parser.parseExprOps [as parseMaybeConditional] (node_modules/@babel/parser/src/parser/expression.ts:384:23)
      at Parser.parseMaybeConditional [as parseMaybeAssign] (node_modules/@babel/parser/src/parser/expression.ts:301:21)
      at Parser.parseMaybeAssign [as parseExpressionBase] (node_modules/@babel/parser/src/parser/expression.ts:226:23)
      at parseExpressionBase (node_modules/@babel/parser/src/parser/expression.ts:217:39)
      at Parser.callback [as allowInAnd] (node_modules/@babel/parser/src/parser/expression.ts:3197:16)
      at Parser.allowInAnd [as parseExpression] (node_modules/@babel/parser/src/parser/expression.ts:217:17)
      at Parser.parseExpression [as parseStatementContent] (node_modules/@babel/parser/src/parser/statement.ts:688:23)
      at Parser.parseStatementContent [as parseStatementLike] (node_modules/@babel/parser/src/parser/statement.ts:482:17)
      at Parser.parseStatementLike [as parseStatementListItem] (node_modules/@babel/parser/src/parser/statement.ts:431:17)
      at Parser.parseStatementListItem [as parseBlockOrModuleBlockBody] (node_modules/@babel/parser/src/parser/statement.ts:1444:16)
      at Parser.parseBlockOrModuleBlockBody [as parseBlockBody] (node_modules/@babel/parser/src/parser/statement.ts:1417:10)
      at Parser.parseBlockBody [as parseBlock] (node_modules/@babel/parser/src/parser/statement.ts:1385:10)
      at Parser.parseBlock [as parseFunctionBody] (node_modules/@babel/parser/src/parser/expression.ts:2626:24)
      at Parser.parseFunctionBody [as parseFunctionBodyAndFinish] (node_modules/@babel/parser/src/parser/expression.ts:2595:10)
      at Parser.parseFunctionBodyAndFinish [as parseMethod] (node_modules/@babel/parser/src/parser/expression.ts:2492:31)
      at Parser.parseMethod [as pushClassMethod] (node_modules/@babel/parser/src/parser/statement.ts:2244:12)
      at Parser.pushClassMethod [as parseClassMemberWithIsStatic] (node_modules/@babel/parser/src/parser/statement.ts:2023:12)
      at Parser.parseClassMemberWithIsStatic [as parseClassMember] (node_modules/@babel/parser/src/parser/statement.ts:1938:10)
      at parseClassMember (node_modules/@babel/parser/src/parser/statement.ts:1851:14)
      at Parser.callback [as withSmartMixTopicForbiddingContext] (node_modules/@babel/parser/src/parser/expression.ts:3176:14)
      at Parser.withSmartMixTopicForbiddingContext [as parseClassBody] (node_modules/@babel/parser/src/parser/statement.ts:1823:10)
      at Parser.parseClassBody [as parseClass] (node_modules/@babel/parser/src/parser/statement.ts:1774:22)
      at Parser.parseClass [as parseExportDeclaration] (node_modules/@babel/parser/src/parser/statement.ts:2628:25)
      at Parser.parseExportDeclaration [as maybeParseExportDeclaration] (node_modules/@babel/parser/src/parser/statement.ts:2551:31)
      at Parser.maybeParseExportDeclaration [as parseExport] (node_modules/@babel/parser/src/parser/statement.ts:2432:29)
      at Parser.parseExport [as parseStatementContent] (node_modules/@babel/parser/src/parser/statement.ts:649:25)
      at Parser.parseStatementContent [as parseStatementLike] (node_modules/@babel/parser/src/parser/statement.ts:482:17)
      at Parser.parseStatementLike [as parseModuleItem] (node_modules/@babel/parser/src/parser/statement.ts:419:17)
      at Parser.parseModuleItem [as parseBlockOrModuleBlockBody] (node_modules/@babel/parser/src/parser/statement.ts:1443:16)
      at Parser.parseBlockOrModuleBlockBody [as parseBlockBody] (node_modules/@babel/parser/src/parser/statement.ts:1417:10)
      at Parser.parseBlockBody [as parseProgram] (node_modules/@babel/parser/src/parser/statement.ts:229:10)
      at Parser.parseProgram [as parseTopLevel] (node_modules/@babel/parser/src/parser/statement.ts:203:25)
      at Parser.parseTopLevel [as parse] (node_modules/@babel/parser/src/parser/index.ts:88:25)
      at parse (node_modules/@babel/parser/src/index.ts:86:38)
      at parser (node_modules/@babel/core/src/parser/index.ts:29:19)
          at parser.next (<anonymous>)
      at normalizeFile (node_modules/@babel/core/src/transformation/normalize-file.ts:50:24)
          at normalizeFile.next (<anonymous>)
      at run (node_modules/@babel/core/src/transformation/index.ts:41:36)
          at run.next (<anonymous>)
      at transform (node_modules/@babel/core/src/transform.ts:29:20)
          at transform.next (<anonymous>)
      at evaluateSync (node_modules/gensync/index.js:251:28)
      at sync (node_modules/gensync/index.js:89:14)
      at fn (node_modules/@babel/core/src/errors/rewrite-stack-trace.ts:99:14)
      at transformSync (node_modules/@babel/core/src/transform.ts:66:52)
      at ScriptTransformer.transformSource (node_modules/@jest/transform/build/index.js:422:31)
      at ScriptTransformer._transformAndBuildScript (node_modules/@jest/transform/build/index.js:519:40)
      at ScriptTransformer.transform (node_modules/@jest/transform/build/index.js:558:19)
      at Object.require (tests/MetaGame.test.js:1:1)

FAIL tests/HousingExpansion.test.js
  ● Test suite failed to run

    Jest encountered an unexpected token

    Jest failed to parse a file. This happens e.g. when your code or its dependencies use non-standard JavaScript syntax, or when Jest is not configured to support such syntax.

    Out of the box Jest supports Babel, which will be used to transform your files into valid JS based on your Babel configuration.

    By default "node_modules" folder is ignored by transformers.

    Here's what you can do:
     • If you are trying to use ECMAScript Modules, see https://jestjs.io/docs/ecmascript-modules for how to enable it.
     • If you are trying to use TypeScript, see https://jestjs.io/docs/getting-started#using-typescript
     • To have some of your "node_modules" files transformed, you can specify a custom "transformIgnorePatterns" in your config.
     • If you need a custom transformation, specify a "transform" option in your config.
     • If you simply want to mock your non-JS modules (e.g. binary assets) you can stub them out with the "moduleNameMapper" config option.

    You'll find more details and examples of these config options in the docs:
    https://jestjs.io/docs/configuration
    For information about custom transformations, see:
    https://jestjs.io/docs/code-transformation

    Details:

    SyntaxError: /workspaces/Nadagotchi/js/Nadagotchi.js: Unexpected token (32:0)

      30 |      */
      31 |     constructor(initialArchetype, loadedData = null) {
    > 32 | <<<<<<< HEAD
         | ^
      33 |         /** @type {boolean} Indicates if the asynchronous initialization is complete. */
      34 |         this.isInitialized = false;
      35 |

      1 |
    > 2 | const { Nadagotchi } = require('../js/Nadagotchi.js');
        |                        ^
      3 | const { InventorySystem } = require('../js/systems/InventorySystem.js');
      4 | const { RoomDefinitions } = require('../js/RoomDefinitions.js');
      5 | const { Config } = require('../js/Config.js');

      at constructor (node_modules/@babel/parser/src/parse-error.ts:95:45)
      at Parser.toParseError [as raise] (node_modules/@babel/parser/src/tokenizer/index.ts:1507:19)
      at Parser.raise [as unexpected] (node_modules/@babel/parser/src/tokenizer/index.ts:1547:16)
      at Parser.unexpected [as parseExprAtom] (node_modules/@babel/parser/src/parser/expression.ts:1355:22)
      at Parser.parseExprAtom [as parseExprSubscripts] (node_modules/@babel/parser/src/parser/expression.ts:742:23)
      at Parser.parseExprSubscripts [as parseUpdate] (node_modules/@babel/parser/src/parser/expression.ts:721:21)
      at Parser.parseUpdate [as parseMaybeUnary] (node_modules/@babel/parser/src/parser/expression.ts:683:23)
      at Parser.parseMaybeUnary [as parseMaybeUnaryOrPrivate] (node_modules/@babel/parser/src/parser/expression.ts:417:14)
      at Parser.parseMaybeUnaryOrPrivate [as parseExprOps] (node_modules/@babel/parser/src/parser/expression.ts:429:23)
      at Parser.parseExprOps [as parseMaybeConditional] (node_modules/@babel/parser/src/parser/expression.ts:384:23)
      at Parser.parseMaybeConditional [as parseMaybeAssign] (node_modules/@babel/parser/src/parser/expression.ts:301:21)
      at Parser.parseMaybeAssign [as parseExpressionBase] (node_modules/@babel/parser/src/parser/expression.ts:226:23)
      at parseExpressionBase (node_modules/@babel/parser/src/parser/expression.ts:217:39)
      at Parser.callback [as allowInAnd] (node_modules/@babel/parser/src/parser/expression.ts:3197:16)
      at Parser.allowInAnd [as parseExpression] (node_modules/@babel/parser/src/parser/expression.ts:217:17)
      at Parser.parseExpression [as parseStatementContent] (node_modules/@babel/parser/src/parser/statement.ts:688:23)
      at Parser.parseStatementContent [as parseStatementLike] (node_modules/@babel/parser/src/parser/statement.ts:482:17)
      at Parser.parseStatementLike [as parseStatementListItem] (node_modules/@babel/parser/src/parser/statement.ts:431:17)
      at Parser.parseStatementListItem [as parseBlockOrModuleBlockBody] (node_modules/@babel/parser/src/parser/statement.ts:1444:16)
      at Parser.parseBlockOrModuleBlockBody [as parseBlockBody] (node_modules/@babel/parser/src/parser/statement.ts:1417:10)
      at Parser.parseBlockBody [as parseBlock] (node_modules/@babel/parser/src/parser/statement.ts:1385:10)
      at Parser.parseBlock [as parseFunctionBody] (node_modules/@babel/parser/src/parser/expression.ts:2626:24)
      at Parser.parseFunctionBody [as parseFunctionBodyAndFinish] (node_modules/@babel/parser/src/parser/expression.ts:2595:10)
      at Parser.parseFunctionBodyAndFinish [as parseMethod] (node_modules/@babel/parser/src/parser/expression.ts:2492:31)
      at Parser.parseMethod [as pushClassMethod] (node_modules/@babel/parser/src/parser/statement.ts:2244:12)
      at Parser.pushClassMethod [as parseClassMemberWithIsStatic] (node_modules/@babel/parser/src/parser/statement.ts:2023:12)
      at Parser.parseClassMemberWithIsStatic [as parseClassMember] (node_modules/@babel/parser/src/parser/statement.ts:1938:10)
      at parseClassMember (node_modules/@babel/parser/src/parser/statement.ts:1851:14)
      at Parser.callback [as withSmartMixTopicForbiddingContext] (node_modules/@babel/parser/src/parser/expression.ts:3176:14)
      at Parser.withSmartMixTopicForbiddingContext [as parseClassBody] (node_modules/@babel/parser/src/parser/statement.ts:1823:10)
      at Parser.parseClassBody [as parseClass] (node_modules/@babel/parser/src/parser/statement.ts:1774:22)
      at Parser.parseClass [as parseExportDeclaration] (node_modules/@babel/parser/src/parser/statement.ts:2628:25)
      at Parser.parseExportDeclaration [as maybeParseExportDeclaration] (node_modules/@babel/parser/src/parser/statement.ts:2551:31)
      at Parser.maybeParseExportDeclaration [as parseExport] (node_modules/@babel/parser/src/parser/statement.ts:2432:29)
      at Parser.parseExport [as parseStatementContent] (node_modules/@babel/parser/src/parser/statement.ts:649:25)
      at Parser.parseStatementContent [as parseStatementLike] (node_modules/@babel/parser/src/parser/statement.ts:482:17)
      at Parser.parseStatementLike [as parseModuleItem] (node_modules/@babel/parser/src/parser/statement.ts:419:17)
      at Parser.parseModuleItem [as parseBlockOrModuleBlockBody] (node_modules/@babel/parser/src/parser/statement.ts:1443:16)
      at Parser.parseBlockOrModuleBlockBody [as parseBlockBody] (node_modules/@babel/parser/src/parser/statement.ts:1417:10)
      at Parser.parseBlockBody [as parseProgram] (node_modules/@babel/parser/src/parser/statement.ts:229:10)
      at Parser.parseProgram [as parseTopLevel] (node_modules/@babel/parser/src/parser/statement.ts:203:25)
      at Parser.parseTopLevel [as parse] (node_modules/@babel/parser/src/parser/index.ts:88:25)
      at parse (node_modules/@babel/parser/src/index.ts:86:38)
      at parser (node_modules/@babel/core/src/parser/index.ts:29:19)
          at parser.next (<anonymous>)
      at normalizeFile (node_modules/@babel/core/src/transformation/normalize-file.ts:50:24)
          at normalizeFile.next (<anonymous>)
      at run (node_modules/@babel/core/src/transformation/index.ts:41:36)
          at run.next (<anonymous>)
      at transform (node_modules/@babel/core/src/transform.ts:29:20)
          at transform.next (<anonymous>)
      at evaluateSync (node_modules/gensync/index.js:251:28)
      at sync (node_modules/gensync/index.js:89:14)
      at fn (node_modules/@babel/core/src/errors/rewrite-stack-trace.ts:99:14)
      at transformSync (node_modules/@babel/core/src/transform.ts:66:52)
      at ScriptTransformer.transformSource (node_modules/@jest/transform/build/index.js:422:31)
      at ScriptTransformer._transformAndBuildScript (node_modules/@jest/transform/build/index.js:519:40)
      at ScriptTransformer.transform (node_modules/@jest/transform/build/index.js:558:19)
      at Object.require (tests/HousingExpansion.test.js:2:24)

FAIL tests/GeneticsSerialization.test.js
  ● Test suite failed to run

    Jest encountered an unexpected token

    Jest failed to parse a file. This happens e.g. when your code or its dependencies use non-standard JavaScript syntax, or when Jest is not configured to support such syntax.

    Out of the box Jest supports Babel, which will be used to transform your files into valid JS based on your Babel configuration.

    By default "node_modules" folder is ignored by transformers.

    Here's what you can do:
     • If you are trying to use ECMAScript Modules, see https://jestjs.io/docs/ecmascript-modules for how to enable it.
     • If you are trying to use TypeScript, see https://jestjs.io/docs/getting-started#using-typescript
     • To have some of your "node_modules" files transformed, you can specify a custom "transformIgnorePatterns" in your config.
     • If you need a custom transformation, specify a "transform" option in your config.
     • If you simply want to mock your non-JS modules (e.g. binary assets) you can stub them out with the "moduleNameMapper" config option.

    You'll find more details and examples of these config options in the docs:
    https://jestjs.io/docs/configuration
    For information about custom transformations, see:
    https://jestjs.io/docs/code-transformation

    Details:

    SyntaxError: /workspaces/Nadagotchi/js/Config.js: Unexpected token (43:0)

      41 |     },
      42 |
    > 43 | <<<<<<< HEAD
         | ^
      44 |     // Minigame Settings
      45 |     MINIGAMES: {
      46 |         LOGIC_PUZZLE: {

       5 |
       6 | import { SeededRandom } from './utils/SeededRandom.js';
    >  7 | import { Config } from './Config.js';
         | ^
       8 | import { CryptoUtils } from './utils/CryptoUtils.js';
       9 |
      10 | import { toBase64, fromBase64 } from './utils/Encoding.js';

      at constructor (node_modules/@babel/parser/src/parse-error.ts:95:45)
      at Parser.toParseError [as raise] (node_modules/@babel/parser/src/tokenizer/index.ts:1507:19)
      at Parser.raise [as unexpected] (node_modules/@babel/parser/src/tokenizer/index.ts:1547:16)
      at Parser.unexpected [as parsePropertyName] (node_modules/@babel/parser/src/parser/expression.ts:2451:18)
      at Parser.parsePropertyName [as parsePropertyDefinition] (node_modules/@babel/parser/src/parser/expression.ts:2198:10)
      at Parser.parsePropertyDefinition [as parseObjectLike] (node_modules/@babel/parser/src/parser/expression.ts:2095:21)
      at Parser.parseObjectLike [as parseExprAtom] (node_modules/@babel/parser/src/parser/expression.ts:1181:21)
      at Parser.parseExprAtom [as parseExprSubscripts] (node_modules/@babel/parser/src/parser/expression.ts:742:23)
      at Parser.parseExprSubscripts [as parseUpdate] (node_modules/@babel/parser/src/parser/expression.ts:721:21)
      at Parser.parseUpdate [as parseMaybeUnary] (node_modules/@babel/parser/src/parser/expression.ts:683:23)
      at Parser.parseMaybeUnary [as parseMaybeUnaryOrPrivate] (node_modules/@babel/parser/src/parser/expression.ts:417:14)
      at Parser.parseMaybeUnaryOrPrivate [as parseExprOps] (node_modules/@babel/parser/src/parser/expression.ts:429:23)
      at Parser.parseExprOps [as parseMaybeConditional] (node_modules/@babel/parser/src/parser/expression.ts:384:23)
      at Parser.parseMaybeConditional [as parseMaybeAssign] (node_modules/@babel/parser/src/parser/expression.ts:301:21)
      at parseMaybeAssign (node_modules/@babel/parser/src/parser/expression.ts:257:12)
      at Parser.callback [as allowInAnd] (node_modules/@babel/parser/src/parser/expression.ts:3197:16)
      at Parser.allowInAnd [as parseMaybeAssignAllowIn] (node_modules/@babel/parser/src/parser/expression.ts:256:17)
      at Parser.parseMaybeAssignAllowIn [as parseVar] (node_modules/@babel/parser/src/parser/statement.ts:1587:18)
      at Parser.parseVar [as parseVarStatement] (node_modules/@babel/parser/src/parser/statement.ts:1251:10)
      at Parser.parseVarStatement [as parseStatementContent] (node_modules/@babel/parser/src/parser/statement.ts:612:21)
      at Parser.parseStatementContent [as parseStatementLike] (node_modules/@babel/parser/src/parser/statement.ts:482:17)
      at Parser.parseStatementLike [as parseStatementListItem] (node_modules/@babel/parser/src/parser/statement.ts:431:17)
      at Parser.parseStatementListItem (node_modules/@babel/parser/src/parser/statement.ts:2635:17)
      at Parser.parseExportDeclaration [as maybeParseExportDeclaration] (node_modules/@babel/parser/src/parser/statement.ts:2551:31)
      at Parser.maybeParseExportDeclaration [as parseExport] (node_modules/@babel/parser/src/parser/statement.ts:2432:29)
      at Parser.parseExport [as parseStatementContent] (node_modules/@babel/parser/src/parser/statement.ts:649:25)
      at Parser.parseStatementContent [as parseStatementLike] (node_modules/@babel/parser/src/parser/statement.ts:482:17)
      at Parser.parseStatementLike [as parseModuleItem] (node_modules/@babel/parser/src/parser/statement.ts:419:17)
      at Parser.parseModuleItem [as parseBlockOrModuleBlockBody] (node_modules/@babel/parser/src/parser/statement.ts:1443:16)
      at Parser.parseBlockOrModuleBlockBody [as parseBlockBody] (node_modules/@babel/parser/src/parser/statement.ts:1417:10)
      at Parser.parseBlockBody [as parseProgram] (node_modules/@babel/parser/src/parser/statement.ts:229:10)
      at Parser.parseProgram [as parseTopLevel] (node_modules/@babel/parser/src/parser/statement.ts:203:25)
      at Parser.parseTopLevel [as parse] (node_modules/@babel/parser/src/parser/index.ts:88:25)
      at parse (node_modules/@babel/parser/src/index.ts:86:38)
      at parser (node_modules/@babel/core/src/parser/index.ts:29:19)
          at parser.next (<anonymous>)
      at normalizeFile (node_modules/@babel/core/src/transformation/normalize-file.ts:50:24)
          at normalizeFile.next (<anonymous>)
      at run (node_modules/@babel/core/src/transformation/index.ts:41:36)
          at run.next (<anonymous>)
      at transform (node_modules/@babel/core/src/transform.ts:29:20)
          at transform.next (<anonymous>)
      at evaluateSync (node_modules/gensync/index.js:251:28)
      at sync (node_modules/gensync/index.js:89:14)
      at fn (node_modules/@babel/core/src/errors/rewrite-stack-trace.ts:99:14)
      at transformSync (node_modules/@babel/core/src/transform.ts:66:52)
      at ScriptTransformer.transformSource (node_modules/@jest/transform/build/index.js:422:31)
      at ScriptTransformer._transformAndBuildScript (node_modules/@jest/transform/build/index.js:519:40)
      at ScriptTransformer.transform (node_modules/@jest/transform/build/index.js:558:19)
      at Object.require (js/GeneticsSystem.js:7:1)
      at Object.require (tests/GeneticsSerialization.test.js:2:1)

FAIL tests/ExpeditionScene.test.js
  ● Test suite failed to run

    Jest encountered an unexpected token

    Jest failed to parse a file. This happens e.g. when your code or its dependencies use non-standard JavaScript syntax, or when Jest is not configured to support such syntax.

    Out of the box Jest supports Babel, which will be used to transform your files into valid JS based on your Babel configuration.

    By default "node_modules" folder is ignored by transformers.

    Here's what you can do:
     • If you are trying to use ECMAScript Modules, see https://jestjs.io/docs/ecmascript-modules for how to enable it.
     • If you are trying to use TypeScript, see https://jestjs.io/docs/getting-started#using-typescript
     • To have some of your "node_modules" files transformed, you can specify a custom "transformIgnorePatterns" in your config.
     • If you need a custom transformation, specify a "transform" option in your config.
     • If you simply want to mock your non-JS modules (e.g. binary assets) you can stub them out with the "moduleNameMapper" config option.

    You'll find more details and examples of these config options in the docs:
    https://jestjs.io/docs/configuration
    For information about custom transformations, see:
    https://jestjs.io/docs/code-transformation

    Details:

    SyntaxError: /workspaces/Nadagotchi/js/Config.js: Unexpected token (43:0)

      41 |     },
      42 |
    > 43 | <<<<<<< HEAD
         | ^
      44 |     // Minigame Settings
      45 |     MINIGAMES: {
      46 |         LOGIC_PUZZLE: {

    > 1 | import { Config } from '../Config.js';
        | ^
      2 |
      3 | /**
      4 |  * @class SoundSynthesizer

      at constructor (node_modules/@babel/parser/src/parse-error.ts:95:45)
      at Parser.toParseError [as raise] (node_modules/@babel/parser/src/tokenizer/index.ts:1507:19)
      at Parser.raise [as unexpected] (node_modules/@babel/parser/src/tokenizer/index.ts:1547:16)
      at Parser.unexpected [as parsePropertyName] (node_modules/@babel/parser/src/parser/expression.ts:2451:18)
      at Parser.parsePropertyName [as parsePropertyDefinition] (node_modules/@babel/parser/src/parser/expression.ts:2198:10)
      at Parser.parsePropertyDefinition [as parseObjectLike] (node_modules/@babel/parser/src/parser/expression.ts:2095:21)
      at Parser.parseObjectLike [as parseExprAtom] (node_modules/@babel/parser/src/parser/expression.ts:1181:21)
      at Parser.parseExprAtom [as parseExprSubscripts] (node_modules/@babel/parser/src/parser/expression.ts:742:23)
      at Parser.parseExprSubscripts [as parseUpdate] (node_modules/@babel/parser/src/parser/expression.ts:721:21)
      at Parser.parseUpdate [as parseMaybeUnary] (node_modules/@babel/parser/src/parser/expression.ts:683:23)
      at Parser.parseMaybeUnary [as parseMaybeUnaryOrPrivate] (node_modules/@babel/parser/src/parser/expression.ts:417:14)
      at Parser.parseMaybeUnaryOrPrivate [as parseExprOps] (node_modules/@babel/parser/src/parser/expression.ts:429:23)
      at Parser.parseExprOps [as parseMaybeConditional] (node_modules/@babel/parser/src/parser/expression.ts:384:23)
      at Parser.parseMaybeConditional [as parseMaybeAssign] (node_modules/@babel/parser/src/parser/expression.ts:301:21)
      at parseMaybeAssign (node_modules/@babel/parser/src/parser/expression.ts:257:12)
      at Parser.callback [as allowInAnd] (node_modules/@babel/parser/src/parser/expression.ts:3197:16)
      at Parser.allowInAnd [as parseMaybeAssignAllowIn] (node_modules/@babel/parser/src/parser/expression.ts:256:17)
      at Parser.parseMaybeAssignAllowIn [as parseVar] (node_modules/@babel/parser/src/parser/statement.ts:1587:18)
      at Parser.parseVar [as parseVarStatement] (node_modules/@babel/parser/src/parser/statement.ts:1251:10)
      at Parser.parseVarStatement [as parseStatementContent] (node_modules/@babel/parser/src/parser/statement.ts:612:21)
      at Parser.parseStatementContent [as parseStatementLike] (node_modules/@babel/parser/src/parser/statement.ts:482:17)
      at Parser.parseStatementLike [as parseStatementListItem] (node_modules/@babel/parser/src/parser/statement.ts:431:17)
      at Parser.parseStatementListItem (node_modules/@babel/parser/src/parser/statement.ts:2635:17)
      at Parser.parseExportDeclaration [as maybeParseExportDeclaration] (node_modules/@babel/parser/src/parser/statement.ts:2551:31)
      at Parser.maybeParseExportDeclaration [as parseExport] (node_modules/@babel/parser/src/parser/statement.ts:2432:29)
      at Parser.parseExport [as parseStatementContent] (node_modules/@babel/parser/src/parser/statement.ts:649:25)
      at Parser.parseStatementContent [as parseStatementLike] (node_modules/@babel/parser/src/parser/statement.ts:482:17)
      at Parser.parseStatementLike [as parseModuleItem] (node_modules/@babel/parser/src/parser/statement.ts:419:17)
      at Parser.parseModuleItem [as parseBlockOrModuleBlockBody] (node_modules/@babel/parser/src/parser/statement.ts:1443:16)
      at Parser.parseBlockOrModuleBlockBody [as parseBlockBody] (node_modules/@babel/parser/src/parser/statement.ts:1417:10)
      at Parser.parseBlockBody [as parseProgram] (node_modules/@babel/parser/src/parser/statement.ts:229:10)
      at Parser.parseProgram [as parseTopLevel] (node_modules/@babel/parser/src/parser/statement.ts:203:25)
      at Parser.parseTopLevel [as parse] (node_modules/@babel/parser/src/parser/index.ts:88:25)
      at parse (node_modules/@babel/parser/src/index.ts:86:38)
      at parser (node_modules/@babel/core/src/parser/index.ts:29:19)
          at parser.next (<anonymous>)
      at normalizeFile (node_modules/@babel/core/src/transformation/normalize-file.ts:50:24)
          at normalizeFile.next (<anonymous>)
      at run (node_modules/@babel/core/src/transformation/index.ts:41:36)
          at run.next (<anonymous>)
      at transform (node_modules/@babel/core/src/transform.ts:29:20)
          at transform.next (<anonymous>)
      at evaluateSync (node_modules/gensync/index.js:251:28)
      at sync (node_modules/gensync/index.js:89:14)
      at fn (node_modules/@babel/core/src/errors/rewrite-stack-trace.ts:99:14)
      at transformSync (node_modules/@babel/core/src/transform.ts:66:52)
      at ScriptTransformer.transformSource (node_modules/@jest/transform/build/index.js:422:31)
      at ScriptTransformer._transformAndBuildScript (node_modules/@jest/transform/build/index.js:519:40)
      at ScriptTransformer.transform (node_modules/@jest/transform/build/index.js:558:19)
      at Object.require (js/utils/SoundSynthesizer.js:1:1)
      at Object.require (js/ButtonFactory.js:7:1)
      at Object.require (tests/ExpeditionScene.test.js:3:27)

FAIL tests/benchmark_save.test.js
  ● Test suite failed to run

    Jest encountered an unexpected token

    Jest failed to parse a file. This happens e.g. when your code or its dependencies use non-standard JavaScript syntax, or when Jest is not configured to support such syntax.

    Out of the box Jest supports Babel, which will be used to transform your files into valid JS based on your Babel configuration.

    By default "node_modules" folder is ignored by transformers.

    Here's what you can do:
     • If you are trying to use ECMAScript Modules, see https://jestjs.io/docs/ecmascript-modules for how to enable it.
     • If you are trying to use TypeScript, see https://jestjs.io/docs/getting-started#using-typescript
     • To have some of your "node_modules" files transformed, you can specify a custom "transformIgnorePatterns" in your config.
     • If you need a custom transformation, specify a "transform" option in your config.
     • If you simply want to mock your non-JS modules (e.g. binary assets) you can stub them out with the "moduleNameMapper" config option.

    You'll find more details and examples of these config options in the docs:
    https://jestjs.io/docs/configuration
    For information about custom transformations, see:
    https://jestjs.io/docs/code-transformation

    Details:

    SyntaxError: /workspaces/Nadagotchi/js/PersistenceManager.js: Unexpected token (7:0)

       5 |
       6 | import { toBase64, fromBase64 } from './utils/Encoding.js';
    >  7 | <<<<<<< HEAD
         | ^
       8 | import { CryptoUtils } from './utils/CryptoUtils.js';
       9 | =======
      10 | >>>>>>> 74fdaab (Update js/DebugConsole.js)

      1 |
    > 2 | import { PersistenceManager } from '../js/PersistenceManager';
        | ^
      3 | import { Nadagotchi } from '../js/Nadagotchi';
      4 | import { jest } from '@jest/globals';
      5 |

      at constructor (node_modules/@babel/parser/src/parse-error.ts:95:45)
      at Parser.toParseError [as raise] (node_modules/@babel/parser/src/tokenizer/index.ts:1507:19)
      at Parser.raise [as unexpected] (node_modules/@babel/parser/src/tokenizer/index.ts:1547:16)
      at Parser.unexpected [as parseExprAtom] (node_modules/@babel/parser/src/parser/expression.ts:1355:22)
      at Parser.parseExprAtom [as parseExprSubscripts] (node_modules/@babel/parser/src/parser/expression.ts:742:23)
      at Parser.parseExprSubscripts [as parseUpdate] (node_modules/@babel/parser/src/parser/expression.ts:721:21)
      at Parser.parseUpdate [as parseMaybeUnary] (node_modules/@babel/parser/src/parser/expression.ts:683:23)
      at Parser.parseMaybeUnary [as parseMaybeUnaryOrPrivate] (node_modules/@babel/parser/src/parser/expression.ts:417:14)
      at Parser.parseMaybeUnaryOrPrivate [as parseExprOps] (node_modules/@babel/parser/src/parser/expression.ts:429:23)
      at Parser.parseExprOps [as parseMaybeConditional] (node_modules/@babel/parser/src/parser/expression.ts:384:23)
      at Parser.parseMaybeConditional [as parseMaybeAssign] (node_modules/@babel/parser/src/parser/expression.ts:301:21)
      at Parser.parseMaybeAssign [as parseExpressionBase] (node_modules/@babel/parser/src/parser/expression.ts:226:23)
      at parseExpressionBase (node_modules/@babel/parser/src/parser/expression.ts:217:39)
      at Parser.callback [as allowInAnd] (node_modules/@babel/parser/src/parser/expression.ts:3197:16)
      at Parser.allowInAnd [as parseExpression] (node_modules/@babel/parser/src/parser/expression.ts:217:17)
      at Parser.parseExpression [as parseStatementContent] (node_modules/@babel/parser/src/parser/statement.ts:688:23)
      at Parser.parseStatementContent [as parseStatementLike] (node_modules/@babel/parser/src/parser/statement.ts:482:17)
      at Parser.parseStatementLike [as parseModuleItem] (node_modules/@babel/parser/src/parser/statement.ts:419:17)
      at Parser.parseModuleItem [as parseBlockOrModuleBlockBody] (node_modules/@babel/parser/src/parser/statement.ts:1443:16)
      at Parser.parseBlockOrModuleBlockBody [as parseBlockBody] (node_modules/@babel/parser/src/parser/statement.ts:1417:10)
      at Parser.parseBlockBody [as parseProgram] (node_modules/@babel/parser/src/parser/statement.ts:229:10)
      at Parser.parseProgram [as parseTopLevel] (node_modules/@babel/parser/src/parser/statement.ts:203:25)
      at Parser.parseTopLevel [as parse] (node_modules/@babel/parser/src/parser/index.ts:88:25)
      at parse (node_modules/@babel/parser/src/index.ts:86:38)
      at parser (node_modules/@babel/core/src/parser/index.ts:29:19)
          at parser.next (<anonymous>)
      at normalizeFile (node_modules/@babel/core/src/transformation/normalize-file.ts:50:24)
          at normalizeFile.next (<anonymous>)
      at run (node_modules/@babel/core/src/transformation/index.ts:41:36)
          at run.next (<anonymous>)
      at transform (node_modules/@babel/core/src/transform.ts:29:20)
          at transform.next (<anonymous>)
      at evaluateSync (node_modules/gensync/index.js:251:28)
      at sync (node_modules/gensync/index.js:89:14)
      at fn (node_modules/@babel/core/src/errors/rewrite-stack-trace.ts:99:14)
      at transformSync (node_modules/@babel/core/src/transform.ts:66:52)
      at ScriptTransformer.transformSource (node_modules/@jest/transform/build/index.js:422:31)
      at ScriptTransformer._transformAndBuildScript (node_modules/@jest/transform/build/index.js:519:40)
      at ScriptTransformer.transform (node_modules/@jest/transform/build/index.js:558:19)
      at Object.require (tests/benchmark_save.test.js:2:1)

FAIL tests/DebugConsole.test.js
  ● Test suite failed to run

    Jest encountered an unexpected token

    Jest failed to parse a file. This happens e.g. when your code or its dependencies use non-standard JavaScript syntax, or when Jest is not configured to support such syntax.

    Out of the box Jest supports Babel, which will be used to transform your files into valid JS based on your Babel configuration.

    By default "node_modules" folder is ignored by transformers.

    Here's what you can do:
     • If you are trying to use ECMAScript Modules, see https://jestjs.io/docs/ecmascript-modules for how to enable it.
     • If you are trying to use TypeScript, see https://jestjs.io/docs/getting-started#using-typescript
     • To have some of your "node_modules" files transformed, you can specify a custom "transformIgnorePatterns" in your config.
     • If you need a custom transformation, specify a "transform" option in your config.
     • If you simply want to mock your non-JS modules (e.g. binary assets) you can stub them out with the "moduleNameMapper" config option.

    You'll find more details and examples of these config options in the docs:
    https://jestjs.io/docs/configuration
    For information about custom transformations, see:
    https://jestjs.io/docs/code-transformation

    Details:

    SyntaxError: /workspaces/Nadagotchi/js/DebugConsole.js: Unexpected token (85:0)

      83 |             { label: "Clear Inventory", action: () => this.clearInventory() },
      84 |             { label: "Unlock All Careers", action: () => { this.scene.nadagotchi.unlockAllCareers(); this.refreshGame(); } },
    > 85 | <<<<<<< HEAD
         | ^
      86 |             { label: "+1000 Coins (Placeholder)", action: () => { this.showToast("Not Implemented", "No currency system yet!", "��"); console.log("Currency system pending implementation."); } }
      87 | =======
      88 | { label: "+1000 Coins (Placeholder)", action: () => { console.warn("No currency system yet!"); } }

      1 |
      2 | import { jest } from '@jest/globals';
    > 3 | import { DebugConsole } from '../js/DebugConsole.js';
        | ^
      4 | import { setupPhaserMock } from './helpers/mockPhaser.js';
      5 |
      6 | describe('DebugConsole', () => {

      at constructor (node_modules/@babel/parser/src/parse-error.ts:95:45)
      at Parser.toParseError [as raise] (node_modules/@babel/parser/src/tokenizer/index.ts:1507:19)
      at Parser.raise [as unexpected] (node_modules/@babel/parser/src/tokenizer/index.ts:1547:16)
      at Parser.unexpected [as parseExprAtom] (node_modules/@babel/parser/src/parser/expression.ts:1355:22)
      at Parser.parseExprAtom [as parseExprSubscripts] (node_modules/@babel/parser/src/parser/expression.ts:742:23)
      at Parser.parseExprSubscripts [as parseUpdate] (node_modules/@babel/parser/src/parser/expression.ts:721:21)
      at Parser.parseUpdate [as parseMaybeUnary] (node_modules/@babel/parser/src/parser/expression.ts:683:23)
      at Parser.parseMaybeUnary [as parseMaybeUnaryOrPrivate] (node_modules/@babel/parser/src/parser/expression.ts:417:14)
      at Parser.parseMaybeUnaryOrPrivate [as parseExprOps] (node_modules/@babel/parser/src/parser/expression.ts:429:23)
      at Parser.parseExprOps [as parseMaybeConditional] (node_modules/@babel/parser/src/parser/expression.ts:384:23)
      at Parser.parseMaybeConditional [as parseMaybeAssign] (node_modules/@babel/parser/src/parser/expression.ts:301:21)
      at parseMaybeAssign (node_modules/@babel/parser/src/parser/expression.ts:257:12)
      at Parser.callback [as allowInAnd] (node_modules/@babel/parser/src/parser/expression.ts:3202:12)
      at Parser.allowInAnd [as parseMaybeAssignAllowIn] (node_modules/@babel/parser/src/parser/expression.ts:256:17)
      at Parser.parseMaybeAssignAllowIn [as parseMaybeAssignAllowInOrVoidPattern] (node_modules/@babel/parser/src/parser/expression.ts:3316:17)
      at Parser.parseMaybeAssignAllowInOrVoidPattern [as parseExprListItem] (node_modules/@babel/parser/src/parser/expression.ts:2798:18)
      at Parser.parseExprListItem [as parseExprList] (node_modules/@babel/parser/src/parser/expression.ts:2742:22)
      at Parser.parseExprList [as parseArrayLike] (node_modules/@babel/parser/src/parser/expression.ts:2515:26)
      at Parser.parseArrayLike [as parseExprAtom] (node_modules/@babel/parser/src/parser/expression.ts:1174:21)
      at Parser.parseExprAtom [as parseExprSubscripts] (node_modules/@babel/parser/src/parser/expression.ts:742:23)
      at Parser.parseExprSubscripts [as parseUpdate] (node_modules/@babel/parser/src/parser/expression.ts:721:21)
      at Parser.parseUpdate [as parseMaybeUnary] (node_modules/@babel/parser/src/parser/expression.ts:683:23)
      at Parser.parseMaybeUnary [as parseMaybeUnaryOrPrivate] (node_modules/@babel/parser/src/parser/expression.ts:417:14)
      at Parser.parseMaybeUnaryOrPrivate [as parseExprOps] (node_modules/@babel/parser/src/parser/expression.ts:429:23)
      at Parser.parseExprOps [as parseMaybeConditional] (node_modules/@babel/parser/src/parser/expression.ts:384:23)
      at Parser.parseMaybeConditional [as parseMaybeAssign] (node_modules/@babel/parser/src/parser/expression.ts:301:21)
      at parseMaybeAssign (node_modules/@babel/parser/src/parser/expression.ts:257:12)
      at Parser.callback [as allowInAnd] (node_modules/@babel/parser/src/parser/expression.ts:3202:12)
      at Parser.allowInAnd [as parseMaybeAssignAllowIn] (node_modules/@babel/parser/src/parser/expression.ts:256:17)
      at Parser.parseMaybeAssignAllowIn [as parseMaybeAssignAllowInOrVoidPattern] (node_modules/@babel/parser/src/parser/expression.ts:3316:17)
      at Parser.parseMaybeAssignAllowInOrVoidPattern [as parseExprListItem] (node_modules/@babel/parser/src/parser/expression.ts:2798:18)
      at Parser.parseExprListItem [as parseCallExpressionArguments] (node_modules/@babel/parser/src/parser/expression.ts:1042:14)
      at Parser.parseCallExpressionArguments [as parseCoverCallAndAsyncArrowHead] (node_modules/@babel/parser/src/parser/expression.ts:922:29)
      at Parser.parseCoverCallAndAsyncArrowHead [as parseSubscript] (node_modules/@babel/parser/src/parser/expression.ts:804:19)
      at Parser.parseSubscript [as parseSubscripts] (node_modules/@babel/parser/src/parser/expression.ts:763:19)
      at Parser.parseSubscripts [as parseExprSubscripts] (node_modules/@babel/parser/src/parser/expression.ts:748:17)
      at Parser.parseExprSubscripts [as parseUpdate] (node_modules/@babel/parser/src/parser/expression.ts:721:21)
      at Parser.parseUpdate [as parseMaybeUnary] (node_modules/@babel/parser/src/parser/expression.ts:683:23)
      at Parser.parseMaybeUnary [as parseMaybeUnaryOrPrivate] (node_modules/@babel/parser/src/parser/expression.ts:417:14)
      at Parser.parseMaybeUnaryOrPrivate [as parseExprOps] (node_modules/@babel/parser/src/parser/expression.ts:429:23)
      at Parser.parseExprOps [as parseMaybeConditional] (node_modules/@babel/parser/src/parser/expression.ts:384:23)
      at Parser.parseMaybeConditional [as parseMaybeAssign] (node_modules/@babel/parser/src/parser/expression.ts:301:21)
      at Parser.parseMaybeAssign [as parseExpressionBase] (node_modules/@babel/parser/src/parser/expression.ts:226:23)
      at parseExpressionBase (node_modules/@babel/parser/src/parser/expression.ts:217:39)
      at Parser.callback [as allowInAnd] (node_modules/@babel/parser/src/parser/expression.ts:3197:16)
      at Parser.allowInAnd [as parseExpression] (node_modules/@babel/parser/src/parser/expression.ts:217:17)
      at Parser.parseExpression [as parseStatementContent] (node_modules/@babel/parser/src/parser/statement.ts:688:23)
      at Parser.parseStatementContent [as parseStatementLike] (node_modules/@babel/parser/src/parser/statement.ts:482:17)
      at Parser.parseStatementLike [as parseStatementListItem] (node_modules/@babel/parser/src/parser/statement.ts:431:17)
      at Parser.parseStatementListItem [as parseBlockOrModuleBlockBody] (node_modules/@babel/parser/src/parser/statement.ts:1444:16)
      at Parser.parseBlockOrModuleBlockBody [as parseBlockBody] (node_modules/@babel/parser/src/parser/statement.ts:1417:10)
      at Parser.parseBlockBody [as parseBlock] (node_modules/@babel/parser/src/parser/statement.ts:1385:10)
      at Parser.parseBlock [as parseFunctionBody] (node_modules/@babel/parser/src/parser/expression.ts:2626:24)
      at Parser.parseFunctionBody [as parseFunctionBodyAndFinish] (node_modules/@babel/parser/src/parser/expression.ts:2595:10)
      at Parser.parseFunctionBodyAndFinish [as parseMethod] (node_modules/@babel/parser/src/parser/expression.ts:2492:31)
      at Parser.parseMethod [as pushClassMethod] (node_modules/@babel/parser/src/parser/statement.ts:2244:12)
      at Parser.pushClassMethod [as parseClassMemberWithIsStatic] (node_modules/@babel/parser/src/parser/statement.ts:2023:12)
      at Parser.parseClassMemberWithIsStatic [as parseClassMember] (node_modules/@babel/parser/src/parser/statement.ts:1938:10)
      at parseClassMember (node_modules/@babel/parser/src/parser/statement.ts:1851:14)
      at Parser.callback [as withSmartMixTopicForbiddingContext] (node_modules/@babel/parser/src/parser/expression.ts:3176:14)
      at Parser.withSmartMixTopicForbiddingContext [as parseClassBody] (node_modules/@babel/parser/src/parser/statement.ts:1823:10)
      at Parser.parseClassBody [as parseClass] (node_modules/@babel/parser/src/parser/statement.ts:1774:22)
      at Parser.parseClass [as parseExportDeclaration] (node_modules/@babel/parser/src/parser/statement.ts:2628:25)
      at Parser.parseExportDeclaration [as maybeParseExportDeclaration] (node_modules/@babel/parser/src/parser/statement.ts:2551:31)
      at Parser.maybeParseExportDeclaration [as parseExport] (node_modules/@babel/parser/src/parser/statement.ts:2432:29)
      at Parser.parseExport [as parseStatementContent] (node_modules/@babel/parser/src/parser/statement.ts:649:25)
      at Parser.parseStatementContent [as parseStatementLike] (node_modules/@babel/parser/src/parser/statement.ts:482:17)
      at Parser.parseStatementLike [as parseModuleItem] (node_modules/@babel/parser/src/parser/statement.ts:419:17)
      at Parser.parseModuleItem [as parseBlockOrModuleBlockBody] (node_modules/@babel/parser/src/parser/statement.ts:1443:16)
      at Parser.parseBlockOrModuleBlockBody [as parseBlockBody] (node_modules/@babel/parser/src/parser/statement.ts:1417:10)
      at Parser.parseBlockBody [as parseProgram] (node_modules/@babel/parser/src/parser/statement.ts:229:10)
      at Parser.parseProgram [as parseTopLevel] (node_modules/@babel/parser/src/parser/statement.ts:203:25)
      at Parser.parseTopLevel [as parse] (node_modules/@babel/parser/src/parser/index.ts:88:25)
      at parse (node_modules/@babel/parser/src/index.ts:86:38)
      at parser (node_modules/@babel/core/src/parser/index.ts:29:19)
          at parser.next (<anonymous>)
      at normalizeFile (node_modules/@babel/core/src/transformation/normalize-file.ts:50:24)
          at normalizeFile.next (<anonymous>)
      at run (node_modules/@babel/core/src/transformation/index.ts:41:36)
          at run.next (<anonymous>)
      at transform (node_modules/@babel/core/src/transform.ts:29:20)
          at transform.next (<anonymous>)
      at evaluateSync (node_modules/gensync/index.js:251:28)
      at sync (node_modules/gensync/index.js:89:14)
      at fn (node_modules/@babel/core/src/errors/rewrite-stack-trace.ts:99:14)
      at transformSync (node_modules/@babel/core/src/transform.ts:66:52)
      at ScriptTransformer.transformSource (node_modules/@jest/transform/build/index.js:422:31)
      at ScriptTransformer._transformAndBuildScript (node_modules/@jest/transform/build/index.js:519:40)
      at ScriptTransformer.transform (node_modules/@jest/transform/build/index.js:558:19)
      at Object.require (tests/DebugConsole.test.js:3:1)

FAIL tests/QuestSystem_generateDailyQuest.test.js
  ● Test suite failed to run

    Jest encountered an unexpected token

    Jest failed to parse a file. This happens e.g. when your code or its dependencies use non-standard JavaScript syntax, or when Jest is not configured to support such syntax.

    Out of the box Jest supports Babel, which will be used to transform your files into valid JS based on your Babel configuration.

    By default "node_modules" folder is ignored by transformers.

    Here's what you can do:
     • If you are trying to use ECMAScript Modules, see https://jestjs.io/docs/ecmascript-modules for how to enable it.
     • If you are trying to use TypeScript, see https://jestjs.io/docs/getting-started#using-typescript
     • To have some of your "node_modules" files transformed, you can specify a custom "transformIgnorePatterns" in your config.
     • If you need a custom transformation, specify a "transform" option in your config.
     • If you simply want to mock your non-JS modules (e.g. binary assets) you can stub them out with the "moduleNameMapper" config option.

    You'll find more details and examples of these config options in the docs:
    https://jestjs.io/docs/configuration
    For information about custom transformations, see:
    https://jestjs.io/docs/code-transformation

    Details:

    SyntaxError: /workspaces/Nadagotchi/js/Config.js: Unexpected token (43:0)

      41 |     },
      42 |
    > 43 | <<<<<<< HEAD
         | ^
      44 |     // Minigame Settings
      45 |     MINIGAMES: {
      46 |         LOGIC_PUZZLE: {

      1 | import { QuestDefinitions, DailyQuestTemplates } from '../QuestDefinitions.js';
    > 2 | import { Config } from '../Config.js';
        | ^
      3 |
      4 | /**
      5 |  * @fileoverview System for managing quest progression, requirements, and rewards.

      at constructor (node_modules/@babel/parser/src/parse-error.ts:95:45)
      at Parser.toParseError [as raise] (node_modules/@babel/parser/src/tokenizer/index.ts:1507:19)
      at Parser.raise [as unexpected] (node_modules/@babel/parser/src/tokenizer/index.ts:1547:16)
      at Parser.unexpected [as parsePropertyName] (node_modules/@babel/parser/src/parser/expression.ts:2451:18)
      at Parser.parsePropertyName [as parsePropertyDefinition] (node_modules/@babel/parser/src/parser/expression.ts:2198:10)
      at Parser.parsePropertyDefinition [as parseObjectLike] (node_modules/@babel/parser/src/parser/expression.ts:2095:21)
      at Parser.parseObjectLike [as parseExprAtom] (node_modules/@babel/parser/src/parser/expression.ts:1181:21)
      at Parser.parseExprAtom [as parseExprSubscripts] (node_modules/@babel/parser/src/parser/expression.ts:742:23)
      at Parser.parseExprSubscripts [as parseUpdate] (node_modules/@babel/parser/src/parser/expression.ts:721:21)
      at Parser.parseUpdate [as parseMaybeUnary] (node_modules/@babel/parser/src/parser/expression.ts:683:23)
      at Parser.parseMaybeUnary [as parseMaybeUnaryOrPrivate] (node_modules/@babel/parser/src/parser/expression.ts:417:14)
      at Parser.parseMaybeUnaryOrPrivate [as parseExprOps] (node_modules/@babel/parser/src/parser/expression.ts:429:23)
      at Parser.parseExprOps [as parseMaybeConditional] (node_modules/@babel/parser/src/parser/expression.ts:384:23)
      at Parser.parseMaybeConditional [as parseMaybeAssign] (node_modules/@babel/parser/src/parser/expression.ts:301:21)
      at parseMaybeAssign (node_modules/@babel/parser/src/parser/expression.ts:257:12)
      at Parser.callback [as allowInAnd] (node_modules/@babel/parser/src/parser/expression.ts:3197:16)
      at Parser.allowInAnd [as parseMaybeAssignAllowIn] (node_modules/@babel/parser/src/parser/expression.ts:256:17)
      at Parser.parseMaybeAssignAllowIn [as parseVar] (node_modules/@babel/parser/src/parser/statement.ts:1587:18)
      at Parser.parseVar [as parseVarStatement] (node_modules/@babel/parser/src/parser/statement.ts:1251:10)
      at Parser.parseVarStatement [as parseStatementContent] (node_modules/@babel/parser/src/parser/statement.ts:612:21)
      at Parser.parseStatementContent [as parseStatementLike] (node_modules/@babel/parser/src/parser/statement.ts:482:17)
      at Parser.parseStatementLike [as parseStatementListItem] (node_modules/@babel/parser/src/parser/statement.ts:431:17)
      at Parser.parseStatementListItem (node_modules/@babel/parser/src/parser/statement.ts:2635:17)
      at Parser.parseExportDeclaration [as maybeParseExportDeclaration] (node_modules/@babel/parser/src/parser/statement.ts:2551:31)
      at Parser.maybeParseExportDeclaration [as parseExport] (node_modules/@babel/parser/src/parser/statement.ts:2432:29)
      at Parser.parseExport [as parseStatementContent] (node_modules/@babel/parser/src/parser/statement.ts:649:25)
      at Parser.parseStatementContent [as parseStatementLike] (node_modules/@babel/parser/src/parser/statement.ts:482:17)
      at Parser.parseStatementLike [as parseModuleItem] (node_modules/@babel/parser/src/parser/statement.ts:419:17)
      at Parser.parseModuleItem [as parseBlockOrModuleBlockBody] (node_modules/@babel/parser/src/parser/statement.ts:1443:16)
      at Parser.parseBlockOrModuleBlockBody [as parseBlockBody] (node_modules/@babel/parser/src/parser/statement.ts:1417:10)
      at Parser.parseBlockBody [as parseProgram] (node_modules/@babel/parser/src/parser/statement.ts:229:10)
      at Parser.parseProgram [as parseTopLevel] (node_modules/@babel/parser/src/parser/statement.ts:203:25)
      at Parser.parseTopLevel [as parse] (node_modules/@babel/parser/src/parser/index.ts:88:25)
      at parse (node_modules/@babel/parser/src/index.ts:86:38)
      at parser (node_modules/@babel/core/src/parser/index.ts:29:19)
          at parser.next (<anonymous>)
      at normalizeFile (node_modules/@babel/core/src/transformation/normalize-file.ts:50:24)
          at normalizeFile.next (<anonymous>)
      at run (node_modules/@babel/core/src/transformation/index.ts:41:36)
          at run.next (<anonymous>)
      at transform (node_modules/@babel/core/src/transform.ts:29:20)
          at transform.next (<anonymous>)
      at evaluateSync (node_modules/gensync/index.js:251:28)
      at sync (node_modules/gensync/index.js:89:14)
      at fn (node_modules/@babel/core/src/errors/rewrite-stack-trace.ts:99:14)
      at transformSync (node_modules/@babel/core/src/transform.ts:66:52)
      at ScriptTransformer.transformSource (node_modules/@jest/transform/build/index.js:422:31)
      at ScriptTransformer._transformAndBuildScript (node_modules/@jest/transform/build/index.js:519:40)
      at ScriptTransformer.transform (node_modules/@jest/transform/build/index.js:558:19)
      at Object.require (js/systems/QuestSystem.js:2:1)
      at Object.require (tests/QuestSystem_generateDailyQuest.test.js:2:1)

FAIL tests/StudyMinigameScene.test.js
  ● Test suite failed to run

    Jest encountered an unexpected token

    Jest failed to parse a file. This happens e.g. when your code or its dependencies use non-standard JavaScript syntax, or when Jest is not configured to support such syntax.

    Out of the box Jest supports Babel, which will be used to transform your files into valid JS based on your Babel configuration.

    By default "node_modules" folder is ignored by transformers.

    Here's what you can do:
     • If you are trying to use ECMAScript Modules, see https://jestjs.io/docs/ecmascript-modules for how to enable it.
     • If you are trying to use TypeScript, see https://jestjs.io/docs/getting-started#using-typescript
     • To have some of your "node_modules" files transformed, you can specify a custom "transformIgnorePatterns" in your config.
     • If you need a custom transformation, specify a "transform" option in your config.
     • If you simply want to mock your non-JS modules (e.g. binary assets) you can stub them out with the "moduleNameMapper" config option.

    You'll find more details and examples of these config options in the docs:
    https://jestjs.io/docs/configuration
    For information about custom transformations, see:
    https://jestjs.io/docs/code-transformation

    Details:

    SyntaxError: /workspaces/Nadagotchi/tests/helpers/mockPhaser.js: Unexpected token (1:0)

    > 1 | <<<<<<< HEAD
        | ^
      2 | =======
      3 |
      4 | >>>>>>> 74fdaab (Update js/DebugConsole.js)

      1 |
      2 | import { jest } from '@jest/globals';
    > 3 | import { setupPhaserMock } from './helpers/mockPhaser.js';
        | ^
      4 |
      5 | // Setup Phaser Mock
      6 | setupPhaserMock();

      at constructor (node_modules/@babel/parser/src/parse-error.ts:95:45)
      at Parser.toParseError [as raise] (node_modules/@babel/parser/src/tokenizer/index.ts:1507:19)
      at Parser.raise [as unexpected] (node_modules/@babel/parser/src/tokenizer/index.ts:1547:16)
      at Parser.unexpected [as parseExprAtom] (node_modules/@babel/parser/src/parser/expression.ts:1355:22)
      at Parser.parseExprAtom [as parseExprSubscripts] (node_modules/@babel/parser/src/parser/expression.ts:742:23)
      at Parser.parseExprSubscripts [as parseUpdate] (node_modules/@babel/parser/src/parser/expression.ts:721:21)
      at Parser.parseUpdate [as parseMaybeUnary] (node_modules/@babel/parser/src/parser/expression.ts:683:23)
      at Parser.parseMaybeUnary [as parseMaybeUnaryOrPrivate] (node_modules/@babel/parser/src/parser/expression.ts:417:14)
      at Parser.parseMaybeUnaryOrPrivate [as parseExprOps] (node_modules/@babel/parser/src/parser/expression.ts:429:23)
      at Parser.parseExprOps [as parseMaybeConditional] (node_modules/@babel/parser/src/parser/expression.ts:384:23)
      at Parser.parseMaybeConditional [as parseMaybeAssign] (node_modules/@babel/parser/src/parser/expression.ts:301:21)
      at Parser.parseMaybeAssign [as parseExpressionBase] (node_modules/@babel/parser/src/parser/expression.ts:226:23)
      at parseExpressionBase (node_modules/@babel/parser/src/parser/expression.ts:217:39)
      at Parser.callback [as allowInAnd] (node_modules/@babel/parser/src/parser/expression.ts:3197:16)
      at Parser.allowInAnd [as parseExpression] (node_modules/@babel/parser/src/parser/expression.ts:217:17)
      at Parser.parseExpression [as parseStatementContent] (node_modules/@babel/parser/src/parser/statement.ts:688:23)
      at Parser.parseStatementContent [as parseStatementLike] (node_modules/@babel/parser/src/parser/statement.ts:482:17)
      at Parser.parseStatementLike [as parseModuleItem] (node_modules/@babel/parser/src/parser/statement.ts:419:17)
      at Parser.parseModuleItem [as parseBlockOrModuleBlockBody] (node_modules/@babel/parser/src/parser/statement.ts:1443:16)
      at Parser.parseBlockOrModuleBlockBody [as parseBlockBody] (node_modules/@babel/parser/src/parser/statement.ts:1417:10)
      at Parser.parseBlockBody [as parseProgram] (node_modules/@babel/parser/src/parser/statement.ts:229:10)
      at Parser.parseProgram [as parseTopLevel] (node_modules/@babel/parser/src/parser/statement.ts:203:25)
      at Parser.parseTopLevel [as parse] (node_modules/@babel/parser/src/parser/index.ts:88:25)
      at parse (node_modules/@babel/parser/src/index.ts:86:38)
      at parser (node_modules/@babel/core/src/parser/index.ts:29:19)
          at parser.next (<anonymous>)
      at normalizeFile (node_modules/@babel/core/src/transformation/normalize-file.ts:50:24)
          at normalizeFile.next (<anonymous>)
      at run (node_modules/@babel/core/src/transformation/index.ts:41:36)
          at run.next (<anonymous>)
      at transform (node_modules/@babel/core/src/transform.ts:29:20)
          at transform.next (<anonymous>)
      at evaluateSync (node_modules/gensync/index.js:251:28)
      at sync (node_modules/gensync/index.js:89:14)
      at fn (node_modules/@babel/core/src/errors/rewrite-stack-trace.ts:99:14)
      at transformSync (node_modules/@babel/core/src/transform.ts:66:52)
      at ScriptTransformer.transformSource (node_modules/@jest/transform/build/index.js:422:31)
      at ScriptTransformer._transformAndBuildScript (node_modules/@jest/transform/build/index.js:519:40)
      at ScriptTransformer.transform (node_modules/@jest/transform/build/index.js:558:19)
      at Object.require (tests/StudyMinigameScene.test.js:3:1)

FAIL tests/ExploitQuestBypass.test.js
  ● Test suite failed to run

    Jest encountered an unexpected token

    Jest failed to parse a file. This happens e.g. when your code or its dependencies use non-standard JavaScript syntax, or when Jest is not configured to support such syntax.

    Out of the box Jest supports Babel, which will be used to transform your files into valid JS based on your Babel configuration.

    By default "node_modules" folder is ignored by transformers.

    Here's what you can do:
     • If you are trying to use ECMAScript Modules, see https://jestjs.io/docs/ecmascript-modules for how to enable it.
     • If you are trying to use TypeScript, see https://jestjs.io/docs/getting-started#using-typescript
     • To have some of your "node_modules" files transformed, you can specify a custom "transformIgnorePatterns" in your config.
     • If you need a custom transformation, specify a "transform" option in your config.
     • If you simply want to mock your non-JS modules (e.g. binary assets) you can stub them out with the "moduleNameMapper" config option.

    You'll find more details and examples of these config options in the docs:
    https://jestjs.io/docs/configuration
    For information about custom transformations, see:
    https://jestjs.io/docs/code-transformation

    Details:

    SyntaxError: /workspaces/Nadagotchi/js/Nadagotchi.js: Unexpected token (32:0)

      30 |      */
      31 |     constructor(initialArchetype, loadedData = null) {
    > 32 | <<<<<<< HEAD
         | ^
      33 |         /** @type {boolean} Indicates if the asynchronous initialization is complete. */
      34 |         this.isInitialized = false;
      35 |

      2 |
      3 | jest.mock('../js/PersistenceManager');
    > 4 | const { Nadagotchi } = require('../js/Nadagotchi');
        |                        ^
      5 | const { PersistenceManager } = require('../js/PersistenceManager');
      6 |
      7 | // Helper to check if journal contains partial text

      at constructor (node_modules/@babel/parser/src/parse-error.ts:95:45)
      at Parser.toParseError [as raise] (node_modules/@babel/parser/src/tokenizer/index.ts:1507:19)
      at Parser.raise [as unexpected] (node_modules/@babel/parser/src/tokenizer/index.ts:1547:16)
      at Parser.unexpected [as parseExprAtom] (node_modules/@babel/parser/src/parser/expression.ts:1355:22)
      at Parser.parseExprAtom [as parseExprSubscripts] (node_modules/@babel/parser/src/parser/expression.ts:742:23)
      at Parser.parseExprSubscripts [as parseUpdate] (node_modules/@babel/parser/src/parser/expression.ts:721:21)
      at Parser.parseUpdate [as parseMaybeUnary] (node_modules/@babel/parser/src/parser/expression.ts:683:23)
      at Parser.parseMaybeUnary [as parseMaybeUnaryOrPrivate] (node_modules/@babel/parser/src/parser/expression.ts:417:14)
      at Parser.parseMaybeUnaryOrPrivate [as parseExprOps] (node_modules/@babel/parser/src/parser/expression.ts:429:23)
      at Parser.parseExprOps [as parseMaybeConditional] (node_modules/@babel/parser/src/parser/expression.ts:384:23)
      at Parser.parseMaybeConditional [as parseMaybeAssign] (node_modules/@babel/parser/src/parser/expression.ts:301:21)
      at Parser.parseMaybeAssign [as parseExpressionBase] (node_modules/@babel/parser/src/parser/expression.ts:226:23)
      at parseExpressionBase (node_modules/@babel/parser/src/parser/expression.ts:217:39)
      at Parser.callback [as allowInAnd] (node_modules/@babel/parser/src/parser/expression.ts:3197:16)
      at Parser.allowInAnd [as parseExpression] (node_modules/@babel/parser/src/parser/expression.ts:217:17)
      at Parser.parseExpression [as parseStatementContent] (node_modules/@babel/parser/src/parser/statement.ts:688:23)
      at Parser.parseStatementContent [as parseStatementLike] (node_modules/@babel/parser/src/parser/statement.ts:482:17)
      at Parser.parseStatementLike [as parseStatementListItem] (node_modules/@babel/parser/src/parser/statement.ts:431:17)
      at Parser.parseStatementListItem [as parseBlockOrModuleBlockBody] (node_modules/@babel/parser/src/parser/statement.ts:1444:16)
      at Parser.parseBlockOrModuleBlockBody [as parseBlockBody] (node_modules/@babel/parser/src/parser/statement.ts:1417:10)
      at Parser.parseBlockBody [as parseBlock] (node_modules/@babel/parser/src/parser/statement.ts:1385:10)
      at Parser.parseBlock [as parseFunctionBody] (node_modules/@babel/parser/src/parser/expression.ts:2626:24)
      at Parser.parseFunctionBody [as parseFunctionBodyAndFinish] (node_modules/@babel/parser/src/parser/expression.ts:2595:10)
      at Parser.parseFunctionBodyAndFinish [as parseMethod] (node_modules/@babel/parser/src/parser/expression.ts:2492:31)
      at Parser.parseMethod [as pushClassMethod] (node_modules/@babel/parser/src/parser/statement.ts:2244:12)
      at Parser.pushClassMethod [as parseClassMemberWithIsStatic] (node_modules/@babel/parser/src/parser/statement.ts:2023:12)
      at Parser.parseClassMemberWithIsStatic [as parseClassMember] (node_modules/@babel/parser/src/parser/statement.ts:1938:10)
      at parseClassMember (node_modules/@babel/parser/src/parser/statement.ts:1851:14)
      at Parser.callback [as withSmartMixTopicForbiddingContext] (node_modules/@babel/parser/src/parser/expression.ts:3176:14)
      at Parser.withSmartMixTopicForbiddingContext [as parseClassBody] (node_modules/@babel/parser/src/parser/statement.ts:1823:10)
      at Parser.parseClassBody [as parseClass] (node_modules/@babel/parser/src/parser/statement.ts:1774:22)
      at Parser.parseClass [as parseExportDeclaration] (node_modules/@babel/parser/src/parser/statement.ts:2628:25)
      at Parser.parseExportDeclaration [as maybeParseExportDeclaration] (node_modules/@babel/parser/src/parser/statement.ts:2551:31)
      at Parser.maybeParseExportDeclaration [as parseExport] (node_modules/@babel/parser/src/parser/statement.ts:2432:29)
      at Parser.parseExport [as parseStatementContent] (node_modules/@babel/parser/src/parser/statement.ts:649:25)
      at Parser.parseStatementContent [as parseStatementLike] (node_modules/@babel/parser/src/parser/statement.ts:482:17)
      at Parser.parseStatementLike [as parseModuleItem] (node_modules/@babel/parser/src/parser/statement.ts:419:17)
      at Parser.parseModuleItem [as parseBlockOrModuleBlockBody] (node_modules/@babel/parser/src/parser/statement.ts:1443:16)
      at Parser.parseBlockOrModuleBlockBody [as parseBlockBody] (node_modules/@babel/parser/src/parser/statement.ts:1417:10)
      at Parser.parseBlockBody [as parseProgram] (node_modules/@babel/parser/src/parser/statement.ts:229:10)
      at Parser.parseProgram [as parseTopLevel] (node_modules/@babel/parser/src/parser/statement.ts:203:25)
      at Parser.parseTopLevel [as parse] (node_modules/@babel/parser/src/parser/index.ts:88:25)
      at parse (node_modules/@babel/parser/src/index.ts:86:38)
      at parser (node_modules/@babel/core/src/parser/index.ts:29:19)
          at parser.next (<anonymous>)
      at normalizeFile (node_modules/@babel/core/src/transformation/normalize-file.ts:50:24)
          at normalizeFile.next (<anonymous>)
      at run (node_modules/@babel/core/src/transformation/index.ts:41:36)
          at run.next (<anonymous>)
      at transform (node_modules/@babel/core/src/transform.ts:29:20)
          at transform.next (<anonymous>)
      at evaluateSync (node_modules/gensync/index.js:251:28)
      at sync (node_modules/gensync/index.js:89:14)
      at fn (node_modules/@babel/core/src/errors/rewrite-stack-trace.ts:99:14)
      at transformSync (node_modules/@babel/core/src/transform.ts:66:52)
      at ScriptTransformer.transformSource (node_modules/@jest/transform/build/index.js:422:31)
      at ScriptTransformer._transformAndBuildScript (node_modules/@jest/transform/build/index.js:519:40)
      at ScriptTransformer.transform (node_modules/@jest/transform/build/index.js:558:19)
      at Object.require (tests/ExploitQuestBypass.test.js:4:24)

FAIL tests/SeasonalCrafting.test.js
  ● Test suite failed to run

    Jest encountered an unexpected token

    Jest failed to parse a file. This happens e.g. when your code or its dependencies use non-standard JavaScript syntax, or when Jest is not configured to support such syntax.

    Out of the box Jest supports Babel, which will be used to transform your files into valid JS based on your Babel configuration.

    By default "node_modules" folder is ignored by transformers.

    Here's what you can do:
     • If you are trying to use ECMAScript Modules, see https://jestjs.io/docs/ecmascript-modules for how to enable it.
     • If you are trying to use TypeScript, see https://jestjs.io/docs/getting-started#using-typescript
     • To have some of your "node_modules" files transformed, you can specify a custom "transformIgnorePatterns" in your config.
     • If you need a custom transformation, specify a "transform" option in your config.
     • If you simply want to mock your non-JS modules (e.g. binary assets) you can stub them out with the "moduleNameMapper" config option.

    You'll find more details and examples of these config options in the docs:
    https://jestjs.io/docs/configuration
    For information about custom transformations, see:
    https://jestjs.io/docs/code-transformation

    Details:

    SyntaxError: /workspaces/Nadagotchi/js/Nadagotchi.js: Unexpected token (32:0)

      30 |      */
      31 |     constructor(initialArchetype, loadedData = null) {
    > 32 | <<<<<<< HEAD
         | ^
      33 |         /** @type {boolean} Indicates if the asynchronous initialization is complete. */
      34 |         this.isInitialized = false;
      35 |

      1 |
    > 2 | import { Nadagotchi } from '../js/Nadagotchi';
        | ^
      3 | import { GeneticsSystem, Genome } from '../js/GeneticsSystem';
      4 |
      5 | class LocalStorageMock {

      at constructor (node_modules/@babel/parser/src/parse-error.ts:95:45)
      at Parser.toParseError [as raise] (node_modules/@babel/parser/src/tokenizer/index.ts:1507:19)
      at Parser.raise [as unexpected] (node_modules/@babel/parser/src/tokenizer/index.ts:1547:16)
      at Parser.unexpected [as parseExprAtom] (node_modules/@babel/parser/src/parser/expression.ts:1355:22)
      at Parser.parseExprAtom [as parseExprSubscripts] (node_modules/@babel/parser/src/parser/expression.ts:742:23)
      at Parser.parseExprSubscripts [as parseUpdate] (node_modules/@babel/parser/src/parser/expression.ts:721:21)
      at Parser.parseUpdate [as parseMaybeUnary] (node_modules/@babel/parser/src/parser/expression.ts:683:23)
      at Parser.parseMaybeUnary [as parseMaybeUnaryOrPrivate] (node_modules/@babel/parser/src/parser/expression.ts:417:14)
      at Parser.parseMaybeUnaryOrPrivate [as parseExprOps] (node_modules/@babel/parser/src/parser/expression.ts:429:23)
      at Parser.parseExprOps [as parseMaybeConditional] (node_modules/@babel/parser/src/parser/expression.ts:384:23)
      at Parser.parseMaybeConditional [as parseMaybeAssign] (node_modules/@babel/parser/src/parser/expression.ts:301:21)
      at Parser.parseMaybeAssign [as parseExpressionBase] (node_modules/@babel/parser/src/parser/expression.ts:226:23)
      at parseExpressionBase (node_modules/@babel/parser/src/parser/expression.ts:217:39)
      at Parser.callback [as allowInAnd] (node_modules/@babel/parser/src/parser/expression.ts:3197:16)
      at Parser.allowInAnd [as parseExpression] (node_modules/@babel/parser/src/parser/expression.ts:217:17)
      at Parser.parseExpression [as parseStatementContent] (node_modules/@babel/parser/src/parser/statement.ts:688:23)
      at Parser.parseStatementContent [as parseStatementLike] (node_modules/@babel/parser/src/parser/statement.ts:482:17)
      at Parser.parseStatementLike [as parseStatementListItem] (node_modules/@babel/parser/src/parser/statement.ts:431:17)
      at Parser.parseStatementListItem [as parseBlockOrModuleBlockBody] (node_modules/@babel/parser/src/parser/statement.ts:1444:16)
      at Parser.parseBlockOrModuleBlockBody [as parseBlockBody] (node_modules/@babel/parser/src/parser/statement.ts:1417:10)
      at Parser.parseBlockBody [as parseBlock] (node_modules/@babel/parser/src/parser/statement.ts:1385:10)
      at Parser.parseBlock [as parseFunctionBody] (node_modules/@babel/parser/src/parser/expression.ts:2626:24)
      at Parser.parseFunctionBody [as parseFunctionBodyAndFinish] (node_modules/@babel/parser/src/parser/expression.ts:2595:10)
      at Parser.parseFunctionBodyAndFinish [as parseMethod] (node_modules/@babel/parser/src/parser/expression.ts:2492:31)
      at Parser.parseMethod [as pushClassMethod] (node_modules/@babel/parser/src/parser/statement.ts:2244:12)
      at Parser.pushClassMethod [as parseClassMemberWithIsStatic] (node_modules/@babel/parser/src/parser/statement.ts:2023:12)
      at Parser.parseClassMemberWithIsStatic [as parseClassMember] (node_modules/@babel/parser/src/parser/statement.ts:1938:10)
      at parseClassMember (node_modules/@babel/parser/src/parser/statement.ts:1851:14)
      at Parser.callback [as withSmartMixTopicForbiddingContext] (node_modules/@babel/parser/src/parser/expression.ts:3176:14)
      at Parser.withSmartMixTopicForbiddingContext [as parseClassBody] (node_modules/@babel/parser/src/parser/statement.ts:1823:10)
      at Parser.parseClassBody [as parseClass] (node_modules/@babel/parser/src/parser/statement.ts:1774:22)
      at Parser.parseClass [as parseExportDeclaration] (node_modules/@babel/parser/src/parser/statement.ts:2628:25)
      at Parser.parseExportDeclaration [as maybeParseExportDeclaration] (node_modules/@babel/parser/src/parser/statement.ts:2551:31)
      at Parser.maybeParseExportDeclaration [as parseExport] (node_modules/@babel/parser/src/parser/statement.ts:2432:29)
      at Parser.parseExport [as parseStatementContent] (node_modules/@babel/parser/src/parser/statement.ts:649:25)
      at Parser.parseStatementContent [as parseStatementLike] (node_modules/@babel/parser/src/parser/statement.ts:482:17)
      at Parser.parseStatementLike [as parseModuleItem] (node_modules/@babel/parser/src/parser/statement.ts:419:17)
      at Parser.parseModuleItem [as parseBlockOrModuleBlockBody] (node_modules/@babel/parser/src/parser/statement.ts:1443:16)
      at Parser.parseBlockOrModuleBlockBody [as parseBlockBody] (node_modules/@babel/parser/src/parser/statement.ts:1417:10)
      at Parser.parseBlockBody [as parseProgram] (node_modules/@babel/parser/src/parser/statement.ts:229:10)
      at Parser.parseProgram [as parseTopLevel] (node_modules/@babel/parser/src/parser/statement.ts:203:25)
      at Parser.parseTopLevel [as parse] (node_modules/@babel/parser/src/parser/index.ts:88:25)
      at parse (node_modules/@babel/parser/src/index.ts:86:38)
      at parser (node_modules/@babel/core/src/parser/index.ts:29:19)
          at parser.next (<anonymous>)
      at normalizeFile (node_modules/@babel/core/src/transformation/normalize-file.ts:50:24)
          at normalizeFile.next (<anonymous>)
      at run (node_modules/@babel/core/src/transformation/index.ts:41:36)
          at run.next (<anonymous>)
      at transform (node_modules/@babel/core/src/transform.ts:29:20)
          at transform.next (<anonymous>)
      at evaluateSync (node_modules/gensync/index.js:251:28)
      at sync (node_modules/gensync/index.js:89:14)
      at fn (node_modules/@babel/core/src/errors/rewrite-stack-trace.ts:99:14)
      at transformSync (node_modules/@babel/core/src/transform.ts:66:52)
      at ScriptTransformer.transformSource (node_modules/@jest/transform/build/index.js:422:31)
      at ScriptTransformer._transformAndBuildScript (node_modules/@jest/transform/build/index.js:519:40)
      at ScriptTransformer.transform (node_modules/@jest/transform/build/index.js:558:19)
      at Object.require (tests/SeasonalCrafting.test.js:2:1)

FAIL tests/HybridCareer.test.js
  ● Test suite failed to run

    Jest encountered an unexpected token

    Jest failed to parse a file. This happens e.g. when your code or its dependencies use non-standard JavaScript syntax, or when Jest is not configured to support such syntax.

    Out of the box Jest supports Babel, which will be used to transform your files into valid JS based on your Babel configuration.

    By default "node_modules" folder is ignored by transformers.

    Here's what you can do:
     • If you are trying to use ECMAScript Modules, see https://jestjs.io/docs/ecmascript-modules for how to enable it.
     • If you are trying to use TypeScript, see https://jestjs.io/docs/getting-started#using-typescript
     • To have some of your "node_modules" files transformed, you can specify a custom "transformIgnorePatterns" in your config.
     • If you need a custom transformation, specify a "transform" option in your config.
     • If you simply want to mock your non-JS modules (e.g. binary assets) you can stub them out with the "moduleNameMapper" config option.

    You'll find more details and examples of these config options in the docs:
    https://jestjs.io/docs/configuration
    For information about custom transformations, see:
    https://jestjs.io/docs/code-transformation

    Details:

    SyntaxError: /workspaces/Nadagotchi/js/Nadagotchi.js: Unexpected token (32:0)

      30 |      */
      31 |     constructor(initialArchetype, loadedData = null) {
    > 32 | <<<<<<< HEAD
         | ^
      33 |         /** @type {boolean} Indicates if the asynchronous initialization is complete. */
      34 |         this.isInitialized = false;
      35 |

      1 |
    > 2 | import { Nadagotchi } from '../js/Nadagotchi';
        | ^
      3 |
      4 | // Mock localStorage
      5 | class LocalStorageMock {

      at constructor (node_modules/@babel/parser/src/parse-error.ts:95:45)
      at Parser.toParseError [as raise] (node_modules/@babel/parser/src/tokenizer/index.ts:1507:19)
      at Parser.raise [as unexpected] (node_modules/@babel/parser/src/tokenizer/index.ts:1547:16)
      at Parser.unexpected [as parseExprAtom] (node_modules/@babel/parser/src/parser/expression.ts:1355:22)
      at Parser.parseExprAtom [as parseExprSubscripts] (node_modules/@babel/parser/src/parser/expression.ts:742:23)
      at Parser.parseExprSubscripts [as parseUpdate] (node_modules/@babel/parser/src/parser/expression.ts:721:21)
      at Parser.parseUpdate [as parseMaybeUnary] (node_modules/@babel/parser/src/parser/expression.ts:683:23)
      at Parser.parseMaybeUnary [as parseMaybeUnaryOrPrivate] (node_modules/@babel/parser/src/parser/expression.ts:417:14)
      at Parser.parseMaybeUnaryOrPrivate [as parseExprOps] (node_modules/@babel/parser/src/parser/expression.ts:429:23)
      at Parser.parseExprOps [as parseMaybeConditional] (node_modules/@babel/parser/src/parser/expression.ts:384:23)
      at Parser.parseMaybeConditional [as parseMaybeAssign] (node_modules/@babel/parser/src/parser/expression.ts:301:21)
      at Parser.parseMaybeAssign [as parseExpressionBase] (node_modules/@babel/parser/src/parser/expression.ts:226:23)
      at parseExpressionBase (node_modules/@babel/parser/src/parser/expression.ts:217:39)
      at Parser.callback [as allowInAnd] (node_modules/@babel/parser/src/parser/expression.ts:3197:16)
      at Parser.allowInAnd [as parseExpression] (node_modules/@babel/parser/src/parser/expression.ts:217:17)
      at Parser.parseExpression [as parseStatementContent] (node_modules/@babel/parser/src/parser/statement.ts:688:23)
      at Parser.parseStatementContent [as parseStatementLike] (node_modules/@babel/parser/src/parser/statement.ts:482:17)
      at Parser.parseStatementLike [as parseStatementListItem] (node_modules/@babel/parser/src/parser/statement.ts:431:17)
      at Parser.parseStatementListItem [as parseBlockOrModuleBlockBody] (node_modules/@babel/parser/src/parser/statement.ts:1444:16)
      at Parser.parseBlockOrModuleBlockBody [as parseBlockBody] (node_modules/@babel/parser/src/parser/statement.ts:1417:10)
      at Parser.parseBlockBody [as parseBlock] (node_modules/@babel/parser/src/parser/statement.ts:1385:10)
      at Parser.parseBlock [as parseFunctionBody] (node_modules/@babel/parser/src/parser/expression.ts:2626:24)
      at Parser.parseFunctionBody [as parseFunctionBodyAndFinish] (node_modules/@babel/parser/src/parser/expression.ts:2595:10)
      at Parser.parseFunctionBodyAndFinish [as parseMethod] (node_modules/@babel/parser/src/parser/expression.ts:2492:31)
      at Parser.parseMethod [as pushClassMethod] (node_modules/@babel/parser/src/parser/statement.ts:2244:12)
      at Parser.pushClassMethod [as parseClassMemberWithIsStatic] (node_modules/@babel/parser/src/parser/statement.ts:2023:12)
      at Parser.parseClassMemberWithIsStatic [as parseClassMember] (node_modules/@babel/parser/src/parser/statement.ts:1938:10)
      at parseClassMember (node_modules/@babel/parser/src/parser/statement.ts:1851:14)
      at Parser.callback [as withSmartMixTopicForbiddingContext] (node_modules/@babel/parser/src/parser/expression.ts:3176:14)
      at Parser.withSmartMixTopicForbiddingContext [as parseClassBody] (node_modules/@babel/parser/src/parser/statement.ts:1823:10)
      at Parser.parseClassBody [as parseClass] (node_modules/@babel/parser/src/parser/statement.ts:1774:22)
      at Parser.parseClass [as parseExportDeclaration] (node_modules/@babel/parser/src/parser/statement.ts:2628:25)
      at Parser.parseExportDeclaration [as maybeParseExportDeclaration] (node_modules/@babel/parser/src/parser/statement.ts:2551:31)
      at Parser.maybeParseExportDeclaration [as parseExport] (node_modules/@babel/parser/src/parser/statement.ts:2432:29)
      at Parser.parseExport [as parseStatementContent] (node_modules/@babel/parser/src/parser/statement.ts:649:25)
      at Parser.parseStatementContent [as parseStatementLike] (node_modules/@babel/parser/src/parser/statement.ts:482:17)
      at Parser.parseStatementLike [as parseModuleItem] (node_modules/@babel/parser/src/parser/statement.ts:419:17)
      at Parser.parseModuleItem [as parseBlockOrModuleBlockBody] (node_modules/@babel/parser/src/parser/statement.ts:1443:16)
      at Parser.parseBlockOrModuleBlockBody [as parseBlockBody] (node_modules/@babel/parser/src/parser/statement.ts:1417:10)
      at Parser.parseBlockBody [as parseProgram] (node_modules/@babel/parser/src/parser/statement.ts:229:10)
      at Parser.parseProgram [as parseTopLevel] (node_modules/@babel/parser/src/parser/statement.ts:203:25)
      at Parser.parseTopLevel [as parse] (node_modules/@babel/parser/src/parser/index.ts:88:25)
      at parse (node_modules/@babel/parser/src/index.ts:86:38)
      at parser (node_modules/@babel/core/src/parser/index.ts:29:19)
          at parser.next (<anonymous>)
      at normalizeFile (node_modules/@babel/core/src/transformation/normalize-file.ts:50:24)
          at normalizeFile.next (<anonymous>)
      at run (node_modules/@babel/core/src/transformation/index.ts:41:36)
          at run.next (<anonymous>)
      at transform (node_modules/@babel/core/src/transform.ts:29:20)
          at transform.next (<anonymous>)
      at evaluateSync (node_modules/gensync/index.js:251:28)
      at sync (node_modules/gensync/index.js:89:14)
      at fn (node_modules/@babel/core/src/errors/rewrite-stack-trace.ts:99:14)
      at transformSync (node_modules/@babel/core/src/transform.ts:66:52)
      at ScriptTransformer.transformSource (node_modules/@jest/transform/build/index.js:422:31)
      at ScriptTransformer._transformAndBuildScript (node_modules/@jest/transform/build/index.js:519:40)
      at ScriptTransformer.transform (node_modules/@jest/transform/build/index.js:558:19)
      at Object.require (tests/HybridCareer.test.js:2:1)

FAIL tests/HomozygousBonuses.test.js
  ● Test suite failed to run

    Jest encountered an unexpected token

    Jest failed to parse a file. This happens e.g. when your code or its dependencies use non-standard JavaScript syntax, or when Jest is not configured to support such syntax.

    Out of the box Jest supports Babel, which will be used to transform your files into valid JS based on your Babel configuration.

    By default "node_modules" folder is ignored by transformers.

    Here's what you can do:
     • If you are trying to use ECMAScript Modules, see https://jestjs.io/docs/ecmascript-modules for how to enable it.
     • If you are trying to use TypeScript, see https://jestjs.io/docs/getting-started#using-typescript
     • To have some of your "node_modules" files transformed, you can specify a custom "transformIgnorePatterns" in your config.
     • If you need a custom transformation, specify a "transform" option in your config.
     • If you simply want to mock your non-JS modules (e.g. binary assets) you can stub them out with the "moduleNameMapper" config option.

    You'll find more details and examples of these config options in the docs:
    https://jestjs.io/docs/configuration
    For information about custom transformations, see:
    https://jestjs.io/docs/code-transformation

    Details:

    SyntaxError: /workspaces/Nadagotchi/js/Nadagotchi.js: Unexpected token (32:0)

      30 |      */
      31 |     constructor(initialArchetype, loadedData = null) {
    > 32 | <<<<<<< HEAD
         | ^
      33 |         /** @type {boolean} Indicates if the asynchronous initialization is complete. */
      34 |         this.isInitialized = false;
      35 |

    > 1 | import { Nadagotchi } from '../js/Nadagotchi.js';
        | ^
      2 | import { Genome } from '../js/GeneticsSystem.js';
      3 |
      4 | describe('Homozygous Bonuses', () => {

      at constructor (node_modules/@babel/parser/src/parse-error.ts:95:45)
      at Parser.toParseError [as raise] (node_modules/@babel/parser/src/tokenizer/index.ts:1507:19)
      at Parser.raise [as unexpected] (node_modules/@babel/parser/src/tokenizer/index.ts:1547:16)
      at Parser.unexpected [as parseExprAtom] (node_modules/@babel/parser/src/parser/expression.ts:1355:22)
      at Parser.parseExprAtom [as parseExprSubscripts] (node_modules/@babel/parser/src/parser/expression.ts:742:23)
      at Parser.parseExprSubscripts [as parseUpdate] (node_modules/@babel/parser/src/parser/expression.ts:721:21)
      at Parser.parseUpdate [as parseMaybeUnary] (node_modules/@babel/parser/src/parser/expression.ts:683:23)
      at Parser.parseMaybeUnary [as parseMaybeUnaryOrPrivate] (node_modules/@babel/parser/src/parser/expression.ts:417:14)
      at Parser.parseMaybeUnaryOrPrivate [as parseExprOps] (node_modules/@babel/parser/src/parser/expression.ts:429:23)
      at Parser.parseExprOps [as parseMaybeConditional] (node_modules/@babel/parser/src/parser/expression.ts:384:23)
      at Parser.parseMaybeConditional [as parseMaybeAssign] (node_modules/@babel/parser/src/parser/expression.ts:301:21)
      at Parser.parseMaybeAssign [as parseExpressionBase] (node_modules/@babel/parser/src/parser/expression.ts:226:23)
      at parseExpressionBase (node_modules/@babel/parser/src/parser/expression.ts:217:39)
      at Parser.callback [as allowInAnd] (node_modules/@babel/parser/src/parser/expression.ts:3197:16)
      at Parser.allowInAnd [as parseExpression] (node_modules/@babel/parser/src/parser/expression.ts:217:17)
      at Parser.parseExpression [as parseStatementContent] (node_modules/@babel/parser/src/parser/statement.ts:688:23)
      at Parser.parseStatementContent [as parseStatementLike] (node_modules/@babel/parser/src/parser/statement.ts:482:17)
      at Parser.parseStatementLike [as parseStatementListItem] (node_modules/@babel/parser/src/parser/statement.ts:431:17)
      at Parser.parseStatementListItem [as parseBlockOrModuleBlockBody] (node_modules/@babel/parser/src/parser/statement.ts:1444:16)
      at Parser.parseBlockOrModuleBlockBody [as parseBlockBody] (node_modules/@babel/parser/src/parser/statement.ts:1417:10)
      at Parser.parseBlockBody [as parseBlock] (node_modules/@babel/parser/src/parser/statement.ts:1385:10)
      at Parser.parseBlock [as parseFunctionBody] (node_modules/@babel/parser/src/parser/expression.ts:2626:24)
      at Parser.parseFunctionBody [as parseFunctionBodyAndFinish] (node_modules/@babel/parser/src/parser/expression.ts:2595:10)
      at Parser.parseFunctionBodyAndFinish [as parseMethod] (node_modules/@babel/parser/src/parser/expression.ts:2492:31)
      at Parser.parseMethod [as pushClassMethod] (node_modules/@babel/parser/src/parser/statement.ts:2244:12)
      at Parser.pushClassMethod [as parseClassMemberWithIsStatic] (node_modules/@babel/parser/src/parser/statement.ts:2023:12)
      at Parser.parseClassMemberWithIsStatic [as parseClassMember] (node_modules/@babel/parser/src/parser/statement.ts:1938:10)
      at parseClassMember (node_modules/@babel/parser/src/parser/statement.ts:1851:14)
      at Parser.callback [as withSmartMixTopicForbiddingContext] (node_modules/@babel/parser/src/parser/expression.ts:3176:14)
      at Parser.withSmartMixTopicForbiddingContext [as parseClassBody] (node_modules/@babel/parser/src/parser/statement.ts:1823:10)
      at Parser.parseClassBody [as parseClass] (node_modules/@babel/parser/src/parser/statement.ts:1774:22)
      at Parser.parseClass [as parseExportDeclaration] (node_modules/@babel/parser/src/parser/statement.ts:2628:25)
      at Parser.parseExportDeclaration [as maybeParseExportDeclaration] (node_modules/@babel/parser/src/parser/statement.ts:2551:31)
      at Parser.maybeParseExportDeclaration [as parseExport] (node_modules/@babel/parser/src/parser/statement.ts:2432:29)
      at Parser.parseExport [as parseStatementContent] (node_modules/@babel/parser/src/parser/statement.ts:649:25)
      at Parser.parseStatementContent [as parseStatementLike] (node_modules/@babel/parser/src/parser/statement.ts:482:17)
      at Parser.parseStatementLike [as parseModuleItem] (node_modules/@babel/parser/src/parser/statement.ts:419:17)
      at Parser.parseModuleItem [as parseBlockOrModuleBlockBody] (node_modules/@babel/parser/src/parser/statement.ts:1443:16)
      at Parser.parseBlockOrModuleBlockBody [as parseBlockBody] (node_modules/@babel/parser/src/parser/statement.ts:1417:10)
      at Parser.parseBlockBody [as parseProgram] (node_modules/@babel/parser/src/parser/statement.ts:229:10)
      at Parser.parseProgram [as parseTopLevel] (node_modules/@babel/parser/src/parser/statement.ts:203:25)
      at Parser.parseTopLevel [as parse] (node_modules/@babel/parser/src/parser/index.ts:88:25)
      at parse (node_modules/@babel/parser/src/index.ts:86:38)
      at parser (node_modules/@babel/core/src/parser/index.ts:29:19)
          at parser.next (<anonymous>)
      at normalizeFile (node_modules/@babel/core/src/transformation/normalize-file.ts:50:24)
          at normalizeFile.next (<anonymous>)
      at run (node_modules/@babel/core/src/transformation/index.ts:41:36)
          at run.next (<anonymous>)
      at transform (node_modules/@babel/core/src/transform.ts:29:20)
          at transform.next (<anonymous>)
      at evaluateSync (node_modules/gensync/index.js:251:28)
      at sync (node_modules/gensync/index.js:89:14)
      at fn (node_modules/@babel/core/src/errors/rewrite-stack-trace.ts:99:14)
      at transformSync (node_modules/@babel/core/src/transform.ts:66:52)
      at ScriptTransformer.transformSource (node_modules/@jest/transform/build/index.js:422:31)
      at ScriptTransformer._transformAndBuildScript (node_modules/@jest/transform/build/index.js:519:40)
      at ScriptTransformer.transform (node_modules/@jest/transform/build/index.js:558:19)
      at Object.require (tests/HomozygousBonuses.test.js:1:1)

FAIL tests/LiveLoopIntegration.test.js
  ● Test suite failed to run

    Jest encountered an unexpected token

    Jest failed to parse a file. This happens e.g. when your code or its dependencies use non-standard JavaScript syntax, or when Jest is not configured to support such syntax.

    Out of the box Jest supports Babel, which will be used to transform your files into valid JS based on your Babel configuration.

    By default "node_modules" folder is ignored by transformers.

    Here's what you can do:
     • If you are trying to use ECMAScript Modules, see https://jestjs.io/docs/ecmascript-modules for how to enable it.
     • If you are trying to use TypeScript, see https://jestjs.io/docs/getting-started#using-typescript
     • To have some of your "node_modules" files transformed, you can specify a custom "transformIgnorePatterns" in your config.
     • If you need a custom transformation, specify a "transform" option in your config.
     • If you simply want to mock your non-JS modules (e.g. binary assets) you can stub them out with the "moduleNameMapper" config option.

    You'll find more details and examples of these config options in the docs:
    https://jestjs.io/docs/configuration
    For information about custom transformations, see:
    https://jestjs.io/docs/code-transformation

    Details:

    SyntaxError: /workspaces/Nadagotchi/js/Nadagotchi.js: Unexpected token (32:0)

      30 |      */
      31 |     constructor(initialArchetype, loadedData = null) {
    > 32 | <<<<<<< HEAD
         | ^
      33 |         /** @type {boolean} Indicates if the asynchronous initialization is complete. */
      34 |         this.isInitialized = false;
      35 |

    > 1 | import { Nadagotchi } from '../js/Nadagotchi';
        | ^
      2 | import { Config } from '../js/Config';
      3 |
      4 | // Mock localStorage and Phaser

      at constructor (node_modules/@babel/parser/src/parse-error.ts:95:45)
      at Parser.toParseError [as raise] (node_modules/@babel/parser/src/tokenizer/index.ts:1507:19)
      at Parser.raise [as unexpected] (node_modules/@babel/parser/src/tokenizer/index.ts:1547:16)
      at Parser.unexpected [as parseExprAtom] (node_modules/@babel/parser/src/parser/expression.ts:1355:22)
      at Parser.parseExprAtom [as parseExprSubscripts] (node_modules/@babel/parser/src/parser/expression.ts:742:23)
      at Parser.parseExprSubscripts [as parseUpdate] (node_modules/@babel/parser/src/parser/expression.ts:721:21)
      at Parser.parseUpdate [as parseMaybeUnary] (node_modules/@babel/parser/src/parser/expression.ts:683:23)
      at Parser.parseMaybeUnary [as parseMaybeUnaryOrPrivate] (node_modules/@babel/parser/src/parser/expression.ts:417:14)
      at Parser.parseMaybeUnaryOrPrivate [as parseExprOps] (node_modules/@babel/parser/src/parser/expression.ts:429:23)
      at Parser.parseExprOps [as parseMaybeConditional] (node_modules/@babel/parser/src/parser/expression.ts:384:23)
      at Parser.parseMaybeConditional [as parseMaybeAssign] (node_modules/@babel/parser/src/parser/expression.ts:301:21)
      at Parser.parseMaybeAssign [as parseExpressionBase] (node_modules/@babel/parser/src/parser/expression.ts:226:23)
      at parseExpressionBase (node_modules/@babel/parser/src/parser/expression.ts:217:39)
      at Parser.callback [as allowInAnd] (node_modules/@babel/parser/src/parser/expression.ts:3197:16)
      at Parser.allowInAnd [as parseExpression] (node_modules/@babel/parser/src/parser/expression.ts:217:17)
      at Parser.parseExpression [as parseStatementContent] (node_modules/@babel/parser/src/parser/statement.ts:688:23)
      at Parser.parseStatementContent [as parseStatementLike] (node_modules/@babel/parser/src/parser/statement.ts:482:17)
      at Parser.parseStatementLike [as parseStatementListItem] (node_modules/@babel/parser/src/parser/statement.ts:431:17)
      at Parser.parseStatementListItem [as parseBlockOrModuleBlockBody] (node_modules/@babel/parser/src/parser/statement.ts:1444:16)
      at Parser.parseBlockOrModuleBlockBody [as parseBlockBody] (node_modules/@babel/parser/src/parser/statement.ts:1417:10)
      at Parser.parseBlockBody [as parseBlock] (node_modules/@babel/parser/src/parser/statement.ts:1385:10)
      at Parser.parseBlock [as parseFunctionBody] (node_modules/@babel/parser/src/parser/expression.ts:2626:24)
      at Parser.parseFunctionBody [as parseFunctionBodyAndFinish] (node_modules/@babel/parser/src/parser/expression.ts:2595:10)
      at Parser.parseFunctionBodyAndFinish [as parseMethod] (node_modules/@babel/parser/src/parser/expression.ts:2492:31)
      at Parser.parseMethod [as pushClassMethod] (node_modules/@babel/parser/src/parser/statement.ts:2244:12)
      at Parser.pushClassMethod [as parseClassMemberWithIsStatic] (node_modules/@babel/parser/src/parser/statement.ts:2023:12)
      at Parser.parseClassMemberWithIsStatic [as parseClassMember] (node_modules/@babel/parser/src/parser/statement.ts:1938:10)
      at parseClassMember (node_modules/@babel/parser/src/parser/statement.ts:1851:14)
      at Parser.callback [as withSmartMixTopicForbiddingContext] (node_modules/@babel/parser/src/parser/expression.ts:3176:14)
      at Parser.withSmartMixTopicForbiddingContext [as parseClassBody] (node_modules/@babel/parser/src/parser/statement.ts:1823:10)
      at Parser.parseClassBody [as parseClass] (node_modules/@babel/parser/src/parser/statement.ts:1774:22)
      at Parser.parseClass [as parseExportDeclaration] (node_modules/@babel/parser/src/parser/statement.ts:2628:25)
      at Parser.parseExportDeclaration [as maybeParseExportDeclaration] (node_modules/@babel/parser/src/parser/statement.ts:2551:31)
      at Parser.maybeParseExportDeclaration [as parseExport] (node_modules/@babel/parser/src/parser/statement.ts:2432:29)
      at Parser.parseExport [as parseStatementContent] (node_modules/@babel/parser/src/parser/statement.ts:649:25)
      at Parser.parseStatementContent [as parseStatementLike] (node_modules/@babel/parser/src/parser/statement.ts:482:17)
      at Parser.parseStatementLike [as parseModuleItem] (node_modules/@babel/parser/src/parser/statement.ts:419:17)
      at Parser.parseModuleItem [as parseBlockOrModuleBlockBody] (node_modules/@babel/parser/src/parser/statement.ts:1443:16)
      at Parser.parseBlockOrModuleBlockBody [as parseBlockBody] (node_modules/@babel/parser/src/parser/statement.ts:1417:10)
      at Parser.parseBlockBody [as parseProgram] (node_modules/@babel/parser/src/parser/statement.ts:229:10)
      at Parser.parseProgram [as parseTopLevel] (node_modules/@babel/parser/src/parser/statement.ts:203:25)
      at Parser.parseTopLevel [as parse] (node_modules/@babel/parser/src/parser/index.ts:88:25)
      at parse (node_modules/@babel/parser/src/index.ts:86:38)
      at parser (node_modules/@babel/core/src/parser/index.ts:29:19)
          at parser.next (<anonymous>)
      at normalizeFile (node_modules/@babel/core/src/transformation/normalize-file.ts:50:24)
          at normalizeFile.next (<anonymous>)
      at run (node_modules/@babel/core/src/transformation/index.ts:41:36)
          at run.next (<anonymous>)
      at transform (node_modules/@babel/core/src/transform.ts:29:20)
          at transform.next (<anonymous>)
      at evaluateSync (node_modules/gensync/index.js:251:28)
      at sync (node_modules/gensync/index.js:89:14)
      at fn (node_modules/@babel/core/src/errors/rewrite-stack-trace.ts:99:14)
      at transformSync (node_modules/@babel/core/src/transform.ts:66:52)
      at ScriptTransformer.transformSource (node_modules/@jest/transform/build/index.js:422:31)
      at ScriptTransformer._transformAndBuildScript (node_modules/@jest/transform/build/index.js:519:40)
      at ScriptTransformer.transform (node_modules/@jest/transform/build/index.js:558:19)
      at Object.require (tests/LiveLoopIntegration.test.js:1:1)

FAIL tests/performance/SkyManager.perf.test.js
  ● Test suite failed to run

    Jest encountered an unexpected token

    Jest failed to parse a file. This happens e.g. when your code or its dependencies use non-standard JavaScript syntax, or when Jest is not configured to support such syntax.

    Out of the box Jest supports Babel, which will be used to transform your files into valid JS based on your Babel configuration.

    By default "node_modules" folder is ignored by transformers.

    Here's what you can do:
     • If you are trying to use ECMAScript Modules, see https://jestjs.io/docs/ecmascript-modules for how to enable it.
     • If you are trying to use TypeScript, see https://jestjs.io/docs/getting-started#using-typescript
     • To have some of your "node_modules" files transformed, you can specify a custom "transformIgnorePatterns" in your config.
     • If you need a custom transformation, specify a "transform" option in your config.
     • If you simply want to mock your non-JS modules (e.g. binary assets) you can stub them out with the "moduleNameMapper" config option.

    You'll find more details and examples of these config options in the docs:
    https://jestjs.io/docs/configuration
    For information about custom transformations, see:
    https://jestjs.io/docs/code-transformation

    Details:

    SyntaxError: /workspaces/Nadagotchi/tests/helpers/mockPhaser.js: Unexpected token (1:0)

    > 1 | <<<<<<< HEAD
        | ^
      2 | =======
      3 |
      4 | >>>>>>> 74fdaab (Update js/DebugConsole.js)

      1 |
      2 | import { jest } from '@jest/globals';
    > 3 | import { setupPhaserMock, mockGameObject } from '../helpers/mockPhaser';
        | ^
      4 |
      5 | setupPhaserMock();
      6 |

      at constructor (node_modules/@babel/parser/src/parse-error.ts:95:45)
      at Parser.toParseError [as raise] (node_modules/@babel/parser/src/tokenizer/index.ts:1507:19)
      at Parser.raise [as unexpected] (node_modules/@babel/parser/src/tokenizer/index.ts:1547:16)
      at Parser.unexpected [as parseExprAtom] (node_modules/@babel/parser/src/parser/expression.ts:1355:22)
      at Parser.parseExprAtom [as parseExprSubscripts] (node_modules/@babel/parser/src/parser/expression.ts:742:23)
      at Parser.parseExprSubscripts [as parseUpdate] (node_modules/@babel/parser/src/parser/expression.ts:721:21)
      at Parser.parseUpdate [as parseMaybeUnary] (node_modules/@babel/parser/src/parser/expression.ts:683:23)
      at Parser.parseMaybeUnary [as parseMaybeUnaryOrPrivate] (node_modules/@babel/parser/src/parser/expression.ts:417:14)
      at Parser.parseMaybeUnaryOrPrivate [as parseExprOps] (node_modules/@babel/parser/src/parser/expression.ts:429:23)
      at Parser.parseExprOps [as parseMaybeConditional] (node_modules/@babel/parser/src/parser/expression.ts:384:23)
      at Parser.parseMaybeConditional [as parseMaybeAssign] (node_modules/@babel/parser/src/parser/expression.ts:301:21)
      at Parser.parseMaybeAssign [as parseExpressionBase] (node_modules/@babel/parser/src/parser/expression.ts:226:23)
      at parseExpressionBase (node_modules/@babel/parser/src/parser/expression.ts:217:39)
      at Parser.callback [as allowInAnd] (node_modules/@babel/parser/src/parser/expression.ts:3197:16)
      at Parser.allowInAnd [as parseExpression] (node_modules/@babel/parser/src/parser/expression.ts:217:17)
      at Parser.parseExpression [as parseStatementContent] (node_modules/@babel/parser/src/parser/statement.ts:688:23)
      at Parser.parseStatementContent [as parseStatementLike] (node_modules/@babel/parser/src/parser/statement.ts:482:17)
      at Parser.parseStatementLike [as parseModuleItem] (node_modules/@babel/parser/src/parser/statement.ts:419:17)
      at Parser.parseModuleItem [as parseBlockOrModuleBlockBody] (node_modules/@babel/parser/src/parser/statement.ts:1443:16)
      at Parser.parseBlockOrModuleBlockBody [as parseBlockBody] (node_modules/@babel/parser/src/parser/statement.ts:1417:10)
      at Parser.parseBlockBody [as parseProgram] (node_modules/@babel/parser/src/parser/statement.ts:229:10)
      at Parser.parseProgram [as parseTopLevel] (node_modules/@babel/parser/src/parser/statement.ts:203:25)
      at Parser.parseTopLevel [as parse] (node_modules/@babel/parser/src/parser/index.ts:88:25)
      at parse (node_modules/@babel/parser/src/index.ts:86:38)
      at parser (node_modules/@babel/core/src/parser/index.ts:29:19)
          at parser.next (<anonymous>)
      at normalizeFile (node_modules/@babel/core/src/transformation/normalize-file.ts:50:24)
          at normalizeFile.next (<anonymous>)
      at run (node_modules/@babel/core/src/transformation/index.ts:41:36)
          at run.next (<anonymous>)
      at transform (node_modules/@babel/core/src/transform.ts:29:20)
          at transform.next (<anonymous>)
      at evaluateSync (node_modules/gensync/index.js:251:28)
      at sync (node_modules/gensync/index.js:89:14)
      at fn (node_modules/@babel/core/src/errors/rewrite-stack-trace.ts:99:14)
      at transformSync (node_modules/@babel/core/src/transform.ts:66:52)
      at ScriptTransformer.transformSource (node_modules/@jest/transform/build/index.js:422:31)
      at ScriptTransformer._transformAndBuildScript (node_modules/@jest/transform/build/index.js:519:40)
      at ScriptTransformer.transform (node_modules/@jest/transform/build/index.js:558:19)
      at Object.require (tests/performance/SkyManager.perf.test.js:3:1)

FAIL tests/WeatherParticleManager.test.js
  ● Test suite failed to run

    Jest encountered an unexpected token

    Jest failed to parse a file. This happens e.g. when your code or its dependencies use non-standard JavaScript syntax, or when Jest is not configured to support such syntax.

    Out of the box Jest supports Babel, which will be used to transform your files into valid JS based on your Babel configuration.

    By default "node_modules" folder is ignored by transformers.

    Here's what you can do:
     • If you are trying to use ECMAScript Modules, see https://jestjs.io/docs/ecmascript-modules for how to enable it.
     • If you are trying to use TypeScript, see https://jestjs.io/docs/getting-started#using-typescript
     • To have some of your "node_modules" files transformed, you can specify a custom "transformIgnorePatterns" in your config.
     • If you need a custom transformation, specify a "transform" option in your config.
     • If you simply want to mock your non-JS modules (e.g. binary assets) you can stub them out with the "moduleNameMapper" config option.

    You'll find more details and examples of these config options in the docs:
    https://jestjs.io/docs/configuration
    For information about custom transformations, see:
    https://jestjs.io/docs/code-transformation

    Details:

    SyntaxError: /workspaces/Nadagotchi/tests/helpers/mockPhaser.js: Unexpected token (1:0)

    > 1 | <<<<<<< HEAD
        | ^
      2 | =======
      3 |
      4 | >>>>>>> 74fdaab (Update js/DebugConsole.js)

      1 |
    > 2 | import { setupPhaserMock, createMockAdd } from './helpers/mockPhaser';
        | ^
      3 |
      4 | // Mock dependencies
      5 | setupPhaserMock();

      at constructor (node_modules/@babel/parser/src/parse-error.ts:95:45)
      at Parser.toParseError [as raise] (node_modules/@babel/parser/src/tokenizer/index.ts:1507:19)
      at Parser.raise [as unexpected] (node_modules/@babel/parser/src/tokenizer/index.ts:1547:16)
      at Parser.unexpected [as parseExprAtom] (node_modules/@babel/parser/src/parser/expression.ts:1355:22)
      at Parser.parseExprAtom [as parseExprSubscripts] (node_modules/@babel/parser/src/parser/expression.ts:742:23)
      at Parser.parseExprSubscripts [as parseUpdate] (node_modules/@babel/parser/src/parser/expression.ts:721:21)
      at Parser.parseUpdate [as parseMaybeUnary] (node_modules/@babel/parser/src/parser/expression.ts:683:23)
      at Parser.parseMaybeUnary [as parseMaybeUnaryOrPrivate] (node_modules/@babel/parser/src/parser/expression.ts:417:14)
      at Parser.parseMaybeUnaryOrPrivate [as parseExprOps] (node_modules/@babel/parser/src/parser/expression.ts:429:23)
      at Parser.parseExprOps [as parseMaybeConditional] (node_modules/@babel/parser/src/parser/expression.ts:384:23)
      at Parser.parseMaybeConditional [as parseMaybeAssign] (node_modules/@babel/parser/src/parser/expression.ts:301:21)
      at Parser.parseMaybeAssign [as parseExpressionBase] (node_modules/@babel/parser/src/parser/expression.ts:226:23)
      at parseExpressionBase (node_modules/@babel/parser/src/parser/expression.ts:217:39)
      at Parser.callback [as allowInAnd] (node_modules/@babel/parser/src/parser/expression.ts:3197:16)
      at Parser.allowInAnd [as parseExpression] (node_modules/@babel/parser/src/parser/expression.ts:217:17)
      at Parser.parseExpression [as parseStatementContent] (node_modules/@babel/parser/src/parser/statement.ts:688:23)
      at Parser.parseStatementContent [as parseStatementLike] (node_modules/@babel/parser/src/parser/statement.ts:482:17)
      at Parser.parseStatementLike [as parseModuleItem] (node_modules/@babel/parser/src/parser/statement.ts:419:17)
      at Parser.parseModuleItem [as parseBlockOrModuleBlockBody] (node_modules/@babel/parser/src/parser/statement.ts:1443:16)
      at Parser.parseBlockOrModuleBlockBody [as parseBlockBody] (node_modules/@babel/parser/src/parser/statement.ts:1417:10)
      at Parser.parseBlockBody [as parseProgram] (node_modules/@babel/parser/src/parser/statement.ts:229:10)
      at Parser.parseProgram [as parseTopLevel] (node_modules/@babel/parser/src/parser/statement.ts:203:25)
      at Parser.parseTopLevel [as parse] (node_modules/@babel/parser/src/parser/index.ts:88:25)
      at parse (node_modules/@babel/parser/src/index.ts:86:38)
      at parser (node_modules/@babel/core/src/parser/index.ts:29:19)
          at parser.next (<anonymous>)
      at normalizeFile (node_modules/@babel/core/src/transformation/normalize-file.ts:50:24)
          at normalizeFile.next (<anonymous>)
      at run (node_modules/@babel/core/src/transformation/index.ts:41:36)
          at run.next (<anonymous>)
      at transform (node_modules/@babel/core/src/transform.ts:29:20)
          at transform.next (<anonymous>)
      at evaluateSync (node_modules/gensync/index.js:251:28)
      at sync (node_modules/gensync/index.js:89:14)
      at fn (node_modules/@babel/core/src/errors/rewrite-stack-trace.ts:99:14)
      at transformSync (node_modules/@babel/core/src/transform.ts:66:52)
      at ScriptTransformer.transformSource (node_modules/@jest/transform/build/index.js:422:31)
      at ScriptTransformer._transformAndBuildScript (node_modules/@jest/transform/build/index.js:519:40)
      at ScriptTransformer.transform (node_modules/@jest/transform/build/index.js:558:19)
      at Object.require (tests/WeatherParticleManager.test.js:2:1)

FAIL tests/WorldClock.test.js
  ● Test suite failed to run

    Jest encountered an unexpected token

    Jest failed to parse a file. This happens e.g. when your code or its dependencies use non-standard JavaScript syntax, or when Jest is not configured to support such syntax.

    Out of the box Jest supports Babel, which will be used to transform your files into valid JS based on your Babel configuration.

    By default "node_modules" folder is ignored by transformers.

    Here's what you can do:
     • If you are trying to use ECMAScript Modules, see https://jestjs.io/docs/ecmascript-modules for how to enable it.
     • If you are trying to use TypeScript, see https://jestjs.io/docs/getting-started#using-typescript
     • To have some of your "node_modules" files transformed, you can specify a custom "transformIgnorePatterns" in your config.
     • If you need a custom transformation, specify a "transform" option in your config.
     • If you simply want to mock your non-JS modules (e.g. binary assets) you can stub them out with the "moduleNameMapper" config option.

    You'll find more details and examples of these config options in the docs:
    https://jestjs.io/docs/configuration
    For information about custom transformations, see:
    https://jestjs.io/docs/code-transformation

    Details:

    SyntaxError: /workspaces/Nadagotchi/js/WorldClock.js: Unexpected token (37:0)

      35 |         };
      36 |
    > 37 | <<<<<<< HEAD
         | ^
      38 |         /** @type {?{start: number, end: number, name: string}} Cached reference to the current period object. */
      39 |         /** @type {?{start: number, end: number, name: string}} Cache for the current period to avoid redundant lookups. */
      40 |         this._cachedPeriod = null;

    > 1 | import { WorldClock } from '../js/WorldClock';
        | ^
      2 |
      3 | // Mock Phaser Scene
      4 | const mockScene = {};

      at constructor (node_modules/@babel/parser/src/parse-error.ts:95:45)
      at Parser.toParseError [as raise] (node_modules/@babel/parser/src/tokenizer/index.ts:1507:19)
      at Parser.raise [as unexpected] (node_modules/@babel/parser/src/tokenizer/index.ts:1547:16)
      at Parser.unexpected [as parseExprAtom] (node_modules/@babel/parser/src/parser/expression.ts:1355:22)
      at Parser.parseExprAtom [as parseExprSubscripts] (node_modules/@babel/parser/src/parser/expression.ts:742:23)
      at Parser.parseExprSubscripts [as parseUpdate] (node_modules/@babel/parser/src/parser/expression.ts:721:21)
      at Parser.parseUpdate [as parseMaybeUnary] (node_modules/@babel/parser/src/parser/expression.ts:683:23)
      at Parser.parseMaybeUnary [as parseMaybeUnaryOrPrivate] (node_modules/@babel/parser/src/parser/expression.ts:417:14)
      at Parser.parseMaybeUnaryOrPrivate [as parseExprOps] (node_modules/@babel/parser/src/parser/expression.ts:429:23)
      at Parser.parseExprOps [as parseMaybeConditional] (node_modules/@babel/parser/src/parser/expression.ts:384:23)
      at Parser.parseMaybeConditional [as parseMaybeAssign] (node_modules/@babel/parser/src/parser/expression.ts:301:21)
      at Parser.parseMaybeAssign [as parseExpressionBase] (node_modules/@babel/parser/src/parser/expression.ts:226:23)
      at parseExpressionBase (node_modules/@babel/parser/src/parser/expression.ts:217:39)
      at Parser.callback [as allowInAnd] (node_modules/@babel/parser/src/parser/expression.ts:3197:16)
      at Parser.allowInAnd [as parseExpression] (node_modules/@babel/parser/src/parser/expression.ts:217:17)
      at Parser.parseExpression [as parseStatementContent] (node_modules/@babel/parser/src/parser/statement.ts:688:23)
      at Parser.parseStatementContent [as parseStatementLike] (node_modules/@babel/parser/src/parser/statement.ts:482:17)
      at Parser.parseStatementLike [as parseStatementListItem] (node_modules/@babel/parser/src/parser/statement.ts:431:17)
      at Parser.parseStatementListItem [as parseBlockOrModuleBlockBody] (node_modules/@babel/parser/src/parser/statement.ts:1444:16)
      at Parser.parseBlockOrModuleBlockBody [as parseBlockBody] (node_modules/@babel/parser/src/parser/statement.ts:1417:10)
      at Parser.parseBlockBody [as parseBlock] (node_modules/@babel/parser/src/parser/statement.ts:1385:10)
      at Parser.parseBlock [as parseFunctionBody] (node_modules/@babel/parser/src/parser/expression.ts:2626:24)
      at Parser.parseFunctionBody [as parseFunctionBodyAndFinish] (node_modules/@babel/parser/src/parser/expression.ts:2595:10)
      at Parser.parseFunctionBodyAndFinish [as parseMethod] (node_modules/@babel/parser/src/parser/expression.ts:2492:31)
      at Parser.parseMethod [as pushClassMethod] (node_modules/@babel/parser/src/parser/statement.ts:2244:12)
      at Parser.pushClassMethod [as parseClassMemberWithIsStatic] (node_modules/@babel/parser/src/parser/statement.ts:2023:12)
      at Parser.parseClassMemberWithIsStatic [as parseClassMember] (node_modules/@babel/parser/src/parser/statement.ts:1938:10)
      at parseClassMember (node_modules/@babel/parser/src/parser/statement.ts:1851:14)
      at Parser.callback [as withSmartMixTopicForbiddingContext] (node_modules/@babel/parser/src/parser/expression.ts:3176:14)
      at Parser.withSmartMixTopicForbiddingContext [as parseClassBody] (node_modules/@babel/parser/src/parser/statement.ts:1823:10)
      at Parser.parseClassBody [as parseClass] (node_modules/@babel/parser/src/parser/statement.ts:1774:22)
      at Parser.parseClass [as parseExportDeclaration] (node_modules/@babel/parser/src/parser/statement.ts:2628:25)
      at Parser.parseExportDeclaration [as maybeParseExportDeclaration] (node_modules/@babel/parser/src/parser/statement.ts:2551:31)
      at Parser.maybeParseExportDeclaration [as parseExport] (node_modules/@babel/parser/src/parser/statement.ts:2432:29)
      at Parser.parseExport [as parseStatementContent] (node_modules/@babel/parser/src/parser/statement.ts:649:25)
      at Parser.parseStatementContent [as parseStatementLike] (node_modules/@babel/parser/src/parser/statement.ts:482:17)
      at Parser.parseStatementLike [as parseModuleItem] (node_modules/@babel/parser/src/parser/statement.ts:419:17)
      at Parser.parseModuleItem [as parseBlockOrModuleBlockBody] (node_modules/@babel/parser/src/parser/statement.ts:1443:16)
      at Parser.parseBlockOrModuleBlockBody [as parseBlockBody] (node_modules/@babel/parser/src/parser/statement.ts:1417:10)
      at Parser.parseBlockBody [as parseProgram] (node_modules/@babel/parser/src/parser/statement.ts:229:10)
      at Parser.parseProgram [as parseTopLevel] (node_modules/@babel/parser/src/parser/statement.ts:203:25)
      at Parser.parseTopLevel [as parse] (node_modules/@babel/parser/src/parser/index.ts:88:25)
      at parse (node_modules/@babel/parser/src/index.ts:86:38)
      at parser (node_modules/@babel/core/src/parser/index.ts:29:19)
          at parser.next (<anonymous>)
      at normalizeFile (node_modules/@babel/core/src/transformation/normalize-file.ts:50:24)
          at normalizeFile.next (<anonymous>)
      at run (node_modules/@babel/core/src/transformation/index.ts:41:36)
          at run.next (<anonymous>)
      at transform (node_modules/@babel/core/src/transform.ts:29:20)
          at transform.next (<anonymous>)
      at evaluateSync (node_modules/gensync/index.js:251:28)
      at sync (node_modules/gensync/index.js:89:14)
      at fn (node_modules/@babel/core/src/errors/rewrite-stack-trace.ts:99:14)
      at transformSync (node_modules/@babel/core/src/transform.ts:66:52)
      at ScriptTransformer.transformSource (node_modules/@jest/transform/build/index.js:422:31)
      at ScriptTransformer._transformAndBuildScript (node_modules/@jest/transform/build/index.js:519:40)
      at ScriptTransformer.transform (node_modules/@jest/transform/build/index.js:558:19)
      at Object.require (tests/WorldClock.test.js:1:1)

FAIL tests/ExploitArtisanQuest.test.js
  ● Test suite failed to run

    Jest encountered an unexpected token

    Jest failed to parse a file. This happens e.g. when your code or its dependencies use non-standard JavaScript syntax, or when Jest is not configured to support such syntax.

    Out of the box Jest supports Babel, which will be used to transform your files into valid JS based on your Babel configuration.

    By default "node_modules" folder is ignored by transformers.

    Here's what you can do:
     • If you are trying to use ECMAScript Modules, see https://jestjs.io/docs/ecmascript-modules for how to enable it.
     • If you are trying to use TypeScript, see https://jestjs.io/docs/getting-started#using-typescript
     • To have some of your "node_modules" files transformed, you can specify a custom "transformIgnorePatterns" in your config.
     • If you need a custom transformation, specify a "transform" option in your config.
     • If you simply want to mock your non-JS modules (e.g. binary assets) you can stub them out with the "moduleNameMapper" config option.

    You'll find more details and examples of these config options in the docs:
    https://jestjs.io/docs/configuration
    For information about custom transformations, see:
    https://jestjs.io/docs/code-transformation

    Details:

    SyntaxError: /workspaces/Nadagotchi/js/Nadagotchi.js: Unexpected token (32:0)

      30 |      */
      31 |     constructor(initialArchetype, loadedData = null) {
    > 32 | <<<<<<< HEAD
         | ^
      33 |         /** @type {boolean} Indicates if the asynchronous initialization is complete. */
      34 |         this.isInitialized = false;
      35 |

    > 1 | import { Nadagotchi } from '../js/Nadagotchi';
        | ^
      2 |
      3 | // Mock localStorage and Phaser
      4 | class LocalStorageMock {

      at constructor (node_modules/@babel/parser/src/parse-error.ts:95:45)
      at Parser.toParseError [as raise] (node_modules/@babel/parser/src/tokenizer/index.ts:1507:19)
      at Parser.raise [as unexpected] (node_modules/@babel/parser/src/tokenizer/index.ts:1547:16)
      at Parser.unexpected [as parseExprAtom] (node_modules/@babel/parser/src/parser/expression.ts:1355:22)
      at Parser.parseExprAtom [as parseExprSubscripts] (node_modules/@babel/parser/src/parser/expression.ts:742:23)
      at Parser.parseExprSubscripts [as parseUpdate] (node_modules/@babel/parser/src/parser/expression.ts:721:21)
      at Parser.parseUpdate [as parseMaybeUnary] (node_modules/@babel/parser/src/parser/expression.ts:683:23)
      at Parser.parseMaybeUnary [as parseMaybeUnaryOrPrivate] (node_modules/@babel/parser/src/parser/expression.ts:417:14)
      at Parser.parseMaybeUnaryOrPrivate [as parseExprOps] (node_modules/@babel/parser/src/parser/expression.ts:429:23)
      at Parser.parseExprOps [as parseMaybeConditional] (node_modules/@babel/parser/src/parser/expression.ts:384:23)
      at Parser.parseMaybeConditional [as parseMaybeAssign] (node_modules/@babel/parser/src/parser/expression.ts:301:21)
      at Parser.parseMaybeAssign [as parseExpressionBase] (node_modules/@babel/parser/src/parser/expression.ts:226:23)
      at parseExpressionBase (node_modules/@babel/parser/src/parser/expression.ts:217:39)
      at Parser.callback [as allowInAnd] (node_modules/@babel/parser/src/parser/expression.ts:3197:16)
      at Parser.allowInAnd [as parseExpression] (node_modules/@babel/parser/src/parser/expression.ts:217:17)
      at Parser.parseExpression [as parseStatementContent] (node_modules/@babel/parser/src/parser/statement.ts:688:23)
      at Parser.parseStatementContent [as parseStatementLike] (node_modules/@babel/parser/src/parser/statement.ts:482:17)
      at Parser.parseStatementLike [as parseStatementListItem] (node_modules/@babel/parser/src/parser/statement.ts:431:17)
      at Parser.parseStatementListItem [as parseBlockOrModuleBlockBody] (node_modules/@babel/parser/src/parser/statement.ts:1444:16)
      at Parser.parseBlockOrModuleBlockBody [as parseBlockBody] (node_modules/@babel/parser/src/parser/statement.ts:1417:10)
      at Parser.parseBlockBody [as parseBlock] (node_modules/@babel/parser/src/parser/statement.ts:1385:10)
      at Parser.parseBlock [as parseFunctionBody] (node_modules/@babel/parser/src/parser/expression.ts:2626:24)
      at Parser.parseFunctionBody [as parseFunctionBodyAndFinish] (node_modules/@babel/parser/src/parser/expression.ts:2595:10)
      at Parser.parseFunctionBodyAndFinish [as parseMethod] (node_modules/@babel/parser/src/parser/expression.ts:2492:31)
      at Parser.parseMethod [as pushClassMethod] (node_modules/@babel/parser/src/parser/statement.ts:2244:12)
      at Parser.pushClassMethod [as parseClassMemberWithIsStatic] (node_modules/@babel/parser/src/parser/statement.ts:2023:12)
      at Parser.parseClassMemberWithIsStatic [as parseClassMember] (node_modules/@babel/parser/src/parser/statement.ts:1938:10)
      at parseClassMember (node_modules/@babel/parser/src/parser/statement.ts:1851:14)
      at Parser.callback [as withSmartMixTopicForbiddingContext] (node_modules/@babel/parser/src/parser/expression.ts:3176:14)
      at Parser.withSmartMixTopicForbiddingContext [as parseClassBody] (node_modules/@babel/parser/src/parser/statement.ts:1823:10)
      at Parser.parseClassBody [as parseClass] (node_modules/@babel/parser/src/parser/statement.ts:1774:22)
      at Parser.parseClass [as parseExportDeclaration] (node_modules/@babel/parser/src/parser/statement.ts:2628:25)
      at Parser.parseExportDeclaration [as maybeParseExportDeclaration] (node_modules/@babel/parser/src/parser/statement.ts:2551:31)
      at Parser.maybeParseExportDeclaration [as parseExport] (node_modules/@babel/parser/src/parser/statement.ts:2432:29)
      at Parser.parseExport [as parseStatementContent] (node_modules/@babel/parser/src/parser/statement.ts:649:25)
      at Parser.parseStatementContent [as parseStatementLike] (node_modules/@babel/parser/src/parser/statement.ts:482:17)
      at Parser.parseStatementLike [as parseModuleItem] (node_modules/@babel/parser/src/parser/statement.ts:419:17)
      at Parser.parseModuleItem [as parseBlockOrModuleBlockBody] (node_modules/@babel/parser/src/parser/statement.ts:1443:16)
      at Parser.parseBlockOrModuleBlockBody [as parseBlockBody] (node_modules/@babel/parser/src/parser/statement.ts:1417:10)
      at Parser.parseBlockBody [as parseProgram] (node_modules/@babel/parser/src/parser/statement.ts:229:10)
      at Parser.parseProgram [as parseTopLevel] (node_modules/@babel/parser/src/parser/statement.ts:203:25)
      at Parser.parseTopLevel [as parse] (node_modules/@babel/parser/src/parser/index.ts:88:25)
      at parse (node_modules/@babel/parser/src/index.ts:86:38)
      at parser (node_modules/@babel/core/src/parser/index.ts:29:19)
          at parser.next (<anonymous>)
      at normalizeFile (node_modules/@babel/core/src/transformation/normalize-file.ts:50:24)
          at normalizeFile.next (<anonymous>)
      at run (node_modules/@babel/core/src/transformation/index.ts:41:36)
          at run.next (<anonymous>)
      at transform (node_modules/@babel/core/src/transform.ts:29:20)
          at transform.next (<anonymous>)
      at evaluateSync (node_modules/gensync/index.js:251:28)
      at sync (node_modules/gensync/index.js:89:14)
      at fn (node_modules/@babel/core/src/errors/rewrite-stack-trace.ts:99:14)
      at transformSync (node_modules/@babel/core/src/transform.ts:66:52)
      at ScriptTransformer.transformSource (node_modules/@jest/transform/build/index.js:422:31)
      at ScriptTransformer._transformAndBuildScript (node_modules/@jest/transform/build/index.js:519:40)
      at ScriptTransformer.transform (node_modules/@jest/transform/build/index.js:558:19)
      at Object.require (tests/ExploitArtisanQuest.test.js:1:1)

FAIL tests/DailyQuest.test.js
  ● Test suite failed to run

    Jest encountered an unexpected token

    Jest failed to parse a file. This happens e.g. when your code or its dependencies use non-standard JavaScript syntax, or when Jest is not configured to support such syntax.

    Out of the box Jest supports Babel, which will be used to transform your files into valid JS based on your Babel configuration.

    By default "node_modules" folder is ignored by transformers.

    Here's what you can do:
     • If you are trying to use ECMAScript Modules, see https://jestjs.io/docs/ecmascript-modules for how to enable it.
     • If you are trying to use TypeScript, see https://jestjs.io/docs/getting-started#using-typescript
     • To have some of your "node_modules" files transformed, you can specify a custom "transformIgnorePatterns" in your config.
     • If you need a custom transformation, specify a "transform" option in your config.
     • If you simply want to mock your non-JS modules (e.g. binary assets) you can stub them out with the "moduleNameMapper" config option.

    You'll find more details and examples of these config options in the docs:
    https://jestjs.io/docs/configuration
    For information about custom transformations, see:
    https://jestjs.io/docs/code-transformation

    Details:

    SyntaxError: /workspaces/Nadagotchi/js/Nadagotchi.js: Unexpected token (32:0)

      30 |      */
      31 |     constructor(initialArchetype, loadedData = null) {
    > 32 | <<<<<<< HEAD
         | ^
      33 |         /** @type {boolean} Indicates if the asynchronous initialization is complete. */
      34 |         this.isInitialized = false;
      35 |

    > 1 | import { Nadagotchi } from '../js/Nadagotchi';
        | ^
      2 | import { QuestSystem } from '../js/systems/QuestSystem';
      3 |
      4 | // Mock localStorage

      at constructor (node_modules/@babel/parser/src/parse-error.ts:95:45)
      at Parser.toParseError [as raise] (node_modules/@babel/parser/src/tokenizer/index.ts:1507:19)
      at Parser.raise [as unexpected] (node_modules/@babel/parser/src/tokenizer/index.ts:1547:16)
      at Parser.unexpected [as parseExprAtom] (node_modules/@babel/parser/src/parser/expression.ts:1355:22)
      at Parser.parseExprAtom [as parseExprSubscripts] (node_modules/@babel/parser/src/parser/expression.ts:742:23)
      at Parser.parseExprSubscripts [as parseUpdate] (node_modules/@babel/parser/src/parser/expression.ts:721:21)
      at Parser.parseUpdate [as parseMaybeUnary] (node_modules/@babel/parser/src/parser/expression.ts:683:23)
      at Parser.parseMaybeUnary [as parseMaybeUnaryOrPrivate] (node_modules/@babel/parser/src/parser/expression.ts:417:14)
      at Parser.parseMaybeUnaryOrPrivate [as parseExprOps] (node_modules/@babel/parser/src/parser/expression.ts:429:23)
      at Parser.parseExprOps [as parseMaybeConditional] (node_modules/@babel/parser/src/parser/expression.ts:384:23)
      at Parser.parseMaybeConditional [as parseMaybeAssign] (node_modules/@babel/parser/src/parser/expression.ts:301:21)
      at Parser.parseMaybeAssign [as parseExpressionBase] (node_modules/@babel/parser/src/parser/expression.ts:226:23)
      at parseExpressionBase (node_modules/@babel/parser/src/parser/expression.ts:217:39)
      at Parser.callback [as allowInAnd] (node_modules/@babel/parser/src/parser/expression.ts:3197:16)
      at Parser.allowInAnd [as parseExpression] (node_modules/@babel/parser/src/parser/expression.ts:217:17)
      at Parser.parseExpression [as parseStatementContent] (node_modules/@babel/parser/src/parser/statement.ts:688:23)
      at Parser.parseStatementContent [as parseStatementLike] (node_modules/@babel/parser/src/parser/statement.ts:482:17)
      at Parser.parseStatementLike [as parseStatementListItem] (node_modules/@babel/parser/src/parser/statement.ts:431:17)
      at Parser.parseStatementListItem [as parseBlockOrModuleBlockBody] (node_modules/@babel/parser/src/parser/statement.ts:1444:16)
      at Parser.parseBlockOrModuleBlockBody [as parseBlockBody] (node_modules/@babel/parser/src/parser/statement.ts:1417:10)
      at Parser.parseBlockBody [as parseBlock] (node_modules/@babel/parser/src/parser/statement.ts:1385:10)
      at Parser.parseBlock [as parseFunctionBody] (node_modules/@babel/parser/src/parser/expression.ts:2626:24)
      at Parser.parseFunctionBody [as parseFunctionBodyAndFinish] (node_modules/@babel/parser/src/parser/expression.ts:2595:10)
      at Parser.parseFunctionBodyAndFinish [as parseMethod] (node_modules/@babel/parser/src/parser/expression.ts:2492:31)
      at Parser.parseMethod [as pushClassMethod] (node_modules/@babel/parser/src/parser/statement.ts:2244:12)
      at Parser.pushClassMethod [as parseClassMemberWithIsStatic] (node_modules/@babel/parser/src/parser/statement.ts:2023:12)
      at Parser.parseClassMemberWithIsStatic [as parseClassMember] (node_modules/@babel/parser/src/parser/statement.ts:1938:10)
      at parseClassMember (node_modules/@babel/parser/src/parser/statement.ts:1851:14)
      at Parser.callback [as withSmartMixTopicForbiddingContext] (node_modules/@babel/parser/src/parser/expression.ts:3176:14)
      at Parser.withSmartMixTopicForbiddingContext [as parseClassBody] (node_modules/@babel/parser/src/parser/statement.ts:1823:10)
      at Parser.parseClassBody [as parseClass] (node_modules/@babel/parser/src/parser/statement.ts:1774:22)
      at Parser.parseClass [as parseExportDeclaration] (node_modules/@babel/parser/src/parser/statement.ts:2628:25)
      at Parser.parseExportDeclaration [as maybeParseExportDeclaration] (node_modules/@babel/parser/src/parser/statement.ts:2551:31)
      at Parser.maybeParseExportDeclaration [as parseExport] (node_modules/@babel/parser/src/parser/statement.ts:2432:29)
      at Parser.parseExport [as parseStatementContent] (node_modules/@babel/parser/src/parser/statement.ts:649:25)
      at Parser.parseStatementContent [as parseStatementLike] (node_modules/@babel/parser/src/parser/statement.ts:482:17)
      at Parser.parseStatementLike [as parseModuleItem] (node_modules/@babel/parser/src/parser/statement.ts:419:17)
      at Parser.parseModuleItem [as parseBlockOrModuleBlockBody] (node_modules/@babel/parser/src/parser/statement.ts:1443:16)
      at Parser.parseBlockOrModuleBlockBody [as parseBlockBody] (node_modules/@babel/parser/src/parser/statement.ts:1417:10)
      at Parser.parseBlockBody [as parseProgram] (node_modules/@babel/parser/src/parser/statement.ts:229:10)
      at Parser.parseProgram [as parseTopLevel] (node_modules/@babel/parser/src/parser/statement.ts:203:25)
      at Parser.parseTopLevel [as parse] (node_modules/@babel/parser/src/parser/index.ts:88:25)
      at parse (node_modules/@babel/parser/src/index.ts:86:38)
      at parser (node_modules/@babel/core/src/parser/index.ts:29:19)
          at parser.next (<anonymous>)
      at normalizeFile (node_modules/@babel/core/src/transformation/normalize-file.ts:50:24)
          at normalizeFile.next (<anonymous>)
      at run (node_modules/@babel/core/src/transformation/index.ts:41:36)
          at run.next (<anonymous>)
      at transform (node_modules/@babel/core/src/transform.ts:29:20)
          at transform.next (<anonymous>)
      at evaluateSync (node_modules/gensync/index.js:251:28)
      at sync (node_modules/gensync/index.js:89:14)
      at fn (node_modules/@babel/core/src/errors/rewrite-stack-trace.ts:99:14)
      at transformSync (node_modules/@babel/core/src/transform.ts:66:52)
      at ScriptTransformer.transformSource (node_modules/@jest/transform/build/index.js:422:31)
      at ScriptTransformer._transformAndBuildScript (node_modules/@jest/transform/build/index.js:519:40)
      at ScriptTransformer.transform (node_modules/@jest/transform/build/index.js:558:19)
      at Object.require (tests/DailyQuest.test.js:1:1)

FAIL tests/performance/updateDominantArchetype.perf.test.js
  ● Test suite failed to run

    Jest encountered an unexpected token

    Jest failed to parse a file. This happens e.g. when your code or its dependencies use non-standard JavaScript syntax, or when Jest is not configured to support such syntax.

    Out of the box Jest supports Babel, which will be used to transform your files into valid JS based on your Babel configuration.

    By default "node_modules" folder is ignored by transformers.

    Here's what you can do:
     • If you are trying to use ECMAScript Modules, see https://jestjs.io/docs/ecmascript-modules for how to enable it.
     • If you are trying to use TypeScript, see https://jestjs.io/docs/getting-started#using-typescript
     • To have some of your "node_modules" files transformed, you can specify a custom "transformIgnorePatterns" in your config.
     • If you need a custom transformation, specify a "transform" option in your config.
     • If you simply want to mock your non-JS modules (e.g. binary assets) you can stub them out with the "moduleNameMapper" config option.

    You'll find more details and examples of these config options in the docs:
    https://jestjs.io/docs/configuration
    For information about custom transformations, see:
    https://jestjs.io/docs/code-transformation

    Details:

    SyntaxError: /workspaces/Nadagotchi/js/Nadagotchi.js: Unexpected token (32:0)

      30 |      */
      31 |     constructor(initialArchetype, loadedData = null) {
    > 32 | <<<<<<< HEAD
         | ^
      33 |         /** @type {boolean} Indicates if the asynchronous initialization is complete. */
      34 |         this.isInitialized = false;
      35 |

      1 |
      2 | import { jest } from '@jest/globals';
    > 3 | import { Nadagotchi } from '../../js/Nadagotchi';
        | ^
      4 | import { setupPhaserMock } from '../helpers/mockPhaser';
      5 | import { setupLocalStorageMock } from '../helpers/mockLocalStorage';
      6 |

      at constructor (node_modules/@babel/parser/src/parse-error.ts:95:45)
      at Parser.toParseError [as raise] (node_modules/@babel/parser/src/tokenizer/index.ts:1507:19)
      at Parser.raise [as unexpected] (node_modules/@babel/parser/src/tokenizer/index.ts:1547:16)
      at Parser.unexpected [as parseExprAtom] (node_modules/@babel/parser/src/parser/expression.ts:1355:22)
      at Parser.parseExprAtom [as parseExprSubscripts] (node_modules/@babel/parser/src/parser/expression.ts:742:23)
      at Parser.parseExprSubscripts [as parseUpdate] (node_modules/@babel/parser/src/parser/expression.ts:721:21)
      at Parser.parseUpdate [as parseMaybeUnary] (node_modules/@babel/parser/src/parser/expression.ts:683:23)
      at Parser.parseMaybeUnary [as parseMaybeUnaryOrPrivate] (node_modules/@babel/parser/src/parser/expression.ts:417:14)
      at Parser.parseMaybeUnaryOrPrivate [as parseExprOps] (node_modules/@babel/parser/src/parser/expression.ts:429:23)
      at Parser.parseExprOps [as parseMaybeConditional] (node_modules/@babel/parser/src/parser/expression.ts:384:23)
      at Parser.parseMaybeConditional [as parseMaybeAssign] (node_modules/@babel/parser/src/parser/expression.ts:301:21)
      at Parser.parseMaybeAssign [as parseExpressionBase] (node_modules/@babel/parser/src/parser/expression.ts:226:23)
      at parseExpressionBase (node_modules/@babel/parser/src/parser/expression.ts:217:39)
      at Parser.callback [as allowInAnd] (node_modules/@babel/parser/src/parser/expression.ts:3197:16)
      at Parser.allowInAnd [as parseExpression] (node_modules/@babel/parser/src/parser/expression.ts:217:17)
      at Parser.parseExpression [as parseStatementContent] (node_modules/@babel/parser/src/parser/statement.ts:688:23)
      at Parser.parseStatementContent [as parseStatementLike] (node_modules/@babel/parser/src/parser/statement.ts:482:17)
      at Parser.parseStatementLike [as parseStatementListItem] (node_modules/@babel/parser/src/parser/statement.ts:431:17)
      at Parser.parseStatementListItem [as parseBlockOrModuleBlockBody] (node_modules/@babel/parser/src/parser/statement.ts:1444:16)
      at Parser.parseBlockOrModuleBlockBody [as parseBlockBody] (node_modules/@babel/parser/src/parser/statement.ts:1417:10)
      at Parser.parseBlockBody [as parseBlock] (node_modules/@babel/parser/src/parser/statement.ts:1385:10)
      at Parser.parseBlock [as parseFunctionBody] (node_modules/@babel/parser/src/parser/expression.ts:2626:24)
      at Parser.parseFunctionBody [as parseFunctionBodyAndFinish] (node_modules/@babel/parser/src/parser/expression.ts:2595:10)
      at Parser.parseFunctionBodyAndFinish [as parseMethod] (node_modules/@babel/parser/src/parser/expression.ts:2492:31)
      at Parser.parseMethod [as pushClassMethod] (node_modules/@babel/parser/src/parser/statement.ts:2244:12)
      at Parser.pushClassMethod [as parseClassMemberWithIsStatic] (node_modules/@babel/parser/src/parser/statement.ts:2023:12)
      at Parser.parseClassMemberWithIsStatic [as parseClassMember] (node_modules/@babel/parser/src/parser/statement.ts:1938:10)
      at parseClassMember (node_modules/@babel/parser/src/parser/statement.ts:1851:14)
      at Parser.callback [as withSmartMixTopicForbiddingContext] (node_modules/@babel/parser/src/parser/expression.ts:3176:14)
      at Parser.withSmartMixTopicForbiddingContext [as parseClassBody] (node_modules/@babel/parser/src/parser/statement.ts:1823:10)
      at Parser.parseClassBody [as parseClass] (node_modules/@babel/parser/src/parser/statement.ts:1774:22)
      at Parser.parseClass [as parseExportDeclaration] (node_modules/@babel/parser/src/parser/statement.ts:2628:25)
      at Parser.parseExportDeclaration [as maybeParseExportDeclaration] (node_modules/@babel/parser/src/parser/statement.ts:2551:31)
      at Parser.maybeParseExportDeclaration [as parseExport] (node_modules/@babel/parser/src/parser/statement.ts:2432:29)
      at Parser.parseExport [as parseStatementContent] (node_modules/@babel/parser/src/parser/statement.ts:649:25)
      at Parser.parseStatementContent [as parseStatementLike] (node_modules/@babel/parser/src/parser/statement.ts:482:17)
      at Parser.parseStatementLike [as parseModuleItem] (node_modules/@babel/parser/src/parser/statement.ts:419:17)
      at Parser.parseModuleItem [as parseBlockOrModuleBlockBody] (node_modules/@babel/parser/src/parser/statement.ts:1443:16)
      at Parser.parseBlockOrModuleBlockBody [as parseBlockBody] (node_modules/@babel/parser/src/parser/statement.ts:1417:10)
      at Parser.parseBlockBody [as parseProgram] (node_modules/@babel/parser/src/parser/statement.ts:229:10)
      at Parser.parseProgram [as parseTopLevel] (node_modules/@babel/parser/src/parser/statement.ts:203:25)
      at Parser.parseTopLevel [as parse] (node_modules/@babel/parser/src/parser/index.ts:88:25)
      at parse (node_modules/@babel/parser/src/index.ts:86:38)
      at parser (node_modules/@babel/core/src/parser/index.ts:29:19)
          at parser.next (<anonymous>)
      at normalizeFile (node_modules/@babel/core/src/transformation/normalize-file.ts:50:24)
          at normalizeFile.next (<anonymous>)
      at run (node_modules/@babel/core/src/transformation/index.ts:41:36)
          at run.next (<anonymous>)
      at transform (node_modules/@babel/core/src/transform.ts:29:20)
          at transform.next (<anonymous>)
      at evaluateSync (node_modules/gensync/index.js:251:28)
      at sync (node_modules/gensync/index.js:89:14)
      at fn (node_modules/@babel/core/src/errors/rewrite-stack-trace.ts:99:14)
      at transformSync (node_modules/@babel/core/src/transform.ts:66:52)
      at ScriptTransformer.transformSource (node_modules/@jest/transform/build/index.js:422:31)
      at ScriptTransformer._transformAndBuildScript (node_modules/@jest/transform/build/index.js:519:40)
      at ScriptTransformer.transform (node_modules/@jest/transform/build/index.js:558:19)
      at Object.require (tests/performance/updateDominantArchetype.perf.test.js:3:1)

FAIL tests/InventorySystem_placeItem.test.js
  ● Test suite failed to run

    Jest encountered an unexpected token

    Jest failed to parse a file. This happens e.g. when your code or its dependencies use non-standard JavaScript syntax, or when Jest is not configured to support such syntax.

    Out of the box Jest supports Babel, which will be used to transform your files into valid JS based on your Babel configuration.

    By default "node_modules" folder is ignored by transformers.

    Here's what you can do:
     • If you are trying to use ECMAScript Modules, see https://jestjs.io/docs/ecmascript-modules for how to enable it.
     • If you are trying to use TypeScript, see https://jestjs.io/docs/getting-started#using-typescript
     • To have some of your "node_modules" files transformed, you can specify a custom "transformIgnorePatterns" in your config.
     • If you need a custom transformation, specify a "transform" option in your config.
     • If you simply want to mock your non-JS modules (e.g. binary assets) you can stub them out with the "moduleNameMapper" config option.

    You'll find more details and examples of these config options in the docs:
    https://jestjs.io/docs/configuration
    For information about custom transformations, see:
    https://jestjs.io/docs/code-transformation

    Details:

    SyntaxError: /workspaces/Nadagotchi/js/Nadagotchi.js: Unexpected token (32:0)

      30 |      */
      31 |     constructor(initialArchetype, loadedData = null) {
    > 32 | <<<<<<< HEAD
         | ^
      33 |         /** @type {boolean} Indicates if the asynchronous initialization is complete. */
      34 |         this.isInitialized = false;
      35 |

    > 1 | import { Nadagotchi } from '../js/Nadagotchi.js';
        | ^
      2 |
      3 | // Mock dependencies to prevent side effects during Nadagotchi initialization
      4 | jest.mock('../js/ItemData.js', () => ({

      at constructor (node_modules/@babel/parser/src/parse-error.ts:95:45)
      at Parser.toParseError [as raise] (node_modules/@babel/parser/src/tokenizer/index.ts:1507:19)
      at Parser.raise [as unexpected] (node_modules/@babel/parser/src/tokenizer/index.ts:1547:16)
      at Parser.unexpected [as parseExprAtom] (node_modules/@babel/parser/src/parser/expression.ts:1355:22)
      at Parser.parseExprAtom [as parseExprSubscripts] (node_modules/@babel/parser/src/parser/expression.ts:742:23)
      at Parser.parseExprSubscripts [as parseUpdate] (node_modules/@babel/parser/src/parser/expression.ts:721:21)
      at Parser.parseUpdate [as parseMaybeUnary] (node_modules/@babel/parser/src/parser/expression.ts:683:23)
      at Parser.parseMaybeUnary [as parseMaybeUnaryOrPrivate] (node_modules/@babel/parser/src/parser/expression.ts:417:14)
      at Parser.parseMaybeUnaryOrPrivate [as parseExprOps] (node_modules/@babel/parser/src/parser/expression.ts:429:23)
      at Parser.parseExprOps [as parseMaybeConditional] (node_modules/@babel/parser/src/parser/expression.ts:384:23)
      at Parser.parseMaybeConditional [as parseMaybeAssign] (node_modules/@babel/parser/src/parser/expression.ts:301:21)
      at Parser.parseMaybeAssign [as parseExpressionBase] (node_modules/@babel/parser/src/parser/expression.ts:226:23)
      at parseExpressionBase (node_modules/@babel/parser/src/parser/expression.ts:217:39)
      at Parser.callback [as allowInAnd] (node_modules/@babel/parser/src/parser/expression.ts:3197:16)
      at Parser.allowInAnd [as parseExpression] (node_modules/@babel/parser/src/parser/expression.ts:217:17)
      at Parser.parseExpression [as parseStatementContent] (node_modules/@babel/parser/src/parser/statement.ts:688:23)
      at Parser.parseStatementContent [as parseStatementLike] (node_modules/@babel/parser/src/parser/statement.ts:482:17)
      at Parser.parseStatementLike [as parseStatementListItem] (node_modules/@babel/parser/src/parser/statement.ts:431:17)
      at Parser.parseStatementListItem [as parseBlockOrModuleBlockBody] (node_modules/@babel/parser/src/parser/statement.ts:1444:16)
      at Parser.parseBlockOrModuleBlockBody [as parseBlockBody] (node_modules/@babel/parser/src/parser/statement.ts:1417:10)
      at Parser.parseBlockBody [as parseBlock] (node_modules/@babel/parser/src/parser/statement.ts:1385:10)
      at Parser.parseBlock [as parseFunctionBody] (node_modules/@babel/parser/src/parser/expression.ts:2626:24)
      at Parser.parseFunctionBody [as parseFunctionBodyAndFinish] (node_modules/@babel/parser/src/parser/expression.ts:2595:10)
      at Parser.parseFunctionBodyAndFinish [as parseMethod] (node_modules/@babel/parser/src/parser/expression.ts:2492:31)
      at Parser.parseMethod [as pushClassMethod] (node_modules/@babel/parser/src/parser/statement.ts:2244:12)
      at Parser.pushClassMethod [as parseClassMemberWithIsStatic] (node_modules/@babel/parser/src/parser/statement.ts:2023:12)
      at Parser.parseClassMemberWithIsStatic [as parseClassMember] (node_modules/@babel/parser/src/parser/statement.ts:1938:10)
      at parseClassMember (node_modules/@babel/parser/src/parser/statement.ts:1851:14)
      at Parser.callback [as withSmartMixTopicForbiddingContext] (node_modules/@babel/parser/src/parser/expression.ts:3176:14)
      at Parser.withSmartMixTopicForbiddingContext [as parseClassBody] (node_modules/@babel/parser/src/parser/statement.ts:1823:10)
      at Parser.parseClassBody [as parseClass] (node_modules/@babel/parser/src/parser/statement.ts:1774:22)
      at Parser.parseClass [as parseExportDeclaration] (node_modules/@babel/parser/src/parser/statement.ts:2628:25)
      at Parser.parseExportDeclaration [as maybeParseExportDeclaration] (node_modules/@babel/parser/src/parser/statement.ts:2551:31)
      at Parser.maybeParseExportDeclaration [as parseExport] (node_modules/@babel/parser/src/parser/statement.ts:2432:29)
      at Parser.parseExport [as parseStatementContent] (node_modules/@babel/parser/src/parser/statement.ts:649:25)
      at Parser.parseStatementContent [as parseStatementLike] (node_modules/@babel/parser/src/parser/statement.ts:482:17)
      at Parser.parseStatementLike [as parseModuleItem] (node_modules/@babel/parser/src/parser/statement.ts:419:17)
      at Parser.parseModuleItem [as parseBlockOrModuleBlockBody] (node_modules/@babel/parser/src/parser/statement.ts:1443:16)
      at Parser.parseBlockOrModuleBlockBody [as parseBlockBody] (node_modules/@babel/parser/src/parser/statement.ts:1417:10)
      at Parser.parseBlockBody [as parseProgram] (node_modules/@babel/parser/src/parser/statement.ts:229:10)
      at Parser.parseProgram [as parseTopLevel] (node_modules/@babel/parser/src/parser/statement.ts:203:25)
      at Parser.parseTopLevel [as parse] (node_modules/@babel/parser/src/parser/index.ts:88:25)
      at parse (node_modules/@babel/parser/src/index.ts:86:38)
      at parser (node_modules/@babel/core/src/parser/index.ts:29:19)
          at parser.next (<anonymous>)
      at normalizeFile (node_modules/@babel/core/src/transformation/normalize-file.ts:50:24)
          at normalizeFile.next (<anonymous>)
      at run (node_modules/@babel/core/src/transformation/index.ts:41:36)
          at run.next (<anonymous>)
      at transform (node_modules/@babel/core/src/transform.ts:29:20)
          at transform.next (<anonymous>)
      at evaluateSync (node_modules/gensync/index.js:251:28)
      at sync (node_modules/gensync/index.js:89:14)
      at fn (node_modules/@babel/core/src/errors/rewrite-stack-trace.ts:99:14)
      at transformSync (node_modules/@babel/core/src/transform.ts:66:52)
      at ScriptTransformer.transformSource (node_modules/@jest/transform/build/index.js:422:31)
      at ScriptTransformer._transformAndBuildScript (node_modules/@jest/transform/build/index.js:519:40)
      at ScriptTransformer.transform (node_modules/@jest/transform/build/index.js:558:19)
      at Object.require (tests/InventorySystem_placeItem.test.js:1:1)

FAIL tests/InventoryCheck.test.js
  ● Test suite failed to run

    Jest encountered an unexpected token

    Jest failed to parse a file. This happens e.g. when your code or its dependencies use non-standard JavaScript syntax, or when Jest is not configured to support such syntax.

    Out of the box Jest supports Babel, which will be used to transform your files into valid JS based on your Babel configuration.

    By default "node_modules" folder is ignored by transformers.

    Here's what you can do:
     • If you are trying to use ECMAScript Modules, see https://jestjs.io/docs/ecmascript-modules for how to enable it.
     • If you are trying to use TypeScript, see https://jestjs.io/docs/getting-started#using-typescript
     • To have some of your "node_modules" files transformed, you can specify a custom "transformIgnorePatterns" in your config.
     • If you need a custom transformation, specify a "transform" option in your config.
     • If you simply want to mock your non-JS modules (e.g. binary assets) you can stub them out with the "moduleNameMapper" config option.

    You'll find more details and examples of these config options in the docs:
    https://jestjs.io/docs/configuration
    For information about custom transformations, see:
    https://jestjs.io/docs/code-transformation

    Details:

    SyntaxError: /workspaces/Nadagotchi/js/Nadagotchi.js: Unexpected token (32:0)

      30 |      */
      31 |     constructor(initialArchetype, loadedData = null) {
    > 32 | <<<<<<< HEAD
         | ^
      33 |         /** @type {boolean} Indicates if the asynchronous initialization is complete. */
      34 |         this.isInitialized = false;
      35 |

      1 |
    > 2 | const { Nadagotchi } = require('../js/Nadagotchi.js');
        |                        ^
      3 | const { Config } = require('../js/Config.js');
      4 |
      5 | // Mock Phaser if needed (Nadagotchi mostly doesn't need it, but sometimes does)

      at constructor (node_modules/@babel/parser/src/parse-error.ts:95:45)
      at Parser.toParseError [as raise] (node_modules/@babel/parser/src/tokenizer/index.ts:1507:19)
      at Parser.raise [as unexpected] (node_modules/@babel/parser/src/tokenizer/index.ts:1547:16)
      at Parser.unexpected [as parseExprAtom] (node_modules/@babel/parser/src/parser/expression.ts:1355:22)
      at Parser.parseExprAtom [as parseExprSubscripts] (node_modules/@babel/parser/src/parser/expression.ts:742:23)
      at Parser.parseExprSubscripts [as parseUpdate] (node_modules/@babel/parser/src/parser/expression.ts:721:21)
      at Parser.parseUpdate [as parseMaybeUnary] (node_modules/@babel/parser/src/parser/expression.ts:683:23)
      at Parser.parseMaybeUnary [as parseMaybeUnaryOrPrivate] (node_modules/@babel/parser/src/parser/expression.ts:417:14)
      at Parser.parseMaybeUnaryOrPrivate [as parseExprOps] (node_modules/@babel/parser/src/parser/expression.ts:429:23)
      at Parser.parseExprOps [as parseMaybeConditional] (node_modules/@babel/parser/src/parser/expression.ts:384:23)
      at Parser.parseMaybeConditional [as parseMaybeAssign] (node_modules/@babel/parser/src/parser/expression.ts:301:21)
      at Parser.parseMaybeAssign [as parseExpressionBase] (node_modules/@babel/parser/src/parser/expression.ts:226:23)
      at parseExpressionBase (node_modules/@babel/parser/src/parser/expression.ts:217:39)
      at Parser.callback [as allowInAnd] (node_modules/@babel/parser/src/parser/expression.ts:3197:16)
      at Parser.allowInAnd [as parseExpression] (node_modules/@babel/parser/src/parser/expression.ts:217:17)
      at Parser.parseExpression [as parseStatementContent] (node_modules/@babel/parser/src/parser/statement.ts:688:23)
      at Parser.parseStatementContent [as parseStatementLike] (node_modules/@babel/parser/src/parser/statement.ts:482:17)
      at Parser.parseStatementLike [as parseStatementListItem] (node_modules/@babel/parser/src/parser/statement.ts:431:17)
      at Parser.parseStatementListItem [as parseBlockOrModuleBlockBody] (node_modules/@babel/parser/src/parser/statement.ts:1444:16)
      at Parser.parseBlockOrModuleBlockBody [as parseBlockBody] (node_modules/@babel/parser/src/parser/statement.ts:1417:10)
      at Parser.parseBlockBody [as parseBlock] (node_modules/@babel/parser/src/parser/statement.ts:1385:10)
      at Parser.parseBlock [as parseFunctionBody] (node_modules/@babel/parser/src/parser/expression.ts:2626:24)
      at Parser.parseFunctionBody [as parseFunctionBodyAndFinish] (node_modules/@babel/parser/src/parser/expression.ts:2595:10)
      at Parser.parseFunctionBodyAndFinish [as parseMethod] (node_modules/@babel/parser/src/parser/expression.ts:2492:31)
      at Parser.parseMethod [as pushClassMethod] (node_modules/@babel/parser/src/parser/statement.ts:2244:12)
      at Parser.pushClassMethod [as parseClassMemberWithIsStatic] (node_modules/@babel/parser/src/parser/statement.ts:2023:12)
      at Parser.parseClassMemberWithIsStatic [as parseClassMember] (node_modules/@babel/parser/src/parser/statement.ts:1938:10)
      at parseClassMember (node_modules/@babel/parser/src/parser/statement.ts:1851:14)
      at Parser.callback [as withSmartMixTopicForbiddingContext] (node_modules/@babel/parser/src/parser/expression.ts:3176:14)
      at Parser.withSmartMixTopicForbiddingContext [as parseClassBody] (node_modules/@babel/parser/src/parser/statement.ts:1823:10)
      at Parser.parseClassBody [as parseClass] (node_modules/@babel/parser/src/parser/statement.ts:1774:22)
      at Parser.parseClass [as parseExportDeclaration] (node_modules/@babel/parser/src/parser/statement.ts:2628:25)
      at Parser.parseExportDeclaration [as maybeParseExportDeclaration] (node_modules/@babel/parser/src/parser/statement.ts:2551:31)
      at Parser.maybeParseExportDeclaration [as parseExport] (node_modules/@babel/parser/src/parser/statement.ts:2432:29)
      at Parser.parseExport [as parseStatementContent] (node_modules/@babel/parser/src/parser/statement.ts:649:25)
      at Parser.parseStatementContent [as parseStatementLike] (node_modules/@babel/parser/src/parser/statement.ts:482:17)
      at Parser.parseStatementLike [as parseModuleItem] (node_modules/@babel/parser/src/parser/statement.ts:419:17)
      at Parser.parseModuleItem [as parseBlockOrModuleBlockBody] (node_modules/@babel/parser/src/parser/statement.ts:1443:16)
      at Parser.parseBlockOrModuleBlockBody [as parseBlockBody] (node_modules/@babel/parser/src/parser/statement.ts:1417:10)
      at Parser.parseBlockBody [as parseProgram] (node_modules/@babel/parser/src/parser/statement.ts:229:10)
      at Parser.parseProgram [as parseTopLevel] (node_modules/@babel/parser/src/parser/statement.ts:203:25)
      at Parser.parseTopLevel [as parse] (node_modules/@babel/parser/src/parser/index.ts:88:25)
      at parse (node_modules/@babel/parser/src/index.ts:86:38)
      at parser (node_modules/@babel/core/src/parser/index.ts:29:19)
          at parser.next (<anonymous>)
      at normalizeFile (node_modules/@babel/core/src/transformation/normalize-file.ts:50:24)
          at normalizeFile.next (<anonymous>)
      at run (node_modules/@babel/core/src/transformation/index.ts:41:36)
          at run.next (<anonymous>)
      at transform (node_modules/@babel/core/src/transform.ts:29:20)
          at transform.next (<anonymous>)
      at evaluateSync (node_modules/gensync/index.js:251:28)
      at sync (node_modules/gensync/index.js:89:14)
      at fn (node_modules/@babel/core/src/errors/rewrite-stack-trace.ts:99:14)
      at transformSync (node_modules/@babel/core/src/transform.ts:66:52)
      at ScriptTransformer.transformSource (node_modules/@jest/transform/build/index.js:422:31)
      at ScriptTransformer._transformAndBuildScript (node_modules/@jest/transform/build/index.js:519:40)
      at ScriptTransformer.transform (node_modules/@jest/transform/build/index.js:558:19)
      at Object.require (tests/InventoryCheck.test.js:2:24)

FAIL tests/Career.test.js
  ● Test suite failed to run

    Jest encountered an unexpected token

    Jest failed to parse a file. This happens e.g. when your code or its dependencies use non-standard JavaScript syntax, or when Jest is not configured to support such syntax.

    Out of the box Jest supports Babel, which will be used to transform your files into valid JS based on your Babel configuration.

    By default "node_modules" folder is ignored by transformers.

    Here's what you can do:
     • If you are trying to use ECMAScript Modules, see https://jestjs.io/docs/ecmascript-modules for how to enable it.
     • If you are trying to use TypeScript, see https://jestjs.io/docs/getting-started#using-typescript
     • To have some of your "node_modules" files transformed, you can specify a custom "transformIgnorePatterns" in your config.
     • If you need a custom transformation, specify a "transform" option in your config.
     • If you simply want to mock your non-JS modules (e.g. binary assets) you can stub them out with the "moduleNameMapper" config option.

    You'll find more details and examples of these config options in the docs:
    https://jestjs.io/docs/configuration
    For information about custom transformations, see:
    https://jestjs.io/docs/code-transformation

    Details:

    SyntaxError: /workspaces/Nadagotchi/js/Nadagotchi.js: Unexpected token (32:0)

      30 |      */
      31 |     constructor(initialArchetype, loadedData = null) {
    > 32 | <<<<<<< HEAD
         | ^
      33 |         /** @type {boolean} Indicates if the asynchronous initialization is complete. */
      34 |         this.isInitialized = false;
      35 |

    > 1 | import { Nadagotchi } from '../js/Nadagotchi';
        | ^
      2 | import { Config } from '../js/Config';
      3 |
      4 | // Mock localStorage

      at constructor (node_modules/@babel/parser/src/parse-error.ts:95:45)
      at Parser.toParseError [as raise] (node_modules/@babel/parser/src/tokenizer/index.ts:1507:19)
      at Parser.raise [as unexpected] (node_modules/@babel/parser/src/tokenizer/index.ts:1547:16)
      at Parser.unexpected [as parseExprAtom] (node_modules/@babel/parser/src/parser/expression.ts:1355:22)
      at Parser.parseExprAtom [as parseExprSubscripts] (node_modules/@babel/parser/src/parser/expression.ts:742:23)
      at Parser.parseExprSubscripts [as parseUpdate] (node_modules/@babel/parser/src/parser/expression.ts:721:21)
      at Parser.parseUpdate [as parseMaybeUnary] (node_modules/@babel/parser/src/parser/expression.ts:683:23)
      at Parser.parseMaybeUnary [as parseMaybeUnaryOrPrivate] (node_modules/@babel/parser/src/parser/expression.ts:417:14)
      at Parser.parseMaybeUnaryOrPrivate [as parseExprOps] (node_modules/@babel/parser/src/parser/expression.ts:429:23)
      at Parser.parseExprOps [as parseMaybeConditional] (node_modules/@babel/parser/src/parser/expression.ts:384:23)
      at Parser.parseMaybeConditional [as parseMaybeAssign] (node_modules/@babel/parser/src/parser/expression.ts:301:21)
      at Parser.parseMaybeAssign [as parseExpressionBase] (node_modules/@babel/parser/src/parser/expression.ts:226:23)
      at parseExpressionBase (node_modules/@babel/parser/src/parser/expression.ts:217:39)
      at Parser.callback [as allowInAnd] (node_modules/@babel/parser/src/parser/expression.ts:3197:16)
      at Parser.allowInAnd [as parseExpression] (node_modules/@babel/parser/src/parser/expression.ts:217:17)
      at Parser.parseExpression [as parseStatementContent] (node_modules/@babel/parser/src/parser/statement.ts:688:23)
      at Parser.parseStatementContent [as parseStatementLike] (node_modules/@babel/parser/src/parser/statement.ts:482:17)
      at Parser.parseStatementLike [as parseStatementListItem] (node_modules/@babel/parser/src/parser/statement.ts:431:17)
      at Parser.parseStatementListItem [as parseBlockOrModuleBlockBody] (node_modules/@babel/parser/src/parser/statement.ts:1444:16)
      at Parser.parseBlockOrModuleBlockBody [as parseBlockBody] (node_modules/@babel/parser/src/parser/statement.ts:1417:10)
      at Parser.parseBlockBody [as parseBlock] (node_modules/@babel/parser/src/parser/statement.ts:1385:10)
      at Parser.parseBlock [as parseFunctionBody] (node_modules/@babel/parser/src/parser/expression.ts:2626:24)
      at Parser.parseFunctionBody [as parseFunctionBodyAndFinish] (node_modules/@babel/parser/src/parser/expression.ts:2595:10)
      at Parser.parseFunctionBodyAndFinish [as parseMethod] (node_modules/@babel/parser/src/parser/expression.ts:2492:31)
      at Parser.parseMethod [as pushClassMethod] (node_modules/@babel/parser/src/parser/statement.ts:2244:12)
      at Parser.pushClassMethod [as parseClassMemberWithIsStatic] (node_modules/@babel/parser/src/parser/statement.ts:2023:12)
      at Parser.parseClassMemberWithIsStatic [as parseClassMember] (node_modules/@babel/parser/src/parser/statement.ts:1938:10)
      at parseClassMember (node_modules/@babel/parser/src/parser/statement.ts:1851:14)
      at Parser.callback [as withSmartMixTopicForbiddingContext] (node_modules/@babel/parser/src/parser/expression.ts:3176:14)
      at Parser.withSmartMixTopicForbiddingContext [as parseClassBody] (node_modules/@babel/parser/src/parser/statement.ts:1823:10)
      at Parser.parseClassBody [as parseClass] (node_modules/@babel/parser/src/parser/statement.ts:1774:22)
      at Parser.parseClass [as parseExportDeclaration] (node_modules/@babel/parser/src/parser/statement.ts:2628:25)
      at Parser.parseExportDeclaration [as maybeParseExportDeclaration] (node_modules/@babel/parser/src/parser/statement.ts:2551:31)
      at Parser.maybeParseExportDeclaration [as parseExport] (node_modules/@babel/parser/src/parser/statement.ts:2432:29)
      at Parser.parseExport [as parseStatementContent] (node_modules/@babel/parser/src/parser/statement.ts:649:25)
      at Parser.parseStatementContent [as parseStatementLike] (node_modules/@babel/parser/src/parser/statement.ts:482:17)
      at Parser.parseStatementLike [as parseModuleItem] (node_modules/@babel/parser/src/parser/statement.ts:419:17)
      at Parser.parseModuleItem [as parseBlockOrModuleBlockBody] (node_modules/@babel/parser/src/parser/statement.ts:1443:16)
      at Parser.parseBlockOrModuleBlockBody [as parseBlockBody] (node_modules/@babel/parser/src/parser/statement.ts:1417:10)
      at Parser.parseBlockBody [as parseProgram] (node_modules/@babel/parser/src/parser/statement.ts:229:10)
      at Parser.parseProgram [as parseTopLevel] (node_modules/@babel/parser/src/parser/statement.ts:203:25)
      at Parser.parseTopLevel [as parse] (node_modules/@babel/parser/src/parser/index.ts:88:25)
      at parse (node_modules/@babel/parser/src/index.ts:86:38)
      at parser (node_modules/@babel/core/src/parser/index.ts:29:19)
          at parser.next (<anonymous>)
      at normalizeFile (node_modules/@babel/core/src/transformation/normalize-file.ts:50:24)
          at normalizeFile.next (<anonymous>)
      at run (node_modules/@babel/core/src/transformation/index.ts:41:36)
          at run.next (<anonymous>)
      at transform (node_modules/@babel/core/src/transform.ts:29:20)
          at transform.next (<anonymous>)
      at evaluateSync (node_modules/gensync/index.js:251:28)
      at sync (node_modules/gensync/index.js:89:14)
      at fn (node_modules/@babel/core/src/errors/rewrite-stack-trace.ts:99:14)
      at transformSync (node_modules/@babel/core/src/transform.ts:66:52)
      at ScriptTransformer.transformSource (node_modules/@jest/transform/build/index.js:422:31)
      at ScriptTransformer._transformAndBuildScript (node_modules/@jest/transform/build/index.js:519:40)
      at ScriptTransformer.transform (node_modules/@jest/transform/build/index.js:558:19)
      at Object.require (tests/Career.test.js:1:1)

FAIL tests/debrisFunctional.test.js
  ● Test suite failed to run

    Jest encountered an unexpected token

    Jest failed to parse a file. This happens e.g. when your code or its dependencies use non-standard JavaScript syntax, or when Jest is not configured to support such syntax.

    Out of the box Jest supports Babel, which will be used to transform your files into valid JS based on your Babel configuration.

    By default "node_modules" folder is ignored by transformers.

    Here's what you can do:
     • If you are trying to use ECMAScript Modules, see https://jestjs.io/docs/ecmascript-modules for how to enable it.
     • If you are trying to use TypeScript, see https://jestjs.io/docs/getting-started#using-typescript
     • To have some of your "node_modules" files transformed, you can specify a custom "transformIgnorePatterns" in your config.
     • If you need a custom transformation, specify a "transform" option in your config.
     • If you simply want to mock your non-JS modules (e.g. binary assets) you can stub them out with the "moduleNameMapper" config option.

    You'll find more details and examples of these config options in the docs:
    https://jestjs.io/docs/configuration
    For information about custom transformations, see:
    https://jestjs.io/docs/code-transformation

    Details:

    SyntaxError: /workspaces/Nadagotchi/js/Nadagotchi.js: Unexpected token (32:0)

      30 |      */
      31 |     constructor(initialArchetype, loadedData = null) {
    > 32 | <<<<<<< HEAD
         | ^
      33 |         /** @type {boolean} Indicates if the asynchronous initialization is complete. */
      34 |         this.isInitialized = false;
      35 |

      1 | import { jest } from '@jest/globals';
    > 2 | import { Nadagotchi } from '../js/Nadagotchi';
        | ^
      3 | import { setupPhaserMock } from './helpers/mockPhaser';
      4 | import { setupLocalStorageMock } from './helpers/mockLocalStorage';
      5 | import { Config } from '../js/Config';

      at constructor (node_modules/@babel/parser/src/parse-error.ts:95:45)
      at Parser.toParseError [as raise] (node_modules/@babel/parser/src/tokenizer/index.ts:1507:19)
      at Parser.raise [as unexpected] (node_modules/@babel/parser/src/tokenizer/index.ts:1547:16)
      at Parser.unexpected [as parseExprAtom] (node_modules/@babel/parser/src/parser/expression.ts:1355:22)
      at Parser.parseExprAtom [as parseExprSubscripts] (node_modules/@babel/parser/src/parser/expression.ts:742:23)
      at Parser.parseExprSubscripts [as parseUpdate] (node_modules/@babel/parser/src/parser/expression.ts:721:21)
      at Parser.parseUpdate [as parseMaybeUnary] (node_modules/@babel/parser/src/parser/expression.ts:683:23)
      at Parser.parseMaybeUnary [as parseMaybeUnaryOrPrivate] (node_modules/@babel/parser/src/parser/expression.ts:417:14)
      at Parser.parseMaybeUnaryOrPrivate [as parseExprOps] (node_modules/@babel/parser/src/parser/expression.ts:429:23)
      at Parser.parseExprOps [as parseMaybeConditional] (node_modules/@babel/parser/src/parser/expression.ts:384:23)
      at Parser.parseMaybeConditional [as parseMaybeAssign] (node_modules/@babel/parser/src/parser/expression.ts:301:21)
      at Parser.parseMaybeAssign [as parseExpressionBase] (node_modules/@babel/parser/src/parser/expression.ts:226:23)
      at parseExpressionBase (node_modules/@babel/parser/src/parser/expression.ts:217:39)
      at Parser.callback [as allowInAnd] (node_modules/@babel/parser/src/parser/expression.ts:3197:16)
      at Parser.allowInAnd [as parseExpression] (node_modules/@babel/parser/src/parser/expression.ts:217:17)
      at Parser.parseExpression [as parseStatementContent] (node_modules/@babel/parser/src/parser/statement.ts:688:23)
      at Parser.parseStatementContent [as parseStatementLike] (node_modules/@babel/parser/src/parser/statement.ts:482:17)
      at Parser.parseStatementLike [as parseStatementListItem] (node_modules/@babel/parser/src/parser/statement.ts:431:17)
      at Parser.parseStatementListItem [as parseBlockOrModuleBlockBody] (node_modules/@babel/parser/src/parser/statement.ts:1444:16)
      at Parser.parseBlockOrModuleBlockBody [as parseBlockBody] (node_modules/@babel/parser/src/parser/statement.ts:1417:10)
      at Parser.parseBlockBody [as parseBlock] (node_modules/@babel/parser/src/parser/statement.ts:1385:10)
      at Parser.parseBlock [as parseFunctionBody] (node_modules/@babel/parser/src/parser/expression.ts:2626:24)
      at Parser.parseFunctionBody [as parseFunctionBodyAndFinish] (node_modules/@babel/parser/src/parser/expression.ts:2595:10)
      at Parser.parseFunctionBodyAndFinish [as parseMethod] (node_modules/@babel/parser/src/parser/expression.ts:2492:31)
      at Parser.parseMethod [as pushClassMethod] (node_modules/@babel/parser/src/parser/statement.ts:2244:12)
      at Parser.pushClassMethod [as parseClassMemberWithIsStatic] (node_modules/@babel/parser/src/parser/statement.ts:2023:12)
      at Parser.parseClassMemberWithIsStatic [as parseClassMember] (node_modules/@babel/parser/src/parser/statement.ts:1938:10)
      at parseClassMember (node_modules/@babel/parser/src/parser/statement.ts:1851:14)
      at Parser.callback [as withSmartMixTopicForbiddingContext] (node_modules/@babel/parser/src/parser/expression.ts:3176:14)
      at Parser.withSmartMixTopicForbiddingContext [as parseClassBody] (node_modules/@babel/parser/src/parser/statement.ts:1823:10)
      at Parser.parseClassBody [as parseClass] (node_modules/@babel/parser/src/parser/statement.ts:1774:22)
      at Parser.parseClass [as parseExportDeclaration] (node_modules/@babel/parser/src/parser/statement.ts:2628:25)
      at Parser.parseExportDeclaration [as maybeParseExportDeclaration] (node_modules/@babel/parser/src/parser/statement.ts:2551:31)
      at Parser.maybeParseExportDeclaration [as parseExport] (node_modules/@babel/parser/src/parser/statement.ts:2432:29)
      at Parser.parseExport [as parseStatementContent] (node_modules/@babel/parser/src/parser/statement.ts:649:25)
      at Parser.parseStatementContent [as parseStatementLike] (node_modules/@babel/parser/src/parser/statement.ts:482:17)
      at Parser.parseStatementLike [as parseModuleItem] (node_modules/@babel/parser/src/parser/statement.ts:419:17)
      at Parser.parseModuleItem [as parseBlockOrModuleBlockBody] (node_modules/@babel/parser/src/parser/statement.ts:1443:16)
      at Parser.parseBlockOrModuleBlockBody [as parseBlockBody] (node_modules/@babel/parser/src/parser/statement.ts:1417:10)
      at Parser.parseBlockBody [as parseProgram] (node_modules/@babel/parser/src/parser/statement.ts:229:10)
      at Parser.parseProgram [as parseTopLevel] (node_modules/@babel/parser/src/parser/statement.ts:203:25)
      at Parser.parseTopLevel [as parse] (node_modules/@babel/parser/src/parser/index.ts:88:25)
      at parse (node_modules/@babel/parser/src/index.ts:86:38)
      at parser (node_modules/@babel/core/src/parser/index.ts:29:19)
          at parser.next (<anonymous>)
      at normalizeFile (node_modules/@babel/core/src/transformation/normalize-file.ts:50:24)
          at normalizeFile.next (<anonymous>)
      at run (node_modules/@babel/core/src/transformation/index.ts:41:36)
          at run.next (<anonymous>)
      at transform (node_modules/@babel/core/src/transform.ts:29:20)
          at transform.next (<anonymous>)
      at evaluateSync (node_modules/gensync/index.js:251:28)
      at sync (node_modules/gensync/index.js:89:14)
      at fn (node_modules/@babel/core/src/errors/rewrite-stack-trace.ts:99:14)
      at transformSync (node_modules/@babel/core/src/transform.ts:66:52)
      at ScriptTransformer.transformSource (node_modules/@jest/transform/build/index.js:422:31)
      at ScriptTransformer._transformAndBuildScript (node_modules/@jest/transform/build/index.js:519:40)
      at ScriptTransformer.transform (node_modules/@jest/transform/build/index.js:558:19)
      at Object.require (tests/debrisFunctional.test.js:2:1)

FAIL tests/performance/debrisPenalty.perf.test.js
  ● Test suite failed to run

    Jest encountered an unexpected token

    Jest failed to parse a file. This happens e.g. when your code or its dependencies use non-standard JavaScript syntax, or when Jest is not configured to support such syntax.

    Out of the box Jest supports Babel, which will be used to transform your files into valid JS based on your Babel configuration.

    By default "node_modules" folder is ignored by transformers.

    Here's what you can do:
     • If you are trying to use ECMAScript Modules, see https://jestjs.io/docs/ecmascript-modules for how to enable it.
     • If you are trying to use TypeScript, see https://jestjs.io/docs/getting-started#using-typescript
     • To have some of your "node_modules" files transformed, you can specify a custom "transformIgnorePatterns" in your config.
     • If you need a custom transformation, specify a "transform" option in your config.
     • If you simply want to mock your non-JS modules (e.g. binary assets) you can stub them out with the "moduleNameMapper" config option.

    You'll find more details and examples of these config options in the docs:
    https://jestjs.io/docs/configuration
    For information about custom transformations, see:
    https://jestjs.io/docs/code-transformation

    Details:

    SyntaxError: /workspaces/Nadagotchi/js/Nadagotchi.js: Unexpected token (32:0)

      30 |      */
      31 |     constructor(initialArchetype, loadedData = null) {
    > 32 | <<<<<<< HEAD
         | ^
      33 |         /** @type {boolean} Indicates if the asynchronous initialization is complete. */
      34 |         this.isInitialized = false;
      35 |

      1 | import { jest } from '@jest/globals';
    > 2 | import { Nadagotchi } from '../../js/Nadagotchi';
        | ^
      3 | import { setupPhaserMock } from '../helpers/mockPhaser';
      4 | import { setupLocalStorageMock } from '../helpers/mockLocalStorage';
      5 | import fs from 'fs';

      at constructor (node_modules/@babel/parser/src/parse-error.ts:95:45)
      at Parser.toParseError [as raise] (node_modules/@babel/parser/src/tokenizer/index.ts:1507:19)
      at Parser.raise [as unexpected] (node_modules/@babel/parser/src/tokenizer/index.ts:1547:16)
      at Parser.unexpected [as parseExprAtom] (node_modules/@babel/parser/src/parser/expression.ts:1355:22)
      at Parser.parseExprAtom [as parseExprSubscripts] (node_modules/@babel/parser/src/parser/expression.ts:742:23)
      at Parser.parseExprSubscripts [as parseUpdate] (node_modules/@babel/parser/src/parser/expression.ts:721:21)
      at Parser.parseUpdate [as parseMaybeUnary] (node_modules/@babel/parser/src/parser/expression.ts:683:23)
      at Parser.parseMaybeUnary [as parseMaybeUnaryOrPrivate] (node_modules/@babel/parser/src/parser/expression.ts:417:14)
      at Parser.parseMaybeUnaryOrPrivate [as parseExprOps] (node_modules/@babel/parser/src/parser/expression.ts:429:23)
      at Parser.parseExprOps [as parseMaybeConditional] (node_modules/@babel/parser/src/parser/expression.ts:384:23)
      at Parser.parseMaybeConditional [as parseMaybeAssign] (node_modules/@babel/parser/src/parser/expression.ts:301:21)
      at Parser.parseMaybeAssign [as parseExpressionBase] (node_modules/@babel/parser/src/parser/expression.ts:226:23)
      at parseExpressionBase (node_modules/@babel/parser/src/parser/expression.ts:217:39)
      at Parser.callback [as allowInAnd] (node_modules/@babel/parser/src/parser/expression.ts:3197:16)
      at Parser.allowInAnd [as parseExpression] (node_modules/@babel/parser/src/parser/expression.ts:217:17)
      at Parser.parseExpression [as parseStatementContent] (node_modules/@babel/parser/src/parser/statement.ts:688:23)
      at Parser.parseStatementContent [as parseStatementLike] (node_modules/@babel/parser/src/parser/statement.ts:482:17)
      at Parser.parseStatementLike [as parseStatementListItem] (node_modules/@babel/parser/src/parser/statement.ts:431:17)
      at Parser.parseStatementListItem [as parseBlockOrModuleBlockBody] (node_modules/@babel/parser/src/parser/statement.ts:1444:16)
      at Parser.parseBlockOrModuleBlockBody [as parseBlockBody] (node_modules/@babel/parser/src/parser/statement.ts:1417:10)
      at Parser.parseBlockBody [as parseBlock] (node_modules/@babel/parser/src/parser/statement.ts:1385:10)
      at Parser.parseBlock [as parseFunctionBody] (node_modules/@babel/parser/src/parser/expression.ts:2626:24)
      at Parser.parseFunctionBody [as parseFunctionBodyAndFinish] (node_modules/@babel/parser/src/parser/expression.ts:2595:10)
      at Parser.parseFunctionBodyAndFinish [as parseMethod] (node_modules/@babel/parser/src/parser/expression.ts:2492:31)
      at Parser.parseMethod [as pushClassMethod] (node_modules/@babel/parser/src/parser/statement.ts:2244:12)
      at Parser.pushClassMethod [as parseClassMemberWithIsStatic] (node_modules/@babel/parser/src/parser/statement.ts:2023:12)
      at Parser.parseClassMemberWithIsStatic [as parseClassMember] (node_modules/@babel/parser/src/parser/statement.ts:1938:10)
      at parseClassMember (node_modules/@babel/parser/src/parser/statement.ts:1851:14)
      at Parser.callback [as withSmartMixTopicForbiddingContext] (node_modules/@babel/parser/src/parser/expression.ts:3176:14)
      at Parser.withSmartMixTopicForbiddingContext [as parseClassBody] (node_modules/@babel/parser/src/parser/statement.ts:1823:10)
      at Parser.parseClassBody [as parseClass] (node_modules/@babel/parser/src/parser/statement.ts:1774:22)
      at Parser.parseClass [as parseExportDeclaration] (node_modules/@babel/parser/src/parser/statement.ts:2628:25)
      at Parser.parseExportDeclaration [as maybeParseExportDeclaration] (node_modules/@babel/parser/src/parser/statement.ts:2551:31)
      at Parser.maybeParseExportDeclaration [as parseExport] (node_modules/@babel/parser/src/parser/statement.ts:2432:29)
      at Parser.parseExport [as parseStatementContent] (node_modules/@babel/parser/src/parser/statement.ts:649:25)
      at Parser.parseStatementContent [as parseStatementLike] (node_modules/@babel/parser/src/parser/statement.ts:482:17)
      at Parser.parseStatementLike [as parseModuleItem] (node_modules/@babel/parser/src/parser/statement.ts:419:17)
      at Parser.parseModuleItem [as parseBlockOrModuleBlockBody] (node_modules/@babel/parser/src/parser/statement.ts:1443:16)
      at Parser.parseBlockOrModuleBlockBody [as parseBlockBody] (node_modules/@babel/parser/src/parser/statement.ts:1417:10)
      at Parser.parseBlockBody [as parseProgram] (node_modules/@babel/parser/src/parser/statement.ts:229:10)
      at Parser.parseProgram [as parseTopLevel] (node_modules/@babel/parser/src/parser/statement.ts:203:25)
      at Parser.parseTopLevel [as parse] (node_modules/@babel/parser/src/parser/index.ts:88:25)
      at parse (node_modules/@babel/parser/src/index.ts:86:38)
      at parser (node_modules/@babel/core/src/parser/index.ts:29:19)
          at parser.next (<anonymous>)
      at normalizeFile (node_modules/@babel/core/src/transformation/normalize-file.ts:50:24)
          at normalizeFile.next (<anonymous>)
      at run (node_modules/@babel/core/src/transformation/index.ts:41:36)
          at run.next (<anonymous>)
      at transform (node_modules/@babel/core/src/transform.ts:29:20)
          at transform.next (<anonymous>)
      at evaluateSync (node_modules/gensync/index.js:251:28)
      at sync (node_modules/gensync/index.js:89:14)
      at fn (node_modules/@babel/core/src/errors/rewrite-stack-trace.ts:99:14)
      at transformSync (node_modules/@babel/core/src/transform.ts:66:52)
      at ScriptTransformer.transformSource (node_modules/@jest/transform/build/index.js:422:31)
      at ScriptTransformer._transformAndBuildScript (node_modules/@jest/transform/build/index.js:519:40)
      at ScriptTransformer.transform (node_modules/@jest/transform/build/index.js:558:19)
      at Object.require (tests/performance/debrisPenalty.perf.test.js:2:1)

FAIL tests/RecipeDefinitions.test.js
  ● Test suite failed to run

    Jest encountered an unexpected token

    Jest failed to parse a file. This happens e.g. when your code or its dependencies use non-standard JavaScript syntax, or when Jest is not configured to support such syntax.

    Out of the box Jest supports Babel, which will be used to transform your files into valid JS based on your Babel configuration.

    By default "node_modules" folder is ignored by transformers.

    Here's what you can do:
     • If you are trying to use ECMAScript Modules, see https://jestjs.io/docs/ecmascript-modules for how to enable it.
     • If you are trying to use TypeScript, see https://jestjs.io/docs/getting-started#using-typescript
     • To have some of your "node_modules" files transformed, you can specify a custom "transformIgnorePatterns" in your config.
     • If you need a custom transformation, specify a "transform" option in your config.
     • If you simply want to mock your non-JS modules (e.g. binary assets) you can stub them out with the "moduleNameMapper" config option.

    You'll find more details and examples of these config options in the docs:
    https://jestjs.io/docs/configuration
    For information about custom transformations, see:
    https://jestjs.io/docs/code-transformation

    Details:

    SyntaxError: /workspaces/Nadagotchi/js/Nadagotchi.js: Unexpected token (32:0)

      30 |      */
      31 |     constructor(initialArchetype, loadedData = null) {
    > 32 | <<<<<<< HEAD
         | ^
      33 |         /** @type {boolean} Indicates if the asynchronous initialization is complete. */
      34 |         this.isInitialized = false;
      35 |

      1 |
    > 2 | import { Nadagotchi } from '../js/Nadagotchi.js';
        | ^
      3 |
      4 | describe('Nadagotchi Broken Recipes Bug', () => {
      5 |     let pet;

      at constructor (node_modules/@babel/parser/src/parse-error.ts:95:45)
      at Parser.toParseError [as raise] (node_modules/@babel/parser/src/tokenizer/index.ts:1507:19)
      at Parser.raise [as unexpected] (node_modules/@babel/parser/src/tokenizer/index.ts:1547:16)
      at Parser.unexpected [as parseExprAtom] (node_modules/@babel/parser/src/parser/expression.ts:1355:22)
      at Parser.parseExprAtom [as parseExprSubscripts] (node_modules/@babel/parser/src/parser/expression.ts:742:23)
      at Parser.parseExprSubscripts [as parseUpdate] (node_modules/@babel/parser/src/parser/expression.ts:721:21)
      at Parser.parseUpdate [as parseMaybeUnary] (node_modules/@babel/parser/src/parser/expression.ts:683:23)
      at Parser.parseMaybeUnary [as parseMaybeUnaryOrPrivate] (node_modules/@babel/parser/src/parser/expression.ts:417:14)
      at Parser.parseMaybeUnaryOrPrivate [as parseExprOps] (node_modules/@babel/parser/src/parser/expression.ts:429:23)
      at Parser.parseExprOps [as parseMaybeConditional] (node_modules/@babel/parser/src/parser/expression.ts:384:23)
      at Parser.parseMaybeConditional [as parseMaybeAssign] (node_modules/@babel/parser/src/parser/expression.ts:301:21)
      at Parser.parseMaybeAssign [as parseExpressionBase] (node_modules/@babel/parser/src/parser/expression.ts:226:23)
      at parseExpressionBase (node_modules/@babel/parser/src/parser/expression.ts:217:39)
      at Parser.callback [as allowInAnd] (node_modules/@babel/parser/src/parser/expression.ts:3197:16)
      at Parser.allowInAnd [as parseExpression] (node_modules/@babel/parser/src/parser/expression.ts:217:17)
      at Parser.parseExpression [as parseStatementContent] (node_modules/@babel/parser/src/parser/statement.ts:688:23)
      at Parser.parseStatementContent [as parseStatementLike] (node_modules/@babel/parser/src/parser/statement.ts:482:17)
      at Parser.parseStatementLike [as parseStatementListItem] (node_modules/@babel/parser/src/parser/statement.ts:431:17)
      at Parser.parseStatementListItem [as parseBlockOrModuleBlockBody] (node_modules/@babel/parser/src/parser/statement.ts:1444:16)
      at Parser.parseBlockOrModuleBlockBody [as parseBlockBody] (node_modules/@babel/parser/src/parser/statement.ts:1417:10)
      at Parser.parseBlockBody [as parseBlock] (node_modules/@babel/parser/src/parser/statement.ts:1385:10)
      at Parser.parseBlock [as parseFunctionBody] (node_modules/@babel/parser/src/parser/expression.ts:2626:24)
      at Parser.parseFunctionBody [as parseFunctionBodyAndFinish] (node_modules/@babel/parser/src/parser/expression.ts:2595:10)
      at Parser.parseFunctionBodyAndFinish [as parseMethod] (node_modules/@babel/parser/src/parser/expression.ts:2492:31)
      at Parser.parseMethod [as pushClassMethod] (node_modules/@babel/parser/src/parser/statement.ts:2244:12)
      at Parser.pushClassMethod [as parseClassMemberWithIsStatic] (node_modules/@babel/parser/src/parser/statement.ts:2023:12)
      at Parser.parseClassMemberWithIsStatic [as parseClassMember] (node_modules/@babel/parser/src/parser/statement.ts:1938:10)
      at parseClassMember (node_modules/@babel/parser/src/parser/statement.ts:1851:14)
      at Parser.callback [as withSmartMixTopicForbiddingContext] (node_modules/@babel/parser/src/parser/expression.ts:3176:14)
      at Parser.withSmartMixTopicForbiddingContext [as parseClassBody] (node_modules/@babel/parser/src/parser/statement.ts:1823:10)
      at Parser.parseClassBody [as parseClass] (node_modules/@babel/parser/src/parser/statement.ts:1774:22)
      at Parser.parseClass [as parseExportDeclaration] (node_modules/@babel/parser/src/parser/statement.ts:2628:25)
      at Parser.parseExportDeclaration [as maybeParseExportDeclaration] (node_modules/@babel/parser/src/parser/statement.ts:2551:31)
      at Parser.maybeParseExportDeclaration [as parseExport] (node_modules/@babel/parser/src/parser/statement.ts:2432:29)
      at Parser.parseExport [as parseStatementContent] (node_modules/@babel/parser/src/parser/statement.ts:649:25)
      at Parser.parseStatementContent [as parseStatementLike] (node_modules/@babel/parser/src/parser/statement.ts:482:17)
      at Parser.parseStatementLike [as parseModuleItem] (node_modules/@babel/parser/src/parser/statement.ts:419:17)
      at Parser.parseModuleItem [as parseBlockOrModuleBlockBody] (node_modules/@babel/parser/src/parser/statement.ts:1443:16)
      at Parser.parseBlockOrModuleBlockBody [as parseBlockBody] (node_modules/@babel/parser/src/parser/statement.ts:1417:10)
      at Parser.parseBlockBody [as parseProgram] (node_modules/@babel/parser/src/parser/statement.ts:229:10)
      at Parser.parseProgram [as parseTopLevel] (node_modules/@babel/parser/src/parser/statement.ts:203:25)
      at Parser.parseTopLevel [as parse] (node_modules/@babel/parser/src/parser/index.ts:88:25)
      at parse (node_modules/@babel/parser/src/index.ts:86:38)
      at parser (node_modules/@babel/core/src/parser/index.ts:29:19)
          at parser.next (<anonymous>)
      at normalizeFile (node_modules/@babel/core/src/transformation/normalize-file.ts:50:24)
          at normalizeFile.next (<anonymous>)
      at run (node_modules/@babel/core/src/transformation/index.ts:41:36)
          at run.next (<anonymous>)
      at transform (node_modules/@babel/core/src/transform.ts:29:20)
          at transform.next (<anonymous>)
      at evaluateSync (node_modules/gensync/index.js:251:28)
      at sync (node_modules/gensync/index.js:89:14)
      at fn (node_modules/@babel/core/src/errors/rewrite-stack-trace.ts:99:14)
      at transformSync (node_modules/@babel/core/src/transform.ts:66:52)
      at ScriptTransformer.transformSource (node_modules/@jest/transform/build/index.js:422:31)
      at ScriptTransformer._transformAndBuildScript (node_modules/@jest/transform/build/index.js:519:40)
      at ScriptTransformer.transform (node_modules/@jest/transform/build/index.js:558:19)
      at Object.require (tests/RecipeDefinitions.test.js:2:1)

FAIL tests/repro_crafting_bug.test.js
  ● Test suite failed to run

    Jest encountered an unexpected token

    Jest failed to parse a file. This happens e.g. when your code or its dependencies use non-standard JavaScript syntax, or when Jest is not configured to support such syntax.

    Out of the box Jest supports Babel, which will be used to transform your files into valid JS based on your Babel configuration.

    By default "node_modules" folder is ignored by transformers.

    Here's what you can do:
     • If you are trying to use ECMAScript Modules, see https://jestjs.io/docs/ecmascript-modules for how to enable it.
     • If you are trying to use TypeScript, see https://jestjs.io/docs/getting-started#using-typescript
     • To have some of your "node_modules" files transformed, you can specify a custom "transformIgnorePatterns" in your config.
     • If you need a custom transformation, specify a "transform" option in your config.
     • If you simply want to mock your non-JS modules (e.g. binary assets) you can stub them out with the "moduleNameMapper" config option.

    You'll find more details and examples of these config options in the docs:
    https://jestjs.io/docs/configuration
    For information about custom transformations, see:
    https://jestjs.io/docs/code-transformation

    Details:

    SyntaxError: /workspaces/Nadagotchi/js/PersistenceManager.js: Unexpected token (7:0)

       5 |
       6 | import { toBase64, fromBase64 } from './utils/Encoding.js';
    >  7 | <<<<<<< HEAD
         | ^
       8 | import { CryptoUtils } from './utils/CryptoUtils.js';
       9 | =======
      10 | >>>>>>> 74fdaab (Update js/DebugConsole.js)

    > 1 | import { PersistenceManager } from '../js/PersistenceManager';
        | ^
      2 | import { Nadagotchi } from '../js/Nadagotchi';
      3 |
      4 | // Mock localStorage

      at constructor (node_modules/@babel/parser/src/parse-error.ts:95:45)
      at Parser.toParseError [as raise] (node_modules/@babel/parser/src/tokenizer/index.ts:1507:19)
      at Parser.raise [as unexpected] (node_modules/@babel/parser/src/tokenizer/index.ts:1547:16)
      at Parser.unexpected [as parseExprAtom] (node_modules/@babel/parser/src/parser/expression.ts:1355:22)
      at Parser.parseExprAtom [as parseExprSubscripts] (node_modules/@babel/parser/src/parser/expression.ts:742:23)
      at Parser.parseExprSubscripts [as parseUpdate] (node_modules/@babel/parser/src/parser/expression.ts:721:21)
      at Parser.parseUpdate [as parseMaybeUnary] (node_modules/@babel/parser/src/parser/expression.ts:683:23)
      at Parser.parseMaybeUnary [as parseMaybeUnaryOrPrivate] (node_modules/@babel/parser/src/parser/expression.ts:417:14)
      at Parser.parseMaybeUnaryOrPrivate [as parseExprOps] (node_modules/@babel/parser/src/parser/expression.ts:429:23)
      at Parser.parseExprOps [as parseMaybeConditional] (node_modules/@babel/parser/src/parser/expression.ts:384:23)
      at Parser.parseMaybeConditional [as parseMaybeAssign] (node_modules/@babel/parser/src/parser/expression.ts:301:21)
      at Parser.parseMaybeAssign [as parseExpressionBase] (node_modules/@babel/parser/src/parser/expression.ts:226:23)
      at parseExpressionBase (node_modules/@babel/parser/src/parser/expression.ts:217:39)
      at Parser.callback [as allowInAnd] (node_modules/@babel/parser/src/parser/expression.ts:3197:16)
      at Parser.allowInAnd [as parseExpression] (node_modules/@babel/parser/src/parser/expression.ts:217:17)
      at Parser.parseExpression [as parseStatementContent] (node_modules/@babel/parser/src/parser/statement.ts:688:23)
      at Parser.parseStatementContent [as parseStatementLike] (node_modules/@babel/parser/src/parser/statement.ts:482:17)
      at Parser.parseStatementLike [as parseModuleItem] (node_modules/@babel/parser/src/parser/statement.ts:419:17)
      at Parser.parseModuleItem [as parseBlockOrModuleBlockBody] (node_modules/@babel/parser/src/parser/statement.ts:1443:16)
      at Parser.parseBlockOrModuleBlockBody [as parseBlockBody] (node_modules/@babel/parser/src/parser/statement.ts:1417:10)
      at Parser.parseBlockBody [as parseProgram] (node_modules/@babel/parser/src/parser/statement.ts:229:10)
      at Parser.parseProgram [as parseTopLevel] (node_modules/@babel/parser/src/parser/statement.ts:203:25)
      at Parser.parseTopLevel [as parse] (node_modules/@babel/parser/src/parser/index.ts:88:25)
      at parse (node_modules/@babel/parser/src/index.ts:86:38)
      at parser (node_modules/@babel/core/src/parser/index.ts:29:19)
          at parser.next (<anonymous>)
      at normalizeFile (node_modules/@babel/core/src/transformation/normalize-file.ts:50:24)
          at normalizeFile.next (<anonymous>)
      at run (node_modules/@babel/core/src/transformation/index.ts:41:36)
          at run.next (<anonymous>)
      at transform (node_modules/@babel/core/src/transform.ts:29:20)
          at transform.next (<anonymous>)
      at evaluateSync (node_modules/gensync/index.js:251:28)
      at sync (node_modules/gensync/index.js:89:14)
      at fn (node_modules/@babel/core/src/errors/rewrite-stack-trace.ts:99:14)
      at transformSync (node_modules/@babel/core/src/transform.ts:66:52)
      at ScriptTransformer.transformSource (node_modules/@jest/transform/build/index.js:422:31)
      at ScriptTransformer._transformAndBuildScript (node_modules/@jest/transform/build/index.js:519:40)
      at ScriptTransformer.transform (node_modules/@jest/transform/build/index.js:558:19)
      at Object.require (tests/repro_crafting_bug.test.js:1:1)

FAIL tests/Journal.test.js
  ● Test suite failed to run

    Jest encountered an unexpected token

    Jest failed to parse a file. This happens e.g. when your code or its dependencies use non-standard JavaScript syntax, or when Jest is not configured to support such syntax.

    Out of the box Jest supports Babel, which will be used to transform your files into valid JS based on your Babel configuration.

    By default "node_modules" folder is ignored by transformers.

    Here's what you can do:
     • If you are trying to use ECMAScript Modules, see https://jestjs.io/docs/ecmascript-modules for how to enable it.
     • If you are trying to use TypeScript, see https://jestjs.io/docs/getting-started#using-typescript
     • To have some of your "node_modules" files transformed, you can specify a custom "transformIgnorePatterns" in your config.
     • If you need a custom transformation, specify a "transform" option in your config.
     • If you simply want to mock your non-JS modules (e.g. binary assets) you can stub them out with the "moduleNameMapper" config option.

    You'll find more details and examples of these config options in the docs:
    https://jestjs.io/docs/configuration
    For information about custom transformations, see:
    https://jestjs.io/docs/code-transformation

    Details:

    SyntaxError: /workspaces/Nadagotchi/js/Nadagotchi.js: Unexpected token (32:0)

      30 |      */
      31 |     constructor(initialArchetype, loadedData = null) {
    > 32 | <<<<<<< HEAD
         | ^
      33 |         /** @type {boolean} Indicates if the asynchronous initialization is complete. */
      34 |         this.isInitialized = false;
      35 |

      1 | // tests/Journal.test.js
    > 2 | import { Nadagotchi } from '../js/Nadagotchi';
        | ^
      3 | import { Config } from '../js/Config';
      4 |
      5 | // Mock localStorage

      at constructor (node_modules/@babel/parser/src/parse-error.ts:95:45)
      at Parser.toParseError [as raise] (node_modules/@babel/parser/src/tokenizer/index.ts:1507:19)
      at Parser.raise [as unexpected] (node_modules/@babel/parser/src/tokenizer/index.ts:1547:16)
      at Parser.unexpected [as parseExprAtom] (node_modules/@babel/parser/src/parser/expression.ts:1355:22)
      at Parser.parseExprAtom [as parseExprSubscripts] (node_modules/@babel/parser/src/parser/expression.ts:742:23)
      at Parser.parseExprSubscripts [as parseUpdate] (node_modules/@babel/parser/src/parser/expression.ts:721:21)
      at Parser.parseUpdate [as parseMaybeUnary] (node_modules/@babel/parser/src/parser/expression.ts:683:23)
      at Parser.parseMaybeUnary [as parseMaybeUnaryOrPrivate] (node_modules/@babel/parser/src/parser/expression.ts:417:14)
      at Parser.parseMaybeUnaryOrPrivate [as parseExprOps] (node_modules/@babel/parser/src/parser/expression.ts:429:23)
      at Parser.parseExprOps [as parseMaybeConditional] (node_modules/@babel/parser/src/parser/expression.ts:384:23)
      at Parser.parseMaybeConditional [as parseMaybeAssign] (node_modules/@babel/parser/src/parser/expression.ts:301:21)
      at Parser.parseMaybeAssign [as parseExpressionBase] (node_modules/@babel/parser/src/parser/expression.ts:226:23)
      at parseExpressionBase (node_modules/@babel/parser/src/parser/expression.ts:217:39)
      at Parser.callback [as allowInAnd] (node_modules/@babel/parser/src/parser/expression.ts:3197:16)
      at Parser.allowInAnd [as parseExpression] (node_modules/@babel/parser/src/parser/expression.ts:217:17)
      at Parser.parseExpression [as parseStatementContent] (node_modules/@babel/parser/src/parser/statement.ts:688:23)
      at Parser.parseStatementContent [as parseStatementLike] (node_modules/@babel/parser/src/parser/statement.ts:482:17)
      at Parser.parseStatementLike [as parseStatementListItem] (node_modules/@babel/parser/src/parser/statement.ts:431:17)
      at Parser.parseStatementListItem [as parseBlockOrModuleBlockBody] (node_modules/@babel/parser/src/parser/statement.ts:1444:16)
      at Parser.parseBlockOrModuleBlockBody [as parseBlockBody] (node_modules/@babel/parser/src/parser/statement.ts:1417:10)
      at Parser.parseBlockBody [as parseBlock] (node_modules/@babel/parser/src/parser/statement.ts:1385:10)
      at Parser.parseBlock [as parseFunctionBody] (node_modules/@babel/parser/src/parser/expression.ts:2626:24)
      at Parser.parseFunctionBody [as parseFunctionBodyAndFinish] (node_modules/@babel/parser/src/parser/expression.ts:2595:10)
      at Parser.parseFunctionBodyAndFinish [as parseMethod] (node_modules/@babel/parser/src/parser/expression.ts:2492:31)
      at Parser.parseMethod [as pushClassMethod] (node_modules/@babel/parser/src/parser/statement.ts:2244:12)
      at Parser.pushClassMethod [as parseClassMemberWithIsStatic] (node_modules/@babel/parser/src/parser/statement.ts:2023:12)
      at Parser.parseClassMemberWithIsStatic [as parseClassMember] (node_modules/@babel/parser/src/parser/statement.ts:1938:10)
      at parseClassMember (node_modules/@babel/parser/src/parser/statement.ts:1851:14)
      at Parser.callback [as withSmartMixTopicForbiddingContext] (node_modules/@babel/parser/src/parser/expression.ts:3176:14)
      at Parser.withSmartMixTopicForbiddingContext [as parseClassBody] (node_modules/@babel/parser/src/parser/statement.ts:1823:10)
      at Parser.parseClassBody [as parseClass] (node_modules/@babel/parser/src/parser/statement.ts:1774:22)
      at Parser.parseClass [as parseExportDeclaration] (node_modules/@babel/parser/src/parser/statement.ts:2628:25)
      at Parser.parseExportDeclaration [as maybeParseExportDeclaration] (node_modules/@babel/parser/src/parser/statement.ts:2551:31)
      at Parser.maybeParseExportDeclaration [as parseExport] (node_modules/@babel/parser/src/parser/statement.ts:2432:29)
      at Parser.parseExport [as parseStatementContent] (node_modules/@babel/parser/src/parser/statement.ts:649:25)
      at Parser.parseStatementContent [as parseStatementLike] (node_modules/@babel/parser/src/parser/statement.ts:482:17)
      at Parser.parseStatementLike [as parseModuleItem] (node_modules/@babel/parser/src/parser/statement.ts:419:17)
      at Parser.parseModuleItem [as parseBlockOrModuleBlockBody] (node_modules/@babel/parser/src/parser/statement.ts:1443:16)
      at Parser.parseBlockOrModuleBlockBody [as parseBlockBody] (node_modules/@babel/parser/src/parser/statement.ts:1417:10)
      at Parser.parseBlockBody [as parseProgram] (node_modules/@babel/parser/src/parser/statement.ts:229:10)
      at Parser.parseProgram [as parseTopLevel] (node_modules/@babel/parser/src/parser/statement.ts:203:25)
      at Parser.parseTopLevel [as parse] (node_modules/@babel/parser/src/parser/index.ts:88:25)
      at parse (node_modules/@babel/parser/src/index.ts:86:38)
      at parser (node_modules/@babel/core/src/parser/index.ts:29:19)
          at parser.next (<anonymous>)
      at normalizeFile (node_modules/@babel/core/src/transformation/normalize-file.ts:50:24)
          at normalizeFile.next (<anonymous>)
      at run (node_modules/@babel/core/src/transformation/index.ts:41:36)
          at run.next (<anonymous>)
      at transform (node_modules/@babel/core/src/transform.ts:29:20)
          at transform.next (<anonymous>)
      at evaluateSync (node_modules/gensync/index.js:251:28)
      at sync (node_modules/gensync/index.js:89:14)
      at fn (node_modules/@babel/core/src/errors/rewrite-stack-trace.ts:99:14)
      at transformSync (node_modules/@babel/core/src/transform.ts:66:52)
      at ScriptTransformer.transformSource (node_modules/@jest/transform/build/index.js:422:31)
      at ScriptTransformer._transformAndBuildScript (node_modules/@jest/transform/build/index.js:519:40)
      at ScriptTransformer.transform (node_modules/@jest/transform/build/index.js:558:19)
      at Object.require (tests/Journal.test.js:2:1)

FAIL tests/performance/WorldClock.perf.test.js
  ● Test suite failed to run

    Jest encountered an unexpected token

    Jest failed to parse a file. This happens e.g. when your code or its dependencies use non-standard JavaScript syntax, or when Jest is not configured to support such syntax.

    Out of the box Jest supports Babel, which will be used to transform your files into valid JS based on your Babel configuration.

    By default "node_modules" folder is ignored by transformers.

    Here's what you can do:
     • If you are trying to use ECMAScript Modules, see https://jestjs.io/docs/ecmascript-modules for how to enable it.
     • If you are trying to use TypeScript, see https://jestjs.io/docs/getting-started#using-typescript
     • To have some of your "node_modules" files transformed, you can specify a custom "transformIgnorePatterns" in your config.
     • If you need a custom transformation, specify a "transform" option in your config.
     • If you simply want to mock your non-JS modules (e.g. binary assets) you can stub them out with the "moduleNameMapper" config option.

    You'll find more details and examples of these config options in the docs:
    https://jestjs.io/docs/configuration
    For information about custom transformations, see:
    https://jestjs.io/docs/code-transformation

    Details:

    SyntaxError: /workspaces/Nadagotchi/js/WorldClock.js: Unexpected token (37:0)

      35 |         };
      36 |
    > 37 | <<<<<<< HEAD
         | ^
      38 |         /** @type {?{start: number, end: number, name: string}} Cached reference to the current period object. */
      39 |         /** @type {?{start: number, end: number, name: string}} Cache for the current period to avoid redundant lookups. */
      40 |         this._cachedPeriod = null;

    > 1 | import { WorldClock } from '../../js/WorldClock.js';
        | ^
      2 | import { SeededRandom } from '../../js/utils/SeededRandom.js';
      3 |
      4 | // Mock Scene

      at constructor (node_modules/@babel/parser/src/parse-error.ts:95:45)
      at Parser.toParseError [as raise] (node_modules/@babel/parser/src/tokenizer/index.ts:1507:19)
      at Parser.raise [as unexpected] (node_modules/@babel/parser/src/tokenizer/index.ts:1547:16)
      at Parser.unexpected [as parseExprAtom] (node_modules/@babel/parser/src/parser/expression.ts:1355:22)
      at Parser.parseExprAtom [as parseExprSubscripts] (node_modules/@babel/parser/src/parser/expression.ts:742:23)
      at Parser.parseExprSubscripts [as parseUpdate] (node_modules/@babel/parser/src/parser/expression.ts:721:21)
      at Parser.parseUpdate [as parseMaybeUnary] (node_modules/@babel/parser/src/parser/expression.ts:683:23)
      at Parser.parseMaybeUnary [as parseMaybeUnaryOrPrivate] (node_modules/@babel/parser/src/parser/expression.ts:417:14)
      at Parser.parseMaybeUnaryOrPrivate [as parseExprOps] (node_modules/@babel/parser/src/parser/expression.ts:429:23)
      at Parser.parseExprOps [as parseMaybeConditional] (node_modules/@babel/parser/src/parser/expression.ts:384:23)
      at Parser.parseMaybeConditional [as parseMaybeAssign] (node_modules/@babel/parser/src/parser/expression.ts:301:21)
      at Parser.parseMaybeAssign [as parseExpressionBase] (node_modules/@babel/parser/src/parser/expression.ts:226:23)
      at parseExpressionBase (node_modules/@babel/parser/src/parser/expression.ts:217:39)
      at Parser.callback [as allowInAnd] (node_modules/@babel/parser/src/parser/expression.ts:3197:16)
      at Parser.allowInAnd [as parseExpression] (node_modules/@babel/parser/src/parser/expression.ts:217:17)
      at Parser.parseExpression [as parseStatementContent] (node_modules/@babel/parser/src/parser/statement.ts:688:23)
      at Parser.parseStatementContent [as parseStatementLike] (node_modules/@babel/parser/src/parser/statement.ts:482:17)
      at Parser.parseStatementLike [as parseStatementListItem] (node_modules/@babel/parser/src/parser/statement.ts:431:17)
      at Parser.parseStatementListItem [as parseBlockOrModuleBlockBody] (node_modules/@babel/parser/src/parser/statement.ts:1444:16)
      at Parser.parseBlockOrModuleBlockBody [as parseBlockBody] (node_modules/@babel/parser/src/parser/statement.ts:1417:10)
      at Parser.parseBlockBody [as parseBlock] (node_modules/@babel/parser/src/parser/statement.ts:1385:10)
      at Parser.parseBlock [as parseFunctionBody] (node_modules/@babel/parser/src/parser/expression.ts:2626:24)
      at Parser.parseFunctionBody [as parseFunctionBodyAndFinish] (node_modules/@babel/parser/src/parser/expression.ts:2595:10)
      at Parser.parseFunctionBodyAndFinish [as parseMethod] (node_modules/@babel/parser/src/parser/expression.ts:2492:31)
      at Parser.parseMethod [as pushClassMethod] (node_modules/@babel/parser/src/parser/statement.ts:2244:12)
      at Parser.pushClassMethod [as parseClassMemberWithIsStatic] (node_modules/@babel/parser/src/parser/statement.ts:2023:12)
      at Parser.parseClassMemberWithIsStatic [as parseClassMember] (node_modules/@babel/parser/src/parser/statement.ts:1938:10)
      at parseClassMember (node_modules/@babel/parser/src/parser/statement.ts:1851:14)
      at Parser.callback [as withSmartMixTopicForbiddingContext] (node_modules/@babel/parser/src/parser/expression.ts:3176:14)
      at Parser.withSmartMixTopicForbiddingContext [as parseClassBody] (node_modules/@babel/parser/src/parser/statement.ts:1823:10)
      at Parser.parseClassBody [as parseClass] (node_modules/@babel/parser/src/parser/statement.ts:1774:22)
      at Parser.parseClass [as parseExportDeclaration] (node_modules/@babel/parser/src/parser/statement.ts:2628:25)
      at Parser.parseExportDeclaration [as maybeParseExportDeclaration] (node_modules/@babel/parser/src/parser/statement.ts:2551:31)
      at Parser.maybeParseExportDeclaration [as parseExport] (node_modules/@babel/parser/src/parser/statement.ts:2432:29)
      at Parser.parseExport [as parseStatementContent] (node_modules/@babel/parser/src/parser/statement.ts:649:25)
      at Parser.parseStatementContent [as parseStatementLike] (node_modules/@babel/parser/src/parser/statement.ts:482:17)
      at Parser.parseStatementLike [as parseModuleItem] (node_modules/@babel/parser/src/parser/statement.ts:419:17)
      at Parser.parseModuleItem [as parseBlockOrModuleBlockBody] (node_modules/@babel/parser/src/parser/statement.ts:1443:16)
      at Parser.parseBlockOrModuleBlockBody [as parseBlockBody] (node_modules/@babel/parser/src/parser/statement.ts:1417:10)
      at Parser.parseBlockBody [as parseProgram] (node_modules/@babel/parser/src/parser/statement.ts:229:10)
      at Parser.parseProgram [as parseTopLevel] (node_modules/@babel/parser/src/parser/statement.ts:203:25)
      at Parser.parseTopLevel [as parse] (node_modules/@babel/parser/src/parser/index.ts:88:25)
      at parse (node_modules/@babel/parser/src/index.ts:86:38)
      at parser (node_modules/@babel/core/src/parser/index.ts:29:19)
          at parser.next (<anonymous>)
      at normalizeFile (node_modules/@babel/core/src/transformation/normalize-file.ts:50:24)
          at normalizeFile.next (<anonymous>)
      at run (node_modules/@babel/core/src/transformation/index.ts:41:36)
          at run.next (<anonymous>)
      at transform (node_modules/@babel/core/src/transform.ts:29:20)
          at transform.next (<anonymous>)
      at evaluateSync (node_modules/gensync/index.js:251:28)
      at sync (node_modules/gensync/index.js:89:14)
      at fn (node_modules/@babel/core/src/errors/rewrite-stack-trace.ts:99:14)
      at transformSync (node_modules/@babel/core/src/transform.ts:66:52)
      at ScriptTransformer.transformSource (node_modules/@jest/transform/build/index.js:422:31)
      at ScriptTransformer._transformAndBuildScript (node_modules/@jest/transform/build/index.js:519:40)
      at ScriptTransformer.transform (node_modules/@jest/transform/build/index.js:558:19)
      at Object.require (tests/performance/WorldClock.perf.test.js:1:1)

FAIL tests/performance/GeneticsSystem.perf.test.js
  ● Test suite failed to run

    Jest encountered an unexpected token

    Jest failed to parse a file. This happens e.g. when your code or its dependencies use non-standard JavaScript syntax, or when Jest is not configured to support such syntax.

    Out of the box Jest supports Babel, which will be used to transform your files into valid JS based on your Babel configuration.

    By default "node_modules" folder is ignored by transformers.

    Here's what you can do:
     • If you are trying to use ECMAScript Modules, see https://jestjs.io/docs/ecmascript-modules for how to enable it.
     • If you are trying to use TypeScript, see https://jestjs.io/docs/getting-started#using-typescript
     • To have some of your "node_modules" files transformed, you can specify a custom "transformIgnorePatterns" in your config.
     • If you need a custom transformation, specify a "transform" option in your config.
     • If you simply want to mock your non-JS modules (e.g. binary assets) you can stub them out with the "moduleNameMapper" config option.

    You'll find more details and examples of these config options in the docs:
    https://jestjs.io/docs/configuration
    For information about custom transformations, see:
    https://jestjs.io/docs/code-transformation

    Details:

    SyntaxError: /workspaces/Nadagotchi/js/Config.js: Unexpected token (43:0)

      41 |     },
      42 |
    > 43 | <<<<<<< HEAD
         | ^
      44 |     // Minigame Settings
      45 |     MINIGAMES: {
      46 |         LOGIC_PUZZLE: {

       5 |
       6 | import { SeededRandom } from './utils/SeededRandom.js';
    >  7 | import { Config } from './Config.js';
         | ^
       8 | import { CryptoUtils } from './utils/CryptoUtils.js';
       9 |
      10 | import { toBase64, fromBase64 } from './utils/Encoding.js';

      at constructor (node_modules/@babel/parser/src/parse-error.ts:95:45)
      at Parser.toParseError [as raise] (node_modules/@babel/parser/src/tokenizer/index.ts:1507:19)
      at Parser.raise [as unexpected] (node_modules/@babel/parser/src/tokenizer/index.ts:1547:16)
      at Parser.unexpected [as parsePropertyName] (node_modules/@babel/parser/src/parser/expression.ts:2451:18)
      at Parser.parsePropertyName [as parsePropertyDefinition] (node_modules/@babel/parser/src/parser/expression.ts:2198:10)
      at Parser.parsePropertyDefinition [as parseObjectLike] (node_modules/@babel/parser/src/parser/expression.ts:2095:21)
      at Parser.parseObjectLike [as parseExprAtom] (node_modules/@babel/parser/src/parser/expression.ts:1181:21)
      at Parser.parseExprAtom [as parseExprSubscripts] (node_modules/@babel/parser/src/parser/expression.ts:742:23)
      at Parser.parseExprSubscripts [as parseUpdate] (node_modules/@babel/parser/src/parser/expression.ts:721:21)
      at Parser.parseUpdate [as parseMaybeUnary] (node_modules/@babel/parser/src/parser/expression.ts:683:23)
      at Parser.parseMaybeUnary [as parseMaybeUnaryOrPrivate] (node_modules/@babel/parser/src/parser/expression.ts:417:14)
      at Parser.parseMaybeUnaryOrPrivate [as parseExprOps] (node_modules/@babel/parser/src/parser/expression.ts:429:23)
      at Parser.parseExprOps [as parseMaybeConditional] (node_modules/@babel/parser/src/parser/expression.ts:384:23)
      at Parser.parseMaybeConditional [as parseMaybeAssign] (node_modules/@babel/parser/src/parser/expression.ts:301:21)
      at parseMaybeAssign (node_modules/@babel/parser/src/parser/expression.ts:257:12)
      at Parser.callback [as allowInAnd] (node_modules/@babel/parser/src/parser/expression.ts:3197:16)
      at Parser.allowInAnd [as parseMaybeAssignAllowIn] (node_modules/@babel/parser/src/parser/expression.ts:256:17)
      at Parser.parseMaybeAssignAllowIn [as parseVar] (node_modules/@babel/parser/src/parser/statement.ts:1587:18)
      at Parser.parseVar [as parseVarStatement] (node_modules/@babel/parser/src/parser/statement.ts:1251:10)
      at Parser.parseVarStatement [as parseStatementContent] (node_modules/@babel/parser/src/parser/statement.ts:612:21)
      at Parser.parseStatementContent [as parseStatementLike] (node_modules/@babel/parser/src/parser/statement.ts:482:17)
      at Parser.parseStatementLike [as parseStatementListItem] (node_modules/@babel/parser/src/parser/statement.ts:431:17)
      at Parser.parseStatementListItem (node_modules/@babel/parser/src/parser/statement.ts:2635:17)
      at Parser.parseExportDeclaration [as maybeParseExportDeclaration] (node_modules/@babel/parser/src/parser/statement.ts:2551:31)
      at Parser.maybeParseExportDeclaration [as parseExport] (node_modules/@babel/parser/src/parser/statement.ts:2432:29)
      at Parser.parseExport [as parseStatementContent] (node_modules/@babel/parser/src/parser/statement.ts:649:25)
      at Parser.parseStatementContent [as parseStatementLike] (node_modules/@babel/parser/src/parser/statement.ts:482:17)
      at Parser.parseStatementLike [as parseModuleItem] (node_modules/@babel/parser/src/parser/statement.ts:419:17)
      at Parser.parseModuleItem [as parseBlockOrModuleBlockBody] (node_modules/@babel/parser/src/parser/statement.ts:1443:16)
      at Parser.parseBlockOrModuleBlockBody [as parseBlockBody] (node_modules/@babel/parser/src/parser/statement.ts:1417:10)
      at Parser.parseBlockBody [as parseProgram] (node_modules/@babel/parser/src/parser/statement.ts:229:10)
      at Parser.parseProgram [as parseTopLevel] (node_modules/@babel/parser/src/parser/statement.ts:203:25)
      at Parser.parseTopLevel [as parse] (node_modules/@babel/parser/src/parser/index.ts:88:25)
      at parse (node_modules/@babel/parser/src/index.ts:86:38)
      at parser (node_modules/@babel/core/src/parser/index.ts:29:19)
          at parser.next (<anonymous>)
      at normalizeFile (node_modules/@babel/core/src/transformation/normalize-file.ts:50:24)
          at normalizeFile.next (<anonymous>)
      at run (node_modules/@babel/core/src/transformation/index.ts:41:36)
          at run.next (<anonymous>)
      at transform (node_modules/@babel/core/src/transform.ts:29:20)
          at transform.next (<anonymous>)
      at evaluateSync (node_modules/gensync/index.js:251:28)
      at sync (node_modules/gensync/index.js:89:14)
      at fn (node_modules/@babel/core/src/errors/rewrite-stack-trace.ts:99:14)
      at transformSync (node_modules/@babel/core/src/transform.ts:66:52)
      at ScriptTransformer.transformSource (node_modules/@jest/transform/build/index.js:422:31)
      at ScriptTransformer._transformAndBuildScript (node_modules/@jest/transform/build/index.js:519:40)
      at ScriptTransformer.transform (node_modules/@jest/transform/build/index.js:558:19)
      at Object.require (js/GeneticsSystem.js:7:1)
      at Object.require (tests/performance/GeneticsSystem.perf.test.js:1:1)

FAIL tests/InteractExploit.test.js
  ● Test suite failed to run

    Jest encountered an unexpected token

    Jest failed to parse a file. This happens e.g. when your code or its dependencies use non-standard JavaScript syntax, or when Jest is not configured to support such syntax.

    Out of the box Jest supports Babel, which will be used to transform your files into valid JS based on your Babel configuration.

    By default "node_modules" folder is ignored by transformers.

    Here's what you can do:
     • If you are trying to use ECMAScript Modules, see https://jestjs.io/docs/ecmascript-modules for how to enable it.
     • If you are trying to use TypeScript, see https://jestjs.io/docs/getting-started#using-typescript
     • To have some of your "node_modules" files transformed, you can specify a custom "transformIgnorePatterns" in your config.
     • If you need a custom transformation, specify a "transform" option in your config.
     • If you simply want to mock your non-JS modules (e.g. binary assets) you can stub them out with the "moduleNameMapper" config option.

    You'll find more details and examples of these config options in the docs:
    https://jestjs.io/docs/configuration
    For information about custom transformations, see:
    https://jestjs.io/docs/code-transformation

    Details:

    SyntaxError: /workspaces/Nadagotchi/js/Nadagotchi.js: Unexpected token (32:0)

      30 |      */
      31 |     constructor(initialArchetype, loadedData = null) {
    > 32 | <<<<<<< HEAD
         | ^
      33 |         /** @type {boolean} Indicates if the asynchronous initialization is complete. */
      34 |         this.isInitialized = false;
      35 |

    > 1 | import { Nadagotchi } from '../js/Nadagotchi';
        | ^
      2 | import { Config } from '../js/Config';
      3 |
      4 | // Mock localStorage

      at constructor (node_modules/@babel/parser/src/parse-error.ts:95:45)
      at Parser.toParseError [as raise] (node_modules/@babel/parser/src/tokenizer/index.ts:1507:19)
      at Parser.raise [as unexpected] (node_modules/@babel/parser/src/tokenizer/index.ts:1547:16)
      at Parser.unexpected [as parseExprAtom] (node_modules/@babel/parser/src/parser/expression.ts:1355:22)
      at Parser.parseExprAtom [as parseExprSubscripts] (node_modules/@babel/parser/src/parser/expression.ts:742:23)
      at Parser.parseExprSubscripts [as parseUpdate] (node_modules/@babel/parser/src/parser/expression.ts:721:21)
      at Parser.parseUpdate [as parseMaybeUnary] (node_modules/@babel/parser/src/parser/expression.ts:683:23)
      at Parser.parseMaybeUnary [as parseMaybeUnaryOrPrivate] (node_modules/@babel/parser/src/parser/expression.ts:417:14)
      at Parser.parseMaybeUnaryOrPrivate [as parseExprOps] (node_modules/@babel/parser/src/parser/expression.ts:429:23)
      at Parser.parseExprOps [as parseMaybeConditional] (node_modules/@babel/parser/src/parser/expression.ts:384:23)
      at Parser.parseMaybeConditional [as parseMaybeAssign] (node_modules/@babel/parser/src/parser/expression.ts:301:21)
      at Parser.parseMaybeAssign [as parseExpressionBase] (node_modules/@babel/parser/src/parser/expression.ts:226:23)
      at parseExpressionBase (node_modules/@babel/parser/src/parser/expression.ts:217:39)
      at Parser.callback [as allowInAnd] (node_modules/@babel/parser/src/parser/expression.ts:3197:16)
      at Parser.allowInAnd [as parseExpression] (node_modules/@babel/parser/src/parser/expression.ts:217:17)
      at Parser.parseExpression [as parseStatementContent] (node_modules/@babel/parser/src/parser/statement.ts:688:23)
      at Parser.parseStatementContent [as parseStatementLike] (node_modules/@babel/parser/src/parser/statement.ts:482:17)
      at Parser.parseStatementLike [as parseStatementListItem] (node_modules/@babel/parser/src/parser/statement.ts:431:17)
      at Parser.parseStatementListItem [as parseBlockOrModuleBlockBody] (node_modules/@babel/parser/src/parser/statement.ts:1444:16)
      at Parser.parseBlockOrModuleBlockBody [as parseBlockBody] (node_modules/@babel/parser/src/parser/statement.ts:1417:10)
      at Parser.parseBlockBody [as parseBlock] (node_modules/@babel/parser/src/parser/statement.ts:1385:10)
      at Parser.parseBlock [as parseFunctionBody] (node_modules/@babel/parser/src/parser/expression.ts:2626:24)
      at Parser.parseFunctionBody [as parseFunctionBodyAndFinish] (node_modules/@babel/parser/src/parser/expression.ts:2595:10)
      at Parser.parseFunctionBodyAndFinish [as parseMethod] (node_modules/@babel/parser/src/parser/expression.ts:2492:31)
      at Parser.parseMethod [as pushClassMethod] (node_modules/@babel/parser/src/parser/statement.ts:2244:12)
      at Parser.pushClassMethod [as parseClassMemberWithIsStatic] (node_modules/@babel/parser/src/parser/statement.ts:2023:12)
      at Parser.parseClassMemberWithIsStatic [as parseClassMember] (node_modules/@babel/parser/src/parser/statement.ts:1938:10)
      at parseClassMember (node_modules/@babel/parser/src/parser/statement.ts:1851:14)
      at Parser.callback [as withSmartMixTopicForbiddingContext] (node_modules/@babel/parser/src/parser/expression.ts:3176:14)
      at Parser.withSmartMixTopicForbiddingContext [as parseClassBody] (node_modules/@babel/parser/src/parser/statement.ts:1823:10)
      at Parser.parseClassBody [as parseClass] (node_modules/@babel/parser/src/parser/statement.ts:1774:22)
      at Parser.parseClass [as parseExportDeclaration] (node_modules/@babel/parser/src/parser/statement.ts:2628:25)
      at Parser.parseExportDeclaration [as maybeParseExportDeclaration] (node_modules/@babel/parser/src/parser/statement.ts:2551:31)
      at Parser.maybeParseExportDeclaration [as parseExport] (node_modules/@babel/parser/src/parser/statement.ts:2432:29)
      at Parser.parseExport [as parseStatementContent] (node_modules/@babel/parser/src/parser/statement.ts:649:25)
      at Parser.parseStatementContent [as parseStatementLike] (node_modules/@babel/parser/src/parser/statement.ts:482:17)
      at Parser.parseStatementLike [as parseModuleItem] (node_modules/@babel/parser/src/parser/statement.ts:419:17)
      at Parser.parseModuleItem [as parseBlockOrModuleBlockBody] (node_modules/@babel/parser/src/parser/statement.ts:1443:16)
      at Parser.parseBlockOrModuleBlockBody [as parseBlockBody] (node_modules/@babel/parser/src/parser/statement.ts:1417:10)
      at Parser.parseBlockBody [as parseProgram] (node_modules/@babel/parser/src/parser/statement.ts:229:10)
      at Parser.parseProgram [as parseTopLevel] (node_modules/@babel/parser/src/parser/statement.ts:203:25)
      at Parser.parseTopLevel [as parse] (node_modules/@babel/parser/src/parser/index.ts:88:25)
      at parse (node_modules/@babel/parser/src/index.ts:86:38)
      at parser (node_modules/@babel/core/src/parser/index.ts:29:19)
          at parser.next (<anonymous>)
      at normalizeFile (node_modules/@babel/core/src/transformation/normalize-file.ts:50:24)
          at normalizeFile.next (<anonymous>)
      at run (node_modules/@babel/core/src/transformation/index.ts:41:36)
          at run.next (<anonymous>)
      at transform (node_modules/@babel/core/src/transform.ts:29:20)
          at transform.next (<anonymous>)
      at evaluateSync (node_modules/gensync/index.js:251:28)
      at sync (node_modules/gensync/index.js:89:14)
      at fn (node_modules/@babel/core/src/errors/rewrite-stack-trace.ts:99:14)
      at transformSync (node_modules/@babel/core/src/transform.ts:66:52)
      at ScriptTransformer.transformSource (node_modules/@jest/transform/build/index.js:422:31)
      at ScriptTransformer._transformAndBuildScript (node_modules/@jest/transform/build/index.js:519:40)
      at ScriptTransformer.transform (node_modules/@jest/transform/build/index.js:558:19)
      at Object.require (tests/InteractExploit.test.js:1:1)

FAIL tests/DeterministicImport.test.js
  ● Test suite failed to run

    Jest encountered an unexpected token

    Jest failed to parse a file. This happens e.g. when your code or its dependencies use non-standard JavaScript syntax, or when Jest is not configured to support such syntax.

    Out of the box Jest supports Babel, which will be used to transform your files into valid JS based on your Babel configuration.

    By default "node_modules" folder is ignored by transformers.

    Here's what you can do:
     • If you are trying to use ECMAScript Modules, see https://jestjs.io/docs/ecmascript-modules for how to enable it.
     • If you are trying to use TypeScript, see https://jestjs.io/docs/getting-started#using-typescript
     • To have some of your "node_modules" files transformed, you can specify a custom "transformIgnorePatterns" in your config.
     • If you need a custom transformation, specify a "transform" option in your config.
     • If you simply want to mock your non-JS modules (e.g. binary assets) you can stub them out with the "moduleNameMapper" config option.

    You'll find more details and examples of these config options in the docs:
    https://jestjs.io/docs/configuration
    For information about custom transformations, see:
    https://jestjs.io/docs/code-transformation

    Details:

    SyntaxError: /workspaces/Nadagotchi/js/Nadagotchi.js: Unexpected token (32:0)

      30 |      */
      31 |     constructor(initialArchetype, loadedData = null) {
    > 32 | <<<<<<< HEAD
         | ^
      33 |         /** @type {boolean} Indicates if the asynchronous initialization is complete. */
      34 |         this.isInitialized = false;
      35 |

      1 |
    > 2 | import { Nadagotchi } from '../js/Nadagotchi.js';
        | ^
      3 | import { GeneticsSystem, Genome } from '../js/GeneticsSystem.js';
      4 | import { Config } from '../js/Config.js';
      5 |

      at constructor (node_modules/@babel/parser/src/parse-error.ts:95:45)
      at Parser.toParseError [as raise] (node_modules/@babel/parser/src/tokenizer/index.ts:1507:19)
      at Parser.raise [as unexpected] (node_modules/@babel/parser/src/tokenizer/index.ts:1547:16)
      at Parser.unexpected [as parseExprAtom] (node_modules/@babel/parser/src/parser/expression.ts:1355:22)
      at Parser.parseExprAtom [as parseExprSubscripts] (node_modules/@babel/parser/src/parser/expression.ts:742:23)
      at Parser.parseExprSubscripts [as parseUpdate] (node_modules/@babel/parser/src/parser/expression.ts:721:21)
      at Parser.parseUpdate [as parseMaybeUnary] (node_modules/@babel/parser/src/parser/expression.ts:683:23)
      at Parser.parseMaybeUnary [as parseMaybeUnaryOrPrivate] (node_modules/@babel/parser/src/parser/expression.ts:417:14)
      at Parser.parseMaybeUnaryOrPrivate [as parseExprOps] (node_modules/@babel/parser/src/parser/expression.ts:429:23)
      at Parser.parseExprOps [as parseMaybeConditional] (node_modules/@babel/parser/src/parser/expression.ts:384:23)
      at Parser.parseMaybeConditional [as parseMaybeAssign] (node_modules/@babel/parser/src/parser/expression.ts:301:21)
      at Parser.parseMaybeAssign [as parseExpressionBase] (node_modules/@babel/parser/src/parser/expression.ts:226:23)
      at parseExpressionBase (node_modules/@babel/parser/src/parser/expression.ts:217:39)
      at Parser.callback [as allowInAnd] (node_modules/@babel/parser/src/parser/expression.ts:3197:16)
      at Parser.allowInAnd [as parseExpression] (node_modules/@babel/parser/src/parser/expression.ts:217:17)
      at Parser.parseExpression [as parseStatementContent] (node_modules/@babel/parser/src/parser/statement.ts:688:23)
      at Parser.parseStatementContent [as parseStatementLike] (node_modules/@babel/parser/src/parser/statement.ts:482:17)
      at Parser.parseStatementLike [as parseStatementListItem] (node_modules/@babel/parser/src/parser/statement.ts:431:17)
      at Parser.parseStatementListItem [as parseBlockOrModuleBlockBody] (node_modules/@babel/parser/src/parser/statement.ts:1444:16)
      at Parser.parseBlockOrModuleBlockBody [as parseBlockBody] (node_modules/@babel/parser/src/parser/statement.ts:1417:10)
      at Parser.parseBlockBody [as parseBlock] (node_modules/@babel/parser/src/parser/statement.ts:1385:10)
      at Parser.parseBlock [as parseFunctionBody] (node_modules/@babel/parser/src/parser/expression.ts:2626:24)
      at Parser.parseFunctionBody [as parseFunctionBodyAndFinish] (node_modules/@babel/parser/src/parser/expression.ts:2595:10)
      at Parser.parseFunctionBodyAndFinish [as parseMethod] (node_modules/@babel/parser/src/parser/expression.ts:2492:31)
      at Parser.parseMethod [as pushClassMethod] (node_modules/@babel/parser/src/parser/statement.ts:2244:12)
      at Parser.pushClassMethod [as parseClassMemberWithIsStatic] (node_modules/@babel/parser/src/parser/statement.ts:2023:12)
      at Parser.parseClassMemberWithIsStatic [as parseClassMember] (node_modules/@babel/parser/src/parser/statement.ts:1938:10)
      at parseClassMember (node_modules/@babel/parser/src/parser/statement.ts:1851:14)
      at Parser.callback [as withSmartMixTopicForbiddingContext] (node_modules/@babel/parser/src/parser/expression.ts:3176:14)
      at Parser.withSmartMixTopicForbiddingContext [as parseClassBody] (node_modules/@babel/parser/src/parser/statement.ts:1823:10)
      at Parser.parseClassBody [as parseClass] (node_modules/@babel/parser/src/parser/statement.ts:1774:22)
      at Parser.parseClass [as parseExportDeclaration] (node_modules/@babel/parser/src/parser/statement.ts:2628:25)
      at Parser.parseExportDeclaration [as maybeParseExportDeclaration] (node_modules/@babel/parser/src/parser/statement.ts:2551:31)
      at Parser.maybeParseExportDeclaration [as parseExport] (node_modules/@babel/parser/src/parser/statement.ts:2432:29)
      at Parser.parseExport [as parseStatementContent] (node_modules/@babel/parser/src/parser/statement.ts:649:25)
      at Parser.parseStatementContent [as parseStatementLike] (node_modules/@babel/parser/src/parser/statement.ts:482:17)
      at Parser.parseStatementLike [as parseModuleItem] (node_modules/@babel/parser/src/parser/statement.ts:419:17)
      at Parser.parseModuleItem [as parseBlockOrModuleBlockBody] (node_modules/@babel/parser/src/parser/statement.ts:1443:16)
      at Parser.parseBlockOrModuleBlockBody [as parseBlockBody] (node_modules/@babel/parser/src/parser/statement.ts:1417:10)
      at Parser.parseBlockBody [as parseProgram] (node_modules/@babel/parser/src/parser/statement.ts:229:10)
      at Parser.parseProgram [as parseTopLevel] (node_modules/@babel/parser/src/parser/statement.ts:203:25)
      at Parser.parseTopLevel [as parse] (node_modules/@babel/parser/src/parser/index.ts:88:25)
      at parse (node_modules/@babel/parser/src/index.ts:86:38)
      at parser (node_modules/@babel/core/src/parser/index.ts:29:19)
          at parser.next (<anonymous>)
      at normalizeFile (node_modules/@babel/core/src/transformation/normalize-file.ts:50:24)
          at normalizeFile.next (<anonymous>)
      at run (node_modules/@babel/core/src/transformation/index.ts:41:36)
          at run.next (<anonymous>)
      at transform (node_modules/@babel/core/src/transform.ts:29:20)
          at transform.next (<anonymous>)
      at evaluateSync (node_modules/gensync/index.js:251:28)
      at sync (node_modules/gensync/index.js:89:14)
      at fn (node_modules/@babel/core/src/errors/rewrite-stack-trace.ts:99:14)
      at transformSync (node_modules/@babel/core/src/transform.ts:66:52)
      at ScriptTransformer.transformSource (node_modules/@jest/transform/build/index.js:422:31)
      at ScriptTransformer._transformAndBuildScript (node_modules/@jest/transform/build/index.js:519:40)
      at ScriptTransformer.transform (node_modules/@jest/transform/build/index.js:558:19)
      at Object.require (tests/DeterministicImport.test.js:2:1)


Test Suites: 69 failed, 11 passed, 80 total
Tests:       63 passed, 63 total
Snapshots:   0 total
Time:        7.573 s
Ran all test suites.
Jest did not exit one second after the test run has completed.

'This usually means that there are asynchronous operations that weren't stopped in your tests. Consider running Jest with `--detectOpenHandles` to troubleshoot this issue.
